<?xml version="1.0" encoding="ISO-8859-1" ?>
<link_info>
   <banner>TI ARM Clang Linker PC v4.0.3.LTS</banner>
   <copyright>Copyright (c) 1996-2018 Texas Instruments Incorporated</copyright>
   <command_line>D:\TI\ccs\tools\compiler\ti-cgt-armllvm_4.0.3.LTS\bin\tiarmlnk -ID:\TI\ccs\tools\compiler\ti-cgt-armllvm_4.0.3.LTS\lib -o BalanceCarNew.out -mBalanceCarNew.map -iC:/TI/mspm0_sdk_2_04_00_06/source -iD:/Electric/My_TI_Workspace/BalanceCarNew -iD:/Electric/My_TI_Workspace/BalanceCarNew/Debug/syscfg -iD:/TI/ccs/tools/compiler/ti-cgt-armllvm_4.0.3.LTS/lib --diag_wrap=off --display_error_number --warn_sections --xml_link_info=BalanceCarNew_linkInfo.xml --rom_model ./main.o ./ti_msp_dl_config.o ./startup_mspm0g350x_ticlang.o ./AssignmentChoose/assignment.o ./Drivers/Bluetooth/bluetooth.o ./Drivers/MSPM0/clock.o ./Drivers/MSPM0/interrupt.o ./Drivers/Motor/Motor.o ./Drivers/OLED_Hardware_I2C/oled_hardware_i2c.o ./Drivers/TrackingModuleIIC/trackingiic.o ./Drivers/Ultrasonic_GPIO/ultrasonic_gpio.o ./Drivers/WIT/wit.o ./INTERRUPT/interrupt.o ./Move/move.o ./PID/pid.o ./SERVO/servo.o ./SPEED/speed.o ./TURN/turn.o ./UART/K230.o ./UserLib/Chassis/chassis.o -l./device_linker.cmd -ldevice.cmd.genlibs -llibc.a -lC:/TI/mspm0_sdk_2_04_00_06/source/ti/driverlib/lib/ticlang/m0p/mspm0g1x0x_g3x0x/driverlib.a --start-group -llibc++.a -llibc++abi.a -llibc.a -llibsys.a -llibsysbm.a -llibclang_rt.builtins.a -llibclang_rt.profile.a --end-group --cg_opt_level=0</command_line>
   <link_time>0x6a4f7d4c</link_time>
   <link_errors>0x0</link_errors>
   <output_file>D:\Electric\My_TI_Workspace\BalanceCarNew\Debug\BalanceCarNew.out</output_file>
   <entry_point>
      <name>_c_int00_noargs</name>
      <address>0x4f65</address>
   </entry_point>
   <input_file_list>
      <input_file id="fl-1">
         <path>D:\Electric\My_TI_Workspace\BalanceCarNew\Debug\.\</path>
         <kind>object</kind>
         <file>main.o</file>
         <name>main.o</name>
      </input_file>
      <input_file id="fl-2">
         <path>D:\Electric\My_TI_Workspace\BalanceCarNew\Debug\.\</path>
         <kind>object</kind>
         <file>ti_msp_dl_config.o</file>
         <name>ti_msp_dl_config.o</name>
      </input_file>
      <input_file id="fl-3">
         <path>D:\Electric\My_TI_Workspace\BalanceCarNew\Debug\.\</path>
         <kind>object</kind>
         <file>startup_mspm0g350x_ticlang.o</file>
         <name>startup_mspm0g350x_ticlang.o</name>
      </input_file>
      <input_file id="fl-4">
         <path>D:\Electric\My_TI_Workspace\BalanceCarNew\Debug\.\AssignmentChoose\</path>
         <kind>object</kind>
         <file>assignment.o</file>
         <name>assignment.o</name>
      </input_file>
      <input_file id="fl-5">
         <path>D:\Electric\My_TI_Workspace\BalanceCarNew\Debug\.\Drivers\Bluetooth\</path>
         <kind>object</kind>
         <file>bluetooth.o</file>
         <name>bluetooth.o</name>
      </input_file>
      <input_file id="fl-6">
         <path>D:\Electric\My_TI_Workspace\BalanceCarNew\Debug\.\Drivers\MSPM0\</path>
         <kind>object</kind>
         <file>clock.o</file>
         <name>clock.o</name>
      </input_file>
      <input_file id="fl-7">
         <path>D:\Electric\My_TI_Workspace\BalanceCarNew\Debug\.\Drivers\MSPM0\</path>
         <kind>object</kind>
         <file>interrupt.o</file>
         <name>interrupt.o</name>
      </input_file>
      <input_file id="fl-8">
         <path>D:\Electric\My_TI_Workspace\BalanceCarNew\Debug\.\Drivers\Motor\</path>
         <kind>object</kind>
         <file>Motor.o</file>
         <name>Motor.o</name>
      </input_file>
      <input_file id="fl-9">
         <path>D:\Electric\My_TI_Workspace\BalanceCarNew\Debug\.\Drivers\OLED_Hardware_I2C\</path>
         <kind>object</kind>
         <file>oled_hardware_i2c.o</file>
         <name>oled_hardware_i2c.o</name>
      </input_file>
      <input_file id="fl-a">
         <path>D:\Electric\My_TI_Workspace\BalanceCarNew\Debug\.\Drivers\TrackingModuleIIC\</path>
         <kind>object</kind>
         <file>trackingiic.o</file>
         <name>trackingiic.o</name>
      </input_file>
      <input_file id="fl-b">
         <path>D:\Electric\My_TI_Workspace\BalanceCarNew\Debug\.\Drivers\Ultrasonic_GPIO\</path>
         <kind>object</kind>
         <file>ultrasonic_gpio.o</file>
         <name>ultrasonic_gpio.o</name>
      </input_file>
      <input_file id="fl-c">
         <path>D:\Electric\My_TI_Workspace\BalanceCarNew\Debug\.\Drivers\WIT\</path>
         <kind>object</kind>
         <file>wit.o</file>
         <name>wit.o</name>
      </input_file>
      <input_file id="fl-d">
         <path>D:\Electric\My_TI_Workspace\BalanceCarNew\Debug\.\INTERRUPT\</path>
         <kind>object</kind>
         <file>interrupt.o</file>
         <name>interrupt.o</name>
      </input_file>
      <input_file id="fl-e">
         <path>D:\Electric\My_TI_Workspace\BalanceCarNew\Debug\.\Move\</path>
         <kind>object</kind>
         <file>move.o</file>
         <name>move.o</name>
      </input_file>
      <input_file id="fl-f">
         <path>D:\Electric\My_TI_Workspace\BalanceCarNew\Debug\.\PID\</path>
         <kind>object</kind>
         <file>pid.o</file>
         <name>pid.o</name>
      </input_file>
      <input_file id="fl-10">
         <path>D:\Electric\My_TI_Workspace\BalanceCarNew\Debug\.\SERVO\</path>
         <kind>object</kind>
         <file>servo.o</file>
         <name>servo.o</name>
      </input_file>
      <input_file id="fl-11">
         <path>D:\Electric\My_TI_Workspace\BalanceCarNew\Debug\.\SPEED\</path>
         <kind>object</kind>
         <file>speed.o</file>
         <name>speed.o</name>
      </input_file>
      <input_file id="fl-12">
         <path>D:\Electric\My_TI_Workspace\BalanceCarNew\Debug\.\TURN\</path>
         <kind>object</kind>
         <file>turn.o</file>
         <name>turn.o</name>
      </input_file>
      <input_file id="fl-13">
         <path>D:\Electric\My_TI_Workspace\BalanceCarNew\Debug\.\UART\</path>
         <kind>object</kind>
         <file>K230.o</file>
         <name>K230.o</name>
      </input_file>
      <input_file id="fl-14">
         <path>D:\Electric\My_TI_Workspace\BalanceCarNew\Debug\.\UserLib\Chassis\</path>
         <kind>object</kind>
         <file>chassis.o</file>
         <name>chassis.o</name>
      </input_file>
      <input_file id="fl-22">
         <path>D:\Electric\My_TI_Workspace\BalanceCarNew\Debug\</path>
         <kind>object</kind>
         <file>&lt;internal&gt;</file>
         <name>&lt;internal&gt;</name>
      </input_file>
      <input_file id="fl-23">
         <path>C:\TI\mspm0_sdk_2_04_00_06\source\ti\driverlib\lib\ticlang\m0p\mspm0g1x0x_g3x0x\</path>
         <kind>archive</kind>
         <file>driverlib.a</file>
         <name>dl_common.o</name>
      </input_file>
      <input_file id="fl-24">
         <path>C:\TI\mspm0_sdk_2_04_00_06\source\ti\driverlib\lib\ticlang\m0p\mspm0g1x0x_g3x0x\</path>
         <kind>archive</kind>
         <file>driverlib.a</file>
         <name>dl_dma.o</name>
      </input_file>
      <input_file id="fl-25">
         <path>C:\TI\mspm0_sdk_2_04_00_06\source\ti\driverlib\lib\ticlang\m0p\mspm0g1x0x_g3x0x\</path>
         <kind>archive</kind>
         <file>driverlib.a</file>
         <name>dl_i2c.o</name>
      </input_file>
      <input_file id="fl-26">
         <path>C:\TI\mspm0_sdk_2_04_00_06\source\ti\driverlib\lib\ticlang\m0p\mspm0g1x0x_g3x0x\</path>
         <kind>archive</kind>
         <file>driverlib.a</file>
         <name>dl_timer.o</name>
      </input_file>
      <input_file id="fl-27">
         <path>C:\TI\mspm0_sdk_2_04_00_06\source\ti\driverlib\lib\ticlang\m0p\mspm0g1x0x_g3x0x\</path>
         <kind>archive</kind>
         <file>driverlib.a</file>
         <name>dl_uart.o</name>
      </input_file>
      <input_file id="fl-28">
         <path>C:\TI\mspm0_sdk_2_04_00_06\source\ti\driverlib\lib\ticlang\m0p\mspm0g1x0x_g3x0x\</path>
         <kind>archive</kind>
         <file>driverlib.a</file>
         <name>dl_sysctl_mspm0g1x0x_g3x0x.o</name>
      </input_file>
      <input_file id="fl-3f">
         <path>D:\TI\ccs\tools\compiler\ti-cgt-armllvm_4.0.3.LTS\lib\armv6m-ti-none-eabi\c\</path>
         <kind>archive</kind>
         <file>libc.a</file>
         <name>snprintf.c.obj</name>
      </input_file>
      <input_file id="fl-40">
         <path>D:\TI\ccs\tools\compiler\ti-cgt-armllvm_4.0.3.LTS\lib\armv6m-ti-none-eabi\c\</path>
         <kind>archive</kind>
         <file>libc.a</file>
         <name>sprintf.c.obj</name>
      </input_file>
      <input_file id="fl-41">
         <path>D:\TI\ccs\tools\compiler\ti-cgt-armllvm_4.0.3.LTS\lib\armv6m-ti-none-eabi\c\</path>
         <kind>archive</kind>
         <file>libc.a</file>
         <name>boot_cortex_m.c.obj</name>
      </input_file>
      <input_file id="fl-42">
         <path>D:\TI\ccs\tools\compiler\ti-cgt-armllvm_4.0.3.LTS\lib\armv6m-ti-none-eabi\c\</path>
         <kind>archive</kind>
         <file>libc.a</file>
         <name>mathacl_init.c.obj</name>
      </input_file>
      <input_file id="fl-43">
         <path>D:\TI\ccs\tools\compiler\ti-cgt-armllvm_4.0.3.LTS\lib\armv6m-ti-none-eabi\c\</path>
         <kind>archive</kind>
         <file>libc.a</file>
         <name>autoinit.c.obj</name>
      </input_file>
      <input_file id="fl-44">
         <path>D:\TI\ccs\tools\compiler\ti-cgt-armllvm_4.0.3.LTS\lib\armv6m-ti-none-eabi\c\</path>
         <kind>archive</kind>
         <file>libc.a</file>
         <name>pre_init.c.obj</name>
      </input_file>
      <input_file id="fl-45">
         <path>D:\TI\ccs\tools\compiler\ti-cgt-armllvm_4.0.3.LTS\lib\armv6m-ti-none-eabi\c\</path>
         <kind>archive</kind>
         <file>libc.a</file>
         <name>cpy_tbl.c.obj</name>
      </input_file>
      <input_file id="fl-46">
         <path>D:\TI\ccs\tools\compiler\ti-cgt-armllvm_4.0.3.LTS\lib\armv6m-ti-none-eabi\c\</path>
         <kind>archive</kind>
         <file>libc.a</file>
         <name>copy_zero_init.c.obj</name>
      </input_file>
      <input_file id="fl-47">
         <path>D:\TI\ccs\tools\compiler\ti-cgt-armllvm_4.0.3.LTS\lib\armv6m-ti-none-eabi\c\</path>
         <kind>archive</kind>
         <file>libc.a</file>
         <name>copy_decompress_none.c.obj</name>
      </input_file>
      <input_file id="fl-48">
         <path>D:\TI\ccs\tools\compiler\ti-cgt-armllvm_4.0.3.LTS\lib\armv6m-ti-none-eabi\c\</path>
         <kind>archive</kind>
         <file>libc.a</file>
         <name>copy_decompress_lzss.c.obj</name>
      </input_file>
      <input_file id="fl-49">
         <path>D:\TI\ccs\tools\compiler\ti-cgt-armllvm_4.0.3.LTS\lib\armv6m-ti-none-eabi\c\</path>
         <kind>archive</kind>
         <file>libc.a</file>
         <name>_printfi.c.obj</name>
      </input_file>
      <input_file id="fl-4a">
         <path>D:\TI\ccs\tools\compiler\ti-cgt-armllvm_4.0.3.LTS\lib\armv6m-ti-none-eabi\c\</path>
         <kind>archive</kind>
         <file>libc.a</file>
         <name>s_frexp.c.obj</name>
      </input_file>
      <input_file id="fl-4b">
         <path>D:\TI\ccs\tools\compiler\ti-cgt-armllvm_4.0.3.LTS\lib\armv6m-ti-none-eabi\c\</path>
         <kind>archive</kind>
         <file>libc.a</file>
         <name>s_scalbn.c.obj</name>
      </input_file>
      <input_file id="fl-4c">
         <path>D:\TI\ccs\tools\compiler\ti-cgt-armllvm_4.0.3.LTS\lib\armv6m-ti-none-eabi\c\</path>
         <kind>archive</kind>
         <file>libc.a</file>
         <name>wcslen.c.obj</name>
      </input_file>
      <input_file id="fl-4d">
         <path>D:\TI\ccs\tools\compiler\ti-cgt-armllvm_4.0.3.LTS\lib\armv6m-ti-none-eabi\c\</path>
         <kind>archive</kind>
         <file>libc.a</file>
         <name>aeabi_portable.c.obj</name>
      </input_file>
      <input_file id="fl-4e">
         <path>D:\TI\ccs\tools\compiler\ti-cgt-armllvm_4.0.3.LTS\lib\armv6m-ti-none-eabi\c\</path>
         <kind>archive</kind>
         <file>libc.a</file>
         <name>exit.c.obj</name>
      </input_file>
      <input_file id="fl-4f">
         <path>D:\TI\ccs\tools\compiler\ti-cgt-armllvm_4.0.3.LTS\lib\armv6m-ti-none-eabi\c\</path>
         <kind>archive</kind>
         <file>libc.a</file>
         <name>_lock.c.obj</name>
      </input_file>
      <input_file id="fl-50">
         <path>D:\TI\ccs\tools\compiler\ti-cgt-armllvm_4.0.3.LTS\lib\armv6m-ti-none-eabi\c\</path>
         <kind>archive</kind>
         <file>libc.a</file>
         <name>_ltoa.c.obj</name>
      </input_file>
      <input_file id="fl-51">
         <path>D:\TI\ccs\tools\compiler\ti-cgt-armllvm_4.0.3.LTS\lib\armv6m-ti-none-eabi\c\</path>
         <kind>archive</kind>
         <file>libc.a</file>
         <name>args_main.c.obj</name>
      </input_file>
      <input_file id="fl-52">
         <path>D:\TI\ccs\tools\compiler\ti-cgt-armllvm_4.0.3.LTS\lib\armv6m-ti-none-eabi\c\</path>
         <kind>archive</kind>
         <file>libc.a</file>
         <name>assert.c.obj</name>
      </input_file>
      <input_file id="fl-53">
         <path>D:\TI\ccs\tools\compiler\ti-cgt-armllvm_4.0.3.LTS\lib\armv6m-ti-none-eabi\c\</path>
         <kind>archive</kind>
         <file>libc.a</file>
         <name>atoi.c.obj</name>
      </input_file>
      <input_file id="fl-54">
         <path>D:\TI\ccs\tools\compiler\ti-cgt-armllvm_4.0.3.LTS\lib\armv6m-ti-none-eabi\c\</path>
         <kind>archive</kind>
         <file>libc.a</file>
         <name>defs.c.obj</name>
      </input_file>
      <input_file id="fl-55">
         <path>D:\TI\ccs\tools\compiler\ti-cgt-armllvm_4.0.3.LTS\lib\armv6m-ti-none-eabi\c\</path>
         <kind>archive</kind>
         <file>libc.a</file>
         <name>memccpy.c.obj</name>
      </input_file>
      <input_file id="fl-56">
         <path>D:\TI\ccs\tools\compiler\ti-cgt-armllvm_4.0.3.LTS\lib\armv6m-ti-none-eabi\c\</path>
         <kind>archive</kind>
         <file>libc.a</file>
         <name>memory.c.obj</name>
      </input_file>
      <input_file id="fl-57">
         <path>D:\TI\ccs\tools\compiler\ti-cgt-armllvm_4.0.3.LTS\lib\armv6m-ti-none-eabi\c\</path>
         <kind>archive</kind>
         <file>libc.a</file>
         <name>fflush.c.obj</name>
      </input_file>
      <input_file id="fl-58">
         <path>D:\TI\ccs\tools\compiler\ti-cgt-armllvm_4.0.3.LTS\lib\armv6m-ti-none-eabi\c\</path>
         <kind>archive</kind>
         <file>libc.a</file>
         <name>fputs.c.obj</name>
      </input_file>
      <input_file id="fl-59">
         <path>D:\TI\ccs\tools\compiler\ti-cgt-armllvm_4.0.3.LTS\lib\armv6m-ti-none-eabi\c\</path>
         <kind>archive</kind>
         <file>libc.a</file>
         <name>_io_perm.c.obj</name>
      </input_file>
      <input_file id="fl-5a">
         <path>D:\TI\ccs\tools\compiler\ti-cgt-armllvm_4.0.3.LTS\lib\armv6m-ti-none-eabi\c\</path>
         <kind>archive</kind>
         <file>libc.a</file>
         <name>setvbuf.c.obj</name>
      </input_file>
      <input_file id="fl-5b">
         <path>D:\TI\ccs\tools\compiler\ti-cgt-armllvm_4.0.3.LTS\lib\armv6m-ti-none-eabi\c\</path>
         <kind>archive</kind>
         <file>libc.a</file>
         <name>aeabi_ctype.S.obj</name>
      </input_file>
      <input_file id="fl-5c">
         <path>D:\TI\ccs\tools\compiler\ti-cgt-armllvm_4.0.3.LTS\lib\armv6m-ti-none-eabi\c\</path>
         <kind>archive</kind>
         <file>libc.a</file>
         <name>fopen.c.obj</name>
      </input_file>
      <input_file id="fl-5d">
         <path>D:\TI\ccs\tools\compiler\ti-cgt-armllvm_4.0.3.LTS\lib\armv6m-ti-none-eabi\c\</path>
         <kind>archive</kind>
         <file>libc.a</file>
         <name>fseek.c.obj</name>
      </input_file>
      <input_file id="fl-5e">
         <path>D:\TI\ccs\tools\compiler\ti-cgt-armllvm_4.0.3.LTS\lib\armv6m-ti-none-eabi\c\</path>
         <kind>archive</kind>
         <file>libc.a</file>
         <name>fclose.c.obj</name>
      </input_file>
      <input_file id="fl-fe">
         <path>D:\TI\ccs\tools\compiler\ti-cgt-armllvm_4.0.3.LTS\lib\armv6m-ti-none-eabi\c\</path>
         <kind>archive</kind>
         <file>libsysbm.a</file>
         <name>hostexit.c.obj</name>
      </input_file>
      <input_file id="fl-ff">
         <path>D:\TI\ccs\tools\compiler\ti-cgt-armllvm_4.0.3.LTS\lib\armv6m-ti-none-eabi\c\</path>
         <kind>archive</kind>
         <file>libsysbm.a</file>
         <name>write.c.obj</name>
      </input_file>
      <input_file id="fl-100">
         <path>D:\TI\ccs\tools\compiler\ti-cgt-armllvm_4.0.3.LTS\lib\armv6m-ti-none-eabi\c\</path>
         <kind>archive</kind>
         <file>libsysbm.a</file>
         <name>host_device.c.obj</name>
      </input_file>
      <input_file id="fl-101">
         <path>D:\TI\ccs\tools\compiler\ti-cgt-armllvm_4.0.3.LTS\lib\armv6m-ti-none-eabi\c\</path>
         <kind>archive</kind>
         <file>libsysbm.a</file>
         <name>remove.c.obj</name>
      </input_file>
      <input_file id="fl-102">
         <path>D:\TI\ccs\tools\compiler\ti-cgt-armllvm_4.0.3.LTS\lib\armv6m-ti-none-eabi\c\</path>
         <kind>archive</kind>
         <file>libsysbm.a</file>
         <name>open.c.obj</name>
      </input_file>
      <input_file id="fl-103">
         <path>D:\TI\ccs\tools\compiler\ti-cgt-armllvm_4.0.3.LTS\lib\armv6m-ti-none-eabi\c\</path>
         <kind>archive</kind>
         <file>libsysbm.a</file>
         <name>lseek.c.obj</name>
      </input_file>
      <input_file id="fl-104">
         <path>D:\TI\ccs\tools\compiler\ti-cgt-armllvm_4.0.3.LTS\lib\armv6m-ti-none-eabi\c\</path>
         <kind>archive</kind>
         <file>libsysbm.a</file>
         <name>close.c.obj</name>
      </input_file>
      <input_file id="fl-105">
         <path>D:\TI\ccs\tools\compiler\ti-cgt-armllvm_4.0.3.LTS\lib\armv6m-ti-none-eabi\c\</path>
         <kind>archive</kind>
         <file>libsysbm.a</file>
         <name>unlink.c.obj</name>
      </input_file>
      <input_file id="fl-106">
         <path>D:\TI\ccs\tools\compiler\ti-cgt-armllvm_4.0.3.LTS\lib\armv6m-ti-none-eabi\c\</path>
         <kind>archive</kind>
         <file>libsysbm.a</file>
         <name>hostclose.c.obj</name>
      </input_file>
      <input_file id="fl-107">
         <path>D:\TI\ccs\tools\compiler\ti-cgt-armllvm_4.0.3.LTS\lib\armv6m-ti-none-eabi\c\</path>
         <kind>archive</kind>
         <file>libsysbm.a</file>
         <name>hostlseek.c.obj</name>
      </input_file>
      <input_file id="fl-108">
         <path>D:\TI\ccs\tools\compiler\ti-cgt-armllvm_4.0.3.LTS\lib\armv6m-ti-none-eabi\c\</path>
         <kind>archive</kind>
         <file>libsysbm.a</file>
         <name>hostopen.c.obj</name>
      </input_file>
      <input_file id="fl-109">
         <path>D:\TI\ccs\tools\compiler\ti-cgt-armllvm_4.0.3.LTS\lib\armv6m-ti-none-eabi\c\</path>
         <kind>archive</kind>
         <file>libsysbm.a</file>
         <name>hostread.c.obj</name>
      </input_file>
      <input_file id="fl-10a">
         <path>D:\TI\ccs\tools\compiler\ti-cgt-armllvm_4.0.3.LTS\lib\armv6m-ti-none-eabi\c\</path>
         <kind>archive</kind>
         <file>libsysbm.a</file>
         <name>hostrename.c.obj</name>
      </input_file>
      <input_file id="fl-10b">
         <path>D:\TI\ccs\tools\compiler\ti-cgt-armllvm_4.0.3.LTS\lib\armv6m-ti-none-eabi\c\</path>
         <kind>archive</kind>
         <file>libsysbm.a</file>
         <name>hostunlink.c.obj</name>
      </input_file>
      <input_file id="fl-10c">
         <path>D:\TI\ccs\tools\compiler\ti-cgt-armllvm_4.0.3.LTS\lib\armv6m-ti-none-eabi\c\</path>
         <kind>archive</kind>
         <file>libsysbm.a</file>
         <name>hostwrite.c.obj</name>
      </input_file>
      <input_file id="fl-10d">
         <path>D:\TI\ccs\tools\compiler\ti-cgt-armllvm_4.0.3.LTS\lib\armv6m-ti-none-eabi\c\</path>
         <kind>archive</kind>
         <file>libsysbm.a</file>
         <name>trgmsg.c.obj</name>
      </input_file>
      <input_file id="fl-10e">
         <path>D:\TI\ccs\tools\compiler\ti-cgt-armllvm_4.0.3.LTS\lib\armv6m-ti-none-eabi\</path>
         <kind>archive</kind>
         <file>libclang_rt.builtins.a</file>
         <name>addsf3.S.obj</name>
      </input_file>
      <input_file id="fl-10f">
         <path>D:\TI\ccs\tools\compiler\ti-cgt-armllvm_4.0.3.LTS\lib\armv6m-ti-none-eabi\</path>
         <kind>archive</kind>
         <file>libclang_rt.builtins.a</file>
         <name>adddf3.S.obj</name>
      </input_file>
      <input_file id="fl-110">
         <path>D:\TI\ccs\tools\compiler\ti-cgt-armllvm_4.0.3.LTS\lib\armv6m-ti-none-eabi\</path>
         <kind>archive</kind>
         <file>libclang_rt.builtins.a</file>
         <name>muldf3.S.obj</name>
      </input_file>
      <input_file id="fl-111">
         <path>D:\TI\ccs\tools\compiler\ti-cgt-armllvm_4.0.3.LTS\lib\armv6m-ti-none-eabi\</path>
         <kind>archive</kind>
         <file>libclang_rt.builtins.a</file>
         <name>muldsi3.S.obj</name>
      </input_file>
      <input_file id="fl-112">
         <path>D:\TI\ccs\tools\compiler\ti-cgt-armllvm_4.0.3.LTS\lib\armv6m-ti-none-eabi\</path>
         <kind>archive</kind>
         <file>libclang_rt.builtins.a</file>
         <name>mulsf3.S.obj</name>
      </input_file>
      <input_file id="fl-113">
         <path>D:\TI\ccs\tools\compiler\ti-cgt-armllvm_4.0.3.LTS\lib\armv6m-ti-none-eabi\</path>
         <kind>archive</kind>
         <file>libclang_rt.builtins.a</file>
         <name>divsf3.S.obj</name>
      </input_file>
      <input_file id="fl-114">
         <path>D:\TI\ccs\tools\compiler\ti-cgt-armllvm_4.0.3.LTS\lib\armv6m-ti-none-eabi\</path>
         <kind>archive</kind>
         <file>libclang_rt.builtins.a</file>
         <name>divdf3.S.obj</name>
      </input_file>
      <input_file id="fl-115">
         <path>D:\TI\ccs\tools\compiler\ti-cgt-armllvm_4.0.3.LTS\lib\armv6m-ti-none-eabi\</path>
         <kind>archive</kind>
         <file>libclang_rt.builtins.a</file>
         <name>extendsfdf2.S.obj</name>
      </input_file>
      <input_file id="fl-116">
         <path>D:\TI\ccs\tools\compiler\ti-cgt-armllvm_4.0.3.LTS\lib\armv6m-ti-none-eabi\</path>
         <kind>archive</kind>
         <file>libclang_rt.builtins.a</file>
         <name>fixdfsi.S.obj</name>
      </input_file>
      <input_file id="fl-117">
         <path>D:\TI\ccs\tools\compiler\ti-cgt-armllvm_4.0.3.LTS\lib\armv6m-ti-none-eabi\</path>
         <kind>archive</kind>
         <file>libclang_rt.builtins.a</file>
         <name>fixsfsi.S.obj</name>
      </input_file>
      <input_file id="fl-118">
         <path>D:\TI\ccs\tools\compiler\ti-cgt-armllvm_4.0.3.LTS\lib\armv6m-ti-none-eabi\</path>
         <kind>archive</kind>
         <file>libclang_rt.builtins.a</file>
         <name>floatsidf.S.obj</name>
      </input_file>
      <input_file id="fl-119">
         <path>D:\TI\ccs\tools\compiler\ti-cgt-armllvm_4.0.3.LTS\lib\armv6m-ti-none-eabi\</path>
         <kind>archive</kind>
         <file>libclang_rt.builtins.a</file>
         <name>floatsisf.S.obj</name>
      </input_file>
      <input_file id="fl-11a">
         <path>D:\TI\ccs\tools\compiler\ti-cgt-armllvm_4.0.3.LTS\lib\armv6m-ti-none-eabi\</path>
         <kind>archive</kind>
         <file>libclang_rt.builtins.a</file>
         <name>floatunsidf.S.obj</name>
      </input_file>
      <input_file id="fl-11b">
         <path>D:\TI\ccs\tools\compiler\ti-cgt-armllvm_4.0.3.LTS\lib\armv6m-ti-none-eabi\</path>
         <kind>archive</kind>
         <file>libclang_rt.builtins.a</file>
         <name>floatunsisf.S.obj</name>
      </input_file>
      <input_file id="fl-11c">
         <path>D:\TI\ccs\tools\compiler\ti-cgt-armllvm_4.0.3.LTS\lib\armv6m-ti-none-eabi\</path>
         <kind>archive</kind>
         <file>libclang_rt.builtins.a</file>
         <name>muldi3.S.obj</name>
      </input_file>
      <input_file id="fl-11d">
         <path>D:\TI\ccs\tools\compiler\ti-cgt-armllvm_4.0.3.LTS\lib\armv6m-ti-none-eabi\</path>
         <kind>archive</kind>
         <file>libclang_rt.builtins.a</file>
         <name>truncdfsf2.S.obj</name>
      </input_file>
      <input_file id="fl-11e">
         <path>D:\TI\ccs\tools\compiler\ti-cgt-armllvm_4.0.3.LTS\lib\armv6m-ti-none-eabi\</path>
         <kind>archive</kind>
         <file>libclang_rt.builtins.a</file>
         <name>aeabi_dcmp.S.obj</name>
      </input_file>
      <input_file id="fl-11f">
         <path>D:\TI\ccs\tools\compiler\ti-cgt-armllvm_4.0.3.LTS\lib\armv6m-ti-none-eabi\</path>
         <kind>archive</kind>
         <file>libclang_rt.builtins.a</file>
         <name>aeabi_fcmp.S.obj</name>
      </input_file>
      <input_file id="fl-120">
         <path>D:\TI\ccs\tools\compiler\ti-cgt-armllvm_4.0.3.LTS\lib\armv6m-ti-none-eabi\</path>
         <kind>archive</kind>
         <file>libclang_rt.builtins.a</file>
         <name>aeabi_idivmod.S.obj</name>
      </input_file>
      <input_file id="fl-121">
         <path>D:\TI\ccs\tools\compiler\ti-cgt-armllvm_4.0.3.LTS\lib\armv6m-ti-none-eabi\</path>
         <kind>archive</kind>
         <file>libclang_rt.builtins.a</file>
         <name>aeabi_memcpy.S.obj</name>
      </input_file>
      <input_file id="fl-122">
         <path>D:\TI\ccs\tools\compiler\ti-cgt-armllvm_4.0.3.LTS\lib\armv6m-ti-none-eabi\</path>
         <kind>archive</kind>
         <file>libclang_rt.builtins.a</file>
         <name>aeabi_memset.S.obj</name>
      </input_file>
      <input_file id="fl-123">
         <path>D:\TI\ccs\tools\compiler\ti-cgt-armllvm_4.0.3.LTS\lib\armv6m-ti-none-eabi\</path>
         <kind>archive</kind>
         <file>libclang_rt.builtins.a</file>
         <name>aeabi_uidivmod.S.obj</name>
      </input_file>
      <input_file id="fl-124">
         <path>D:\TI\ccs\tools\compiler\ti-cgt-armllvm_4.0.3.LTS\lib\armv6m-ti-none-eabi\</path>
         <kind>archive</kind>
         <file>libclang_rt.builtins.a</file>
         <name>aeabi_uldivmod.S.obj</name>
      </input_file>
      <input_file id="fl-125">
         <path>D:\TI\ccs\tools\compiler\ti-cgt-armllvm_4.0.3.LTS\lib\armv6m-ti-none-eabi\</path>
         <kind>archive</kind>
         <file>libclang_rt.builtins.a</file>
         <name>comparesf2.S.obj</name>
      </input_file>
      <input_file id="fl-126">
         <path>D:\TI\ccs\tools\compiler\ti-cgt-armllvm_4.0.3.LTS\lib\armv6m-ti-none-eabi\</path>
         <kind>archive</kind>
         <file>libclang_rt.builtins.a</file>
         <name>udivmoddi4.S.obj</name>
      </input_file>
      <input_file id="fl-127">
         <path>D:\TI\ccs\tools\compiler\ti-cgt-armllvm_4.0.3.LTS\lib\armv6m-ti-none-eabi\</path>
         <kind>archive</kind>
         <file>libclang_rt.builtins.a</file>
         <name>ashldi3.S.obj</name>
      </input_file>
      <input_file id="fl-128">
         <path>D:\TI\ccs\tools\compiler\ti-cgt-armllvm_4.0.3.LTS\lib\armv6m-ti-none-eabi\</path>
         <kind>archive</kind>
         <file>libclang_rt.builtins.a</file>
         <name>comparedf2.c.obj</name>
      </input_file>
      <input_file id="fl-129">
         <path>D:\TI\ccs\tools\compiler\ti-cgt-armllvm_4.0.3.LTS\lib\armv6m-ti-none-eabi\</path>
         <kind>archive</kind>
         <file>libclang_rt.builtins.a</file>
         <name>aeabi_div0.c.obj</name>
      </input_file>
      <input_file id="fl-12a">
         <path>D:\TI\ccs\tools\compiler\ti-cgt-armllvm_4.0.3.LTS\lib\armv6m-ti-none-eabi\c\</path>
         <kind>archive</kind>
         <file>libc.a</file>
         <name>getdevice.c.obj</name>
      </input_file>
      <input_file id="fl-12b">
         <path>D:\TI\ccs\tools\compiler\ti-cgt-armllvm_4.0.3.LTS\lib\armv6m-ti-none-eabi\c\</path>
         <kind>archive</kind>
         <file>libc.a</file>
         <name>memcpy16.S.obj</name>
      </input_file>
      <input_file id="fl-12c">
         <path>D:\TI\ccs\tools\compiler\ti-cgt-armllvm_4.0.3.LTS\lib\armv6m-ti-none-eabi\c\</path>
         <kind>archive</kind>
         <file>libc.a</file>
         <name>memset16.S.obj</name>
      </input_file>
      <input_file id="fl-12d">
         <path>D:\TI\ccs\tools\compiler\ti-cgt-armllvm_4.0.3.LTS\lib\armv6m-ti-none-eabi\c\</path>
         <kind>archive</kind>
         <file>libc.a</file>
         <name>strcmp-armv6m.S.obj</name>
      </input_file>
   </input_file_list>
   <object_component_list>
      <object_component id="oc-18">
         <name>.intvecs</name>
         <load_address>0x0</load_address>
         <readonly>true</readonly>
         <run_address>0x0</run_address>
         <size>0xc0</size>
         <alignment>0x4</alignment>
         <input_file_ref idref="fl-3"/>
      </object_component>
      <object_component id="oc-266">
         <name>.text:__TI_printfi</name>
         <load_address>0xc0</load_address>
         <readonly>true</readonly>
         <executable>true</executable>
         <run_address>0xc0</run_address>
         <size>0x9d0</size>
         <alignment>0x4</alignment>
         <input_file_ref idref="fl-49"/>
      </object_component>
      <object_component id="oc-3e">
         <name>.text.UART0_IRQHandler</name>
         <load_address>0xa90</load_address>
         <readonly>true</readonly>
         <executable>true</executable>
         <run_address>0xa90</run_address>
         <size>0x368</size>
         <alignment>0x4</alignment>
         <input_file_ref idref="fl-7"/>
      </object_component>
      <object_component id="oc-176">
         <name>.text.SYSCFG_DL_GPIO_init</name>
         <load_address>0xdf8</load_address>
         <readonly>true</readonly>
         <executable>true</executable>
         <run_address>0xdf8</run_address>
         <size>0x234</size>
         <alignment>0x4</alignment>
         <input_file_ref idref="fl-2"/>
      </object_component>
      <object_component id="oc-2c0">
         <name>.text._pconv_a</name>
         <load_address>0x102c</load_address>
         <readonly>true</readonly>
         <executable>true</executable>
         <run_address>0x102c</run_address>
         <size>0x220</size>
         <alignment>0x4</alignment>
         <input_file_ref idref="fl-49"/>
      </object_component>
      <object_component id="oc-26d">
         <name>.text.Tracking</name>
         <load_address>0x124c</load_address>
         <readonly>true</readonly>
         <executable>true</executable>
         <run_address>0x124c</run_address>
         <size>0x214</size>
         <alignment>0x4</alignment>
         <input_file_ref idref="fl-e"/>
      </object_component>
      <object_component id="oc-2c5">
         <name>.text._pconv_g</name>
         <load_address>0x1460</load_address>
         <readonly>true</readonly>
         <executable>true</executable>
         <run_address>0x1460</run_address>
         <size>0x1dc</size>
         <alignment>0x4</alignment>
         <input_file_ref idref="fl-49"/>
      </object_component>
      <object_component id="oc-ae">
         <name>.text.main</name>
         <load_address>0x163c</load_address>
         <readonly>true</readonly>
         <executable>true</executable>
         <run_address>0x163c</run_address>
         <size>0x1a4</size>
         <alignment>0x4</alignment>
         <input_file_ref idref="fl-1"/>
      </object_component>
      <object_component id="oc-310">
         <name>.text.adddf3_subdf3</name>
         <load_address>0x17e0</load_address>
         <readonly>true</readonly>
         <executable>true</executable>
         <run_address>0x17e0</run_address>
         <size>0x192</size>
         <alignment>0x4</alignment>
         <input_file_ref idref="fl-10f"/>
      </object_component>
      <object_component id="oc-10b">
         <name>.text.Ultrasonic_Init</name>
         <load_address>0x1972</load_address>
         <readonly>true</readonly>
         <executable>true</executable>
         <run_address>0x1972</run_address>
         <size>0x2</size>
         <alignment>0x2</alignment>
         <input_file_ref idref="fl-b"/>
      </object_component>
      <object_component id="oc-111">
         <name>.text.AssignmentChoose</name>
         <load_address>0x1974</load_address>
         <readonly>true</readonly>
         <executable>true</executable>
         <run_address>0x1974</run_address>
         <size>0x144</size>
         <alignment>0x4</alignment>
         <input_file_ref idref="fl-4"/>
      </object_component>
      <object_component id="oc-314">
         <name>.text.fcvt</name>
         <load_address>0x1ab8</load_address>
         <readonly>true</readonly>
         <executable>true</executable>
         <run_address>0x1ab8</run_address>
         <size>0x13c</size>
         <alignment>0x4</alignment>
         <input_file_ref idref="fl-49"/>
      </object_component>
      <object_component id="oc-26e">
         <name>.text.Left_Turn</name>
         <load_address>0x1bf4</load_address>
         <readonly>true</readonly>
         <executable>true</executable>
         <run_address>0x1bf4</run_address>
         <size>0x124</size>
         <alignment>0x4</alignment>
         <input_file_ref idref="fl-12"/>
      </object_component>
      <object_component id="oc-270">
         <name>.text.Right_Turn</name>
         <load_address>0x1d18</load_address>
         <readonly>true</readonly>
         <executable>true</executable>
         <run_address>0x1d18</run_address>
         <size>0x124</size>
         <alignment>0x4</alignment>
         <input_file_ref idref="fl-12"/>
      </object_component>
      <object_component id="oc-2c7">
         <name>.text._pconv_e</name>
         <load_address>0x1e3c</load_address>
         <readonly>true</readonly>
         <executable>true</executable>
         <run_address>0x1e3c</run_address>
         <size>0x120</size>
         <alignment>0x4</alignment>
         <input_file_ref idref="fl-49"/>
      </object_component>
      <object_component id="oc-1af">
         <name>.text.OLED_ShowChar</name>
         <load_address>0x1f5c</load_address>
         <readonly>true</readonly>
         <executable>true</executable>
         <run_address>0x1f5c</run_address>
         <size>0x118</size>
         <alignment>0x4</alignment>
         <input_file_ref idref="fl-9"/>
      </object_component>
      <object_component id="oc-103">
         <name>.text.OLED_Init</name>
         <load_address>0x2074</load_address>
         <readonly>true</readonly>
         <executable>true</executable>
         <run_address>0x2074</run_address>
         <size>0x110</size>
         <alignment>0x4</alignment>
         <input_file_ref idref="fl-9"/>
      </object_component>
      <object_component id="oc-7b">
         <name>.text.__divdf3</name>
         <load_address>0x2184</load_address>
         <readonly>true</readonly>
         <executable>true</executable>
         <run_address>0x2184</run_address>
         <size>0x10c</size>
         <alignment>0x4</alignment>
         <input_file_ref idref="fl-114"/>
      </object_component>
      <object_component id="oc-202">
         <name>.text.DL_Timer_initFourCCPWMMode</name>
         <load_address>0x2290</load_address>
         <readonly>true</readonly>
         <executable>true</executable>
         <run_address>0x2290</run_address>
         <size>0x104</size>
         <alignment>0x4</alignment>
         <input_file_ref idref="fl-26"/>
      </object_component>
      <object_component id="oc-277">
         <name>.text.parking</name>
         <load_address>0x2394</load_address>
         <readonly>true</readonly>
         <executable>true</executable>
         <run_address>0x2394</run_address>
         <size>0xf8</size>
         <alignment>0x4</alignment>
         <input_file_ref idref="fl-e"/>
      </object_component>
      <object_component id="oc-2c9">
         <name>.text.track_deal_sensor</name>
         <load_address>0x248c</load_address>
         <readonly>true</readonly>
         <executable>true</executable>
         <run_address>0x248c</run_address>
         <size>0xf0</size>
         <alignment>0x4</alignment>
         <input_file_ref idref="fl-e"/>
      </object_component>
      <object_component id="oc-20e">
         <name>.text.DL_Timer_initTimerMode</name>
         <load_address>0x257c</load_address>
         <readonly>true</readonly>
         <executable>true</executable>
         <run_address>0x257c</run_address>
         <size>0xe8</size>
         <alignment>0x4</alignment>
         <input_file_ref idref="fl-26"/>
      </object_component>
      <object_component id="oc-87">
         <name>.text.__muldf3</name>
         <load_address>0x2664</load_address>
         <readonly>true</readonly>
         <executable>true</executable>
         <run_address>0x2664</run_address>
         <size>0xe4</size>
         <alignment>0x4</alignment>
         <input_file_ref idref="fl-110"/>
      </object_component>
      <object_component id="oc-1b0">
         <name>.text.trackSensorReadRegisterBytes</name>
         <load_address>0x2748</load_address>
         <readonly>true</readonly>
         <executable>true</executable>
         <run_address>0x2748</run_address>
         <size>0xe4</size>
         <alignment>0x4</alignment>
         <input_file_ref idref="fl-a"/>
      </object_component>
      <object_component id="oc-1f8">
         <name>.text.DL_SYSCTL_configSYSPLL</name>
         <load_address>0x282c</load_address>
         <readonly>true</readonly>
         <executable>true</executable>
         <run_address>0x282c</run_address>
         <size>0xdc</size>
         <alignment>0x4</alignment>
         <input_file_ref idref="fl-28"/>
      </object_component>
      <object_component id="oc-2fb">
         <name>.text.scalbn</name>
         <load_address>0x2908</load_address>
         <readonly>true</readonly>
         <executable>true</executable>
         <run_address>0x2908</run_address>
         <size>0xd8</size>
         <alignment>0x4</alignment>
         <input_file_ref idref="fl-4b"/>
      </object_component>
      <object_component id="oc-d7">
         <name>.text</name>
         <load_address>0x29e0</load_address>
         <readonly>true</readonly>
         <executable>true</executable>
         <run_address>0x29e0</run_address>
         <size>0xd8</size>
         <alignment>0x4</alignment>
         <input_file_ref idref="fl-10e"/>
      </object_component>
      <object_component id="oc-e9">
         <name>.text.Loca_PID</name>
         <load_address>0x2ab8</load_address>
         <readonly>true</readonly>
         <executable>true</executable>
         <run_address>0x2ab8</run_address>
         <size>0xd6</size>
         <alignment>0x2</alignment>
         <input_file_ref idref="fl-f"/>
      </object_component>
      <object_component id="oc-242">
         <name>.text.__aeabi_idiv0</name>
         <load_address>0x2b8e</load_address>
         <readonly>true</readonly>
         <executable>true</executable>
         <run_address>0x2b8e</run_address>
         <size>0x2</size>
         <alignment>0x2</alignment>
         <input_file_ref idref="fl-129"/>
      </object_component>
      <object_component id="oc-175">
         <name>.text.SYSCFG_DL_initPower</name>
         <load_address>0x2b90</load_address>
         <readonly>true</readonly>
         <executable>true</executable>
         <run_address>0x2b90</run_address>
         <size>0xd4</size>
         <alignment>0x4</alignment>
         <input_file_ref idref="fl-2"/>
      </object_component>
      <object_component id="oc-98">
         <name>.text.SpeedRead</name>
         <load_address>0x2c64</load_address>
         <readonly>true</readonly>
         <executable>true</executable>
         <run_address>0x2c64</run_address>
         <size>0xc4</size>
         <alignment>0x4</alignment>
         <input_file_ref idref="fl-11"/>
      </object_component>
      <object_component id="oc-1c3">
         <name>.text.assignment3</name>
         <load_address>0x2d28</load_address>
         <readonly>true</readonly>
         <executable>true</executable>
         <run_address>0x2d28</run_address>
         <size>0xc4</size>
         <alignment>0x4</alignment>
         <input_file_ref idref="fl-4"/>
      </object_component>
      <object_component id="oc-1c2">
         <name>.text.assignment2</name>
         <load_address>0x2dec</load_address>
         <readonly>true</readonly>
         <executable>true</executable>
         <run_address>0x2dec</run_address>
         <size>0xbc</size>
         <alignment>0x4</alignment>
         <input_file_ref idref="fl-4"/>
      </object_component>
      <object_component id="oc-1c5">
         <name>.text.assignment5</name>
         <load_address>0x2ea8</load_address>
         <readonly>true</readonly>
         <executable>true</executable>
         <run_address>0x2ea8</run_address>
         <size>0xac</size>
         <alignment>0x4</alignment>
         <input_file_ref idref="fl-4"/>
      </object_component>
      <object_component id="oc-9d">
         <name>.text.balance_stand</name>
         <load_address>0x2f54</load_address>
         <readonly>true</readonly>
         <executable>true</executable>
         <run_address>0x2f54</run_address>
         <size>0xac</size>
         <alignment>0x4</alignment>
         <input_file_ref idref="fl-e"/>
      </object_component>
      <object_component id="oc-2f2">
         <name>.text</name>
         <load_address>0x3000</load_address>
         <readonly>true</readonly>
         <executable>true</executable>
         <run_address>0x3000</run_address>
         <size>0xa2</size>
         <alignment>0x4</alignment>
         <input_file_ref idref="fl-126"/>
      </object_component>
      <object_component id="oc-31c">
         <name>.text.__aeabi_ldiv0</name>
         <load_address>0x30a2</load_address>
         <readonly>true</readonly>
         <executable>true</executable>
         <run_address>0x30a2</run_address>
         <size>0x2</size>
         <alignment>0x2</alignment>
         <input_file_ref idref="fl-129"/>
      </object_component>
      <object_component id="oc-39">
         <name>.text.GROUP1_IRQHandler</name>
         <load_address>0x30a4</load_address>
         <readonly>true</readonly>
         <executable>true</executable>
         <run_address>0x30a4</run_address>
         <size>0x9c</size>
         <alignment>0x4</alignment>
         <input_file_ref idref="fl-d"/>
      </object_component>
      <object_component id="oc-18d">
         <name>.text.OLED_WR_Byte</name>
         <load_address>0x3140</load_address>
         <readonly>true</readonly>
         <executable>true</executable>
         <run_address>0x3140</run_address>
         <size>0x98</size>
         <alignment>0x4</alignment>
         <input_file_ref idref="fl-9"/>
      </object_component>
      <object_component id="oc-1c4">
         <name>.text.assignment4</name>
         <load_address>0x31d8</load_address>
         <readonly>true</readonly>
         <executable>true</executable>
         <run_address>0x31d8</run_address>
         <size>0x98</size>
         <alignment>0x4</alignment>
         <input_file_ref idref="fl-4"/>
      </object_component>
      <object_component id="oc-1b3">
         <name>.text.trackSensorUpdateDecodedData</name>
         <load_address>0x3270</load_address>
         <readonly>true</readonly>
         <executable>true</executable>
         <run_address>0x3270</run_address>
         <size>0x98</size>
         <alignment>0x4</alignment>
         <input_file_ref idref="fl-a"/>
      </object_component>
      <object_component id="oc-178">
         <name>.text.SYSCFG_DL_PWM_0_init</name>
         <load_address>0x3308</load_address>
         <readonly>true</readonly>
         <executable>true</executable>
         <run_address>0x3308</run_address>
         <size>0x90</size>
         <alignment>0x4</alignment>
         <input_file_ref idref="fl-2"/>
      </object_component>
      <object_component id="oc-179">
         <name>.text.SYSCFG_DL_PWM_SERVO_init</name>
         <load_address>0x3398</load_address>
         <readonly>true</readonly>
         <executable>true</executable>
         <run_address>0x3398</run_address>
         <size>0x90</size>
         <alignment>0x4</alignment>
         <input_file_ref idref="fl-2"/>
      </object_component>
      <object_component id="oc-162">
         <name>.text.__mulsf3</name>
         <load_address>0x3428</load_address>
         <readonly>true</readonly>
         <executable>true</executable>
         <run_address>0x3428</run_address>
         <size>0x8c</size>
         <alignment>0x4</alignment>
         <input_file_ref idref="fl-112"/>
      </object_component>
      <object_component id="oc-ee">
         <name>.text.Left_Control</name>
         <load_address>0x34b4</load_address>
         <readonly>true</readonly>
         <executable>true</executable>
         <run_address>0x34b4</run_address>
         <size>0x84</size>
         <alignment>0x4</alignment>
         <input_file_ref idref="fl-8"/>
      </object_component>
      <object_component id="oc-189">
         <name>.text.__NVIC_SetPriority</name>
         <load_address>0x3538</load_address>
         <readonly>true</readonly>
         <executable>true</executable>
         <run_address>0x3538</run_address>
         <size>0x84</size>
         <alignment>0x4</alignment>
         <input_file_ref idref="fl-6"/>
      </object_component>
      <object_component id="oc-19b">
         <name>.text.Bluetooth_SendString</name>
         <load_address>0x35bc</load_address>
         <readonly>true</readonly>
         <executable>true</executable>
         <run_address>0x35bc</run_address>
         <size>0x80</size>
         <alignment>0x4</alignment>
         <input_file_ref idref="fl-5"/>
      </object_component>
      <object_component id="oc-ef">
         <name>.text.Right_Control</name>
         <load_address>0x363c</load_address>
         <readonly>true</readonly>
         <executable>true</executable>
         <run_address>0x363c</run_address>
         <size>0x80</size>
         <alignment>0x4</alignment>
         <input_file_ref idref="fl-8"/>
      </object_component>
      <object_component id="oc-1c">
         <name>.text:decompress:lzss</name>
         <load_address>0x36bc</load_address>
         <readonly>true</readonly>
         <executable>true</executable>
         <run_address>0x36bc</run_address>
         <size>0x7c</size>
         <alignment>0x4</alignment>
         <input_file_ref idref="fl-48"/>
      </object_component>
      <object_component id="oc-30e">
         <name>.text.__gedf2</name>
         <load_address>0x3738</load_address>
         <readonly>true</readonly>
         <executable>true</executable>
         <run_address>0x3738</run_address>
         <size>0x74</size>
         <alignment>0x4</alignment>
         <input_file_ref idref="fl-128"/>
      </object_component>
      <object_component id="oc-33">
         <name>.text.Default_Handler</name>
         <load_address>0x37ac</load_address>
         <readonly>true</readonly>
         <executable>true</executable>
         <run_address>0x37ac</run_address>
         <size>0x4</size>
         <alignment>0x2</alignment>
         <input_file_ref idref="fl-3"/>
      </object_component>
      <object_component id="oc-83">
         <name>.text.__truncdfsf2</name>
         <load_address>0x37b0</load_address>
         <readonly>true</readonly>
         <executable>true</executable>
         <run_address>0x37b0</run_address>
         <size>0x74</size>
         <alignment>0x10</alignment>
         <input_file_ref idref="fl-11d"/>
      </object_component>
      <object_component id="oc-116">
         <name>.text.OLED_ShowString</name>
         <load_address>0x3824</load_address>
         <readonly>true</readonly>
         <executable>true</executable>
         <run_address>0x3824</run_address>
         <size>0x70</size>
         <alignment>0x2</alignment>
         <input_file_ref idref="fl-9"/>
      </object_component>
      <object_component id="oc-2d2">
         <name>.text.RangeLimite</name>
         <load_address>0x3894</load_address>
         <readonly>true</readonly>
         <executable>true</executable>
         <run_address>0x3894</run_address>
         <size>0x6c</size>
         <alignment>0x2</alignment>
         <input_file_ref idref="fl-12"/>
      </object_component>
      <object_component id="oc-117">
         <name>.text.trackSensorUpdate</name>
         <load_address>0x3900</load_address>
         <readonly>true</readonly>
         <executable>true</executable>
         <run_address>0x3900</run_address>
         <size>0x6c</size>
         <alignment>0x4</alignment>
         <input_file_ref idref="fl-a"/>
      </object_component>
      <object_component id="oc-18e">
         <name>.text.OLED_Clear</name>
         <load_address>0x396c</load_address>
         <readonly>true</readonly>
         <executable>true</executable>
         <run_address>0x396c</run_address>
         <size>0x6a</size>
         <alignment>0x2</alignment>
         <input_file_ref idref="fl-9"/>
      </object_component>
      <object_component id="oc-17a">
         <name>.text.SYSCFG_DL_PWM_ULTRASONIC_init</name>
         <load_address>0x39d8</load_address>
         <readonly>true</readonly>
         <executable>true</executable>
         <run_address>0x39d8</run_address>
         <size>0x68</size>
         <alignment>0x4</alignment>
         <input_file_ref idref="fl-2"/>
      </object_component>
      <object_component id="oc-17f">
         <name>.text.SYSCFG_DL_UART_WIT_init</name>
         <load_address>0x3a40</load_address>
         <readonly>true</readonly>
         <executable>true</executable>
         <run_address>0x3a40</run_address>
         <size>0x68</size>
         <alignment>0x4</alignment>
         <input_file_ref idref="fl-2"/>
      </object_component>
      <object_component id="oc-308">
         <name>.text.__ledf2</name>
         <load_address>0x3aa8</load_address>
         <readonly>true</readonly>
         <executable>true</executable>
         <run_address>0x3aa8</run_address>
         <size>0x68</size>
         <alignment>0x4</alignment>
         <input_file_ref idref="fl-128"/>
      </object_component>
      <object_component id="oc-307">
         <name>.text._mcpy</name>
         <load_address>0x3b10</load_address>
         <readonly>true</readonly>
         <executable>true</executable>
         <run_address>0x3b10</run_address>
         <size>0x66</size>
         <alignment>0x2</alignment>
         <input_file_ref idref="fl-49"/>
      </object_component>
      <object_component id="oc-1a6">
         <name>.text.LightAndSound</name>
         <load_address>0x3b78</load_address>
         <readonly>true</readonly>
         <executable>true</executable>
         <run_address>0x3b78</run_address>
         <size>0x64</size>
         <alignment>0x4</alignment>
         <input_file_ref idref="fl-4"/>
      </object_component>
      <object_component id="oc-18b">
         <name>.text.oled_i2c_sda_unlock</name>
         <load_address>0x3bdc</load_address>
         <readonly>true</readonly>
         <executable>true</executable>
         <run_address>0x3bdc</run_address>
         <size>0x64</size>
         <alignment>0x4</alignment>
         <input_file_ref idref="fl-9"/>
      </object_component>
      <object_component id="oc-2c1">
         <name>.text.__aeabi_dcmp</name>
         <load_address>0x3c40</load_address>
         <readonly>true</readonly>
         <executable>true</executable>
         <run_address>0x3c40</run_address>
         <size>0x62</size>
         <alignment>0x4</alignment>
         <input_file_ref idref="fl-11e"/>
      </object_component>
      <object_component id="oc-db">
         <name>.text.__aeabi_fcmp</name>
         <load_address>0x3ca4</load_address>
         <readonly>true</readonly>
         <executable>true</executable>
         <run_address>0x3ca4</run_address>
         <size>0x62</size>
         <alignment>0x4</alignment>
         <input_file_ref idref="fl-11f"/>
      </object_component>
      <object_component id="oc-2d1">
         <name>.text.NonBlockDelay</name>
         <load_address>0x3d08</load_address>
         <readonly>true</readonly>
         <executable>true</executable>
         <run_address>0x3d08</run_address>
         <size>0x60</size>
         <alignment>0x4</alignment>
         <input_file_ref idref="fl-d"/>
      </object_component>
      <object_component id="oc-fc">
         <name>.text.SYSCFG_DL_init</name>
         <load_address>0x3d68</load_address>
         <readonly>true</readonly>
         <executable>true</executable>
         <run_address>0x3d68</run_address>
         <size>0x60</size>
         <alignment>0x4</alignment>
         <input_file_ref idref="fl-2"/>
      </object_component>
      <object_component id="oc-23a">
         <name>.text.DL_I2C_fillControllerTXFIFO</name>
         <load_address>0x3dc8</load_address>
         <readonly>true</readonly>
         <executable>true</executable>
         <run_address>0x3dc8</run_address>
         <size>0x5e</size>
         <alignment>0x2</alignment>
         <input_file_ref idref="fl-25"/>
      </object_component>
      <object_component id="oc-161">
         <name>.text.PID_Limit</name>
         <load_address>0x3e26</load_address>
         <readonly>true</readonly>
         <executable>true</executable>
         <run_address>0x3e26</run_address>
         <size>0x5c</size>
         <alignment>0x2</alignment>
         <input_file_ref idref="fl-f"/>
      </object_component>
      <object_component id="oc-2f7">
         <name>.text.frexp</name>
         <load_address>0x3e84</load_address>
         <readonly>true</readonly>
         <executable>true</executable>
         <run_address>0x3e84</run_address>
         <size>0x5c</size>
         <alignment>0x4</alignment>
         <input_file_ref idref="fl-4a"/>
      </object_component>
      <object_component id="oc-238">
         <name>.text.mspm0_i2c_enable</name>
         <load_address>0x3ee0</load_address>
         <readonly>true</readonly>
         <executable>true</executable>
         <run_address>0x3ee0</run_address>
         <size>0x5c</size>
         <alignment>0x4</alignment>
         <input_file_ref idref="fl-9"/>
      </object_component>
      <object_component id="oc-17e">
         <name>.text.SYSCFG_DL_I2C_OLED_init</name>
         <load_address>0x3f3c</load_address>
         <readonly>true</readonly>
         <executable>true</executable>
         <run_address>0x3f3c</run_address>
         <size>0x58</size>
         <alignment>0x4</alignment>
         <input_file_ref idref="fl-2"/>
      </object_component>
      <object_component id="oc-2ff">
         <name>.text.__TI_ltoa</name>
         <load_address>0x3f94</load_address>
         <readonly>true</readonly>
         <executable>true</executable>
         <run_address>0x3f94</run_address>
         <size>0x58</size>
         <alignment>0x2</alignment>
         <input_file_ref idref="fl-50"/>
      </object_component>
      <object_component id="oc-2c6">
         <name>.text._pconv_f</name>
         <load_address>0x3fec</load_address>
         <readonly>true</readonly>
         <executable>true</executable>
         <run_address>0x3fec</run_address>
         <size>0x58</size>
         <alignment>0x2</alignment>
         <input_file_ref idref="fl-49"/>
      </object_component>
      <object_component id="oc-253">
         <name>.text.trackSensorWaitForIdle</name>
         <load_address>0x4044</load_address>
         <readonly>true</readonly>
         <executable>true</executable>
         <run_address>0x4044</run_address>
         <size>0x58</size>
         <alignment>0x4</alignment>
         <input_file_ref idref="fl-a"/>
      </object_component>
      <object_component id="oc-257">
         <name>.text.trackSensorWaitForRxData</name>
         <load_address>0x409c</load_address>
         <readonly>true</readonly>
         <executable>true</executable>
         <run_address>0x409c</run_address>
         <size>0x58</size>
         <alignment>0x4</alignment>
         <input_file_ref idref="fl-a"/>
      </object_component>
      <object_component id="oc-328">
         <name>.text.__aeabi_idivmod</name>
         <load_address>0x40f4</load_address>
         <readonly>true</readonly>
         <executable>true</executable>
         <run_address>0x40f4</run_address>
         <size>0x56</size>
         <alignment>0x4</alignment>
         <input_file_ref idref="fl-120"/>
      </object_component>
      <object_component id="oc-8b">
         <name>.text.DL_UART_drainRXFIFO</name>
         <load_address>0x414c</load_address>
         <readonly>true</readonly>
         <executable>true</executable>
         <run_address>0x414c</run_address>
         <size>0x54</size>
         <alignment>0x4</alignment>
         <input_file_ref idref="fl-27"/>
      </object_component>
      <object_component id="oc-305">
         <name>.text._ecpy</name>
         <load_address>0x41a0</load_address>
         <readonly>true</readonly>
         <executable>true</executable>
         <run_address>0x41a0</run_address>
         <size>0x52</size>
         <alignment>0x2</alignment>
         <input_file_ref idref="fl-49"/>
      </object_component>
      <object_component id="oc-23d">
         <name>.text.DL_I2C_startControllerTransfer</name>
         <load_address>0x41f4</load_address>
         <readonly>true</readonly>
         <executable>true</executable>
         <run_address>0x41f4</run_address>
         <size>0x50</size>
         <alignment>0x4</alignment>
         <input_file_ref idref="fl-9"/>
      </object_component>
      <object_component id="oc-256">
         <name>.text.DL_I2C_startControllerTransfer</name>
         <load_address>0x4244</load_address>
         <readonly>true</readonly>
         <executable>true</executable>
         <run_address>0x4244</run_address>
         <size>0x50</size>
         <alignment>0x4</alignment>
         <input_file_ref idref="fl-a"/>
      </object_component>
      <object_component id="oc-188">
         <name>.text.SysTick_Config</name>
         <load_address>0x4294</load_address>
         <readonly>true</readonly>
         <executable>true</executable>
         <run_address>0x4294</run_address>
         <size>0x50</size>
         <alignment>0x4</alignment>
         <input_file_ref idref="fl-6"/>
      </object_component>
      <object_component id="oc-1b1">
         <name>.text.trackSensorResetData</name>
         <load_address>0x42e4</load_address>
         <readonly>true</readonly>
         <executable>true</executable>
         <run_address>0x42e4</run_address>
         <size>0x50</size>
         <alignment>0x4</alignment>
         <input_file_ref idref="fl-a"/>
      </object_component>
      <object_component id="oc-28b">
         <name>.text.DL_DMA_initChannel</name>
         <load_address>0x4334</load_address>
         <readonly>true</readonly>
         <executable>true</executable>
         <run_address>0x4334</run_address>
         <size>0x4c</size>
         <alignment>0x4</alignment>
         <input_file_ref idref="fl-24"/>
      </object_component>
      <object_component id="oc-228">
         <name>.text.DL_UART_setBaudRateDivisor</name>
         <load_address>0x4380</load_address>
         <readonly>true</readonly>
         <executable>true</executable>
         <run_address>0x4380</run_address>
         <size>0x4c</size>
         <alignment>0x4</alignment>
         <input_file_ref idref="fl-2"/>
      </object_component>
      <object_component id="oc-2d8">
         <name>.text.snprintf</name>
         <load_address>0x43cc</load_address>
         <readonly>true</readonly>
         <executable>true</executable>
         <run_address>0x43cc</run_address>
         <size>0x4c</size>
         <alignment>0x4</alignment>
         <input_file_ref idref="fl-3f"/>
      </object_component>
      <object_component id="oc-7f">
         <name>.text.__fixdfsi</name>
         <load_address>0x4418</load_address>
         <readonly>true</readonly>
         <executable>true</executable>
         <run_address>0x4418</run_address>
         <size>0x4a</size>
         <alignment>0x4</alignment>
         <input_file_ref idref="fl-116"/>
      </object_component>
      <object_component id="oc-274">
         <name>.text.Bluetooth_SendData</name>
         <load_address>0x4464</load_address>
         <readonly>true</readonly>
         <executable>true</executable>
         <run_address>0x4464</run_address>
         <size>0x48</size>
         <alignment>0x4</alignment>
         <input_file_ref idref="fl-5"/>
      </object_component>
      <object_component id="oc-226">
         <name>.text.DL_UART_init</name>
         <load_address>0x44ac</load_address>
         <readonly>true</readonly>
         <executable>true</executable>
         <run_address>0x44ac</run_address>
         <size>0x48</size>
         <alignment>0x4</alignment>
         <input_file_ref idref="fl-27"/>
      </object_component>
      <object_component id="oc-234">
         <name>.text.mspm0_i2c_disable</name>
         <load_address>0x44f4</load_address>
         <readonly>true</readonly>
         <executable>true</executable>
         <run_address>0x44f4</run_address>
         <size>0x48</size>
         <alignment>0x4</alignment>
         <input_file_ref idref="fl-9"/>
      </object_component>
      <object_component id="oc-1ff">
         <name>.text.DL_SYSCTL_switchMCLKfromSYSOSCtoHSCLK</name>
         <load_address>0x453c</load_address>
         <readonly>true</readonly>
         <executable>true</executable>
         <run_address>0x453c</run_address>
         <size>0x44</size>
         <alignment>0x4</alignment>
         <input_file_ref idref="fl-28"/>
      </object_component>
      <object_component id="oc-108">
         <name>.text.WIT_Init</name>
         <load_address>0x4580</load_address>
         <readonly>true</readonly>
         <executable>true</executable>
         <run_address>0x4580</run_address>
         <size>0x44</size>
         <alignment>0x4</alignment>
         <input_file_ref idref="fl-c"/>
      </object_component>
      <object_component id="oc-180">
         <name>.text.SYSCFG_DL_UART_BT_init</name>
         <load_address>0x45c4</load_address>
         <readonly>true</readonly>
         <executable>true</executable>
         <run_address>0x45c4</run_address>
         <size>0x40</size>
         <alignment>0x4</alignment>
         <input_file_ref idref="fl-2"/>
      </object_component>
      <object_component id="oc-1a1">
         <name>.text.__aeabi_uidivmod</name>
         <load_address>0x4604</load_address>
         <readonly>true</readonly>
         <executable>true</executable>
         <run_address>0x4604</run_address>
         <size>0x40</size>
         <alignment>0x4</alignment>
         <input_file_ref idref="fl-123"/>
      </object_component>
      <object_component id="oc-122">
         <name>.text.__extendsfdf2</name>
         <load_address>0x4644</load_address>
         <readonly>true</readonly>
         <executable>true</executable>
         <run_address>0x4644</run_address>
         <size>0x40</size>
         <alignment>0x4</alignment>
         <input_file_ref idref="fl-115"/>
      </object_component>
      <object_component id="oc-2aa">
         <name>.text.atoi</name>
         <load_address>0x4684</load_address>
         <readonly>true</readonly>
         <executable>true</executable>
         <run_address>0x4684</run_address>
         <size>0x40</size>
         <alignment>0x4</alignment>
         <input_file_ref idref="fl-53"/>
      </object_component>
      <object_component id="oc-29b">
         <name>.text.trackSensorControllerHasError</name>
         <load_address>0x46c4</load_address>
         <readonly>true</readonly>
         <executable>true</executable>
         <run_address>0x46c4</run_address>
         <size>0x40</size>
         <alignment>0x4</alignment>
         <input_file_ref idref="fl-a"/>
      </object_component>
      <object_component id="oc-294">
         <name>.text.DL_GPIO_initPeripheralInputFunctionFeatures</name>
         <load_address>0x4704</load_address>
         <readonly>true</readonly>
         <executable>true</executable>
         <run_address>0x4704</run_address>
         <size>0x3c</size>
         <alignment>0x4</alignment>
         <input_file_ref idref="fl-9"/>
      </object_component>
      <object_component id="oc-1e9">
         <name>.text.DL_GPIO_initPeripheralInputFunctionFeatures</name>
         <load_address>0x4740</load_address>
         <readonly>true</readonly>
         <executable>true</executable>
         <run_address>0x4740</run_address>
         <size>0x3c</size>
         <alignment>0x4</alignment>
         <input_file_ref idref="fl-2"/>
      </object_component>
      <object_component id="oc-29e">
         <name>.text.DL_I2C_flushControllerTXFIFO</name>
         <load_address>0x477c</load_address>
         <readonly>true</readonly>
         <executable>true</executable>
         <run_address>0x477c</run_address>
         <size>0x3c</size>
         <alignment>0x4</alignment>
         <input_file_ref idref="fl-25"/>
      </object_component>
      <object_component id="oc-203">
         <name>.text.DL_Timer_setCounterControl</name>
         <load_address>0x47b8</load_address>
         <readonly>true</readonly>
         <executable>true</executable>
         <run_address>0x47b8</run_address>
         <size>0x3c</size>
         <alignment>0x4</alignment>
         <input_file_ref idref="fl-2"/>
      </object_component>
      <object_component id="oc-250">
         <name>.text.OLED_Set_Pos</name>
         <load_address>0x47f4</load_address>
         <readonly>true</readonly>
         <executable>true</executable>
         <run_address>0x47f4</run_address>
         <size>0x3c</size>
         <alignment>0x2</alignment>
         <input_file_ref idref="fl-9"/>
      </object_component>
      <object_component id="oc-177">
         <name>.text.SYSCFG_DL_SYSCTL_init</name>
         <load_address>0x4830</load_address>
         <readonly>true</readonly>
         <executable>true</executable>
         <run_address>0x4830</run_address>
         <size>0x3c</size>
         <alignment>0x4</alignment>
         <input_file_ref idref="fl-2"/>
      </object_component>
      <object_component id="oc-2ca">
         <name>.text.__floatsisf</name>
         <load_address>0x486c</load_address>
         <readonly>true</readonly>
         <executable>true</executable>
         <run_address>0x486c</run_address>
         <size>0x3c</size>
         <alignment>0x4</alignment>
         <input_file_ref idref="fl-119"/>
      </object_component>
      <object_component id="oc-15a">
         <name>.text.__gtsf2</name>
         <load_address>0x48a8</load_address>
         <readonly>true</readonly>
         <executable>true</executable>
         <run_address>0x48a8</run_address>
         <size>0x3c</size>
         <alignment>0x4</alignment>
         <input_file_ref idref="fl-125"/>
      </object_component>
      <object_component id="oc-141">
         <name>.text:__TI_auto_init_nobinit_nopinit</name>
         <load_address>0x48e4</load_address>
         <readonly>true</readonly>
         <executable>true</executable>
         <run_address>0x48e4</run_address>
         <size>0x3c</size>
         <alignment>0x4</alignment>
         <input_file_ref idref="fl-43"/>
      </object_component>
      <object_component id="oc-155">
         <name>.text.__eqsf2</name>
         <load_address>0x4920</load_address>
         <readonly>true</readonly>
         <executable>true</executable>
         <run_address>0x4920</run_address>
         <size>0x3a</size>
         <alignment>0x4</alignment>
         <input_file_ref idref="fl-125"/>
      </object_component>
      <object_component id="oc-c6">
         <name>.text.__muldsi3</name>
         <load_address>0x495c</load_address>
         <readonly>true</readonly>
         <executable>true</executable>
         <run_address>0x495c</run_address>
         <size>0x3a</size>
         <alignment>0x4</alignment>
         <input_file_ref idref="fl-111"/>
      </object_component>
      <object_component id="oc-ea">
         <name>.text.__fixsfsi</name>
         <load_address>0x4998</load_address>
         <readonly>true</readonly>
         <executable>true</executable>
         <run_address>0x4998</run_address>
         <size>0x38</size>
         <alignment>0x4</alignment>
         <input_file_ref idref="fl-117"/>
      </object_component>
      <object_component id="oc-11c">
         <name>.text.sprintf</name>
         <load_address>0x49d0</load_address>
         <readonly>true</readonly>
         <executable>true</executable>
         <run_address>0x49d0</run_address>
         <size>0x38</size>
         <alignment>0x4</alignment>
         <input_file_ref idref="fl-40"/>
      </object_component>
      <object_component id="oc-254">
         <name>.text.trackSensorRecoverController</name>
         <load_address>0x4a08</load_address>
         <readonly>true</readonly>
         <executable>true</executable>
         <run_address>0x4a08</run_address>
         <size>0x38</size>
         <alignment>0x4</alignment>
         <input_file_ref idref="fl-a"/>
      </object_component>
      <object_component id="oc-292">
         <name>.text.DL_GPIO_initDigitalInputFeatures</name>
         <load_address>0x4a40</load_address>
         <readonly>true</readonly>
         <executable>true</executable>
         <run_address>0x4a40</run_address>
         <size>0x34</size>
         <alignment>0x4</alignment>
         <input_file_ref idref="fl-9"/>
      </object_component>
      <object_component id="oc-1ee">
         <name>.text.DL_GPIO_initDigitalInputFeatures</name>
         <load_address>0x4a74</load_address>
         <readonly>true</readonly>
         <executable>true</executable>
         <run_address>0x4a74</run_address>
         <size>0x34</size>
         <alignment>0x4</alignment>
         <input_file_ref idref="fl-2"/>
      </object_component>
      <object_component id="oc-17b">
         <name>.text.SYSCFG_DL_TIMER_0_init</name>
         <load_address>0x4aa8</load_address>
         <readonly>true</readonly>
         <executable>true</executable>
         <run_address>0x4aa8</run_address>
         <size>0x34</size>
         <alignment>0x4</alignment>
         <input_file_ref idref="fl-2"/>
      </object_component>
      <object_component id="oc-17d">
         <name>.text.SYSCFG_DL_TIMER_Balance_init</name>
         <load_address>0x4adc</load_address>
         <readonly>true</readonly>
         <executable>true</executable>
         <run_address>0x4adc</run_address>
         <size>0x34</size>
         <alignment>0x4</alignment>
         <input_file_ref idref="fl-2"/>
      </object_component>
      <object_component id="oc-e4">
         <name>.text.TB6612_Motor_Stop</name>
         <load_address>0x4b10</load_address>
         <readonly>true</readonly>
         <executable>true</executable>
         <run_address>0x4b10</run_address>
         <size>0x34</size>
         <alignment>0x4</alignment>
         <input_file_ref idref="fl-8"/>
      </object_component>
      <object_component id="oc-40">
         <name>.text.TIMA0_IRQHandler</name>
         <load_address>0x4b44</load_address>
         <readonly>true</readonly>
         <executable>true</executable>
         <run_address>0x4b44</run_address>
         <size>0x34</size>
         <alignment>0x4</alignment>
         <input_file_ref idref="fl-e"/>
      </object_component>
      <object_component id="oc-26a">
         <name>.text.zeroparameter</name>
         <load_address>0x4b78</load_address>
         <readonly>true</readonly>
         <executable>true</executable>
         <run_address>0x4b78</run_address>
         <size>0x34</size>
         <alignment>0x4</alignment>
         <input_file_ref idref="fl-4"/>
      </object_component>
      <object_component id="oc-92">
         <name>.text.DL_DMA_setTransferSize</name>
         <load_address>0x4bac</load_address>
         <readonly>true</readonly>
         <executable>true</executable>
         <run_address>0x4bac</run_address>
         <size>0x30</size>
         <alignment>0x4</alignment>
         <input_file_ref idref="fl-7"/>
      </object_component>
      <object_component id="oc-193">
         <name>.text.DL_DMA_setTransferSize</name>
         <load_address>0x4bdc</load_address>
         <readonly>true</readonly>
         <executable>true</executable>
         <run_address>0x4bdc</run_address>
         <size>0x30</size>
         <alignment>0x4</alignment>
         <input_file_ref idref="fl-c"/>
      </object_component>
      <object_component id="oc-1ed">
         <name>.text.DL_GPIO_initDigitalOutputFeatures</name>
         <load_address>0x4c0c</load_address>
         <readonly>true</readonly>
         <executable>true</executable>
         <run_address>0x4c0c</run_address>
         <size>0x30</size>
         <alignment>0x4</alignment>
         <input_file_ref idref="fl-2"/>
      </object_component>
      <object_component id="oc-306">
         <name>.text._fcpy</name>
         <load_address>0x4c3c</load_address>
         <readonly>true</readonly>
         <executable>true</executable>
         <run_address>0x4c3c</run_address>
         <size>0x30</size>
         <alignment>0x2</alignment>
         <input_file_ref idref="fl-49"/>
      </object_component>
      <object_component id="oc-318">
         <name>.text._outs</name>
         <load_address>0x4c6c</load_address>
         <readonly>true</readonly>
         <executable>true</executable>
         <run_address>0x4c6c</run_address>
         <size>0x30</size>
         <alignment>0x2</alignment>
         <input_file_ref idref="fl-3f"/>
      </object_component>
      <object_component id="oc-1a5">
         <name>.text.mspm0_delay_ms</name>
         <load_address>0x4c9c</load_address>
         <readonly>true</readonly>
         <executable>true</executable>
         <run_address>0x4c9c</run_address>
         <size>0x30</size>
         <alignment>0x4</alignment>
         <input_file_ref idref="fl-6"/>
      </object_component>
      <object_component id="oc-17c">
         <name>.text.SYSCFG_DL_TIMER_ULTRASONIC_init</name>
         <load_address>0x4ccc</load_address>
         <readonly>true</readonly>
         <executable>true</executable>
         <run_address>0x4ccc</run_address>
         <size>0x2c</size>
         <alignment>0x4</alignment>
         <input_file_ref idref="fl-2"/>
      </object_component>
      <object_component id="oc-19a">
         <name>.text.__NVIC_EnableIRQ</name>
         <load_address>0x4cf8</load_address>
         <readonly>true</readonly>
         <executable>true</executable>
         <run_address>0x4cf8</run_address>
         <size>0x2c</size>
         <alignment>0x4</alignment>
         <input_file_ref idref="fl-e"/>
      </object_component>
      <object_component id="oc-196">
         <name>.text.__NVIC_EnableIRQ</name>
         <load_address>0x4d24</load_address>
         <readonly>true</readonly>
         <executable>true</executable>
         <run_address>0x4d24</run_address>
         <size>0x2c</size>
         <alignment>0x4</alignment>
         <input_file_ref idref="fl-11"/>
      </object_component>
      <object_component id="oc-195">
         <name>.text.__NVIC_EnableIRQ</name>
         <load_address>0x4d50</load_address>
         <readonly>true</readonly>
         <executable>true</executable>
         <run_address>0x4d50</run_address>
         <size>0x2c</size>
         <alignment>0x4</alignment>
         <input_file_ref idref="fl-c"/>
      </object_component>
      <object_component id="oc-77">
         <name>.text.__floatsidf</name>
         <load_address>0x4d7c</load_address>
         <readonly>true</readonly>
         <executable>true</executable>
         <run_address>0x4d7c</run_address>
         <size>0x2c</size>
         <alignment>0x4</alignment>
         <input_file_ref idref="fl-118"/>
      </object_component>
      <object_component id="oc-239">
         <name>.text.mspm0_get_clock_ms</name>
         <load_address>0x4da8</load_address>
         <readonly>true</readonly>
         <executable>true</executable>
         <run_address>0x4da8</run_address>
         <size>0x2c</size>
         <alignment>0x4</alignment>
         <input_file_ref idref="fl-6"/>
      </object_component>
      <object_component id="oc-297">
         <name>.text.DL_Common_updateReg</name>
         <load_address>0x4dd4</load_address>
         <readonly>true</readonly>
         <executable>true</executable>
         <run_address>0x4dd4</run_address>
         <size>0x28</size>
         <alignment>0x2</alignment>
         <input_file_ref idref="fl-9"/>
      </object_component>
      <object_component id="oc-286">
         <name>.text.DL_Common_updateReg</name>
         <load_address>0x4dfc</load_address>
         <readonly>true</readonly>
         <executable>true</executable>
         <run_address>0x4dfc</run_address>
         <size>0x28</size>
         <alignment>0x2</alignment>
         <input_file_ref idref="fl-2"/>
      </object_component>
      <object_component id="oc-2a0">
         <name>.text.DL_Common_updateReg</name>
         <load_address>0x4e24</load_address>
         <readonly>true</readonly>
         <executable>true</executable>
         <run_address>0x4e24</run_address>
         <size>0x28</size>
         <alignment>0x2</alignment>
         <input_file_ref idref="fl-a"/>
      </object_component>
      <object_component id="oc-91">
         <name>.text.DL_DMA_setDestAddr</name>
         <load_address>0x4e4c</load_address>
         <readonly>true</readonly>
         <executable>true</executable>
         <run_address>0x4e4c</run_address>
         <size>0x28</size>
         <alignment>0x4</alignment>
         <input_file_ref idref="fl-7"/>
      </object_component>
      <object_component id="oc-192">
         <name>.text.DL_DMA_setDestAddr</name>
         <load_address>0x4e74</load_address>
         <readonly>true</readonly>
         <executable>true</executable>
         <run_address>0x4e74</run_address>
         <size>0x28</size>
         <alignment>0x4</alignment>
         <input_file_ref idref="fl-c"/>
      </object_component>
      <object_component id="oc-191">
         <name>.text.DL_DMA_setSrcAddr</name>
         <load_address>0x4e9c</load_address>
         <readonly>true</readonly>
         <executable>true</executable>
         <run_address>0x4e9c</run_address>
         <size>0x28</size>
         <alignment>0x4</alignment>
         <input_file_ref idref="fl-c"/>
      </object_component>
      <object_component id="oc-221">
         <name>.text.DL_I2C_setControllerRXFIFOThreshold</name>
         <load_address>0x4ec4</load_address>
         <readonly>true</readonly>
         <executable>true</executable>
         <run_address>0x4ec4</run_address>
         <size>0x28</size>
         <alignment>0x4</alignment>
         <input_file_ref idref="fl-2"/>
      </object_component>
      <object_component id="oc-220">
         <name>.text.DL_I2C_setControllerTXFIFOThreshold</name>
         <load_address>0x4eec</load_address>
         <readonly>true</readonly>
         <executable>true</executable>
         <run_address>0x4eec</run_address>
         <size>0x28</size>
         <alignment>0x4</alignment>
         <input_file_ref idref="fl-2"/>
      </object_component>
      <object_component id="oc-22c">
         <name>.text.DL_UART_setRXFIFOThreshold</name>
         <load_address>0x4f14</load_address>
         <readonly>true</readonly>
         <executable>true</executable>
         <run_address>0x4f14</run_address>
         <size>0x28</size>
         <alignment>0x4</alignment>
         <input_file_ref idref="fl-2"/>
      </object_component>
      <object_component id="oc-1c1">
         <name>.text.assignment1</name>
         <load_address>0x4f3c</load_address>
         <readonly>true</readonly>
         <executable>true</executable>
[...]
      </symbol>
      <symbol id="sm-3cb">
         <name>CrossingFlag</name>
         <value>0x20201ff2</value>
         <object_component_ref idref="oc-2c8"/>
      </symbol>
      <symbol id="sm-3cc">
         <name>turnFlag</name>
         <value>0x20201ffa</value>
         <object_component_ref idref="oc-12e"/>
      </symbol>
      <symbol id="sm-3cf">
         <name>__TI_ATRegion0_src_addr</name>
         <value>0x0</value>
      </symbol>
      <symbol id="sm-3d0">
         <name>__TI_ATRegion0_trg_addr</name>
         <value>0x0</value>
      </symbol>
      <symbol id="sm-3d1">
         <name>__TI_ATRegion0_region_sz</name>
         <value>0x0</value>
      </symbol>
      <symbol id="sm-3d2">
         <name>__TI_ATRegion1_src_addr</name>
         <value>0x0</value>
      </symbol>
      <symbol id="sm-3d3">
         <name>__TI_ATRegion1_trg_addr</name>
         <value>0x0</value>
      </symbol>
      <symbol id="sm-3d4">
         <name>__TI_ATRegion1_region_sz</name>
         <value>0x0</value>
      </symbol>
      <symbol id="sm-3d5">
         <name>__TI_ATRegion2_src_addr</name>
         <value>0x0</value>
      </symbol>
      <symbol id="sm-3d6">
         <name>__TI_ATRegion2_trg_addr</name>
         <value>0x0</value>
      </symbol>
      <symbol id="sm-3d7">
         <name>__TI_ATRegion2_region_sz</name>
         <value>0x0</value>
      </symbol>
      <symbol id="sm-3e0">
         <name>DL_Common_delayCycles</name>
         <value>0x5a01</value>
         <object_component_ref idref="oc-1e3"/>
      </symbol>
      <symbol id="sm-3ea">
         <name>DL_DMA_initChannel</name>
         <value>0x4335</value>
         <object_component_ref idref="oc-28b"/>
      </symbol>
      <symbol id="sm-3f9">
         <name>DL_I2C_setClockConfig</name>
         <value>0x5025</value>
         <object_component_ref idref="oc-216"/>
      </symbol>
      <symbol id="sm-3fa">
         <name>DL_I2C_fillControllerTXFIFO</name>
         <value>0x3dc9</value>
         <object_component_ref idref="oc-23a"/>
      </symbol>
      <symbol id="sm-3fb">
         <name>DL_I2C_flushControllerTXFIFO</name>
         <value>0x477d</value>
         <object_component_ref idref="oc-29e"/>
      </symbol>
      <symbol id="sm-417">
         <name>DL_Timer_setClockConfig</name>
         <value>0x5341</value>
         <object_component_ref idref="oc-201"/>
      </symbol>
      <symbol id="sm-418">
         <name>DL_Timer_initTimerMode</name>
         <value>0x257d</value>
         <object_component_ref idref="oc-20e"/>
      </symbol>
      <symbol id="sm-419">
         <name>DL_Timer_setCaptureCompareValue</name>
         <value>0x598d</value>
         <object_component_ref idref="oc-168"/>
      </symbol>
      <symbol id="sm-41a">
         <name>DL_Timer_setCaptCompUpdateMethod</name>
         <value>0x5325</value>
         <object_component_ref idref="oc-205"/>
      </symbol>
      <symbol id="sm-41b">
         <name>DL_Timer_setCaptureCompareOutCtl</name>
         <value>0x5621</value>
         <object_component_ref idref="oc-204"/>
      </symbol>
      <symbol id="sm-41c">
         <name>DL_Timer_initFourCCPWMMode</name>
         <value>0x2291</value>
         <object_component_ref idref="oc-202"/>
      </symbol>
      <symbol id="sm-42f">
         <name>DL_UART_init</name>
         <value>0x44ad</value>
         <object_component_ref idref="oc-226"/>
      </symbol>
      <symbol id="sm-430">
         <name>DL_UART_setClockConfig</name>
         <value>0x5945</value>
         <object_component_ref idref="oc-225"/>
      </symbol>
      <symbol id="sm-431">
         <name>DL_UART_transmitDataBlocking</name>
         <value>0x511d</value>
         <object_component_ref idref="oc-23f"/>
      </symbol>
      <symbol id="sm-432">
         <name>DL_UART_drainRXFIFO</name>
         <value>0x414d</value>
         <object_component_ref idref="oc-8b"/>
      </symbol>
      <symbol id="sm-440">
         <name>DL_SYSCTL_configSYSPLL</name>
         <value>0x282d</value>
         <object_component_ref idref="oc-1f8"/>
      </symbol>
      <symbol id="sm-441">
         <name>DL_SYSCTL_switchMCLKfromSYSOSCtoHSCLK</name>
         <value>0x453d</value>
         <object_component_ref idref="oc-1ff"/>
      </symbol>
      <symbol id="sm-452">
         <name>snprintf</name>
         <value>0x43cd</value>
         <object_component_ref idref="oc-2d8"/>
      </symbol>
      <symbol id="sm-463">
         <name>sprintf</name>
         <value>0x49d1</value>
         <object_component_ref idref="oc-11c"/>
      </symbol>
      <symbol id="sm-46e">
         <name>_c_int00_noargs</name>
         <value>0x4f65</value>
         <object_component_ref idref="oc-60"/>
      </symbol>
      <symbol id="sm-46f">
         <name>__stack</name>
         <value>0x20207e00</value>
         <object_component_ref idref="oc-1a"/>
      </symbol>
      <symbol id="sm-47e">
         <name>__TI_auto_init_nobinit_nopinit</name>
         <value>0x48e5</value>
         <object_component_ref idref="oc-141"/>
      </symbol>
      <symbol id="sm-486">
         <name>_system_pre_init</name>
         <value>0x5a7d</value>
         <object_component_ref idref="oc-aa"/>
      </symbol>
      <symbol id="sm-491">
         <name>__TI_zero_init_nomemset</name>
         <value>0x57dd</value>
         <object_component_ref idref="oc-57"/>
      </symbol>
      <symbol id="sm-49a">
         <name>__TI_decompress_none</name>
         <value>0x5969</value>
         <object_component_ref idref="oc-20"/>
      </symbol>
      <symbol id="sm-4a5">
         <name>__TI_decompress_lzss</name>
         <value>0x36bd</value>
         <object_component_ref idref="oc-1c"/>
      </symbol>
      <symbol id="sm-4ee">
         <name>__TI_printfi</name>
         <value>0xc1</value>
         <object_component_ref idref="oc-266"/>
      </symbol>
      <symbol id="sm-4f8">
         <name>frexp</name>
         <value>0x3e85</value>
         <object_component_ref idref="oc-2f7"/>
      </symbol>
      <symbol id="sm-4f9">
         <name>frexpl</name>
         <value>0x3e85</value>
         <object_component_ref idref="oc-2f7"/>
      </symbol>
      <symbol id="sm-503">
         <name>scalbn</name>
         <value>0x2909</value>
         <object_component_ref idref="oc-2fb"/>
      </symbol>
      <symbol id="sm-504">
         <name>ldexp</name>
         <value>0x2909</value>
         <object_component_ref idref="oc-2fb"/>
      </symbol>
      <symbol id="sm-505">
         <name>scalbnl</name>
         <value>0x2909</value>
         <object_component_ref idref="oc-2fb"/>
      </symbol>
      <symbol id="sm-506">
         <name>ldexpl</name>
         <value>0x2909</value>
         <object_component_ref idref="oc-2fb"/>
      </symbol>
      <symbol id="sm-50f">
         <name>wcslen</name>
         <value>0x59bd</value>
         <object_component_ref idref="oc-2ae"/>
      </symbol>
      <symbol id="sm-51a">
         <name>__aeabi_errno_addr</name>
         <value>0x5a4d</value>
         <object_component_ref idref="oc-2b2"/>
      </symbol>
      <symbol id="sm-51b">
         <name>__aeabi_errno</name>
         <value>0x20201fc8</value>
         <object_component_ref idref="oc-2ed"/>
      </symbol>
      <symbol id="sm-525">
         <name>abort</name>
         <value>0x5a5d</value>
         <object_component_ref idref="oc-13a"/>
      </symbol>
      <symbol id="sm-52f">
         <name>__TI_ltoa</name>
         <value>0x3f95</value>
         <object_component_ref idref="oc-2ff"/>
      </symbol>
      <symbol id="sm-53b">
         <name>atoi</name>
         <value>0x4685</value>
         <object_component_ref idref="oc-2aa"/>
      </symbol>
      <symbol id="sm-545">
         <name>memccpy</name>
         <value>0x50b9</value>
         <object_component_ref idref="oc-2a3"/>
      </symbol>
      <symbol id="sm-54b">
         <name>__aeabi_ctype_table_</name>
         <value>0x62a0</value>
         <object_component_ref idref="oc-2e6"/>
      </symbol>
      <symbol id="sm-54c">
         <name>__aeabi_ctype_table_C</name>
         <value>0x62a0</value>
         <object_component_ref idref="oc-2e6"/>
      </symbol>
      <symbol id="sm-557">
         <name>HOSTexit</name>
         <value>0x5a63</value>
         <object_component_ref idref="oc-1c6"/>
      </symbol>
      <symbol id="sm-558">
         <name>C$$EXIT</name>
         <value>0x5a62</value>
         <object_component_ref idref="oc-1c6"/>
      </symbol>
      <symbol id="sm-56d">
         <name>__aeabi_fadd</name>
         <value>0x29eb</value>
         <object_component_ref idref="oc-d7"/>
      </symbol>
      <symbol id="sm-56e">
         <name>__addsf3</name>
         <value>0x29eb</value>
         <object_component_ref idref="oc-d7"/>
      </symbol>
      <symbol id="sm-56f">
         <name>__aeabi_fsub</name>
         <value>0x29e1</value>
         <object_component_ref idref="oc-d7"/>
      </symbol>
      <symbol id="sm-570">
         <name>__subsf3</name>
         <value>0x29e1</value>
         <object_component_ref idref="oc-d7"/>
      </symbol>
      <symbol id="sm-576">
         <name>__aeabi_dadd</name>
         <value>0x17eb</value>
         <object_component_ref idref="oc-310"/>
      </symbol>
      <symbol id="sm-577">
         <name>__adddf3</name>
         <value>0x17eb</value>
         <object_component_ref idref="oc-310"/>
      </symbol>
      <symbol id="sm-578">
         <name>__aeabi_dsub</name>
         <value>0x17e1</value>
         <object_component_ref idref="oc-310"/>
      </symbol>
      <symbol id="sm-579">
         <name>__subdf3</name>
         <value>0x17e1</value>
         <object_component_ref idref="oc-310"/>
      </symbol>
      <symbol id="sm-582">
         <name>__aeabi_dmul</name>
         <value>0x2665</value>
         <object_component_ref idref="oc-87"/>
      </symbol>
      <symbol id="sm-583">
         <name>__muldf3</name>
         <value>0x2665</value>
         <object_component_ref idref="oc-87"/>
      </symbol>
      <symbol id="sm-589">
         <name>__muldsi3</name>
         <value>0x495d</value>
         <object_component_ref idref="oc-c6"/>
      </symbol>
      <symbol id="sm-58f">
         <name>__aeabi_fmul</name>
         <value>0x3429</value>
         <object_component_ref idref="oc-162"/>
      </symbol>
      <symbol id="sm-590">
         <name>__mulsf3</name>
         <value>0x3429</value>
         <object_component_ref idref="oc-162"/>
      </symbol>
      <symbol id="sm-596">
         <name>__aeabi_ddiv</name>
         <value>0x2185</value>
         <object_component_ref idref="oc-7b"/>
      </symbol>
      <symbol id="sm-597">
         <name>__divdf3</name>
         <value>0x2185</value>
         <object_component_ref idref="oc-7b"/>
      </symbol>
      <symbol id="sm-59d">
         <name>__aeabi_f2d</name>
         <value>0x4645</value>
         <object_component_ref idref="oc-122"/>
      </symbol>
      <symbol id="sm-59e">
         <name>__extendsfdf2</name>
         <value>0x4645</value>
         <object_component_ref idref="oc-122"/>
      </symbol>
      <symbol id="sm-5a4">
         <name>__aeabi_d2iz</name>
         <value>0x4419</value>
         <object_component_ref idref="oc-7f"/>
      </symbol>
      <symbol id="sm-5a5">
         <name>__fixdfsi</name>
         <value>0x4419</value>
         <object_component_ref idref="oc-7f"/>
      </symbol>
      <symbol id="sm-5ab">
         <name>__aeabi_f2iz</name>
         <value>0x4999</value>
         <object_component_ref idref="oc-ea"/>
      </symbol>
      <symbol id="sm-5ac">
         <name>__fixsfsi</name>
         <value>0x4999</value>
         <object_component_ref idref="oc-ea"/>
      </symbol>
      <symbol id="sm-5b2">
         <name>__aeabi_i2d</name>
         <value>0x4d7d</value>
         <object_component_ref idref="oc-77"/>
      </symbol>
      <symbol id="sm-5b3">
         <name>__floatsidf</name>
         <value>0x4d7d</value>
         <object_component_ref idref="oc-77"/>
      </symbol>
      <symbol id="sm-5b9">
         <name>__aeabi_i2f</name>
         <value>0x486d</value>
         <object_component_ref idref="oc-2ca"/>
      </symbol>
      <symbol id="sm-5ba">
         <name>__floatsisf</name>
         <value>0x486d</value>
         <object_component_ref idref="oc-2ca"/>
      </symbol>
      <symbol id="sm-5c0">
         <name>__aeabi_lmul</name>
         <value>0x5095</value>
         <object_component_ref idref="oc-2b7"/>
      </symbol>
      <symbol id="sm-5c1">
         <name>__muldi3</name>
         <value>0x5095</value>
         <object_component_ref idref="oc-2b7"/>
      </symbol>
      <symbol id="sm-5c8">
         <name>__aeabi_d2f</name>
         <value>0x37b1</value>
         <object_component_ref idref="oc-83"/>
      </symbol>
      <symbol id="sm-5c9">
         <name>__truncdfsf2</name>
         <value>0x37b1</value>
         <object_component_ref idref="oc-83"/>
      </symbol>
      <symbol id="sm-5cf">
         <name>__aeabi_dcmpeq</name>
         <value>0x3c41</value>
         <object_component_ref idref="oc-2c1"/>
      </symbol>
      <symbol id="sm-5d0">
         <name>__aeabi_dcmplt</name>
         <value>0x3c55</value>
         <object_component_ref idref="oc-2c1"/>
      </symbol>
      <symbol id="sm-5d1">
         <name>__aeabi_dcmple</name>
         <value>0x3c69</value>
         <object_component_ref idref="oc-2c1"/>
      </symbol>
      <symbol id="sm-5d2">
         <name>__aeabi_dcmpge</name>
         <value>0x3c7d</value>
         <object_component_ref idref="oc-2c1"/>
      </symbol>
      <symbol id="sm-5d3">
         <name>__aeabi_dcmpgt</name>
         <value>0x3c91</value>
         <object_component_ref idref="oc-2c1"/>
      </symbol>
      <symbol id="sm-5d9">
         <name>__aeabi_fcmpeq</name>
         <value>0x3ca5</value>
         <object_component_ref idref="oc-db"/>
      </symbol>
      <symbol id="sm-5da">
         <name>__aeabi_fcmplt</name>
         <value>0x3cb9</value>
         <object_component_ref idref="oc-db"/>
      </symbol>
      <symbol id="sm-5db">
         <name>__aeabi_fcmple</name>
         <value>0x3ccd</value>
         <object_component_ref idref="oc-db"/>
      </symbol>
      <symbol id="sm-5dc">
         <name>__aeabi_fcmpge</name>
         <value>0x3ce1</value>
         <object_component_ref idref="oc-db"/>
      </symbol>
      <symbol id="sm-5dd">
         <name>__aeabi_fcmpgt</name>
         <value>0x3cf5</value>
         <object_component_ref idref="oc-db"/>
      </symbol>
      <symbol id="sm-5e3">
         <name>__aeabi_idiv</name>
         <value>0x40f5</value>
         <object_component_ref idref="oc-328"/>
      </symbol>
      <symbol id="sm-5e4">
         <name>__aeabi_idivmod</name>
         <value>0x40f5</value>
         <object_component_ref idref="oc-328"/>
      </symbol>
      <symbol id="sm-5ea">
         <name>__aeabi_memcpy</name>
         <value>0x5a55</value>
         <object_component_ref idref="oc-50"/>
      </symbol>
      <symbol id="sm-5eb">
         <name>__aeabi_memcpy4</name>
         <value>0x5a55</value>
         <object_component_ref idref="oc-50"/>
      </symbol>
      <symbol id="sm-5ec">
         <name>__aeabi_memcpy8</name>
         <value>0x5a55</value>
         <object_component_ref idref="oc-50"/>
      </symbol>
      <symbol id="sm-5f3">
         <name>__aeabi_memset</name>
         <value>0x59cd</value>
         <object_component_ref idref="oc-2a2"/>
      </symbol>
      <symbol id="sm-5f4">
         <name>__aeabi_memset4</name>
         <value>0x59cd</value>
         <object_component_ref idref="oc-2a2"/>
      </symbol>
      <symbol id="sm-5f5">
         <name>__aeabi_memset8</name>
         <value>0x59cd</value>
         <object_component_ref idref="oc-2a2"/>
      </symbol>
      <symbol id="sm-5fb">
         <name>__aeabi_uidiv</name>
         <value>0x4605</value>
         <object_component_ref idref="oc-1a1"/>
      </symbol>
      <symbol id="sm-5fc">
         <name>__aeabi_uidivmod</name>
         <value>0x4605</value>
         <object_component_ref idref="oc-1a1"/>
      </symbol>
      <symbol id="sm-602">
         <name>__aeabi_uldivmod</name>
         <value>0x58e5</value>
         <object_component_ref idref="oc-2bc"/>
      </symbol>
      <symbol id="sm-60b">
         <name>__eqsf2</name>
         <value>0x4921</value>
         <object_component_ref idref="oc-155"/>
      </symbol>
      <symbol id="sm-60c">
         <name>__lesf2</name>
         <value>0x4921</value>
         <object_component_ref idref="oc-155"/>
      </symbol>
      <symbol id="sm-60d">
         <name>__ltsf2</name>
         <value>0x4921</value>
         <object_component_ref idref="oc-155"/>
      </symbol>
      <symbol id="sm-60e">
         <name>__nesf2</name>
         <value>0x4921</value>
         <object_component_ref idref="oc-155"/>
      </symbol>
      <symbol id="sm-60f">
         <name>__cmpsf2</name>
         <value>0x4921</value>
         <object_component_ref idref="oc-155"/>
      </symbol>
      <symbol id="sm-610">
         <name>__gtsf2</name>
         <value>0x48a9</value>
         <object_component_ref idref="oc-15a"/>
      </symbol>
      <symbol id="sm-611">
         <name>__gesf2</name>
         <value>0x48a9</value>
         <object_component_ref idref="oc-15a"/>
      </symbol>
      <symbol id="sm-617">
         <name>__udivmoddi4</name>
         <value>0x3001</value>
         <object_component_ref idref="oc-2f2"/>
      </symbol>
      <symbol id="sm-61d">
         <name>__aeabi_llsl</name>
         <value>0x5179</value>
         <object_component_ref idref="oc-31d"/>
      </symbol>
      <symbol id="sm-61e">
         <name>__ashldi3</name>
         <value>0x5179</value>
         <object_component_ref idref="oc-31d"/>
      </symbol>
      <symbol id="sm-62c">
         <name>__ledf2</name>
         <value>0x3aa9</value>
         <object_component_ref idref="oc-308"/>
      </symbol>
      <symbol id="sm-62d">
         <name>__gedf2</name>
         <value>0x3739</value>
         <object_component_ref idref="oc-30e"/>
      </symbol>
      <symbol id="sm-62e">
         <name>__cmpdf2</name>
         <value>0x3aa9</value>
         <object_component_ref idref="oc-308"/>
      </symbol>
      <symbol id="sm-62f">
         <name>__eqdf2</name>
         <value>0x3aa9</value>
         <object_component_ref idref="oc-308"/>
      </symbol>
      <symbol id="sm-630">
         <name>__ltdf2</name>
         <value>0x3aa9</value>
         <object_component_ref idref="oc-308"/>
      </symbol>
      <symbol id="sm-631">
         <name>__nedf2</name>
         <value>0x3aa9</value>
         <object_component_ref idref="oc-308"/>
      </symbol>
      <symbol id="sm-632">
         <name>__gtdf2</name>
         <value>0x3739</value>
         <object_component_ref idref="oc-30e"/>
      </symbol>
      <symbol id="sm-63e">
         <name>__aeabi_idiv0</name>
         <value>0x2b8f</value>
         <object_component_ref idref="oc-242"/>
      </symbol>
      <symbol id="sm-63f">
         <name>__aeabi_ldiv0</name>
         <value>0x30a3</value>
         <object_component_ref idref="oc-31c"/>
      </symbol>
      <symbol id="sm-649">
         <name>TI_memcpy_small</name>
         <value>0x5957</value>
         <object_component_ref idref="oc-f2"/>
      </symbol>
      <symbol id="sm-652">
         <name>TI_memset_small</name>
         <value>0x59e9</value>
         <object_component_ref idref="oc-16f"/>
      </symbol>
      <symbol id="sm-653">
         <name>__TI_static_base__</name>
         <value>0x0</value>
      </symbol>
      <symbol id="sm-657">
         <name>__mpu_init</name>
         <value>0x0</value>
      </symbol>
      <symbol id="sm-658">
         <name>_system_post_cinit</name>
         <value>0x0</value>
      </symbol>
   </symbol_table>
   <title>Link successful</title>
</link_info>
