******************************************************************************
            TI ARM Clang Linker PC v4.0.3                      
******************************************************************************
>> Linked Wed Jul  8 15:24:28 2026

OUTPUT FILE NAME:   <BalanceCarNew.out>
ENTRY POINT SYMBOL: "_c_int00_noargs"  address: 00003afd


MEMORY CONFIGURATION

         name            origin    length      used     unused   attr    fill
----------------------  --------  ---------  --------  --------  ----  --------
  FLASH                 00000000   00020000  00004d48  0001b2b8  R  X
  SRAM                  20200000   00008000  0000241c  00005be4  RW X
  BCR_CONFIG            41c00000   000000ff  00000000  000000ff  R   
  BSL_CONFIG            41c00100   00000080  00000000  00000080  R   


SEGMENT ALLOCATION MAP

run origin  load origin   length   init length attrs members
----------  ----------- ---------- ----------- ----- -------
00000000    00000000    00004d48   00004d48    r-x
  00000000    00000000    000000c0   000000c0    r-- .intvecs
  000000c0    000000c0    000041d0   000041d0    r-x .text
  00004290    00004290    00000a70   00000a70    r-- .rodata
  00004d00    00004d00    00000048   00000048    r-- .cinit
20200000    20200000    0000221c   00000000    rw-
  20200000    20200000    00001f70   00000000    rw- .data
  20201f70    20201f70    000002ac   00000000    rw- .bss
20207e00    20207e00    00000200   00000000    rw-
  20207e00    20207e00    00000200   00000000    rw- .stack


SECTION ALLOCATION MAP

 output                                  attributes/
section   page    origin      length       input sections
--------  ----  ----------  ----------   ----------------
.intvecs   0    00000000    000000c0     
                  00000000    000000c0     startup_mspm0g350x_ticlang.o (.intvecs)

.text      0    000000c0    000041d0     
                  000000c0    000009d0     libc.a : _printfi.c.obj (.text:__TI_printfi)
                  00000a90    00000368     interrupt.o (.text.UART0_IRQHandler)
                  00000df8    00000220     libc.a : _printfi.c.obj (.text._pconv_a)
                  00001018    00000200     ti_msp_dl_config.o (.text.SYSCFG_DL_GPIO_init)
                  00001218    000001dc     libc.a : _printfi.c.obj (.text._pconv_g)
                  000013f4    00000192     libclang_rt.builtins.a : adddf3.S.obj (.text.adddf3_subdf3)
                  00001586    00000002     ultrasonic_gpio.o (.text.Ultrasonic_Init)
                  00001588    00000144     assignment.o (.text.AssignmentChoose)
                  000016cc    0000013c     libc.a : _printfi.c.obj (.text.fcvt)
                  00001808    00000120            : _printfi.c.obj (.text._pconv_e)
                  00001928    00000118     oled_software_i2c.o (.text.OLED_ShowChar)
                  00001a40    00000110     move.o (.text.balance_stand)
                  00001b50    0000010c     libclang_rt.builtins.a : divdf3.S.obj (.text.__divdf3)
                  00001c5c    00000104     driverlib.a : dl_timer.o (.text.DL_Timer_initFourCCPWMMode)
                  00001d60    000000fa     oled_software_i2c.o (.text.OLED_Init)
                  00001e5a    00000002     libclang_rt.builtins.a : aeabi_div0.c.obj (.text.__aeabi_idiv0)
                  00001e5c    000000f4     main.o (.text.main)
                  00001f50    000000e8     driverlib.a : dl_timer.o (.text.DL_Timer_initTimerMode)
                  00002038    000000e4     libclang_rt.builtins.a : muldf3.S.obj (.text.__muldf3)
                  0000211c    000000dc     driverlib.a : dl_sysctl_mspm0g1x0x_g3x0x.o (.text.DL_SYSCTL_configSYSPLL)
                  000021f8    000000d8     libc.a : s_scalbn.c.obj (.text.scalbn)
                  000022d0    000000d8     libclang_rt.builtins.a : addsf3.S.obj (.text)
                  000023a8    000000c4     speed.o (.text.SpeedRead)
                  0000246c    000000b0     ti_msp_dl_config.o (.text.SYSCFG_DL_initPower)
                  0000251c    000000a2     libclang_rt.builtins.a : udivmoddi4.S.obj (.text)
                  000025be    00000002                            : aeabi_div0.c.obj (.text.__aeabi_ldiv0)
                  000025c0    0000009c     interrupt.o (.text.GROUP1_IRQHandler)
                  0000265c    00000090     ti_msp_dl_config.o (.text.SYSCFG_DL_PWM_0_init)
                  000026ec    00000090     ti_msp_dl_config.o (.text.SYSCFG_DL_PWM_SERVO_init)
                  0000277c    0000008c     libclang_rt.builtins.a : mulsf3.S.obj (.text.__mulsf3)
                  00002808    00000084     Motor.o (.text.Left_Control)
                  0000288c    00000084     clock.o (.text.__NVIC_SetPriority)
                  00002910    00000080     bluetooth.o (.text.Bluetooth_SendString)
                  00002990    00000080     Motor.o (.text.Right_Control)
                  00002a10    0000007c     oled_software_i2c.o (.text.Send_Byte)
                  00002a8c    0000007c     libc.a : copy_decompress_lzss.c.obj (.text:decompress:lzss)
                  00002b08    00000074     libclang_rt.builtins.a : comparedf2.c.obj (.text.__gedf2)
                  00002b7c    00000004     startup_mspm0g350x_ticlang.o (.text.Default_Handler)
                  00002b80    00000074     libclang_rt.builtins.a : truncdfsf2.S.obj (.text.__truncdfsf2)
                  00002bf4    00000070     oled_software_i2c.o (.text.OLED_ShowString)
                  00002c64    0000006a     oled_software_i2c.o (.text.OLED_Clear)
                  00002cce    00000002     --HOLE-- [fill = 0]
                  00002cd0    00000068     ti_msp_dl_config.o (.text.SYSCFG_DL_PWM_ULTRASONIC_init)
                  00002d38    00000068     ti_msp_dl_config.o (.text.SYSCFG_DL_UART_WIT_init)
                  00002da0    00000068     libclang_rt.builtins.a : comparedf2.c.obj (.text.__ledf2)
                  00002e08    00000066     libc.a : _printfi.c.obj (.text._mcpy)
                  00002e6e    00000002     --HOLE-- [fill = 0]
                  00002e70    00000064     assignment.o (.text.LightAndSound)
                  00002ed4    00000062     libclang_rt.builtins.a : aeabi_dcmp.S.obj (.text.__aeabi_dcmp)
                  00002f36    00000002     --HOLE-- [fill = 0]
                  00002f38    00000062                            : aeabi_fcmp.S.obj (.text.__aeabi_fcmp)
                  00002f9a    00000002     --HOLE-- [fill = 0]
                  00002f9c    0000005c     libc.a : s_frexp.c.obj (.text.frexp)
                  00002ff8    00000058            : _ltoa.c.obj (.text.__TI_ltoa)
                  00003050    00000058            : _printfi.c.obj (.text._pconv_f)
                  000030a8    00000056     libclang_rt.builtins.a : aeabi_idivmod.S.obj (.text.__aeabi_idivmod)
                  000030fe    00000002     --HOLE-- [fill = 0]
                  00003100    00000054     driverlib.a : dl_uart.o (.text.DL_UART_drainRXFIFO)
                  00003154    00000052     libc.a : _printfi.c.obj (.text._ecpy)
                  000031a6    00000002     --HOLE-- [fill = 0]
                  000031a8    00000050     ti_msp_dl_config.o (.text.SYSCFG_DL_init)
                  000031f8    00000050     clock.o (.text.SysTick_Config)
                  00003248    0000004e     oled_software_i2c.o (.text.OLED_WR_Byte)
                  00003296    00000002     --HOLE-- [fill = 0]
                  00003298    0000004c     driverlib.a : dl_dma.o (.text.DL_DMA_initChannel)
                  000032e4    0000004c     ti_msp_dl_config.o (.text.DL_UART_setBaudRateDivisor)
                  00003330    0000004a     libclang_rt.builtins.a : fixdfsi.S.obj (.text.__fixdfsi)
                  0000337a    00000002     --HOLE-- [fill = 0]
                  0000337c    00000048     driverlib.a : dl_uart.o (.text.DL_UART_init)
                  000033c4    00000044                 : dl_sysctl_mspm0g1x0x_g3x0x.o (.text.DL_SYSCTL_switchMCLKfromSYSOSCtoHSCLK)
                  00003408    00000044     wit.o (.text.WIT_Init)
                  0000344c    00000040     ti_msp_dl_config.o (.text.SYSCFG_DL_UART_BT_init)
                  0000348c    00000040     libclang_rt.builtins.a : aeabi_uidivmod.S.obj (.text.__aeabi_uidivmod)
                  000034cc    00000040                            : extendsfdf2.S.obj (.text.__extendsfdf2)
                  0000350c    00000040     libc.a : atoi.c.obj (.text.atoi)
                  0000354c    0000003c     ti_msp_dl_config.o (.text.DL_Timer_setCounterControl)
                  00003588    0000003c     oled_software_i2c.o (.text.OLED_Set_Pos)
                  000035c4    0000003c     ti_msp_dl_config.o (.text.SYSCFG_DL_SYSCTL_init)
                  00003600    0000003c     libclang_rt.builtins.a : comparesf2.S.obj (.text.__gtsf2)
                  0000363c    0000003c     libc.a : autoinit.c.obj (.text:__TI_auto_init_nobinit_nopinit)
                  00003678    0000003a     libclang_rt.builtins.a : comparesf2.S.obj (.text.__eqsf2)
                  000036b2    00000002     --HOLE-- [fill = 0]
                  000036b4    0000003a                            : muldsi3.S.obj (.text.__muldsi3)
                  000036ee    00000002     --HOLE-- [fill = 0]
                  000036f0    00000038     oled_software_i2c.o (.text.I2C_Start)
                  00003728    00000038     libclang_rt.builtins.a : fixsfsi.S.obj (.text.__fixsfsi)
                  00003760    00000038     libc.a : sprintf.c.obj (.text.sprintf)
                  00003798    00000034     ti_msp_dl_config.o (.text.DL_GPIO_initDigitalInputFeatures)
                  000037cc    00000034     ti_msp_dl_config.o (.text.SYSCFG_DL_TIMER_0_init)
                  00003800    00000034     Motor.o (.text.TB6612_Motor_Stop)
                  00003834    00000030     interrupt.o (.text.DL_DMA_setTransferSize)
                  00003864    00000030     wit.o (.text.DL_DMA_setTransferSize)
                  00003894    00000030     ti_msp_dl_config.o (.text.DL_GPIO_initDigitalOutputFeatures)
                  000038c4    00000030     oled_software_i2c.o (.text.I2C_Stop)
                  000038f4    00000030     oled_software_i2c.o (.text.I2C_WaitAck)
                  00003924    00000030     libc.a : _printfi.c.obj (.text._fcpy)
                  00003954    00000030     clock.o (.text.mspm0_delay_ms)
                  00003984    0000002c     ti_msp_dl_config.o (.text.SYSCFG_DL_TIMER_ULTRASONIC_init)
                  000039b0    0000002c     speed.o (.text.__NVIC_EnableIRQ)
                  000039dc    0000002c     wit.o (.text.__NVIC_EnableIRQ)
                  00003a08    0000002c     libclang_rt.builtins.a : floatsidf.S.obj (.text.__floatsidf)
                  00003a34    00000028     ti_msp_dl_config.o (.text.DL_Common_updateReg)
                  00003a5c    00000028     interrupt.o (.text.DL_DMA_setDestAddr)
                  00003a84    00000028     wit.o (.text.DL_DMA_setDestAddr)
                  00003aac    00000028     wit.o (.text.DL_DMA_setSrcAddr)
                  00003ad4    00000028     ti_msp_dl_config.o (.text.DL_UART_setRXFIFOThreshold)
                  00003afc    00000028     libc.a : boot_cortex_m.c.obj (.text:_c_int00_noargs)
                  00003b24    00000026     interrupt.o (.text.DL_DMA_disableChannel)
                  00003b4a    00000026     interrupt.o (.text.DL_DMA_enableChannel)
                  00003b70    00000026     wit.o (.text.DL_DMA_enableChannel)
                  00003b96    00000002     --HOLE-- [fill = 0]
                  00003b98    00000024     interrupt.o (.text.DL_DMA_getTransferSize)
                  00003bbc    00000024     ti_msp_dl_config.o (.text.DL_UART_setRXInterruptTimeout)
                  00003be0    00000024     libclang_rt.builtins.a : muldi3.S.obj (.text.__muldi3)
                  00003c04    00000022     libc.a : memccpy.c.obj (.text.memccpy)
                  00003c26    00000002     --HOLE-- [fill = 0]
                  00003c28    00000020     ti_msp_dl_config.o (.text.DL_GPIO_initPeripheralInputFunction)
                  00003c48    00000020     ti_msp_dl_config.o (.text.DL_SYSCTL_setFlashWaitState)
                  00003c68    00000020     driverlib.a : dl_uart.o (.text.DL_UART_transmitDataBlocking)
                  00003c88    0000001e     ti_msp_dl_config.o (.text.DL_UART_setOversampling)
                  00003ca6    00000002     --HOLE-- [fill = 0]
                  00003ca8    0000001e     libclang_rt.builtins.a : ashldi3.S.obj (.text.__ashldi3)
                  00003cc6    00000002     --HOLE-- [fill = 0]
                  00003cc8    0000001c     interrupt.o (.text.DL_GPIO_clearInterruptStatus)
                  00003ce4    0000001c     ti_msp_dl_config.o (.text.DL_GPIO_clearInterruptStatus)
                  00003d00    0000001c     ti_msp_dl_config.o (.text.DL_GPIO_enableInterrupt)
                  00003d1c    0000001c     ti_msp_dl_config.o (.text.DL_GPIO_initPeripheralOutputFunction)
                  00003d38    0000001c     ti_msp_dl_config.o (.text.DL_GPIO_setLowerPinsPolarity)
                  00003d54    0000001c     ti_msp_dl_config.o (.text.DL_SYSCTL_setSYSOSCFreq)
                  00003d70    0000001c     ti_msp_dl_config.o (.text.DL_SYSCTL_setULPCLKDivider)
                  00003d8c    0000001c     ti_msp_dl_config.o (.text.DL_Timer_enableInterrupt)
                  00003da8    0000001c     driverlib.a : dl_timer.o (.text.DL_Timer_setCaptCompUpdateMethod)
                  00003dc4    0000001c                 : dl_timer.o (.text.DL_Timer_setClockConfig)
                  00003de0    0000001c     ti_msp_dl_config.o (.text.DL_UART_enableInterrupt)
                  00003dfc    0000001c     speed.o (.text.Speed_Init)
                  00003e18    0000001c     interrupt.o (.text.TIMG0_IRQHandler)
                  00003e34    00000018     ti_msp_dl_config.o (.text.DL_GPIO_enableOutput)
                  00003e4c    00000018     ti_msp_dl_config.o (.text.DL_GPIO_enablePower)
                  00003e64    00000018     interrupt.o (.text.DL_GPIO_getEnabledInterruptStatus)
                  00003e7c    00000018     ti_msp_dl_config.o (.text.DL_GPIO_initDigitalOutput)
                  00003e94    00000018     ti_msp_dl_config.o (.text.DL_GPIO_reset)
                  00003eac    00000018     Motor.o (.text.DL_GPIO_setPins)
                  00003ec4    00000018     assignment.o (.text.DL_GPIO_setPins)
                  00003edc    00000018     oled_software_i2c.o (.text.DL_GPIO_setPins)
                  00003ef4    00000018     assignment.o (.text.DL_GPIO_togglePins)
                  00003f0c    00000018     ti_msp_dl_config.o (.text.DL_SYSCTL_setBORThreshold)
                  00003f24    00000018     ti_msp_dl_config.o (.text.DL_Timer_enablePower)
                  00003f3c    00000018     ti_msp_dl_config.o (.text.DL_Timer_reset)
                  00003f54    00000018     driverlib.a : dl_timer.o (.text.DL_Timer_setCaptureCompareOutCtl)
                  00003f6c    00000018     speed.o (.text.DL_Timer_startCounter)
                  00003f84    00000018     ti_msp_dl_config.o (.text.DL_UART_enableDMAReceiveEvent)
                  00003f9c    00000018     ti_msp_dl_config.o (.text.DL_UART_enableFIFOs)
                  00003fb4    00000018     ti_msp_dl_config.o (.text.DL_UART_enablePower)
                  00003fcc    00000018     interrupt.o (.text.DL_UART_isRXFIFOEmpty)
                  00003fe4    00000018     ti_msp_dl_config.o (.text.DL_UART_reset)
                  00003ffc    00000018     ti_msp_dl_config.o (.text.SYSCFG_DL_DMA_WIT_init)
                  00004014    00000018     clock.o (.text.SysTick_Init)
                  0000402c    00000018     libc.a : sprintf.c.obj (.text._outs)
                  00004044    00000016     interrupt.o (.text.DL_GPIO_readPins)
                  0000405a    00000016     assignment.o (.text.DL_GPIO_readPins)
                  00004070    00000016     ti_msp_dl_config.o (.text.DL_UART_enable)
                  00004086    00000016     libc.a : copy_zero_init.c.obj (.text:decompress:ZI:__TI_zero_init_nomemset)
                  0000409c    00000014     Motor.o (.text.DL_GPIO_clearPins)
                  000040b0    00000014     assignment.o (.text.DL_GPIO_clearPins)
                  000040c4    00000014     oled_software_i2c.o (.text.DL_GPIO_clearPins)
                  000040d8    00000014     ti_msp_dl_config.o (.text.DL_GPIO_clearPins)
                  000040ec    00000014     ti_msp_dl_config.o (.text.DL_SYSCTL_disableSYSPLL)
                  00004100    00000014     ti_msp_dl_config.o (.text.DL_Timer_enableClock)
                  00004114    00000014     ti_msp_dl_config.o (.text.DL_Timer_setCCPDirection)
                  00004128    00000014     interrupt.o (.text.DL_UART_receiveData)
                  0000413c    00000014     libclang_rt.builtins.a : aeabi_uldivmod.S.obj (.text.__aeabi_uldivmod)
                  00004150    00000014     libc.a : _printfi.c.obj (.text.strchr)
                  00004164    00000012     interrupt.o (.text.DL_Timer_getPendingInterrupt)
                  00004176    00000012     driverlib.a : dl_uart.o (.text.DL_UART_setClockConfig)
                  00004188    00000012     libc.a : memcpy16.S.obj (.text:TI_memcpy_small)
                  0000419a    00000012            : copy_decompress_none.c.obj (.text:decompress:none)
                  000041ac    00000010     ti_msp_dl_config.o (.text.DL_SYSCTL_disableHFXT)
                  000041bc    00000010     driverlib.a : dl_timer.o (.text.DL_Timer_setCaptureCompareValue)
                  000041cc    00000010     interrupt.o (.text.SysTick_Handler)
                  000041dc    00000010     oled_software_i2c.o (.text.delay_ms)
                  000041ec    00000010     libc.a : wcslen.c.obj (.text.wcslen)
                  000041fc    0000000e     libclang_rt.builtins.a : aeabi_memset.S.obj (.text.__aeabi_memset)
                  0000420a    0000000e     libc.a : _printfi.c.obj (.text.strlen)
                  00004218    0000000e            : memset16.S.obj (.text:TI_memset_small)
                  00004226    0000000a     driverlib.a : dl_common.o (.text.DL_Common_delayCycles)
                  00004230    0000000a     libc.a : _printfi.c.obj (.text.OUTLINED_FUNCTION_0)
                  0000423a    00000002     --HOLE-- [fill = 0]
                  0000423c    00000010     libclang_rt.builtins.a : adddf3.S.obj (.tramp.__aeabi_dsub.1)
                  0000424c    0000000a     libc.a : _printfi.c.obj (.text.OUTLINED_FUNCTION_1)
                  00004256    0000000a            : sprintf.c.obj (.text._outc)
                  00004260    00000008     ti_msp_dl_config.o (.text.SYSCFG_DL_DMA_init)
                  00004268    00000008     libc.a : aeabi_portable.c.obj (.text.__aeabi_errno_addr)
                  00004270    00000008     libclang_rt.builtins.a : aeabi_memcpy.S.obj (.text.__aeabi_memcpy)
                  00004278    00000006     libc.a : exit.c.obj (.text:abort)
                  0000427e    00000004     libsysbm.a : hostexit.c.obj (.text.HOSTexit)
                  00004282    00000004     startup_mspm0g350x_ticlang.o (.text.Reset_Handler)
                  00004286    00000004     libc.a : pre_init.c.obj (.text._system_pre_init)
                  0000428a    00000006     --HOLE-- [fill = 0]

.cinit     0    00004d00    00000048     
                  00004d00    0000001f     (.cinit..data.load) [load image, compression = lzss]
                  00004d1f    00000001     --HOLE-- [fill = 0]
                  00004d20    0000000c     (__TI_handler_table)
                  00004d2c    00000008     (.cinit..bss.load) [load image, compression = zero_init]
                  00004d34    00000010     (__TI_cinit_table)
                  00004d44    00000004     --HOLE-- [fill = 0]

.rodata    0    00004290    00000a70     
                  00004290    000005f0     oled_software_i2c.o (.rodata.asc2_1608)
                  00004880    00000228     oled_software_i2c.o (.rodata.asc2_0806)
                  00004aa8    00000008     ti_msp_dl_config.o (.rodata.gPWM_0Config)
                  00004ab0    00000101     libc.a : aeabi_ctype.S.obj (.rodata:__aeabi_ctype_table_)
                  00004bb1    00000003     ti_msp_dl_config.o (.rodata.gPWM_0ClockConfig)
                  00004bb4    00000028     ti_msp_dl_config.o (.rodata.gSYSPLLConfig)
                  00004bdc    0000001b     assignment.o (.rodata.str1.14642066418101282876.1)
                  00004bf7    00000001     --HOLE-- [fill = 0]
                  00004bf8    00000018     ti_msp_dl_config.o (.rodata.gDMA_WITConfig)
                  00004c10    00000014     ti_msp_dl_config.o (.rodata.gTIMER_0TimerConfig)
                  00004c24    00000014     ti_msp_dl_config.o (.rodata.gTIMER_ULTRASONICTimerConfig)
                  00004c38    00000011     libc.a : _printfi.c.obj (.rodata.str1.10348868589481759720.1)
                  00004c49    00000011            : _printfi.c.obj (.rodata.str1.15363888844622738466.1)
                  00004c5a    0000000c     assignment.o (.rodata.str1.881729555231519297.1)
                  00004c66    0000000a     ti_msp_dl_config.o (.rodata.gUART_BTConfig)
                  00004c70    0000000a     ti_msp_dl_config.o (.rodata.gUART_WITConfig)
                  00004c7a    0000000a     main.o (.rodata.str1.15159059442110792349.1)
                  00004c84    0000000a     main.o (.rodata.str1.8154729771448623357.1)
                  00004c8e    00000009     assignment.o (.rodata.str1.15410282566580952954.1)
                  00004c97    00000009     assignment.o (.rodata.str1.1628366750994360904.1)
                  00004ca0    00000009     assignment.o (.rodata.str1.6362292075570814757.1)
                  00004ca9    00000009     assignment.o (.rodata.str1.8372792836397371563.1)
                  00004cb2    00000002     ti_msp_dl_config.o (.rodata.gUART_BTClockConfig)
                  00004cb4    00000008     ti_msp_dl_config.o (.rodata.gPWM_SERVOConfig)
                  00004cbc    00000008     ti_msp_dl_config.o (.rodata.gPWM_ULTRASONICConfig)
                  00004cc4    00000008     main.o (.rodata.str1.18227636981041470289.1)
                  00004ccc    00000007     main.o (.rodata.str1.12180500075719773345.1)
                  00004cd3    00000007     assignment.o (.rodata.str1.12916219474257230738.1)
                  00004cda    00000005     main.o (.rodata.str1.17100691992556644108.1)
                  00004cdf    00000003     ti_msp_dl_config.o (.rodata.gPWM_SERVOClockConfig)
                  00004ce2    00000003     ti_msp_dl_config.o (.rodata.gPWM_ULTRASONICClockConfig)
                  00004ce5    00000003     ti_msp_dl_config.o (.rodata.gTIMER_0ClockConfig)
                  00004ce8    00000003     ti_msp_dl_config.o (.rodata.gTIMER_ULTRASONICClockConfig)
                  00004ceb    00000003     main.o (.rodata.str1.2846389346932560359.1)
                  00004cee    00000003     assignment.o (.rodata.str1.5388786565809706530.1)
                  00004cf1    00000002     ti_msp_dl_config.o (.rodata.gUART_WITClockConfig)
                  00004cf3    0000000d     --HOLE-- [fill = 0]

.init_array 
*          0    00000000    00000000     UNINITIALIZED

.binit     0    00000000    00000000     

.data      0    20200000    00001f70     UNINITIALIZED
                  20200000    00000fa0     speed.o (.data.SpeLeft)
                  20200fa0    00000fa0     speed.o (.data.SpeRight)
                  20201f40    00000010     assignment.o (.data.shapeStrings)
                  20201f50    00000004     speed.o (.data.Left_count)
                  20201f54    00000004     speed.o (.data.Right_count)
                  20201f58    00000004     libc.a : aeabi_portable.c.obj (.data.__aeabi_errno)
                  20201f5c    00000004     move.o (.data.balance_stand.last_roll_error)
                  20201f60    00000004     speed.o (.data.l)
                  20201f64    00000004     speed.o (.data.r)
                  20201f68    00000004     move.o (.data.target_roll)
                  20201f6c    00000001     assignment.o (.data.assignmentFlag)
                  20201f6d    00000001     assignment.o (.data.shapeFlag)
                  20201f6e    00000001     turn.o (.data.turnCompleted)
                  20201f6f    00000001     turn.o (.data.turnFlag)

.bss       0    20201f70    000002ac     UNINITIALIZED
                  20201f70    000000bc     (.common:gPWM_0Backup)
                  2020202c    000000bc     (.common:gTIMER_ULTRASONICBackup)
                  202020e8    000000a0     (.common:gPWM_SERVOBackup)
                  20202188    00000040     (.common:oled_buffer)
                  202021c8    00000021     (.common:wit_dmaBuffer)
                  202021e9    00000003     --HOLE--
                  202021ec    00000020     (.common:wit_data)
                  2020220c    00000004     speed.o (.bss.SpeedRead.Last_Left_count)
                  20202210    00000004     speed.o (.bss.SpeedRead.Last_Right_count)
                  20202214    00000004     (.common:start_time)
                  20202218    00000004     (.common:tick_ms)

.stack     0    20207e00    00000200     UNINITIALIZED
                  20207e00    00000004     libc.a : boot_cortex_m.c.obj (.stack)
                  20207e04    000001fc     --HOLE--

__llvm_prf_cnts 
*          0    20200000    00000000     UNINITIALIZED

__llvm_prf_bits 
*          0    20200000    00000000     UNINITIALIZED

MODULE SUMMARY

       Module                         code    ro data   rw data
       ------                         ----    -------   -------
    .\
       ti_msp_dl_config.o             2568    167       536    
       main.o                         244     43        64     
       startup_mspm0g350x_ticlang.o   8       192       0      
    +--+------------------------------+-------+---------+---------+
       Total:                         2820    402       600    
                                                               
    .\AssignmentChoose\
       assignment.o                   514     85        18     
    +--+------------------------------+-------+---------+---------+
       Total:                         514     85        18     
                                                               
    .\Drivers\Bluetooth\
       bluetooth.o                    128     0         0      
    +--+------------------------------+-------+---------+---------+
       Total:                         128     0         0      
                                                               
    .\Drivers\MSPM0\
       interrupt.o                    1132    0         0      
       clock.o                        284     0         8      
    +--+------------------------------+-------+---------+---------+
       Total:                         1416    0         8      
                                                               
    .\Drivers\Motor\
       Motor.o                        356     0         0      
    +--+------------------------------+-------+---------+---------+
       Total:                         356     0         0      
                                                               
    .\Drivers\OLED_Software_I2C\
       oled_software_i2c.o            1222    2072      0      
    +--+------------------------------+-------+---------+---------+
       Total:                         1222    2072      0      
                                                               
    .\Drivers\Ultrasonic_GPIO\
       ultrasonic_gpio.o              2       0         0      
    +--+------------------------------+-------+---------+---------+
       Total:                         2       0         0      
                                                               
    .\Drivers\WIT\
       wit.o                          278     0         65     
    +--+------------------------------+-------+---------+---------+
       Total:                         278     0         65     
                                                               
    .\INTERRUPT\
       interrupt.o                    276     0         0      
    +--+------------------------------+-------+---------+---------+
       Total:                         276     0         0      
                                                               
    .\Move\
       move.o                         272     0         8      
    +--+------------------------------+-------+---------+---------+
       Total:                         272     0         8      
                                                               
    .\SPEED\
       speed.o                        292     0         8024   
    +--+------------------------------+-------+---------+---------+
       Total:                         292     0         8024   
                                                               
    .\TURN\
       turn.o                         0       0         2      
    +--+------------------------------+-------+---------+---------+
       Total:                         0       0         2      
                                                               
    F:/TI/mspm0_sdk_2_05_00_05/source/ti/driverlib/lib/ticlang/m0p/mspm0g1x0x_g3x0x/driverlib.a
       dl_timer.o                     588     0         0      
       dl_sysctl_mspm0g1x0x_g3x0x.o   288     0         0      
       dl_uart.o                      206     0         0      
       dl_dma.o                       76      0         0      
       dl_common.o                    10      0         0      
    +--+------------------------------+-------+---------+---------+
       Total:                         1168    0         0      
                                                               
    F:\TI\ccs\tools\compiler\ti-cgt-armllvm_4.0.3.LTS\lib\armv6m-ti-none-eabi/c/libc.a
       _printfi.c.obj                 4510    34        0      
       aeabi_ctype.S.obj              0       257       0      
       s_scalbn.c.obj                 216     0         0      
       copy_decompress_lzss.c.obj     124     0         0      
       s_frexp.c.obj                  92      0         0      
       sprintf.c.obj                  90      0         0      
       _ltoa.c.obj                    88      0         0      
       atoi.c.obj                     64      0         0      
       autoinit.c.obj                 60      0         0      
       boot_cortex_m.c.obj            40      0         0      
       memccpy.c.obj                  34      0         0      
       copy_zero_init.c.obj           22      0         0      
       copy_decompress_none.c.obj     18      0         0      
       memcpy16.S.obj                 18      0         0      
       wcslen.c.obj                   16      0         0      
       memset16.S.obj                 14      0         0      
       aeabi_portable.c.obj           8       0         4      
       exit.c.obj                     6       0         0      
       pre_init.c.obj                 4       0         0      
    +--+------------------------------+-------+---------+---------+
       Total:                         5424    291       4      
                                                               
    F:\TI\ccs\tools\compiler\ti-cgt-armllvm_4.0.3.LTS\lib\armv6m-ti-none-eabi/c/libsysbm.a
       hostexit.c.obj                 4       0         0      
    +--+------------------------------+-------+---------+---------+
       Total:                         4       0         0      
                                                               
    F:\TI\ccs\tools\compiler\ti-cgt-armllvm_4.0.3.LTS\lib\armv6m-ti-none-eabi/libclang_rt.builtins.a
       adddf3.S.obj                   418     0         0      
       divdf3.S.obj                   268     0         0      
       muldf3.S.obj                   228     0         0      
       comparedf2.c.obj               220     0         0      
       addsf3.S.obj                   216     0         0      
       udivmoddi4.S.obj               162     0         0      
       mulsf3.S.obj                   140     0         0      
       comparesf2.S.obj               118     0         0      
       truncdfsf2.S.obj               116     0         0      
       aeabi_dcmp.S.obj               98      0         0      
       aeabi_fcmp.S.obj               98      0         0      
       aeabi_idivmod.S.obj            86      0         0      
       fixdfsi.S.obj                  74      0         0      
       aeabi_uidivmod.S.obj           64      0         0      
       extendsfdf2.S.obj              64      0         0      
       muldsi3.S.obj                  58      0         0      
       fixsfsi.S.obj                  56      0         0      
       floatsidf.S.obj                44      0         0      
       muldi3.S.obj                   36      0         0      
       ashldi3.S.obj                  30      0         0      
       aeabi_uldivmod.S.obj           20      0         0      
       aeabi_memset.S.obj             14      0         0      
       aeabi_memcpy.S.obj             8       0         0      
       aeabi_div0.c.obj               4       0         0      
    +--+------------------------------+-------+---------+---------+
       Total:                         2640    0         0      
                                                               
       Stack:                         0       0         512    
       Linker Generated:              0       67        0      
    +--+------------------------------+-------+---------+---------+
       Grand Total:                   16812   2917      9241   


LINKER GENERATED COPY TABLES

__TI_cinit_table @ 00004d34 records: 2, size/record: 8, table size: 16
	.data: load addr=00004d00, load size=0000001f bytes, run addr=20200000, run size=00001f70 bytes, compression=lzss
	.bss: load addr=00004d2c, load size=00000008 bytes, run addr=20201f70, run size=000002ac bytes, compression=zero_init


LINKER GENERATED HANDLER TABLE

__TI_handler_table @ 00004d20 records: 3, size/record: 4, table size: 12
	index: 0, handler: __TI_decompress_lzss
	index: 1, handler: __TI_decompress_none
	index: 2, handler: __TI_zero_init


FAR CALL TRAMPOLINES

callee name               trampoline name
   callee addr  tramp addr   call addr  call info
--------------  -----------  ---------  ----------------
__aeabi_dsub              $Tramp$TT$L$PI$$__aeabi_dsub
   000013f5     0000423c     00004238   libc.a : _printfi.c.obj (.text.OUTLINED_FUNCTION_0)

[1 trampolines]
[1 trampoline calls]


GLOBAL SYMBOLS: SORTED ALPHABETICALLY BY Name 

address   name                                 
-------   ----                                 
00002b7d  ADC0_IRQHandler                      
00002b7d  ADC1_IRQHandler                      
00002b7d  AES_IRQHandler                       
00001589  AssignmentChoose                     
00002911  Bluetooth_SendString                 
0000427e  C$$EXIT                              
00002b7d  CANFD0_IRQHandler                    
00002b7d  DAC0_IRQHandler                      
00004227  DL_Common_delayCycles                
00003299  DL_DMA_initChannel                   
0000211d  DL_SYSCTL_configSYSPLL               
000033c5  DL_SYSCTL_switchMCLKfromSYSOSCtoHSCLK
00001c5d  DL_Timer_initFourCCPWMMode           
00001f51  DL_Timer_initTimerMode               
00003da9  DL_Timer_setCaptCompUpdateMethod     
00003f55  DL_Timer_setCaptureCompareOutCtl     
000041bd  DL_Timer_setCaptureCompareValue      
00003dc5  DL_Timer_setClockConfig              
00003101  DL_UART_drainRXFIFO                  
0000337d  DL_UART_init                         
00004177  DL_UART_setClockConfig               
00003c69  DL_UART_transmitDataBlocking         
00002b7d  DMA_IRQHandler                       
00002b7d  Default_Handler                      
00002b7d  GROUP0_IRQHandler                    
000025c1  GROUP1_IRQHandler                    
0000427f  HOSTexit                             
00002b7d  HardFault_Handler                    
00002b7d  I2C0_IRQHandler                      
00002b7d  I2C1_IRQHandler                      
000036f1  I2C_Start                            
000038c5  I2C_Stop                             
000038f5  I2C_WaitAck                          
00002809  Left_Control                         
20201f50  Left_count                           
00002e71  LightAndSound                        
00002b7d  NMI_Handler                          
00002c65  OLED_Clear                           
00001d61  OLED_Init                            
00003589  OLED_Set_Pos                         
00001929  OLED_ShowChar                        
00002bf5  OLED_ShowString                      
00003249  OLED_WR_Byte                         
00002b7d  PendSV_Handler                       
00002b7d  RTC_IRQHandler                       
00004283  Reset_Handler                        
00002991  Right_Control                        
20201f54  Right_count                          
00002b7d  SPI0_IRQHandler                      
00002b7d  SPI1_IRQHandler                      
00002b7d  SVC_Handler                          
00003ffd  SYSCFG_DL_DMA_WIT_init               
00004261  SYSCFG_DL_DMA_init                   
00001019  SYSCFG_DL_GPIO_init                  
0000265d  SYSCFG_DL_PWM_0_init                 
000026ed  SYSCFG_DL_PWM_SERVO_init             
00002cd1  SYSCFG_DL_PWM_ULTRASONIC_init        
000035c5  SYSCFG_DL_SYSCTL_init                
000037cd  SYSCFG_DL_TIMER_0_init               
00003985  SYSCFG_DL_TIMER_ULTRASONIC_init      
0000344d  SYSCFG_DL_UART_BT_init               
00002d39  SYSCFG_DL_UART_WIT_init              
000031a9  SYSCFG_DL_init                       
0000246d  SYSCFG_DL_initPower                  
00002a11  Send_Byte                            
20200000  SpeLeft                              
20200fa0  SpeRight                             
000023a9  SpeedRead                            
00003dfd  Speed_Init                           
000041cd  SysTick_Handler                      
00004015  SysTick_Init                         
00003801  TB6612_Motor_Stop                    
00002b7d  TIMA0_IRQHandler                     
00002b7d  TIMA1_IRQHandler                     
00003e19  TIMG0_IRQHandler                     
00002b7d  TIMG12_IRQHandler                    
00002b7d  TIMG6_IRQHandler                     
00002b7d  TIMG7_IRQHandler                     
00002b7d  TIMG8_IRQHandler                     
00004189  TI_memcpy_small                      
00004219  TI_memset_small                      
00000a91  UART0_IRQHandler                     
00002b7d  UART1_IRQHandler                     
00002b7d  UART2_IRQHandler                     
00002b7d  UART3_IRQHandler                     
00001587  Ultrasonic_Init                      
00003409  WIT_Init                             
20208000  __STACK_END                          
00000200  __STACK_SIZE                         
00000000  __TI_ATRegion0_region_sz             
00000000  __TI_ATRegion0_src_addr              
00000000  __TI_ATRegion0_trg_addr              
00000000  __TI_ATRegion1_region_sz             
00000000  __TI_ATRegion1_src_addr              
00000000  __TI_ATRegion1_trg_addr              
00000000  __TI_ATRegion2_region_sz             
00000000  __TI_ATRegion2_src_addr              
00000000  __TI_ATRegion2_trg_addr              
00004d34  __TI_CINIT_Base                      
00004d44  __TI_CINIT_Limit                     
00004d44  __TI_CINIT_Warm                      
00004d20  __TI_Handler_Table_Base              
00004d2c  __TI_Handler_Table_Limit             
0000363d  __TI_auto_init_nobinit_nopinit       
00002a8d  __TI_decompress_lzss                 
0000419b  __TI_decompress_none                 
00002ff9  __TI_ltoa                            
ffffffff  __TI_pprof_out_hndl                  
000000c1  __TI_printfi                         
ffffffff  __TI_prof_data_size                  
ffffffff  __TI_prof_data_start                 
00000000  __TI_static_base__                   
00004087  __TI_zero_init_nomemset              
000013ff  __adddf3                             
000022db  __addsf3                             
00004ab0  __aeabi_ctype_table_                 
00004ab0  __aeabi_ctype_table_C                
00002b81  __aeabi_d2f                          
00003331  __aeabi_d2iz                         
000013ff  __aeabi_dadd                         
00002ed5  __aeabi_dcmpeq                       
00002f11  __aeabi_dcmpge                       
00002f25  __aeabi_dcmpgt                       
00002efd  __aeabi_dcmple                       
00002ee9  __aeabi_dcmplt                       
00001b51  __aeabi_ddiv                         
00002039  __aeabi_dmul                         
000013f5  __aeabi_dsub                         
20201f58  __aeabi_errno                        
00004269  __aeabi_errno_addr                   
000034cd  __aeabi_f2d                          
00003729  __aeabi_f2iz                         
000022db  __aeabi_fadd                         
00002f39  __aeabi_fcmpeq                       
00002f75  __aeabi_fcmpge                       
00002f89  __aeabi_fcmpgt                       
00002f61  __aeabi_fcmple                       
00002f4d  __aeabi_fcmplt                       
0000277d  __aeabi_fmul                         
000022d1  __aeabi_fsub                         
00003a09  __aeabi_i2d                          
000030a9  __aeabi_idiv                         
00001e5b  __aeabi_idiv0                        
000030a9  __aeabi_idivmod                      
000025bf  __aeabi_ldiv0                        
00003ca9  __aeabi_llsl                         
00003be1  __aeabi_lmul                         
00004271  __aeabi_memcpy                       
00004271  __aeabi_memcpy4                      
00004271  __aeabi_memcpy8                      
000041fd  __aeabi_memset                       
000041fd  __aeabi_memset4                      
000041fd  __aeabi_memset8                      
0000348d  __aeabi_uidiv                        
0000348d  __aeabi_uidivmod                     
0000413d  __aeabi_uldivmod                     
00003ca9  __ashldi3                            
ffffffff  __binit__                            
00002da1  __cmpdf2                             
00003679  __cmpsf2                             
00001b51  __divdf3                             
00002da1  __eqdf2                              
00003679  __eqsf2                              
000034cd  __extendsfdf2                        
00003331  __fixdfsi                            
00003729  __fixsfsi                            
00003a09  __floatsidf                          
00002b09  __gedf2                              
00003601  __gesf2                              
00002b09  __gtdf2                              
00003601  __gtsf2                              
00002da1  __ledf2                              
00003679  __lesf2                              
00002da1  __ltdf2                              
00003679  __ltsf2                              
UNDEFED   __mpu_init                           
00002039  __muldf3                             
00003be1  __muldi3                             
000036b5  __muldsi3                            
0000277d  __mulsf3                             
00002da1  __nedf2                              
00003679  __nesf2                              
20207e00  __stack                              
20200000  __start___llvm_prf_bits              
20200000  __start___llvm_prf_cnts              
20200000  __stop___llvm_prf_bits               
20200000  __stop___llvm_prf_cnts               
000013f5  __subdf3                             
000022d1  __subsf3                             
00002b81  __truncdfsf2                         
0000251d  __udivmoddi4                         
00003afd  _c_int00_noargs                      
UNDEFED   _system_post_cinit                   
00004287  _system_pre_init                     
00004279  abort                                
00004880  asc2_0806                            
00004290  asc2_1608                            
20201f6c  assignmentFlag                       
0000350d  atoi                                 
00001a41  balance_stand                        
ffffffff  binit                                
000041dd  delay_ms                             
00002f9d  frexp                                
00002f9d  frexpl                               
20201f70  gPWM_0Backup                         
202020e8  gPWM_SERVOBackup                     
2020202c  gTIMER_ULTRASONICBackup              
00000000  interruptVectors                     
20201f60  l                                    
000021f9  ldexp                                
000021f9  ldexpl                               
00001e5d  main                                 
00003c05  memccpy                              
00003955  mspm0_delay_ms                       
20202188  oled_buffer                          
20201f64  r                                    
000021f9  scalbn                               
000021f9  scalbnl                              
20201f6d  shapeFlag                            
20201f40  shapeStrings                         
00003761  sprintf                              
20202214  start_time                           
20201f68  target_roll                          
20202218  tick_ms                              
20201f6e  turnCompleted                        
20201f6f  turnFlag                             
000041ed  wcslen                               
202021ec  wit_data                             
202021c8  wit_dmaBuffer                        


GLOBAL SYMBOLS: SORTED BY Symbol Address 

address   name                                 
-------   ----                                 
00000000  __TI_ATRegion0_region_sz             
00000000  __TI_ATRegion0_src_addr              
00000000  __TI_ATRegion0_trg_addr              
00000000  __TI_ATRegion1_region_sz             
00000000  __TI_ATRegion1_src_addr              
00000000  __TI_ATRegion1_trg_addr              
00000000  __TI_ATRegion2_region_sz             
00000000  __TI_ATRegion2_src_addr              
00000000  __TI_ATRegion2_trg_addr              
00000000  __TI_static_base__                   
00000000  interruptVectors                     
000000c1  __TI_printfi                         
00000200  __STACK_SIZE                         
00000a91  UART0_IRQHandler                     
00001019  SYSCFG_DL_GPIO_init                  
000013f5  __aeabi_dsub                         
000013f5  __subdf3                             
000013ff  __adddf3                             
000013ff  __aeabi_dadd                         
00001587  Ultrasonic_Init                      
00001589  AssignmentChoose                     
00001929  OLED_ShowChar                        
00001a41  balance_stand                        
00001b51  __aeabi_ddiv                         
00001b51  __divdf3                             
00001c5d  DL_Timer_initFourCCPWMMode           
00001d61  OLED_Init                            
00001e5b  __aeabi_idiv0                        
00001e5d  main                                 
00001f51  DL_Timer_initTimerMode               
00002039  __aeabi_dmul                         
00002039  __muldf3                             
0000211d  DL_SYSCTL_configSYSPLL               
000021f9  ldexp                                
000021f9  ldexpl                               
000021f9  scalbn                               
000021f9  scalbnl                              
000022d1  __aeabi_fsub                         
000022d1  __subsf3                             
000022db  __addsf3                             
000022db  __aeabi_fadd                         
000023a9  SpeedRead                            
0000246d  SYSCFG_DL_initPower                  
0000251d  __udivmoddi4                         
000025bf  __aeabi_ldiv0                        
000025c1  GROUP1_IRQHandler                    
0000265d  SYSCFG_DL_PWM_0_init                 
000026ed  SYSCFG_DL_PWM_SERVO_init             
0000277d  __aeabi_fmul                         
0000277d  __mulsf3                             
00002809  Left_Control                         
00002911  Bluetooth_SendString                 
00002991  Right_Control                        
00002a11  Send_Byte                            
00002a8d  __TI_decompress_lzss                 
00002b09  __gedf2                              
00002b09  __gtdf2                              
00002b7d  ADC0_IRQHandler                      
00002b7d  ADC1_IRQHandler                      
00002b7d  AES_IRQHandler                       
00002b7d  CANFD0_IRQHandler                    
00002b7d  DAC0_IRQHandler                      
00002b7d  DMA_IRQHandler                       
00002b7d  Default_Handler                      
00002b7d  GROUP0_IRQHandler                    
00002b7d  HardFault_Handler                    
00002b7d  I2C0_IRQHandler                      
00002b7d  I2C1_IRQHandler                      
00002b7d  NMI_Handler                          
00002b7d  PendSV_Handler                       
00002b7d  RTC_IRQHandler                       
00002b7d  SPI0_IRQHandler                      
00002b7d  SPI1_IRQHandler                      
00002b7d  SVC_Handler                          
00002b7d  TIMA0_IRQHandler                     
00002b7d  TIMA1_IRQHandler                     
00002b7d  TIMG12_IRQHandler                    
00002b7d  TIMG6_IRQHandler                     
00002b7d  TIMG7_IRQHandler                     
00002b7d  TIMG8_IRQHandler                     
00002b7d  UART1_IRQHandler                     
00002b7d  UART2_IRQHandler                     
00002b7d  UART3_IRQHandler                     
00002b81  __aeabi_d2f                          
00002b81  __truncdfsf2                         
00002bf5  OLED_ShowString                      
00002c65  OLED_Clear                           
00002cd1  SYSCFG_DL_PWM_ULTRASONIC_init        
00002d39  SYSCFG_DL_UART_WIT_init              
00002da1  __cmpdf2                             
00002da1  __eqdf2                              
00002da1  __ledf2                              
00002da1  __ltdf2                              
00002da1  __nedf2                              
00002e71  LightAndSound                        
00002ed5  __aeabi_dcmpeq                       
00002ee9  __aeabi_dcmplt                       
00002efd  __aeabi_dcmple                       
00002f11  __aeabi_dcmpge                       
00002f25  __aeabi_dcmpgt                       
00002f39  __aeabi_fcmpeq                       
00002f4d  __aeabi_fcmplt                       
00002f61  __aeabi_fcmple                       
00002f75  __aeabi_fcmpge                       
00002f89  __aeabi_fcmpgt                       
00002f9d  frexp                                
00002f9d  frexpl                               
00002ff9  __TI_ltoa                            
000030a9  __aeabi_idiv                         
000030a9  __aeabi_idivmod                      
00003101  DL_UART_drainRXFIFO                  
000031a9  SYSCFG_DL_init                       
00003249  OLED_WR_Byte                         
00003299  DL_DMA_initChannel                   
00003331  __aeabi_d2iz                         
00003331  __fixdfsi                            
0000337d  DL_UART_init                         
000033c5  DL_SYSCTL_switchMCLKfromSYSOSCtoHSCLK
00003409  WIT_Init                             
0000344d  SYSCFG_DL_UART_BT_init               
0000348d  __aeabi_uidiv                        
0000348d  __aeabi_uidivmod                     
000034cd  __aeabi_f2d                          
000034cd  __extendsfdf2                        
0000350d  atoi                                 
00003589  OLED_Set_Pos                         
000035c5  SYSCFG_DL_SYSCTL_init                
00003601  __gesf2                              
00003601  __gtsf2                              
0000363d  __TI_auto_init_nobinit_nopinit       
00003679  __cmpsf2                             
00003679  __eqsf2                              
00003679  __lesf2                              
00003679  __ltsf2                              
00003679  __nesf2                              
000036b5  __muldsi3                            
000036f1  I2C_Start                            
00003729  __aeabi_f2iz                         
00003729  __fixsfsi                            
00003761  sprintf                              
000037cd  SYSCFG_DL_TIMER_0_init               
00003801  TB6612_Motor_Stop                    
000038c5  I2C_Stop                             
000038f5  I2C_WaitAck                          
00003955  mspm0_delay_ms                       
00003985  SYSCFG_DL_TIMER_ULTRASONIC_init      
00003a09  __aeabi_i2d                          
00003a09  __floatsidf                          
00003afd  _c_int00_noargs                      
00003be1  __aeabi_lmul                         
00003be1  __muldi3                             
00003c05  memccpy                              
00003c69  DL_UART_transmitDataBlocking         
00003ca9  __aeabi_llsl                         
00003ca9  __ashldi3                            
00003da9  DL_Timer_setCaptCompUpdateMethod     
00003dc5  DL_Timer_setClockConfig              
00003dfd  Speed_Init                           
00003e19  TIMG0_IRQHandler                     
00003f55  DL_Timer_setCaptureCompareOutCtl     
00003ffd  SYSCFG_DL_DMA_WIT_init               
00004015  SysTick_Init                         
00004087  __TI_zero_init_nomemset              
0000413d  __aeabi_uldivmod                     
00004177  DL_UART_setClockConfig               
00004189  TI_memcpy_small                      
0000419b  __TI_decompress_none                 
000041bd  DL_Timer_setCaptureCompareValue      
000041cd  SysTick_Handler                      
000041dd  delay_ms                             
000041ed  wcslen                               
000041fd  __aeabi_memset                       
000041fd  __aeabi_memset4                      
000041fd  __aeabi_memset8                      
00004219  TI_memset_small                      
00004227  DL_Common_delayCycles                
00004261  SYSCFG_DL_DMA_init                   
00004269  __aeabi_errno_addr                   
00004271  __aeabi_memcpy                       
00004271  __aeabi_memcpy4                      
00004271  __aeabi_memcpy8                      
00004279  abort                                
0000427e  C$$EXIT                              
0000427f  HOSTexit                             
00004283  Reset_Handler                        
00004287  _system_pre_init                     
00004290  asc2_1608                            
00004880  asc2_0806                            
00004ab0  __aeabi_ctype_table_                 
00004ab0  __aeabi_ctype_table_C                
00004d20  __TI_Handler_Table_Base              
00004d2c  __TI_Handler_Table_Limit             
00004d34  __TI_CINIT_Base                      
00004d44  __TI_CINIT_Limit                     
00004d44  __TI_CINIT_Warm                      
20200000  SpeLeft                              
20200000  __start___llvm_prf_bits              
20200000  __start___llvm_prf_cnts              
20200000  __stop___llvm_prf_bits               
20200000  __stop___llvm_prf_cnts               
20200fa0  SpeRight                             
20201f40  shapeStrings                         
20201f50  Left_count                           
20201f54  Right_count                          
20201f58  __aeabi_errno                        
20201f60  l                                    
20201f64  r                                    
20201f68  target_roll                          
20201f6c  assignmentFlag                       
20201f6d  shapeFlag                            
20201f6e  turnCompleted                        
20201f6f  turnFlag                             
20201f70  gPWM_0Backup                         
2020202c  gTIMER_ULTRASONICBackup              
202020e8  gPWM_SERVOBackup                     
20202188  oled_buffer                          
202021c8  wit_dmaBuffer                        
202021ec  wit_data                             
20202214  start_time                           
20202218  tick_ms                              
20207e00  __stack                              
20208000  __STACK_END                          
ffffffff  __TI_pprof_out_hndl                  
ffffffff  __TI_prof_data_size                  
ffffffff  __TI_prof_data_start                 
ffffffff  __binit__                            
ffffffff  binit                                
UNDEFED   __mpu_init                           
UNDEFED   _system_post_cinit                   

[229 symbols]
