******************************************************************************
            TI ARM Clang Linker PC v4.0.3                      
******************************************************************************
>> Linked Thu Jul  9 18:51:56 2026

OUTPUT FILE NAME:   <BalanceCarNew.out>
ENTRY POINT SYMBOL: "_c_int00_noargs"  address: 00004f65


MEMORY CONFIGURATION

         name            origin    length      used     unused   attr    fill
----------------------  --------  ---------  --------  --------  ----  --------
  FLASH                 00000000   00020000  000065f8  00019a08  R  X
  SRAM                  20200000   00008000  0000255b  00005aa5  RW X
  BCR_CONFIG            41c00000   000000ff  00000000  000000ff  R   
  BSL_CONFIG            41c00100   00000080  00000000  00000080  R   


SEGMENT ALLOCATION MAP

run origin  load origin   length   init length attrs members
----------  ----------- ---------- ----------- ----- -------
00000000    00000000    000065f8   000065f8    r-x
  00000000    00000000    000000c0   000000c0    r-- .intvecs
  000000c0    000000c0    000059c0   000059c0    r-x .text
  00005a80    00005a80    00000af0   00000af0    r-- .rodata
  00006570    00006570    00000088   00000088    r-- .cinit
20200000    20200000    0000235c   00000000    rw-
  20200000    20200000    00001ffb   00000000    rw- .data
  20201ffc    20201ffc    00000360   00000000    rw- .bss
20207e00    20207e00    00000200   00000000    rw-
  20207e00    20207e00    00000200   00000000    rw- .stack


SECTION ALLOCATION MAP

 output                                  attributes/
section   page    origin      length       input sections
--------  ----  ----------  ----------   ----------------
.intvecs   0    00000000    000000c0     
                  00000000    000000c0     startup_mspm0g350x_ticlang.o (.intvecs)

.text      0    000000c0    000059c0     
                  000000c0    000009d0     libc.a : _printfi.c.obj (.text:__TI_printfi)
                  00000a90    00000368     interrupt.o (.text.UART0_IRQHandler)
                  00000df8    00000234     ti_msp_dl_config.o (.text.SYSCFG_DL_GPIO_init)
                  0000102c    00000220     libc.a : _printfi.c.obj (.text._pconv_a)
                  0000124c    00000214     move.o (.text.Tracking)
                  00001460    000001dc     libc.a : _printfi.c.obj (.text._pconv_g)
                  0000163c    000001a4     main.o (.text.main)
                  000017e0    00000192     libclang_rt.builtins.a : adddf3.S.obj (.text.adddf3_subdf3)
                  00001972    00000002     ultrasonic_gpio.o (.text.Ultrasonic_Init)
                  00001974    00000144     assignment.o (.text.AssignmentChoose)
                  00001ab8    0000013c     libc.a : _printfi.c.obj (.text.fcvt)
                  00001bf4    00000124     turn.o (.text.Left_Turn)
                  00001d18    00000124     turn.o (.text.Right_Turn)
                  00001e3c    00000120     libc.a : _printfi.c.obj (.text._pconv_e)
                  00001f5c    00000118     oled_hardware_i2c.o (.text.OLED_ShowChar)
                  00002074    00000110     oled_hardware_i2c.o (.text.OLED_Init)
                  00002184    0000010c     libclang_rt.builtins.a : divdf3.S.obj (.text.__divdf3)
                  00002290    00000104     driverlib.a : dl_timer.o (.text.DL_Timer_initFourCCPWMMode)
                  00002394    000000f8     move.o (.text.parking)
                  0000248c    000000f0     move.o (.text.track_deal_sensor)
                  0000257c    000000e8     driverlib.a : dl_timer.o (.text.DL_Timer_initTimerMode)
                  00002664    000000e4     libclang_rt.builtins.a : muldf3.S.obj (.text.__muldf3)
                  00002748    000000e4     trackingiic.o (.text.trackSensorReadRegisterBytes)
                  0000282c    000000dc     driverlib.a : dl_sysctl_mspm0g1x0x_g3x0x.o (.text.DL_SYSCTL_configSYSPLL)
                  00002908    000000d8     libc.a : s_scalbn.c.obj (.text.scalbn)
                  000029e0    000000d8     libclang_rt.builtins.a : addsf3.S.obj (.text)
                  00002ab8    000000d6     pid.o (.text.Loca_PID)
                  00002b8e    00000002     libclang_rt.builtins.a : aeabi_div0.c.obj (.text.__aeabi_idiv0)
                  00002b90    000000d4     ti_msp_dl_config.o (.text.SYSCFG_DL_initPower)
                  00002c64    000000c4     speed.o (.text.SpeedRead)
                  00002d28    000000c4     assignment.o (.text.assignment3)
                  00002dec    000000bc     assignment.o (.text.assignment2)
                  00002ea8    000000ac     assignment.o (.text.assignment5)
                  00002f54    000000ac     move.o (.text.balance_stand)
                  00003000    000000a2     libclang_rt.builtins.a : udivmoddi4.S.obj (.text)
                  000030a2    00000002                            : aeabi_div0.c.obj (.text.__aeabi_ldiv0)
                  000030a4    0000009c     interrupt.o (.text.GROUP1_IRQHandler)
                  00003140    00000098     oled_hardware_i2c.o (.text.OLED_WR_Byte)
                  000031d8    00000098     assignment.o (.text.assignment4)
                  00003270    00000098     trackingiic.o (.text.trackSensorUpdateDecodedData)
                  00003308    00000090     ti_msp_dl_config.o (.text.SYSCFG_DL_PWM_0_init)
                  00003398    00000090     ti_msp_dl_config.o (.text.SYSCFG_DL_PWM_SERVO_init)
                  00003428    0000008c     libclang_rt.builtins.a : mulsf3.S.obj (.text.__mulsf3)
                  000034b4    00000084     Motor.o (.text.Left_Control)
                  00003538    00000084     clock.o (.text.__NVIC_SetPriority)
                  000035bc    00000080     bluetooth.o (.text.Bluetooth_SendString)
                  0000363c    00000080     Motor.o (.text.Right_Control)
                  000036bc    0000007c     libc.a : copy_decompress_lzss.c.obj (.text:decompress:lzss)
                  00003738    00000074     libclang_rt.builtins.a : comparedf2.c.obj (.text.__gedf2)
                  000037ac    00000004     startup_mspm0g350x_ticlang.o (.text.Default_Handler)
                  000037b0    00000074     libclang_rt.builtins.a : truncdfsf2.S.obj (.text.__truncdfsf2)
                  00003824    00000070     oled_hardware_i2c.o (.text.OLED_ShowString)
                  00003894    0000006c     turn.o (.text.RangeLimite)
                  00003900    0000006c     trackingiic.o (.text.trackSensorUpdate)
                  0000396c    0000006a     oled_hardware_i2c.o (.text.OLED_Clear)
                  000039d6    00000002     --HOLE-- [fill = 0]
                  000039d8    00000068     ti_msp_dl_config.o (.text.SYSCFG_DL_PWM_ULTRASONIC_init)
                  00003a40    00000068     ti_msp_dl_config.o (.text.SYSCFG_DL_UART_WIT_init)
                  00003aa8    00000068     libclang_rt.builtins.a : comparedf2.c.obj (.text.__ledf2)
                  00003b10    00000066     libc.a : _printfi.c.obj (.text._mcpy)
                  00003b76    00000002     --HOLE-- [fill = 0]
                  00003b78    00000064     assignment.o (.text.LightAndSound)
                  00003bdc    00000064     oled_hardware_i2c.o (.text.oled_i2c_sda_unlock)
                  00003c40    00000062     libclang_rt.builtins.a : aeabi_dcmp.S.obj (.text.__aeabi_dcmp)
                  00003ca2    00000002     --HOLE-- [fill = 0]
                  00003ca4    00000062                            : aeabi_fcmp.S.obj (.text.__aeabi_fcmp)
                  00003d06    00000002     --HOLE-- [fill = 0]
                  00003d08    00000060     interrupt.o (.text.NonBlockDelay)
                  00003d68    00000060     ti_msp_dl_config.o (.text.SYSCFG_DL_init)
                  00003dc8    0000005e     driverlib.a : dl_i2c.o (.text.DL_I2C_fillControllerTXFIFO)
                  00003e26    0000005c     pid.o (.text.PID_Limit)
                  00003e82    00000002     --HOLE-- [fill = 0]
                  00003e84    0000005c     libc.a : s_frexp.c.obj (.text.frexp)
                  00003ee0    0000005c     oled_hardware_i2c.o (.text.mspm0_i2c_enable)
                  00003f3c    00000058     ti_msp_dl_config.o (.text.SYSCFG_DL_I2C_OLED_init)
                  00003f94    00000058     libc.a : _ltoa.c.obj (.text.__TI_ltoa)
                  00003fec    00000058            : _printfi.c.obj (.text._pconv_f)
                  00004044    00000058     trackingiic.o (.text.trackSensorWaitForIdle)
                  0000409c    00000058     trackingiic.o (.text.trackSensorWaitForRxData)
                  000040f4    00000056     libclang_rt.builtins.a : aeabi_idivmod.S.obj (.text.__aeabi_idivmod)
                  0000414a    00000002     --HOLE-- [fill = 0]
                  0000414c    00000054     driverlib.a : dl_uart.o (.text.DL_UART_drainRXFIFO)
                  000041a0    00000052     libc.a : _printfi.c.obj (.text._ecpy)
                  000041f2    00000002     --HOLE-- [fill = 0]
                  000041f4    00000050     oled_hardware_i2c.o (.text.DL_I2C_startControllerTransfer)
                  00004244    00000050     trackingiic.o (.text.DL_I2C_startControllerTransfer)
                  00004294    00000050     clock.o (.text.SysTick_Config)
                  000042e4    00000050     trackingiic.o (.text.trackSensorResetData)
                  00004334    0000004c     driverlib.a : dl_dma.o (.text.DL_DMA_initChannel)
                  00004380    0000004c     ti_msp_dl_config.o (.text.DL_UART_setBaudRateDivisor)
                  000043cc    0000004c     libc.a : snprintf.c.obj (.text.snprintf)
                  00004418    0000004a     libclang_rt.builtins.a : fixdfsi.S.obj (.text.__fixdfsi)
                  00004462    00000002     --HOLE-- [fill = 0]
                  00004464    00000048     bluetooth.o (.text.Bluetooth_SendData)
                  000044ac    00000048     driverlib.a : dl_uart.o (.text.DL_UART_init)
                  000044f4    00000048     oled_hardware_i2c.o (.text.mspm0_i2c_disable)
                  0000453c    00000044     driverlib.a : dl_sysctl_mspm0g1x0x_g3x0x.o (.text.DL_SYSCTL_switchMCLKfromSYSOSCtoHSCLK)
                  00004580    00000044     wit.o (.text.WIT_Init)
                  000045c4    00000040     ti_msp_dl_config.o (.text.SYSCFG_DL_UART_BT_init)
                  00004604    00000040     libclang_rt.builtins.a : aeabi_uidivmod.S.obj (.text.__aeabi_uidivmod)
                  00004644    00000040                            : extendsfdf2.S.obj (.text.__extendsfdf2)
                  00004684    00000040     libc.a : atoi.c.obj (.text.atoi)
                  000046c4    00000040     trackingiic.o (.text.trackSensorControllerHasError)
                  00004704    0000003c     oled_hardware_i2c.o (.text.DL_GPIO_initPeripheralInputFunctionFeatures)
                  00004740    0000003c     ti_msp_dl_config.o (.text.DL_GPIO_initPeripheralInputFunctionFeatures)
                  0000477c    0000003c     driverlib.a : dl_i2c.o (.text.DL_I2C_flushControllerTXFIFO)
                  000047b8    0000003c     ti_msp_dl_config.o (.text.DL_Timer_setCounterControl)
                  000047f4    0000003c     oled_hardware_i2c.o (.text.OLED_Set_Pos)
                  00004830    0000003c     ti_msp_dl_config.o (.text.SYSCFG_DL_SYSCTL_init)
                  0000486c    0000003c     libclang_rt.builtins.a : floatsisf.S.obj (.text.__floatsisf)
                  000048a8    0000003c                            : comparesf2.S.obj (.text.__gtsf2)
                  000048e4    0000003c     libc.a : autoinit.c.obj (.text:__TI_auto_init_nobinit_nopinit)
                  00004920    0000003a     libclang_rt.builtins.a : comparesf2.S.obj (.text.__eqsf2)
                  0000495a    00000002     --HOLE-- [fill = 0]
                  0000495c    0000003a                            : muldsi3.S.obj (.text.__muldsi3)
                  00004996    00000002     --HOLE-- [fill = 0]
                  00004998    00000038                            : fixsfsi.S.obj (.text.__fixsfsi)
                  000049d0    00000038     libc.a : sprintf.c.obj (.text.sprintf)
                  00004a08    00000038     trackingiic.o (.text.trackSensorRecoverController)
                  00004a40    00000034     oled_hardware_i2c.o (.text.DL_GPIO_initDigitalInputFeatures)
                  00004a74    00000034     ti_msp_dl_config.o (.text.DL_GPIO_initDigitalInputFeatures)
                  00004aa8    00000034     ti_msp_dl_config.o (.text.SYSCFG_DL_TIMER_0_init)
                  00004adc    00000034     ti_msp_dl_config.o (.text.SYSCFG_DL_TIMER_Balance_init)
                  00004b10    00000034     Motor.o (.text.TB6612_Motor_Stop)
                  00004b44    00000034     move.o (.text.TIMA0_IRQHandler)
                  00004b78    00000034     assignment.o (.text.zeroparameter)
                  00004bac    00000030     interrupt.o (.text.DL_DMA_setTransferSize)
                  00004bdc    00000030     wit.o (.text.DL_DMA_setTransferSize)
                  00004c0c    00000030     ti_msp_dl_config.o (.text.DL_GPIO_initDigitalOutputFeatures)
                  00004c3c    00000030     libc.a : _printfi.c.obj (.text._fcpy)
                  00004c6c    00000030            : snprintf.c.obj (.text._outs)
                  00004c9c    00000030     clock.o (.text.mspm0_delay_ms)
                  00004ccc    0000002c     ti_msp_dl_config.o (.text.SYSCFG_DL_TIMER_ULTRASONIC_init)
                  00004cf8    0000002c     move.o (.text.__NVIC_EnableIRQ)
                  00004d24    0000002c     speed.o (.text.__NVIC_EnableIRQ)
                  00004d50    0000002c     wit.o (.text.__NVIC_EnableIRQ)
                  00004d7c    0000002c     libclang_rt.builtins.a : floatsidf.S.obj (.text.__floatsidf)
                  00004da8    0000002c     clock.o (.text.mspm0_get_clock_ms)
                  00004dd4    00000028     oled_hardware_i2c.o (.text.DL_Common_updateReg)
                  00004dfc    00000028     ti_msp_dl_config.o (.text.DL_Common_updateReg)
                  00004e24    00000028     trackingiic.o (.text.DL_Common_updateReg)
                  00004e4c    00000028     interrupt.o (.text.DL_DMA_setDestAddr)
                  00004e74    00000028     wit.o (.text.DL_DMA_setDestAddr)
                  00004e9c    00000028     wit.o (.text.DL_DMA_setSrcAddr)
                  00004ec4    00000028     ti_msp_dl_config.o (.text.DL_I2C_setControllerRXFIFOThreshold)
                  00004eec    00000028     ti_msp_dl_config.o (.text.DL_I2C_setControllerTXFIFOThreshold)
                  00004f14    00000028     ti_msp_dl_config.o (.text.DL_UART_setRXFIFOThreshold)
                  00004f3c    00000028     assignment.o (.text.assignment1)
                  00004f64    00000028     libc.a : boot_cortex_m.c.obj (.text:_c_int00_noargs)
                  00004f8c    00000026     interrupt.o (.text.DL_DMA_disableChannel)
                  00004fb2    00000026     interrupt.o (.text.DL_DMA_enableChannel)
                  00004fd8    00000026     wit.o (.text.DL_DMA_enableChannel)
                  00004ffe    00000026     ti_msp_dl_config.o (.text.DL_I2C_setAnalogGlitchFilterPulseWidth)
                  00005024    00000026     driverlib.a : dl_i2c.o (.text.DL_I2C_setClockConfig)
                  0000504a    00000002     --HOLE-- [fill = 0]
                  0000504c    00000024     interrupt.o (.text.DL_DMA_getTransferSize)
                  00005070    00000024     ti_msp_dl_config.o (.text.DL_UART_setRXInterruptTimeout)
                  00005094    00000024     libclang_rt.builtins.a : muldi3.S.obj (.text.__muldi3)
                  000050b8    00000022     libc.a : memccpy.c.obj (.text.memccpy)
                  000050da    00000002     --HOLE-- [fill = 0]
                  000050dc    00000020     ti_msp_dl_config.o (.text.DL_GPIO_initPeripheralInputFunction)
                  000050fc    00000020     ti_msp_dl_config.o (.text.DL_SYSCTL_setFlashWaitState)
                  0000511c    00000020     driverlib.a : dl_uart.o (.text.DL_UART_transmitDataBlocking)
                  0000513c    0000001e     ti_msp_dl_config.o (.text.DL_UART_setOversampling)
                  0000515a    0000001e     pid.o (.text.Loca_PID_Reset)
                  00005178    0000001e     libclang_rt.builtins.a : ashldi3.S.obj (.text.__ashldi3)
                  00005196    0000001e     move.o (.text.backwords)
                  000051b4    0000001e     move.o (.text.stop)
                  000051d2    00000002     --HOLE-- [fill = 0]
                  000051d4    0000001c     interrupt.o (.text.DL_GPIO_clearInterruptStatus)
                  000051f0    0000001c     ti_msp_dl_config.o (.text.DL_GPIO_clearInterruptStatus)
                  0000520c    0000001c     oled_hardware_i2c.o (.text.DL_GPIO_enableHiZ)
                  00005228    0000001c     ti_msp_dl_config.o (.text.DL_GPIO_enableHiZ)
                  00005244    0000001c     ti_msp_dl_config.o (.text.DL_GPIO_enableInterrupt)
                  00005260    0000001c     ti_msp_dl_config.o (.text.DL_GPIO_initPeripheralOutputFunction)
                  0000527c    0000001c     ti_msp_dl_config.o (.text.DL_GPIO_setLowerPinsPolarity)
                  00005298    0000001c     oled_hardware_i2c.o (.text.DL_I2C_getSDAStatus)
                  000052b4    0000001c     trackingiic.o (.text.DL_I2C_isControllerRXFIFOEmpty)
                  000052d0    0000001c     ti_msp_dl_config.o (.text.DL_SYSCTL_setSYSOSCFreq)
                  000052ec    0000001c     ti_msp_dl_config.o (.text.DL_SYSCTL_setULPCLKDivider)
                  00005308    0000001c     ti_msp_dl_config.o (.text.DL_Timer_enableInterrupt)
                  00005324    0000001c     driverlib.a : dl_timer.o (.text.DL_Timer_setCaptCompUpdateMethod)
                  00005340    0000001c                 : dl_timer.o (.text.DL_Timer_setClockConfig)
                  0000535c    0000001c     ti_msp_dl_config.o (.text.DL_UART_enableInterrupt)
                  00005378    0000001c     speed.o (.text.Speed_Init)
                  00005394    0000001c     interrupt.o (.text.TIMG6_IRQHandler)
                  000053b0    00000018     oled_hardware_i2c.o (.text.DL_GPIO_enableOutput)
                  000053c8    00000018     ti_msp_dl_config.o (.text.DL_GPIO_enableOutput)
                  000053e0    00000018     ti_msp_dl_config.o (.text.DL_GPIO_enablePower)
                  000053f8    00000018     interrupt.o (.text.DL_GPIO_getEnabledInterruptStatus)
                  00005410    00000018     oled_hardware_i2c.o (.text.DL_GPIO_initDigitalOutput)
                  00005428    00000018     ti_msp_dl_config.o (.text.DL_GPIO_initDigitalOutput)
                  00005440    00000018     ti_msp_dl_config.o (.text.DL_GPIO_reset)
                  00005458    00000018     Motor.o (.text.DL_GPIO_setPins)
                  00005470    00000018     assignment.o (.text.DL_GPIO_setPins)
                  00005488    00000018     oled_hardware_i2c.o (.text.DL_GPIO_setPins)
                  000054a0    00000018     assignment.o (.text.DL_GPIO_togglePins)
                  000054b8    00000018     oled_hardware_i2c.o (.text.DL_I2C_clearInterruptStatus)
                  000054d0    00000018     trackingiic.o (.text.DL_I2C_clearInterruptStatus)
                  000054e8    00000018     ti_msp_dl_config.o (.text.DL_I2C_enableAnalogGlitchFilter)
                  00005500    00000018     ti_msp_dl_config.o (.text.DL_I2C_enableController)
                  00005518    00000018     ti_msp_dl_config.o (.text.DL_I2C_enableControllerClockStretching)
                  00005530    00000018     oled_hardware_i2c.o (.text.DL_I2C_enablePower)
                  00005548    00000018     ti_msp_dl_config.o (.text.DL_I2C_enablePower)
                  00005560    00000018     oled_hardware_i2c.o (.text.DL_I2C_getRawInterruptStatus)
                  00005578    00000018     trackingiic.o (.text.DL_I2C_getRawInterruptStatus)
                  00005590    00000018     oled_hardware_i2c.o (.text.DL_I2C_reset)
                  000055a8    00000018     ti_msp_dl_config.o (.text.DL_I2C_reset)
                  000055c0    00000018     ti_msp_dl_config.o (.text.DL_I2C_setTimerPeriod)
                  000055d8    00000018     ti_msp_dl_config.o (.text.DL_SYSCTL_setBORThreshold)
                  000055f0    00000018     ti_msp_dl_config.o (.text.DL_Timer_enablePower)
                  00005608    00000018     ti_msp_dl_config.o (.text.DL_Timer_reset)
                  00005620    00000018     driverlib.a : dl_timer.o (.text.DL_Timer_setCaptureCompareOutCtl)
                  00005638    00000018     assignment.o (.text.DL_Timer_startCounter)
                  00005650    00000018     move.o (.text.DL_Timer_startCounter)
                  00005668    00000018     speed.o (.text.DL_Timer_startCounter)
                  00005680    00000018     ti_msp_dl_config.o (.text.DL_UART_enableDMAReceiveEvent)
                  00005698    00000018     ti_msp_dl_config.o (.text.DL_UART_enableFIFOs)
                  000056b0    00000018     ti_msp_dl_config.o (.text.DL_UART_enablePower)
                  000056c8    00000018     interrupt.o (.text.DL_UART_isRXFIFOEmpty)
                  000056e0    00000018     ti_msp_dl_config.o (.text.DL_UART_reset)
                  000056f8    00000018     ti_msp_dl_config.o (.text.SYSCFG_DL_DMA_WIT_init)
                  00005710    00000018     clock.o (.text.SysTick_Init)
                  00005728    00000018     libc.a : snprintf.c.obj (.text._outc)
                  00005740    00000018            : sprintf.c.obj (.text._outs)
                  00005758    00000016     interrupt.o (.text.DL_GPIO_readPins)
                  0000576e    00000016     assignment.o (.text.DL_GPIO_readPins)
                  00005784    00000016     move.o (.text.DL_GPIO_readPins)
                  0000579a    00000016     oled_hardware_i2c.o (.text.DL_GPIO_readPins)
                  000057b0    00000016     trackingiic.o (.text.DL_I2C_transmitControllerData)
                  000057c6    00000016     ti_msp_dl_config.o (.text.DL_UART_enable)
                  000057dc    00000016     libc.a : copy_zero_init.c.obj (.text:decompress:ZI:__TI_zero_init_nomemset)
                  000057f2    00000014     Motor.o (.text.DL_GPIO_clearPins)
                  00005806    00000014     assignment.o (.text.DL_GPIO_clearPins)
                  0000581a    00000014     oled_hardware_i2c.o (.text.DL_GPIO_clearPins)
                  0000582e    00000014     ti_msp_dl_config.o (.text.DL_GPIO_clearPins)
                  00005842    00000002     --HOLE-- [fill = 0]
                  00005844    00000014     oled_hardware_i2c.o (.text.DL_I2C_getControllerStatus)
                  00005858    00000014     trackingiic.o (.text.DL_I2C_getControllerStatus)
                  0000586c    00000014     trackingiic.o (.text.DL_I2C_receiveControllerData)
                  00005880    00000014     ti_msp_dl_config.o (.text.DL_I2C_resetControllerTransfer)
                  00005894    00000014     ti_msp_dl_config.o (.text.DL_SYSCTL_disableSYSPLL)
                  000058a8    00000014     ti_msp_dl_config.o (.text.DL_Timer_enableClock)
                  000058bc    00000014     ti_msp_dl_config.o (.text.DL_Timer_setCCPDirection)
                  000058d0    00000014     interrupt.o (.text.DL_UART_receiveData)
                  000058e4    00000014     libclang_rt.builtins.a : aeabi_uldivmod.S.obj (.text.__aeabi_uldivmod)
                  000058f8    00000014     assignment.o (.text.assignment0)
                  0000590c    00000014     libc.a : _printfi.c.obj (.text.strchr)
                  00005920    00000012     interrupt.o (.text.DL_Timer_getPendingInterrupt)
                  00005932    00000012     move.o (.text.DL_Timer_getPendingInterrupt)
                  00005944    00000012     driverlib.a : dl_uart.o (.text.DL_UART_setClockConfig)
                  00005956    00000012     libc.a : memcpy16.S.obj (.text:TI_memcpy_small)
                  00005968    00000012            : copy_decompress_none.c.obj (.text:decompress:none)
                  0000597a    00000002     --HOLE-- [fill = 0]
                  0000597c    00000010     ti_msp_dl_config.o (.text.DL_SYSCTL_disableHFXT)
                  0000598c    00000010     driverlib.a : dl_timer.o (.text.DL_Timer_setCaptureCompareValue)
                  0000599c    00000010     interrupt.o (.text.SysTick_Handler)
                  000059ac    00000010     oled_hardware_i2c.o (.text.delay_ms)
                  000059bc    00000010     libc.a : wcslen.c.obj (.text.wcslen)
                  000059cc    0000000e     libclang_rt.builtins.a : aeabi_memset.S.obj (.text.__aeabi_memset)
                  000059da    0000000e     libc.a : _printfi.c.obj (.text.strlen)
                  000059e8    0000000e            : memset16.S.obj (.text:TI_memset_small)
                  000059f6    0000000a     move.o (.text.BalanceTimerInit)
                  00005a00    0000000a     driverlib.a : dl_common.o (.text.DL_Common_delayCycles)
                  00005a0a    0000000a     libc.a : _printfi.c.obj (.text.OUTLINED_FUNCTION_0)
                  00005a14    00000010     libclang_rt.builtins.a : adddf3.S.obj (.tramp.__aeabi_dsub.1)
                  00005a24    0000000a     libc.a : _printfi.c.obj (.text.OUTLINED_FUNCTION_1)
                  00005a2e    0000000a            : sprintf.c.obj (.text._outc)
                  00005a38    0000000a     trackingiic.o (.text.trackSensorIndicatorSet)
                  00005a42    00000008     ti_msp_dl_config.o (.text.SYSCFG_DL_DMA_init)
                  00005a4a    00000002     --HOLE-- [fill = 0]
                  00005a4c    00000008     libc.a : aeabi_portable.c.obj (.text.__aeabi_errno_addr)
                  00005a54    00000008     libclang_rt.builtins.a : aeabi_memcpy.S.obj (.text.__aeabi_memcpy)
                  00005a5c    00000006     libc.a : exit.c.obj (.text:abort)
                  00005a62    00000004     libsysbm.a : hostexit.c.obj (.text.HOSTexit)
                  00005a66    00000004     startup_mspm0g350x_ticlang.o (.text.Reset_Handler)
                  00005a6a    00000002     --HOLE-- [fill = 0]
                  00005a6c    00000010     libc.a : boot_cortex_m.c.obj (.tramp._c_int00_noargs.1)
                  00005a7c    00000004            : pre_init.c.obj (.text._system_pre_init)

.cinit     0    00006570    00000088     
                  00006570    0000005f     (.cinit..data.load) [load image, compression = lzss]
                  000065cf    00000001     --HOLE-- [fill = 0]
                  000065d0    0000000c     (__TI_handler_table)
                  000065dc    00000008     (.cinit..bss.load) [load image, compression = zero_init]
                  000065e4    00000010     (__TI_cinit_table)
                  000065f4    00000004     --HOLE-- [fill = 0]

.rodata    0    00005a80    00000af0     
                  00005a80    000005f0     oled_hardware_i2c.o (.rodata.asc2_1608)
                  00006070    00000228     oled_hardware_i2c.o (.rodata.asc2_0806)
                  00006298    00000008     ti_msp_dl_config.o (.rodata.gPWM_0Config)
                  000062a0    00000101     libc.a : aeabi_ctype.S.obj (.rodata:__aeabi_ctype_table_)
                  000063a1    00000003     ti_msp_dl_config.o (.rodata.gPWM_0ClockConfig)
                  000063a4    00000030     trackingiic.o (.rodata.gTrackWeights)
                  000063d4    00000028     ti_msp_dl_config.o (.rodata.gSYSPLLConfig)
                  000063fc    0000001b     assignment.o (.rodata.str1.14642066418101282876.1)
                  00006417    00000019     main.o (.rodata.str1.288608917962107522.1)
                  00006430    00000018     ti_msp_dl_config.o (.rodata.gDMA_WITConfig)
                  00006448    00000014     ti_msp_dl_config.o (.rodata.gTIMER_0TimerConfig)
                  0000645c    00000014     ti_msp_dl_config.o (.rodata.gTIMER_BalanceTimerConfig)
                  00006470    00000014     ti_msp_dl_config.o (.rodata.gTIMER_ULTRASONICTimerConfig)
                  00006484    00000013     bluetooth.o (.rodata.str1.17966125886390595526.1)
                  00006497    00000011     libc.a : _printfi.c.obj (.rodata.str1.10348868589481759720.1)
                  000064a8    00000011            : _printfi.c.obj (.rodata.str1.15363888844622738466.1)
                  000064b9    0000000c     assignment.o (.rodata.str1.881729555231519297.1)
                  000064c5    00000001     --HOLE-- [fill = 0]
                  000064c6    0000000a     ti_msp_dl_config.o (.rodata.gUART_BTConfig)
                  000064d0    0000000a     ti_msp_dl_config.o (.rodata.gUART_WITConfig)
                  000064da    0000000a     main.o (.rodata.str1.15159059442110792349.1)
                  000064e4    0000000a     assignment.o (.rodata.str1.499403785858297772.1)
                  000064ee    0000000a     main.o (.rodata.str1.8154729771448623357.1)
                  000064f8    00000009     assignment.o (.rodata.str1.15410282566580952954.1)
                  00006501    00000009     assignment.o (.rodata.str1.1628366750994360904.1)
                  0000650a    00000009     assignment.o (.rodata.str1.6362292075570814757.1)
                  00006513    00000009     assignment.o (.rodata.str1.8372792836397371563.1)
                  0000651c    00000008     ti_msp_dl_config.o (.rodata.gPWM_SERVOConfig)
                  00006524    00000008     ti_msp_dl_config.o (.rodata.gPWM_ULTRASONICConfig)
                  0000652c    00000007     main.o (.rodata.str1.12180500075719773345.1)
                  00006533    00000007     assignment.o (.rodata.str1.12916219474257230738.1)
                  0000653a    00000007     main.o (.rodata.str1.18227636981041470289.1)
                  00006541    00000005     main.o (.rodata.str1.17100691992556644108.1)
                  00006546    00000004     main.o (.rodata.str1.7702501944640899365.1)
                  0000654a    00000003     ti_msp_dl_config.o (.rodata.gPWM_SERVOClockConfig)
                  0000654d    00000003     ti_msp_dl_config.o (.rodata.gPWM_ULTRASONICClockConfig)
                  00006550    00000003     ti_msp_dl_config.o (.rodata.gTIMER_0ClockConfig)
                  00006553    00000003     ti_msp_dl_config.o (.rodata.gTIMER_BalanceClockConfig)
                  00006556    00000003     ti_msp_dl_config.o (.rodata.gTIMER_ULTRASONICClockConfig)
                  00006559    00000003     main.o (.rodata.str1.14112174005742061988.1)
                  0000655c    00000003     main.o (.rodata.str1.2846389346932560359.1)
                  0000655f    00000003     assignment.o (.rodata.str1.5388786565809706530.1)
                  00006562    00000002     ti_msp_dl_config.o (.rodata.gI2C_OLEDClockConfig)
                  00006564    00000002     ti_msp_dl_config.o (.rodata.gUART_BTClockConfig)
                  00006566    00000002     ti_msp_dl_config.o (.rodata.gUART_WITClockConfig)
                  00006568    00000008     --HOLE-- [fill = 0]

.init_array 
*          0    00000000    00000000     UNINITIALIZED

.binit     0    00000000    00000000     

.data      0    20200000    00001ffb     UNINITIALIZED
                  20200000    00000fa0     speed.o (.data.SpeLeft)
                  20200fa0    00000fa0     speed.o (.data.SpeRight)
                  20201f40    00000020     main.o (.data.assignment_function)
                  20201f60    00000020     move.o (.data.balance_stand.upright_pid)
                  20201f80    00000010     assignment.o (.data.shapeStrings)
                  20201f90    0000000c     trackingiic.o (.data.x)
                  20201f9c    00000008     turn.o (.data.Turntimer)
                  20201fa4    00000008     move.o (.data.move_track_x)
                  20201fac    00000004     assignment.o (.data.Assig1)
                  20201fb0    00000004     turn.o (.data.Current_Dir)
                  20201fb4    00000004     turn.o (.data.Left_Turn.turn_step)
                  20201fb8    00000004     speed.o (.data.Left_count)
                  20201fbc    00000004     turn.o (.data.Right_Turn.turn_step)
                  20201fc0    00000004     speed.o (.data.Right_count)
                  20201fc4    00000004     trackingiic.o (.data.Tracking_Sum)
                  20201fc8    00000004     libc.a : aeabi_portable.c.obj (.data.__aeabi_errno)
                  20201fcc    00000004     trackingiic.o (.data.gTrackErrorChange)
                  20201fd0    00000004     move.o (.data.irSpeed)
                  20201fd4    00000004     assignment.o (.data.l1)
                  20201fd8    00000004     assignment.o (.data.l2)
                  20201fdc    00000004     speed.o (.data.l)
                  20201fe0    00000004     trackingiic.o (.data.last_tracking_error)
                  20201fe4    00000004     speed.o (.data.r)
                  20201fe8    00000004     move.o (.data.target_roll)
                  20201fec    00000002     trackingiic.o (.data.IrSensorNumber)
                  20201fee    00000002     trackingiic.o (.data.gTrackRawState12)
                  20201ff0    00000002     move.o (.data.move_IrSensorNumber)
                  20201ff2    00000001     turn.o (.data.CrossingFlag)
                  20201ff3    00000001     assignment.o (.data.LeftTurnFlag)
                  20201ff4    00000001     assignment.o (.data.RightTurnFlag)
                  20201ff5    00000001     assignment.o (.data.TurnOverFlag)
                  20201ff6    00000001     assignment.o (.data.assignmentFlag)
                  20201ff7    00000001     trackingiic.o (.data.gTrackSensorOnline)
                  20201ff8    00000001     assignment.o (.data.shapeFlag)
                  20201ff9    00000001     turn.o (.data.turnCompleted)
                  20201ffa    00000001     turn.o (.data.turnFlag)

.bss       0    20201ffc    00000360     UNINITIALIZED
                  20201ffc    000000bc     (.common:gPWM_0Backup)
                  202020b8    000000bc     (.common:gTIMER_BalanceBackup)
                  20202174    000000a0     (.common:gPWM_SERVOBackup)
                  20202214    000000a0     (.common:gTIMER_0Backup)
                  202022b4    00000040     (.common:oled_buffer)
                  202022f4    00000021     (.common:wit_dmaBuffer)
                  20202315    00000003     --HOLE--
                  20202318    00000020     (.common:wit_data)
                  20202338    0000000d     main.o (.bss.track_buffer)
                  20202345    00000003     --HOLE--
                  20202348    00000004     speed.o (.bss.SpeedRead.Last_Left_count)
                  2020234c    00000004     speed.o (.bss.SpeedRead.Last_Right_count)
                  20202350    00000004     (.common:Target_Dir)
                  20202354    00000004     (.common:start_time)
                  20202358    00000004     (.common:tick_ms)

.stack     0    20207e00    00000200     UNINITIALIZED
                  20207e00    00000004     libc.a : boot_cortex_m.c.obj (.stack)
                  20207e04    000001fc     --HOLE--

__llvm_prf_cnts 
*          0    20200000    00000000     UNINITIALIZED

__llvm_prf_bits 
*          0    20200000    00000000     UNINITIALIZED

MODULE SUMMARY

       Module                         code    ro data   rw data
       ------                         ----    -------   -------
    .\
       ti_msp_dl_config.o             3182    192       696    
       main.o                         420     74        109    
       startup_mspm0g350x_ticlang.o   8       192       0      
    +--+------------------------------+-------+---------+---------+
       Total:                         3610    458       805    
                                                               
    .\AssignmentChoose\
       assignment.o                   1358    95        33     
    +--+------------------------------+-------+---------+---------+
       Total:                         1358    95        33     
                                                               
    .\Drivers\Bluetooth\
       bluetooth.o                    200     19        0      
    +--+------------------------------+-------+---------+---------+
       Total:                         200     19        0      
                                                               
    .\Drivers\MSPM0\
       interrupt.o                    1132    0         0      
       clock.o                        328     0         8      
    +--+------------------------------+-------+---------+---------+
       Total:                         1460    0         8      
                                                               
    .\Drivers\Motor\
       Motor.o                        356     0         0      
    +--+------------------------------+-------+---------+---------+
       Total:                         356     0         0      
                                                               
    .\Drivers\OLED_Hardware_I2C\
       oled_hardware_i2c.o            1780    2072      0      
    +--+------------------------------+-------+---------+---------+
       Total:                         1780    2072      0      
                                                               
    .\Drivers\TrackingModuleIIC\
       trackingiic.o                  1132    48        29     
    +--+------------------------------+-------+---------+---------+
       Total:                         1132    48        29     
                                                               
    .\Drivers\Ultrasonic_GPIO\
       ultrasonic_gpio.o              2       0         0      
    +--+------------------------------+-------+---------+---------+
       Total:                         2       0         0      
                                                               
    .\Drivers\WIT\
       wit.o                          278     0         65     
    +--+------------------------------+-------+---------+---------+
       Total:                         278     0         65     
                                                               
    .\INTERRUPT\
       interrupt.o                    372     0         0      
    +--+------------------------------+-------+---------+---------+
       Total:                         372     0         0      
                                                               
    .\Move\
       move.o                         1422    0         50     
    +--+------------------------------+-------+---------+---------+
       Total:                         1422    0         50     
                                                               
    .\PID\
       pid.o                          336     0         0      
    +--+------------------------------+-------+---------+---------+
       Total:                         336     0         0      
                                                               
    .\SPEED\
       speed.o                        292     0         8024   
    +--+------------------------------+-------+---------+---------+
       Total:                         292     0         8024   
                                                               
    .\TURN\
       turn.o                         692     0         27     
    +--+------------------------------+-------+---------+---------+
       Total:                         692     0         27     
                                                               
    C:/TI/mspm0_sdk_2_04_00_06/source/ti/driverlib/lib/ticlang/m0p/mspm0g1x0x_g3x0x/driverlib.a
       dl_timer.o                     588     0         0      
       dl_sysctl_mspm0g1x0x_g3x0x.o   288     0         0      
       dl_uart.o                      206     0         0      
       dl_i2c.o                       192     0         0      
       dl_dma.o                       76      0         0      
       dl_common.o                    10      0         0      
    +--+------------------------------+-------+---------+---------+
       Total:                         1360    0         0      
                                                               
    D:\TI\ccs\tools\compiler\ti-cgt-armllvm_4.0.3.LTS\lib\armv6m-ti-none-eabi/c/libc.a
       _printfi.c.obj                 4510    34        0      
       aeabi_ctype.S.obj              0       257       0      
       s_scalbn.c.obj                 216     0         0      
       snprintf.c.obj                 148     0         0      
       copy_decompress_lzss.c.obj     124     0         0      
       s_frexp.c.obj                  92      0         0      
       sprintf.c.obj                  90      0         0      
       _ltoa.c.obj                    88      0         0      
       atoi.c.obj                     64      0         0      
       autoinit.c.obj                 60      0         0      
       boot_cortex_m.c.obj            56      0         0      
       memccpy.c.obj                  34      0         0      
       copy_zero_init.c.obj           22      0         0      
       copy_decompress_none.c.obj     18      0         0      
       memcpy16.S.obj                 18      0         0      
       wcslen.c.obj                   16      0         0      
       memset16.S.obj                 14      0         0      
       aeabi_portable.c.obj           8       0         4      
       exit.c.obj                     6       0         0      
       pre_init.c.obj                 4       0         0      
    +--+------------------------------+-------+---------+---------+
       Total:                         5588    291       4      
                                                               
    D:\TI\ccs\tools\compiler\ti-cgt-armllvm_4.0.3.LTS\lib\armv6m-ti-none-eabi/c/libsysbm.a
       hostexit.c.obj                 4       0         0      
    +--+------------------------------+-------+---------+---------+
       Total:                         4       0         0      
                                                               
    D:\TI\ccs\tools\compiler\ti-cgt-armllvm_4.0.3.LTS\lib\armv6m-ti-none-eabi/libclang_rt.builtins.a
       adddf3.S.obj                   418     0         0      
       divdf3.S.obj                   268     0         0      
       muldf3.S.obj                   228     0         0      
       comparedf2.c.obj               220     0         0      
       addsf3.S.obj                   216     0         0      
       udivmoddi4.S.obj               162     0         0      
       mulsf3.S.obj                   140     0         0      
       comparesf2.S.obj               118     0         0      
       truncdfsf2.S.obj               116     0         0      
       aeabi_dcmp.S.obj               98      0         0      
       aeabi_fcmp.S.obj               98      0         0      
       aeabi_idivmod.S.obj            86      0         0      
       fixdfsi.S.obj                  74      0         0      
       aeabi_uidivmod.S.obj           64      0         0      
       extendsfdf2.S.obj              64      0         0      
       floatsisf.S.obj                60      0         0      
       muldsi3.S.obj                  58      0         0      
       fixsfsi.S.obj                  56      0         0      
       floatsidf.S.obj                44      0         0      
       muldi3.S.obj                   36      0         0      
       ashldi3.S.obj                  30      0         0      
       aeabi_uldivmod.S.obj           20      0         0      
       aeabi_memset.S.obj             14      0         0      
       aeabi_memcpy.S.obj             8       0         0      
       aeabi_div0.c.obj               4       0         0      
    +--+------------------------------+-------+---------+---------+
       Total:                         2700    0         0      
                                                               
       Stack:                         0       0         512    
       Linker Generated:              0       131       0      
    +--+------------------------------+-------+---------+---------+
       Grand Total:                   22942   3114      9557   


LINKER GENERATED COPY TABLES

__TI_cinit_table @ 000065e4 records: 2, size/record: 8, table size: 16
	.data: load addr=00006570, load size=0000005f bytes, run addr=20200000, run size=00001ffb bytes, compression=lzss
	.bss: load addr=000065dc, load size=00000008 bytes, run addr=20201ffc, run size=00000360 bytes, compression=zero_init


LINKER GENERATED HANDLER TABLE

__TI_handler_table @ 000065d0 records: 3, size/record: 4, table size: 12
	index: 0, handler: __TI_decompress_lzss
	index: 1, handler: __TI_decompress_none
	index: 2, handler: __TI_zero_init


FAR CALL TRAMPOLINES

callee name               trampoline name
   callee addr  tramp addr   call addr  call info
--------------  -----------  ---------  ----------------
__aeabi_dsub              $Tramp$TT$L$PI$$__aeabi_dsub
   000017e1     00005a14     00005a12   libc.a : _printfi.c.obj (.text.OUTLINED_FUNCTION_0)
_c_int00_noargs           $Tramp$TT$L$PI$$_c_int00_noargs
   00004f65     00005a6c     00005a66   startup_mspm0g350x_ticlang.o (.text.Reset_Handler)

[2 trampolines]
[2 trampoline calls]


GLOBAL SYMBOLS: SORTED ALPHABETICALLY BY Name 

address   name                                 
-------   ----                                 
000037ad  ADC0_IRQHandler                      
000037ad  ADC1_IRQHandler                      
000037ad  AES_IRQHandler                       
20201fac  Assig1                               
00001975  AssignmentChoose                     
000059f7  BalanceTimerInit                     
00004465  Bluetooth_SendData                   
000035bd  Bluetooth_SendString                 
00005a62  C$$EXIT                              
000037ad  CANFD0_IRQHandler                    
20201ff2  CrossingFlag                         
20201fb0  Current_Dir                          
000037ad  DAC0_IRQHandler                      
00005a01  DL_Common_delayCycles                
00004335  DL_DMA_initChannel                   
00003dc9  DL_I2C_fillControllerTXFIFO          
0000477d  DL_I2C_flushControllerTXFIFO         
00005025  DL_I2C_setClockConfig                
0000282d  DL_SYSCTL_configSYSPLL               
0000453d  DL_SYSCTL_switchMCLKfromSYSOSCtoHSCLK
00002291  DL_Timer_initFourCCPWMMode           
0000257d  DL_Timer_initTimerMode               
00005325  DL_Timer_setCaptCompUpdateMethod     
00005621  DL_Timer_setCaptureCompareOutCtl     
0000598d  DL_Timer_setCaptureCompareValue      
00005341  DL_Timer_setClockConfig              
0000414d  DL_UART_drainRXFIFO                  
000044ad  DL_UART_init                         
00005945  DL_UART_setClockConfig               
0000511d  DL_UART_transmitDataBlocking         
000037ad  DMA_IRQHandler                       
000037ad  Default_Handler                      
000037ad  GROUP0_IRQHandler                    
000030a5  GROUP1_IRQHandler                    
00005a63  HOSTexit                             
000037ad  HardFault_Handler                    
000037ad  I2C0_IRQHandler                      
000037ad  I2C1_IRQHandler                      
20201fec  IrSensorNumber                       
20201ff3  LeftTurnFlag                         
000034b5  Left_Control                         
00001bf5  Left_Turn                            
20201fb8  Left_count                           
00003b79  LightAndSound                        
00002ab9  Loca_PID                             
0000515b  Loca_PID_Reset                       
000037ad  NMI_Handler                          
00003d09  NonBlockDelay                        
0000396d  OLED_Clear                           
00002075  OLED_Init                            
000047f5  OLED_Set_Pos                         
00001f5d  OLED_ShowChar                        
00003825  OLED_ShowString                      
00003141  OLED_WR_Byte                         
000037ad  PendSV_Handler                       
000037ad  RTC_IRQHandler                       
00003895  RangeLimite                          
00005a67  Reset_Handler                        
20201ff4  RightTurnFlag                        
0000363d  Right_Control                        
00001d19  Right_Turn                           
20201fc0  Right_count                          
000037ad  SPI0_IRQHandler                      
000037ad  SPI1_IRQHandler                      
000037ad  SVC_Handler                          
000056f9  SYSCFG_DL_DMA_WIT_init               
00005a43  SYSCFG_DL_DMA_init                   
00000df9  SYSCFG_DL_GPIO_init                  
00003f3d  SYSCFG_DL_I2C_OLED_init              
00003309  SYSCFG_DL_PWM_0_init                 
00003399  SYSCFG_DL_PWM_SERVO_init             
000039d9  SYSCFG_DL_PWM_ULTRASONIC_init        
00004831  SYSCFG_DL_SYSCTL_init                
00004aa9  SYSCFG_DL_TIMER_0_init               
00004add  SYSCFG_DL_TIMER_Balance_init         
00004ccd  SYSCFG_DL_TIMER_ULTRASONIC_init      
000045c5  SYSCFG_DL_UART_BT_init               
00003a41  SYSCFG_DL_UART_WIT_init              
00003d69  SYSCFG_DL_init                       
00002b91  SYSCFG_DL_initPower                  
20200000  SpeLeft                              
20200fa0  SpeRight                             
00002c65  SpeedRead                            
00005379  Speed_Init                           
0000599d  SysTick_Handler                      
00005711  SysTick_Init                         
00004b11  TB6612_Motor_Stop                    
00004b45  TIMA0_IRQHandler                     
000037ad  TIMA1_IRQHandler                     
000037ad  TIMG0_IRQHandler                     
000037ad  TIMG12_IRQHandler                    
00005395  TIMG6_IRQHandler                     
000037ad  TIMG7_IRQHandler                     
000037ad  TIMG8_IRQHandler                     
00005957  TI_memcpy_small                      
000059e9  TI_memset_small                      
20202350  Target_Dir                           
0000124d  Tracking                             
20201fc4  Tracking_Sum                         
20201ff5  TurnOverFlag                         
00000a91  UART0_IRQHandler                     
000037ad  UART1_IRQHandler                     
000037ad  UART2_IRQHandler                     
000037ad  UART3_IRQHandler                     
00001973  Ultrasonic_Init                      
00004581  WIT_Init                             
20208000  __STACK_END                          
00000200  __STACK_SIZE                         
00000000  __TI_ATRegion0_region_sz             
00000000  __TI_ATRegion0_src_addr              
00000000  __TI_ATRegion0_trg_addr              
00000000  __TI_ATRegion1_region_sz             
00000000  __TI_ATRegion1_src_addr              
00000000  __TI_ATRegion1_trg_addr              
00000000  __TI_ATRegion2_region_sz             
00000000  __TI_ATRegion2_src_addr              
00000000  __TI_ATRegion2_trg_addr              
000065e4  __TI_CINIT_Base                      
000065f4  __TI_CINIT_Limit                     
000065f4  __TI_CINIT_Warm                      
000065d0  __TI_Handler_Table_Base              
000065dc  __TI_Handler_Table_Limit             
000048e5  __TI_auto_init_nobinit_nopinit       
000036bd  __TI_decompress_lzss                 
00005969  __TI_decompress_none                 
00003f95  __TI_ltoa                            
ffffffff  __TI_pprof_out_hndl                  
000000c1  __TI_printfi                         
ffffffff  __TI_prof_data_size                  
ffffffff  __TI_prof_data_start                 
00000000  __TI_static_base__                   
000057dd  __TI_zero_init_nomemset              
000017eb  __adddf3                             
000029eb  __addsf3                             
000062a0  __aeabi_ctype_table_                 
000062a0  __aeabi_ctype_table_C                
000037b1  __aeabi_d2f                          
00004419  __aeabi_d2iz                         
000017eb  __aeabi_dadd                         
00003c41  __aeabi_dcmpeq                       
00003c7d  __aeabi_dcmpge                       
00003c91  __aeabi_dcmpgt                       
00003c69  __aeabi_dcmple                       
00003c55  __aeabi_dcmplt                       
00002185  __aeabi_ddiv                         
00002665  __aeabi_dmul                         
000017e1  __aeabi_dsub                         
20201fc8  __aeabi_errno                        
00005a4d  __aeabi_errno_addr                   
00004645  __aeabi_f2d                          
00004999  __aeabi_f2iz                         
000029eb  __aeabi_fadd                         
00003ca5  __aeabi_fcmpeq                       
00003ce1  __aeabi_fcmpge                       
00003cf5  __aeabi_fcmpgt                       
00003ccd  __aeabi_fcmple                       
00003cb9  __aeabi_fcmplt                       
00003429  __aeabi_fmul                         
000029e1  __aeabi_fsub                         
00004d7d  __aeabi_i2d                          
0000486d  __aeabi_i2f                          
000040f5  __aeabi_idiv                         
00002b8f  __aeabi_idiv0                        
000040f5  __aeabi_idivmod                      
000030a3  __aeabi_ldiv0                        
00005179  __aeabi_llsl                         
00005095  __aeabi_lmul                         
00005a55  __aeabi_memcpy                       
00005a55  __aeabi_memcpy4                      
00005a55  __aeabi_memcpy8                      
000059cd  __aeabi_memset                       
000059cd  __aeabi_memset4                      
000059cd  __aeabi_memset8                      
00004605  __aeabi_uidiv                        
00004605  __aeabi_uidivmod                     
000058e5  __aeabi_uldivmod                     
00005179  __ashldi3                            
ffffffff  __binit__                            
00003aa9  __cmpdf2                             
00004921  __cmpsf2                             
00002185  __divdf3                             
00003aa9  __eqdf2                              
00004921  __eqsf2                              
00004645  __extendsfdf2                        
00004419  __fixdfsi                            
00004999  __fixsfsi                            
00004d7d  __floatsidf                          
0000486d  __floatsisf                          
00003739  __gedf2                              
000048a9  __gesf2                              
00003739  __gtdf2                              
000048a9  __gtsf2                              
00003aa9  __ledf2                              
00004921  __lesf2                              
00003aa9  __ltdf2                              
00004921  __ltsf2                              
UNDEFED   __mpu_init                           
00002665  __muldf3                             
00005095  __muldi3                             
0000495d  __muldsi3                            
00003429  __mulsf3                             
00003aa9  __nedf2                              
00004921  __nesf2                              
20207e00  __stack                              
20200000  __start___llvm_prf_bits              
20200000  __start___llvm_prf_cnts              
20200000  __stop___llvm_prf_bits               
20200000  __stop___llvm_prf_cnts               
000017e1  __subdf3                             
000029e1  __subsf3                             
000037b1  __truncdfsf2                         
00003001  __udivmoddi4                         
00004f65  _c_int00_noargs                      
UNDEFED   _system_post_cinit                   
00005a7d  _system_pre_init                     
00005a5d  abort                                
00006070  asc2_0806                            
00005a80  asc2_1608                            
000058f9  assignment0                          
00004f3d  assignment1                          
00002ded  assignment2                          
00002d29  assignment3                          
000031d9  assignment4                          
00002ea9  assignment5                          
20201ff6  assignmentFlag                       
20201f40  assignment_function                  
00004685  atoi                                 
00005197  backwords                            
00002f55  balance_stand                        
ffffffff  binit                                
000059ad  delay_ms                             
00003e85  frexp                                
00003e85  frexpl                               
20201ffc  gPWM_0Backup                         
20202174  gPWM_SERVOBackup                     
20202214  gTIMER_0Backup                       
202020b8  gTIMER_BalanceBackup                 
20201fcc  gTrackErrorChange                    
20201fee  gTrackRawState12                     
20201ff7  gTrackSensorOnline                   
00000000  interruptVectors                     
20201fd0  irSpeed                              
20201fdc  l                                    
20201fd4  l1                                   
20201fd8  l2                                   
20201fe0  last_tracking_error                  
00002909  ldexp                                
00002909  ldexpl                               
0000163d  main                                 
000050b9  memccpy                              
00004c9d  mspm0_delay_ms                       
00004da9  mspm0_get_clock_ms                   
202022b4  oled_buffer                          
00003bdd  oled_i2c_sda_unlock                  
00002395  parking                              
20201fe4  r                                    
00002909  scalbn                               
00002909  scalbnl                              
20201ff8  shapeFlag                            
20201f80  shapeStrings                         
000043cd  snprintf                             
000049d1  sprintf                              
20202354  start_time                           
000051b5  stop                                 
20201fe8  target_roll                          
20202358  tick_ms                              
00005a39  trackSensorIndicatorSet              
000042e5  trackSensorResetData                 
00003901  trackSensorUpdate                    
0000248d  track_deal_sensor                    
20201ff9  turnCompleted                        
20201ffa  turnFlag                             
000059bd  wcslen                               
20202318  wit_data                             
202022f4  wit_dmaBuffer                        
20201f90  x                                    
00004b79  zeroparameter                        


GLOBAL SYMBOLS: SORTED BY Symbol Address 

address   name                                 
-------   ----                                 
00000000  __TI_ATRegion0_region_sz             
00000000  __TI_ATRegion0_src_addr              
00000000  __TI_ATRegion0_trg_addr              
00000000  __TI_ATRegion1_region_sz             
00000000  __TI_ATRegion1_src_addr              
00000000  __TI_ATRegion1_trg_addr              
00000000  __TI_ATRegion2_region_sz             
00000000  __TI_ATRegion2_src_addr              
00000000  __TI_ATRegion2_trg_addr              
00000000  __TI_static_base__                   
00000000  interruptVectors                     
000000c1  __TI_printfi                         
00000200  __STACK_SIZE                         
00000a91  UART0_IRQHandler                     
00000df9  SYSCFG_DL_GPIO_init                  
0000124d  Tracking                             
0000163d  main                                 
000017e1  __aeabi_dsub                         
000017e1  __subdf3                             
000017eb  __adddf3                             
000017eb  __aeabi_dadd                         
00001973  Ultrasonic_Init                      
00001975  AssignmentChoose                     
00001bf5  Left_Turn                            
00001d19  Right_Turn                           
00001f5d  OLED_ShowChar                        
00002075  OLED_Init                            
00002185  __aeabi_ddiv                         
00002185  __divdf3                             
00002291  DL_Timer_initFourCCPWMMode           
00002395  parking                              
0000248d  track_deal_sensor                    
0000257d  DL_Timer_initTimerMode               
00002665  __aeabi_dmul                         
00002665  __muldf3                             
0000282d  DL_SYSCTL_configSYSPLL               
00002909  ldexp                                
00002909  ldexpl                               
00002909  scalbn                               
00002909  scalbnl                              
000029e1  __aeabi_fsub                         
000029e1  __subsf3                             
000029eb  __addsf3                             
000029eb  __aeabi_fadd                         
00002ab9  Loca_PID                             
00002b8f  __aeabi_idiv0                        
00002b91  SYSCFG_DL_initPower                  
00002c65  SpeedRead                            
00002d29  assignment3                          
00002ded  assignment2                          
00002ea9  assignment5                          
00002f55  balance_stand                        
00003001  __udivmoddi4                         
000030a3  __aeabi_ldiv0                        
000030a5  GROUP1_IRQHandler                    
00003141  OLED_WR_Byte                         
000031d9  assignment4                          
00003309  SYSCFG_DL_PWM_0_init                 
00003399  SYSCFG_DL_PWM_SERVO_init             
00003429  __aeabi_fmul                         
00003429  __mulsf3                             
000034b5  Left_Control                         
000035bd  Bluetooth_SendString                 
0000363d  Right_Control                        
000036bd  __TI_decompress_lzss                 
00003739  __gedf2                              
00003739  __gtdf2                              
000037ad  ADC0_IRQHandler                      
000037ad  ADC1_IRQHandler                      
000037ad  AES_IRQHandler                       
000037ad  CANFD0_IRQHandler                    
000037ad  DAC0_IRQHandler                      
000037ad  DMA_IRQHandler                       
000037ad  Default_Handler                      
000037ad  GROUP0_IRQHandler                    
000037ad  HardFault_Handler                    
000037ad  I2C0_IRQHandler                      
000037ad  I2C1_IRQHandler                      
000037ad  NMI_Handler                          
000037ad  PendSV_Handler                       
000037ad  RTC_IRQHandler                       
000037ad  SPI0_IRQHandler                      
000037ad  SPI1_IRQHandler                      
000037ad  SVC_Handler                          
000037ad  TIMA1_IRQHandler                     
000037ad  TIMG0_IRQHandler                     
000037ad  TIMG12_IRQHandler                    
000037ad  TIMG7_IRQHandler                     
000037ad  TIMG8_IRQHandler                     
000037ad  UART1_IRQHandler                     
000037ad  UART2_IRQHandler                     
000037ad  UART3_IRQHandler                     
000037b1  __aeabi_d2f                          
000037b1  __truncdfsf2                         
00003825  OLED_ShowString                      
00003895  RangeLimite                          
00003901  trackSensorUpdate                    
0000396d  OLED_Clear                           
000039d9  SYSCFG_DL_PWM_ULTRASONIC_init        
00003a41  SYSCFG_DL_UART_WIT_init              
00003aa9  __cmpdf2                             
00003aa9  __eqdf2                              
00003aa9  __ledf2                              
00003aa9  __ltdf2                              
00003aa9  __nedf2                              
00003b79  LightAndSound                        
00003bdd  oled_i2c_sda_unlock                  
00003c41  __aeabi_dcmpeq                       
00003c55  __aeabi_dcmplt                       
00003c69  __aeabi_dcmple                       
00003c7d  __aeabi_dcmpge                       
00003c91  __aeabi_dcmpgt                       
00003ca5  __aeabi_fcmpeq                       
00003cb9  __aeabi_fcmplt                       
00003ccd  __aeabi_fcmple                       
00003ce1  __aeabi_fcmpge                       
00003cf5  __aeabi_fcmpgt                       
00003d09  NonBlockDelay                        
00003d69  SYSCFG_DL_init                       
00003dc9  DL_I2C_fillControllerTXFIFO          
00003e85  frexp                                
00003e85  frexpl                               
00003f3d  SYSCFG_DL_I2C_OLED_init              
00003f95  __TI_ltoa                            
000040f5  __aeabi_idiv                         
000040f5  __aeabi_idivmod                      
0000414d  DL_UART_drainRXFIFO                  
000042e5  trackSensorResetData                 
00004335  DL_DMA_initChannel                   
000043cd  snprintf                             
00004419  __aeabi_d2iz                         
00004419  __fixdfsi                            
00004465  Bluetooth_SendData                   
000044ad  DL_UART_init                         
0000453d  DL_SYSCTL_switchMCLKfromSYSOSCtoHSCLK
00004581  WIT_Init                             
000045c5  SYSCFG_DL_UART_BT_init               
00004605  __aeabi_uidiv                        
00004605  __aeabi_uidivmod                     
00004645  __aeabi_f2d                          
00004645  __extendsfdf2                        
00004685  atoi                                 
0000477d  DL_I2C_flushControllerTXFIFO         
000047f5  OLED_Set_Pos                         
00004831  SYSCFG_DL_SYSCTL_init                
0000486d  __aeabi_i2f                          
0000486d  __floatsisf                          
000048a9  __gesf2                              
000048a9  __gtsf2                              
000048e5  __TI_auto_init_nobinit_nopinit       
00004921  __cmpsf2                             
00004921  __eqsf2                              
00004921  __lesf2                              
00004921  __ltsf2                              
00004921  __nesf2                              
0000495d  __muldsi3                            
00004999  __aeabi_f2iz                         
00004999  __fixsfsi                            
000049d1  sprintf                              
00004aa9  SYSCFG_DL_TIMER_0_init               
00004add  SYSCFG_DL_TIMER_Balance_init         
00004b11  TB6612_Motor_Stop                    
00004b45  TIMA0_IRQHandler                     
00004b79  zeroparameter                        
00004c9d  mspm0_delay_ms                       
00004ccd  SYSCFG_DL_TIMER_ULTRASONIC_init      
00004d7d  __aeabi_i2d                          
00004d7d  __floatsidf                          
00004da9  mspm0_get_clock_ms                   
00004f3d  assignment1                          
00004f65  _c_int00_noargs                      
00005025  DL_I2C_setClockConfig                
00005095  __aeabi_lmul                         
00005095  __muldi3                             
000050b9  memccpy                              
0000511d  DL_UART_transmitDataBlocking         
0000515b  Loca_PID_Reset                       
00005179  __aeabi_llsl                         
00005179  __ashldi3                            
00005197  backwords                            
000051b5  stop                                 
00005325  DL_Timer_setCaptCompUpdateMethod     
00005341  DL_Timer_setClockConfig              
00005379  Speed_Init                           
00005395  TIMG6_IRQHandler                     
00005621  DL_Timer_setCaptureCompareOutCtl     
000056f9  SYSCFG_DL_DMA_WIT_init               
00005711  SysTick_Init                         
000057dd  __TI_zero_init_nomemset              
000058e5  __aeabi_uldivmod                     
000058f9  assignment0                          
00005945  DL_UART_setClockConfig               
00005957  TI_memcpy_small                      
00005969  __TI_decompress_none                 
0000598d  DL_Timer_setCaptureCompareValue      
0000599d  SysTick_Handler                      
000059ad  delay_ms                             
000059bd  wcslen                               
000059cd  __aeabi_memset                       
000059cd  __aeabi_memset4                      
000059cd  __aeabi_memset8                      
000059e9  TI_memset_small                      
000059f7  BalanceTimerInit                     
00005a01  DL_Common_delayCycles                
00005a39  trackSensorIndicatorSet              
00005a43  SYSCFG_DL_DMA_init                   
00005a4d  __aeabi_errno_addr                   
00005a55  __aeabi_memcpy                       
00005a55  __aeabi_memcpy4                      
00005a55  __aeabi_memcpy8                      
00005a5d  abort                                
00005a62  C$$EXIT                              
00005a63  HOSTexit                             
00005a67  Reset_Handler                        
00005a7d  _system_pre_init                     
00005a80  asc2_1608                            
00006070  asc2_0806                            
000062a0  __aeabi_ctype_table_                 
000062a0  __aeabi_ctype_table_C                
000065d0  __TI_Handler_Table_Base              
000065dc  __TI_Handler_Table_Limit             
000065e4  __TI_CINIT_Base                      
000065f4  __TI_CINIT_Limit                     
000065f4  __TI_CINIT_Warm                      
20200000  SpeLeft                              
20200000  __start___llvm_prf_bits              
20200000  __start___llvm_prf_cnts              
20200000  __stop___llvm_prf_bits               
20200000  __stop___llvm_prf_cnts               
20200fa0  SpeRight                             
20201f40  assignment_function                  
20201f80  shapeStrings                         
20201f90  x                                    
20201fac  Assig1                               
20201fb0  Current_Dir                          
20201fb8  Left_count                           
20201fc0  Right_count                          
20201fc4  Tracking_Sum                         
20201fc8  __aeabi_errno                        
20201fcc  gTrackErrorChange                    
20201fd0  irSpeed                              
20201fd4  l1                                   
20201fd8  l2                                   
20201fdc  l                                    
20201fe0  last_tracking_error                  
20201fe4  r                                    
20201fe8  target_roll                          
20201fec  IrSensorNumber                       
20201fee  gTrackRawState12                     
20201ff2  CrossingFlag                         
20201ff3  LeftTurnFlag                         
20201ff4  RightTurnFlag                        
20201ff5  TurnOverFlag                         
20201ff6  assignmentFlag                       
20201ff7  gTrackSensorOnline                   
20201ff8  shapeFlag                            
20201ff9  turnCompleted                        
20201ffa  turnFlag                             
20201ffc  gPWM_0Backup                         
202020b8  gTIMER_BalanceBackup                 
20202174  gPWM_SERVOBackup                     
20202214  gTIMER_0Backup                       
202022b4  oled_buffer                          
202022f4  wit_dmaBuffer                        
20202318  wit_data                             
20202350  Target_Dir                           
20202354  start_time                           
20202358  tick_ms                              
20207e00  __stack                              
20208000  __STACK_END                          
ffffffff  __TI_pprof_out_hndl                  
ffffffff  __TI_prof_data_size                  
ffffffff  __TI_prof_data_start                 
ffffffff  __binit__                            
ffffffff  binit                                
UNDEFED   __mpu_init                           
UNDEFED   _system_post_cinit                   

[277 symbols]
