******************************************************************************
            TI ARM Clang Linker PC v4.0.3                      
******************************************************************************
>> Linked Wed Jul  8 15:03:05 2026

OUTPUT FILE NAME:   <BalanceCarNew.out>
ENTRY POINT SYMBOL: "_c_int00_noargs"  address: 00003755


MEMORY CONFIGURATION

         name            origin    length      used     unused   attr    fill
----------------------  --------  ---------  --------  --------  ----  --------
  FLASH                 00000000   00020000  00004990  0001b670  R  X
  SRAM                  20200000   00008000  00002414  00005bec  RW X
  BCR_CONFIG            41c00000   000000ff  00000000  000000ff  R   
  BSL_CONFIG            41c00100   00000080  00000000  00000080  R   


SEGMENT ALLOCATION MAP

run origin  load origin   length   init length attrs members
----------  ----------- ---------- ----------- ----- -------
00000000    00000000    00004990   00004990    r-x
  00000000    00000000    000000c0   000000c0    r-- .intvecs
  000000c0    000000c0    00003e20   00003e20    r-x .text
  00003ee0    00003ee0    00000a70   00000a70    r-- .rodata
  00004950    00004950    00000040   00000040    r-- .cinit
20200000    20200000    00002214   00000000    rw-
  20200000    20200000    00001f68   00000000    rw- .data
  20201f68    20201f68    000002ac   00000000    rw- .bss
20207e00    20207e00    00000200   00000000    rw-
  20207e00    20207e00    00000200   00000000    rw- .stack


SECTION ALLOCATION MAP

 output                                  attributes/
section   page    origin      length       input sections
--------  ----  ----------  ----------   ----------------
.intvecs   0    00000000    000000c0     
                  00000000    000000c0     startup_mspm0g350x_ticlang.o (.intvecs)

.text      0    000000c0    00003e20     
                  000000c0    000009d0     libc.a : _printfi.c.obj (.text:__TI_printfi)
                  00000a90    00000368     interrupt.o (.text.UART0_IRQHandler)
                  00000df8    00000220     libc.a : _printfi.c.obj (.text._pconv_a)
                  00001018    00000200     ti_msp_dl_config.o (.text.SYSCFG_DL_GPIO_init)
                  00001218    000001dc     libc.a : _printfi.c.obj (.text._pconv_g)
                  000013f4    00000192     libclang_rt.builtins.a : adddf3.S.obj (.text.adddf3_subdf3)
                  00001586    00000002     ultrasonic_gpio.o (.text.Ultrasonic_Init)
                  00001588    00000144     assignment.o (.text.AssignmentChoose)
                  000016cc    0000013c     libc.a : _printfi.c.obj (.text.fcvt)
                  00001808    00000120            : _printfi.c.obj (.text._pconv_e)
                  00001928    00000118     oled_software_i2c.o (.text.OLED_ShowChar)
                  00001a40    0000010c     libclang_rt.builtins.a : divdf3.S.obj (.text.__divdf3)
                  00001b4c    00000104     driverlib.a : dl_timer.o (.text.DL_Timer_initFourCCPWMMode)
                  00001c50    00000104     main.o (.text.main)
                  00001d54    000000fa     oled_software_i2c.o (.text.OLED_Init)
                  00001e4e    00000002     libclang_rt.builtins.a : aeabi_div0.c.obj (.text.__aeabi_idiv0)
                  00001e50    000000e8     driverlib.a : dl_timer.o (.text.DL_Timer_initTimerMode)
                  00001f38    000000e4     libclang_rt.builtins.a : muldf3.S.obj (.text.__muldf3)
                  0000201c    000000dc     driverlib.a : dl_sysctl_mspm0g1x0x_g3x0x.o (.text.DL_SYSCTL_configSYSPLL)
                  000020f8    000000d8     libc.a : s_scalbn.c.obj (.text.scalbn)
                  000021d0    000000c4     speed.o (.text.SpeedRead)
                  00002294    000000b0     ti_msp_dl_config.o (.text.SYSCFG_DL_initPower)
                  00002344    000000a2     libclang_rt.builtins.a : udivmoddi4.S.obj (.text)
                  000023e6    00000002                            : aeabi_div0.c.obj (.text.__aeabi_ldiv0)
                  000023e8    0000009c     interrupt.o (.text.GROUP1_IRQHandler)
                  00002484    00000090     ti_msp_dl_config.o (.text.SYSCFG_DL_PWM_0_init)
                  00002514    00000090     ti_msp_dl_config.o (.text.SYSCFG_DL_PWM_SERVO_init)
                  000025a4    00000084     Motor.o (.text.Left_Control)
                  00002628    00000084     clock.o (.text.__NVIC_SetPriority)
                  000026ac    00000080     bluetooth.o (.text.Bluetooth_SendString)
                  0000272c    00000080     Motor.o (.text.Right_Control)
                  000027ac    0000007c     oled_software_i2c.o (.text.Send_Byte)
                  00002828    0000007c     libc.a : copy_decompress_lzss.c.obj (.text:decompress:lzss)
                  000028a4    00000074     libclang_rt.builtins.a : comparedf2.c.obj (.text.__gedf2)
                  00002918    00000008     ti_msp_dl_config.o (.text.SYSCFG_DL_DMA_init)
                  00002920    00000074     libclang_rt.builtins.a : truncdfsf2.S.obj (.text.__truncdfsf2)
                  00002994    00000070     oled_software_i2c.o (.text.OLED_ShowString)
                  00002a04    0000006a     oled_software_i2c.o (.text.OLED_Clear)
                  00002a6e    00000002     --HOLE-- [fill = 0]
                  00002a70    00000068     ti_msp_dl_config.o (.text.SYSCFG_DL_PWM_ULTRASONIC_init)
                  00002ad8    00000068     ti_msp_dl_config.o (.text.SYSCFG_DL_UART_WIT_init)
                  00002b40    00000068     libclang_rt.builtins.a : comparedf2.c.obj (.text.__ledf2)
                  00002ba8    00000066     libc.a : _printfi.c.obj (.text._mcpy)
                  00002c0e    00000002     --HOLE-- [fill = 0]
                  00002c10    00000064     assignment.o (.text.LightAndSound)
                  00002c74    00000062     libclang_rt.builtins.a : aeabi_dcmp.S.obj (.text.__aeabi_dcmp)
                  00002cd6    00000002     --HOLE-- [fill = 0]
                  00002cd8    0000005c     libc.a : s_frexp.c.obj (.text.frexp)
                  00002d34    00000058            : _ltoa.c.obj (.text.__TI_ltoa)
                  00002d8c    00000058            : _printfi.c.obj (.text._pconv_f)
                  00002de4    00000056     libclang_rt.builtins.a : aeabi_idivmod.S.obj (.text.__aeabi_idivmod)
                  00002e3a    00000002     --HOLE-- [fill = 0]
                  00002e3c    00000054     driverlib.a : dl_uart.o (.text.DL_UART_drainRXFIFO)
                  00002e90    00000052     libc.a : _printfi.c.obj (.text._ecpy)
                  00002ee2    00000002     --HOLE-- [fill = 0]
                  00002ee4    00000050     ti_msp_dl_config.o (.text.SYSCFG_DL_init)
                  00002f34    00000050     clock.o (.text.SysTick_Config)
                  00002f84    0000004e     oled_software_i2c.o (.text.OLED_WR_Byte)
                  00002fd2    00000002     --HOLE-- [fill = 0]
                  00002fd4    0000004c     driverlib.a : dl_dma.o (.text.DL_DMA_initChannel)
                  00003020    0000004c     ti_msp_dl_config.o (.text.DL_UART_setBaudRateDivisor)
                  0000306c    0000004a     libclang_rt.builtins.a : fixdfsi.S.obj (.text.__fixdfsi)
                  000030b6    00000002     --HOLE-- [fill = 0]
                  000030b8    00000048     driverlib.a : dl_uart.o (.text.DL_UART_init)
                  00003100    00000044                 : dl_sysctl_mspm0g1x0x_g3x0x.o (.text.DL_SYSCTL_switchMCLKfromSYSOSCtoHSCLK)
                  00003144    00000044     wit.o (.text.WIT_Init)
                  00003188    00000040     ti_msp_dl_config.o (.text.SYSCFG_DL_UART_BT_init)
                  000031c8    00000040     libclang_rt.builtins.a : aeabi_uidivmod.S.obj (.text.__aeabi_uidivmod)
                  00003208    00000040                            : extendsfdf2.S.obj (.text.__extendsfdf2)
                  00003248    00000040     libc.a : atoi.c.obj (.text.atoi)
                  00003288    0000003c     ti_msp_dl_config.o (.text.DL_Timer_setCounterControl)
                  000032c4    0000003c     oled_software_i2c.o (.text.OLED_Set_Pos)
                  00003300    0000003c     ti_msp_dl_config.o (.text.SYSCFG_DL_SYSCTL_init)
                  0000333c    0000003c     libc.a : autoinit.c.obj (.text:__TI_auto_init_nobinit_nopinit)
                  00003378    0000003a     libclang_rt.builtins.a : muldsi3.S.obj (.text.__muldsi3)
                  000033b2    00000002     --HOLE-- [fill = 0]
                  000033b4    00000038     oled_software_i2c.o (.text.I2C_Start)
                  000033ec    00000038     libc.a : sprintf.c.obj (.text.sprintf)
                  00003424    00000034     ti_msp_dl_config.o (.text.DL_GPIO_initDigitalInputFeatures)
                  00003458    00000034     ti_msp_dl_config.o (.text.SYSCFG_DL_TIMER_0_init)
                  0000348c    00000030     interrupt.o (.text.DL_DMA_setTransferSize)
                  000034bc    00000030     wit.o (.text.DL_DMA_setTransferSize)
                  000034ec    00000030     ti_msp_dl_config.o (.text.DL_GPIO_initDigitalOutputFeatures)
                  0000351c    00000030     oled_software_i2c.o (.text.I2C_Stop)
                  0000354c    00000030     oled_software_i2c.o (.text.I2C_WaitAck)
                  0000357c    00000030     libc.a : _printfi.c.obj (.text._fcpy)
                  000035ac    00000030     clock.o (.text.mspm0_delay_ms)
                  000035dc    0000002c     ti_msp_dl_config.o (.text.SYSCFG_DL_TIMER_ULTRASONIC_init)
                  00003608    0000002c     speed.o (.text.__NVIC_EnableIRQ)
                  00003634    0000002c     wit.o (.text.__NVIC_EnableIRQ)
                  00003660    0000002c     libclang_rt.builtins.a : floatsidf.S.obj (.text.__floatsidf)
                  0000368c    00000028     ti_msp_dl_config.o (.text.DL_Common_updateReg)
                  000036b4    00000028     interrupt.o (.text.DL_DMA_setDestAddr)
                  000036dc    00000028     wit.o (.text.DL_DMA_setDestAddr)
                  00003704    00000028     wit.o (.text.DL_DMA_setSrcAddr)
                  0000372c    00000028     ti_msp_dl_config.o (.text.DL_UART_setRXFIFOThreshold)
                  00003754    00000028     libc.a : boot_cortex_m.c.obj (.text:_c_int00_noargs)
                  0000377c    00000026     interrupt.o (.text.DL_DMA_disableChannel)
                  000037a2    00000026     interrupt.o (.text.DL_DMA_enableChannel)
                  000037c8    00000026     wit.o (.text.DL_DMA_enableChannel)
                  000037ee    00000002     --HOLE-- [fill = 0]
                  000037f0    00000024     interrupt.o (.text.DL_DMA_getTransferSize)
                  00003814    00000024     ti_msp_dl_config.o (.text.DL_UART_setRXInterruptTimeout)
                  00003838    00000024     libclang_rt.builtins.a : muldi3.S.obj (.text.__muldi3)
                  0000385c    00000022     libc.a : memccpy.c.obj (.text.memccpy)
                  0000387e    00000002     --HOLE-- [fill = 0]
                  00003880    00000020     ti_msp_dl_config.o (.text.DL_GPIO_initPeripheralInputFunction)
                  000038a0    00000020     ti_msp_dl_config.o (.text.DL_SYSCTL_setFlashWaitState)
                  000038c0    00000020     driverlib.a : dl_uart.o (.text.DL_UART_transmitDataBlocking)
                  000038e0    0000001e     ti_msp_dl_config.o (.text.DL_UART_setOversampling)
                  000038fe    00000002     --HOLE-- [fill = 0]
                  00003900    0000001e     libclang_rt.builtins.a : ashldi3.S.obj (.text.__ashldi3)
                  0000391e    00000002     --HOLE-- [fill = 0]
                  00003920    0000001c     interrupt.o (.text.DL_GPIO_clearInterruptStatus)
                  0000393c    0000001c     ti_msp_dl_config.o (.text.DL_GPIO_clearInterruptStatus)
                  00003958    0000001c     ti_msp_dl_config.o (.text.DL_GPIO_enableInterrupt)
                  00003974    0000001c     ti_msp_dl_config.o (.text.DL_GPIO_initPeripheralOutputFunction)
                  00003990    0000001c     ti_msp_dl_config.o (.text.DL_GPIO_setLowerPinsPolarity)
                  000039ac    0000001c     ti_msp_dl_config.o (.text.DL_SYSCTL_setSYSOSCFreq)
                  000039c8    0000001c     ti_msp_dl_config.o (.text.DL_SYSCTL_setULPCLKDivider)
                  000039e4    0000001c     ti_msp_dl_config.o (.text.DL_Timer_enableInterrupt)
                  00003a00    0000001c     driverlib.a : dl_timer.o (.text.DL_Timer_setCaptCompUpdateMethod)
                  00003a1c    0000001c                 : dl_timer.o (.text.DL_Timer_setClockConfig)
                  00003a38    0000001c     ti_msp_dl_config.o (.text.DL_UART_enableInterrupt)
                  00003a54    0000001c     speed.o (.text.Speed_Init)
                  00003a70    0000001c     interrupt.o (.text.TIMG0_IRQHandler)
                  00003a8c    00000018     ti_msp_dl_config.o (.text.DL_GPIO_enableOutput)
                  00003aa4    00000018     ti_msp_dl_config.o (.text.DL_GPIO_enablePower)
                  00003abc    00000018     interrupt.o (.text.DL_GPIO_getEnabledInterruptStatus)
                  00003ad4    00000018     ti_msp_dl_config.o (.text.DL_GPIO_initDigitalOutput)
                  00003aec    00000018     ti_msp_dl_config.o (.text.DL_GPIO_reset)
                  00003b04    00000018     Motor.o (.text.DL_GPIO_setPins)
                  00003b1c    00000018     assignment.o (.text.DL_GPIO_setPins)
                  00003b34    00000018     oled_software_i2c.o (.text.DL_GPIO_setPins)
                  00003b4c    00000018     assignment.o (.text.DL_GPIO_togglePins)
                  00003b64    00000018     ti_msp_dl_config.o (.text.DL_SYSCTL_setBORThreshold)
                  00003b7c    00000018     ti_msp_dl_config.o (.text.DL_Timer_enablePower)
                  00003b94    00000018     ti_msp_dl_config.o (.text.DL_Timer_reset)
                  00003bac    00000018     driverlib.a : dl_timer.o (.text.DL_Timer_setCaptureCompareOutCtl)
                  00003bc4    00000018     speed.o (.text.DL_Timer_startCounter)
                  00003bdc    00000018     ti_msp_dl_config.o (.text.DL_UART_enableDMAReceiveEvent)
                  00003bf4    00000018     ti_msp_dl_config.o (.text.DL_UART_enableFIFOs)
                  00003c0c    00000018     ti_msp_dl_config.o (.text.DL_UART_enablePower)
                  00003c24    00000018     interrupt.o (.text.DL_UART_isRXFIFOEmpty)
                  00003c3c    00000018     ti_msp_dl_config.o (.text.DL_UART_reset)
                  00003c54    00000018     ti_msp_dl_config.o (.text.SYSCFG_DL_DMA_WIT_init)
                  00003c6c    00000018     clock.o (.text.SysTick_Init)
                  00003c84    00000018     libc.a : sprintf.c.obj (.text._outs)
                  00003c9c    00000016     interrupt.o (.text.DL_GPIO_readPins)
                  00003cb2    00000016     assignment.o (.text.DL_GPIO_readPins)
                  00003cc8    00000016     ti_msp_dl_config.o (.text.DL_UART_enable)
                  00003cde    00000016     libc.a : copy_zero_init.c.obj (.text:decompress:ZI:__TI_zero_init_nomemset)
                  00003cf4    00000014     Motor.o (.text.DL_GPIO_clearPins)
                  00003d08    00000014     assignment.o (.text.DL_GPIO_clearPins)
                  00003d1c    00000014     oled_software_i2c.o (.text.DL_GPIO_clearPins)
                  00003d30    00000014     ti_msp_dl_config.o (.text.DL_GPIO_clearPins)
                  00003d44    00000014     ti_msp_dl_config.o (.text.DL_SYSCTL_disableSYSPLL)
                  00003d58    00000014     ti_msp_dl_config.o (.text.DL_Timer_enableClock)
                  00003d6c    00000014     ti_msp_dl_config.o (.text.DL_Timer_setCCPDirection)
                  00003d80    00000014     interrupt.o (.text.DL_UART_receiveData)
                  00003d94    00000014     libclang_rt.builtins.a : aeabi_uldivmod.S.obj (.text.__aeabi_uldivmod)
                  00003da8    00000014     libc.a : _printfi.c.obj (.text.strchr)
                  00003dbc    00000012     interrupt.o (.text.DL_Timer_getPendingInterrupt)
                  00003dce    00000012     driverlib.a : dl_uart.o (.text.DL_UART_setClockConfig)
                  00003de0    00000012     libc.a : memcpy16.S.obj (.text:TI_memcpy_small)
                  00003df2    00000012            : copy_decompress_none.c.obj (.text:decompress:none)
                  00003e04    00000010     ti_msp_dl_config.o (.text.DL_SYSCTL_disableHFXT)
                  00003e14    00000010     driverlib.a : dl_timer.o (.text.DL_Timer_setCaptureCompareValue)
                  00003e24    00000010     interrupt.o (.text.SysTick_Handler)
                  00003e34    00000010     oled_software_i2c.o (.text.delay_ms)
                  00003e44    00000010     libc.a : wcslen.c.obj (.text.wcslen)
                  00003e54    0000000e     libclang_rt.builtins.a : aeabi_memset.S.obj (.text.__aeabi_memset)
                  00003e62    0000000e     libc.a : _printfi.c.obj (.text.strlen)
                  00003e70    0000000e            : memset16.S.obj (.text:TI_memset_small)
                  00003e7e    0000000a     driverlib.a : dl_common.o (.text.DL_Common_delayCycles)
                  00003e88    0000000a     libc.a : _printfi.c.obj (.text.OUTLINED_FUNCTION_0)
                  00003e92    00000002     --HOLE-- [fill = 0]
                  00003e94    00000010     libclang_rt.builtins.a : adddf3.S.obj (.tramp.__aeabi_dsub.1)
                  00003ea4    0000000a     libc.a : _printfi.c.obj (.text.OUTLINED_FUNCTION_1)
                  00003eae    0000000a            : sprintf.c.obj (.text._outc)
                  00003eb8    00000008            : aeabi_portable.c.obj (.text.__aeabi_errno_addr)
                  00003ec0    00000008     libclang_rt.builtins.a : aeabi_memcpy.S.obj (.text.__aeabi_memcpy)
                  00003ec8    00000006     libc.a : exit.c.obj (.text:abort)
                  00003ece    00000004     startup_mspm0g350x_ticlang.o (.text.Default_Handler)
                  00003ed2    00000004     libsysbm.a : hostexit.c.obj (.text.HOSTexit)
                  00003ed6    00000004     startup_mspm0g350x_ticlang.o (.text.Reset_Handler)
                  00003eda    00000004     libc.a : pre_init.c.obj (.text._system_pre_init)
                  00003ede    00000002     --HOLE-- [fill = 0]

.cinit     0    00004950    00000040     
                  00004950    0000001a     (.cinit..data.load) [load image, compression = lzss]
                  0000496a    00000002     --HOLE-- [fill = 0]
                  0000496c    0000000c     (__TI_handler_table)
                  00004978    00000008     (.cinit..bss.load) [load image, compression = zero_init]
                  00004980    00000010     (__TI_cinit_table)

.rodata    0    00003ee0    00000a70     
                  00003ee0    000005f0     oled_software_i2c.o (.rodata.asc2_1608)
                  000044d0    00000228     oled_software_i2c.o (.rodata.asc2_0806)
                  000046f8    00000008     ti_msp_dl_config.o (.rodata.gPWM_0Config)
                  00004700    00000101     libc.a : aeabi_ctype.S.obj (.rodata:__aeabi_ctype_table_)
                  00004801    00000003     ti_msp_dl_config.o (.rodata.gPWM_0ClockConfig)
                  00004804    00000028     ti_msp_dl_config.o (.rodata.gSYSPLLConfig)
                  0000482c    0000001b     assignment.o (.rodata.str1.14642066418101282876.1)
                  00004847    00000001     --HOLE-- [fill = 0]
                  00004848    00000018     ti_msp_dl_config.o (.rodata.gDMA_WITConfig)
                  00004860    00000014     ti_msp_dl_config.o (.rodata.gTIMER_0TimerConfig)
                  00004874    00000014     ti_msp_dl_config.o (.rodata.gTIMER_ULTRASONICTimerConfig)
                  00004888    00000011     libc.a : _printfi.c.obj (.rodata.str1.10348868589481759720.1)
                  00004899    00000011            : _printfi.c.obj (.rodata.str1.15363888844622738466.1)
                  000048aa    0000000c     assignment.o (.rodata.str1.881729555231519297.1)
                  000048b6    0000000a     ti_msp_dl_config.o (.rodata.gUART_BTConfig)
                  000048c0    0000000a     ti_msp_dl_config.o (.rodata.gUART_WITConfig)
                  000048ca    0000000a     main.o (.rodata.str1.15159059442110792349.1)
                  000048d4    0000000a     main.o (.rodata.str1.8154729771448623357.1)
                  000048de    00000009     assignment.o (.rodata.str1.15410282566580952954.1)
                  000048e7    00000009     assignment.o (.rodata.str1.1628366750994360904.1)
                  000048f0    00000009     assignment.o (.rodata.str1.6362292075570814757.1)
                  000048f9    00000009     assignment.o (.rodata.str1.8372792836397371563.1)
                  00004902    00000002     ti_msp_dl_config.o (.rodata.gUART_BTClockConfig)
                  00004904    00000008     ti_msp_dl_config.o (.rodata.gPWM_SERVOConfig)
                  0000490c    00000008     ti_msp_dl_config.o (.rodata.gPWM_ULTRASONICConfig)
                  00004914    00000008     main.o (.rodata.str1.18227636981041470289.1)
                  0000491c    00000007     main.o (.rodata.str1.12180500075719773345.1)
                  00004923    00000007     assignment.o (.rodata.str1.12916219474257230738.1)
                  0000492a    00000005     main.o (.rodata.str1.17100691992556644108.1)
                  0000492f    00000003     ti_msp_dl_config.o (.rodata.gPWM_SERVOClockConfig)
                  00004932    00000003     ti_msp_dl_config.o (.rodata.gPWM_ULTRASONICClockConfig)
                  00004935    00000003     ti_msp_dl_config.o (.rodata.gTIMER_0ClockConfig)
                  00004938    00000003     ti_msp_dl_config.o (.rodata.gTIMER_ULTRASONICClockConfig)
                  0000493b    00000003     main.o (.rodata.str1.2846389346932560359.1)
                  0000493e    00000003     assignment.o (.rodata.str1.5388786565809706530.1)
                  00004941    00000002     ti_msp_dl_config.o (.rodata.gUART_WITClockConfig)
                  00004943    0000000d     --HOLE-- [fill = 0]

.init_array 
*          0    00000000    00000000     UNINITIALIZED

.binit     0    00000000    00000000     

.data      0    20200000    00001f68     UNINITIALIZED
                  20200000    00000fa0     speed.o (.data.SpeLeft)
                  20200fa0    00000fa0     speed.o (.data.SpeRight)
                  20201f40    00000010     assignment.o (.data.shapeStrings)
                  20201f50    00000004     speed.o (.data.Left_count)
                  20201f54    00000004     speed.o (.data.Right_count)
                  20201f58    00000004     libc.a : aeabi_portable.c.obj (.data.__aeabi_errno)
                  20201f5c    00000004     speed.o (.data.l)
                  20201f60    00000004     speed.o (.data.r)
                  20201f64    00000001     assignment.o (.data.assignmentFlag)
                  20201f65    00000001     assignment.o (.data.shapeFlag)
                  20201f66    00000001     turn.o (.data.turnCompleted)
                  20201f67    00000001     turn.o (.data.turnFlag)

.bss       0    20201f68    000002ac     UNINITIALIZED
                  20201f68    000000bc     (.common:gPWM_0Backup)
                  20202024    000000bc     (.common:gTIMER_ULTRASONICBackup)
                  202020e0    000000a0     (.common:gPWM_SERVOBackup)
                  20202180    00000040     (.common:oled_buffer)
                  202021c0    00000021     (.common:wit_dmaBuffer)
                  202021e1    00000003     --HOLE--
                  202021e4    00000020     (.common:wit_data)
                  20202204    00000004     speed.o (.bss.SpeedRead.Last_Left_count)
                  20202208    00000004     speed.o (.bss.SpeedRead.Last_Right_count)
                  2020220c    00000004     (.common:start_time)
                  20202210    00000004     (.common:tick_ms)

.stack     0    20207e00    00000200     UNINITIALIZED
                  20207e00    00000004     libc.a : boot_cortex_m.c.obj (.stack)
                  20207e04    000001fc     --HOLE--

__llvm_prf_cnts 
*          0    20200000    00000000     UNINITIALIZED

__llvm_prf_bits 
*          0    20200000    00000000     UNINITIALIZED

MODULE SUMMARY

       Module                         code    ro data   rw data
       ------                         ----    -------   -------
    .\
       ti_msp_dl_config.o             2568    167       536    
       main.o                         260     43        64     
       startup_mspm0g350x_ticlang.o   8       192       0      
    +--+------------------------------+-------+---------+---------+
       Total:                         2836    402       600    
                                                               
    .\AssignmentChoose\
       assignment.o                   514     85        18     
    +--+------------------------------+-------+---------+---------+
       Total:                         514     85        18     
                                                               
    .\Drivers\Bluetooth\
       bluetooth.o                    128     0         0      
    +--+------------------------------+-------+---------+---------+
       Total:                         128     0         0      
                                                               
    .\Drivers\MSPM0\
       interrupt.o                    1132    0         0      
       clock.o                        284     0         8      
    +--+------------------------------+-------+---------+---------+
       Total:                         1416    0         8      
                                                               
    .\Drivers\Motor\
       Motor.o                        304     0         0      
    +--+------------------------------+-------+---------+---------+
       Total:                         304     0         0      
                                                               
    .\Drivers\OLED_Software_I2C\
       oled_software_i2c.o            1222    2072      0      
    +--+------------------------------+-------+---------+---------+
       Total:                         1222    2072      0      
                                                               
    .\Drivers\Ultrasonic_GPIO\
       ultrasonic_gpio.o              2       0         0      
    +--+------------------------------+-------+---------+---------+
       Total:                         2       0         0      
                                                               
    .\Drivers\WIT\
       wit.o                          278     0         65     
    +--+------------------------------+-------+---------+---------+
       Total:                         278     0         65     
                                                               
    .\INTERRUPT\
       interrupt.o                    276     0         0      
    +--+------------------------------+-------+---------+---------+
       Total:                         276     0         0      
                                                               
    .\SPEED\
       speed.o                        292     0         8024   
    +--+------------------------------+-------+---------+---------+
       Total:                         292     0         8024   
                                                               
    .\TURN\
       turn.o                         0       0         2      
    +--+------------------------------+-------+---------+---------+
       Total:                         0       0         2      
                                                               
    F:/TI/mspm0_sdk_2_05_00_05/source/ti/driverlib/lib/ticlang/m0p/mspm0g1x0x_g3x0x/driverlib.a
       dl_timer.o                     588     0         0      
       dl_sysctl_mspm0g1x0x_g3x0x.o   288     0         0      
       dl_uart.o                      206     0         0      
       dl_dma.o                       76      0         0      
       dl_common.o                    10      0         0      
    +--+------------------------------+-------+---------+---------+
       Total:                         1168    0         0      
                                                               
    F:\TI\ccs\tools\compiler\ti-cgt-armllvm_4.0.3.LTS\lib\armv6m-ti-none-eabi/c/libc.a
       _printfi.c.obj                 4510    34        0      
       aeabi_ctype.S.obj              0       257       0      
       s_scalbn.c.obj                 216     0         0      
       copy_decompress_lzss.c.obj     124     0         0      
       s_frexp.c.obj                  92      0         0      
       sprintf.c.obj                  90      0         0      
       _ltoa.c.obj                    88      0         0      
       atoi.c.obj                     64      0         0      
       autoinit.c.obj                 60      0         0      
       boot_cortex_m.c.obj            40      0         0      
       memccpy.c.obj                  34      0         0      
       copy_zero_init.c.obj           22      0         0      
       copy_decompress_none.c.obj     18      0         0      
       memcpy16.S.obj                 18      0         0      
       wcslen.c.obj                   16      0         0      
       memset16.S.obj                 14      0         0      
       aeabi_portable.c.obj           8       0         4      
       exit.c.obj                     6       0         0      
       pre_init.c.obj                 4       0         0      
    +--+------------------------------+-------+---------+---------+
       Total:                         5424    291       4      
                                                               
    F:\TI\ccs\tools\compiler\ti-cgt-armllvm_4.0.3.LTS\lib\armv6m-ti-none-eabi/c/libsysbm.a
       hostexit.c.obj                 4       0         0      
    +--+------------------------------+-------+---------+---------+
       Total:                         4       0         0      
                                                               
    F:\TI\ccs\tools\compiler\ti-cgt-armllvm_4.0.3.LTS\lib\armv6m-ti-none-eabi/libclang_rt.builtins.a
       adddf3.S.obj                   418     0         0      
       divdf3.S.obj                   268     0         0      
       muldf3.S.obj                   228     0         0      
       comparedf2.c.obj               220     0         0      
       udivmoddi4.S.obj               162     0         0      
       truncdfsf2.S.obj               116     0         0      
       aeabi_dcmp.S.obj               98      0         0      
       aeabi_idivmod.S.obj            86      0         0      
       fixdfsi.S.obj                  74      0         0      
       aeabi_uidivmod.S.obj           64      0         0      
       extendsfdf2.S.obj              64      0         0      
       muldsi3.S.obj                  58      0         0      
       floatsidf.S.obj                44      0         0      
       muldi3.S.obj                   36      0         0      
       ashldi3.S.obj                  30      0         0      
       aeabi_uldivmod.S.obj           20      0         0      
       aeabi_memset.S.obj             14      0         0      
       aeabi_memcpy.S.obj             8       0         0      
       aeabi_div0.c.obj               4       0         0      
    +--+------------------------------+-------+---------+---------+
       Total:                         2012    0         0      
                                                               
       Stack:                         0       0         512    
       Linker Generated:              0       62        0      
    +--+------------------------------+-------+---------+---------+
       Grand Total:                   15876   2912      9233   


LINKER GENERATED COPY TABLES

__TI_cinit_table @ 00004980 records: 2, size/record: 8, table size: 16
	.data: load addr=00004950, load size=0000001a bytes, run addr=20200000, run size=00001f68 bytes, compression=lzss
	.bss: load addr=00004978, load size=00000008 bytes, run addr=20201f68, run size=000002ac bytes, compression=zero_init


LINKER GENERATED HANDLER TABLE

__TI_handler_table @ 0000496c records: 3, size/record: 4, table size: 12
	index: 0, handler: __TI_decompress_lzss
	index: 1, handler: __TI_decompress_none
	index: 2, handler: __TI_zero_init


FAR CALL TRAMPOLINES

callee name               trampoline name
   callee addr  tramp addr   call addr  call info
--------------  -----------  ---------  ----------------
__aeabi_dsub              $Tramp$TT$L$PI$$__aeabi_dsub
   000013f5     00003e94     00003e90   libc.a : _printfi.c.obj (.text.OUTLINED_FUNCTION_0)

[1 trampolines]
[1 trampoline calls]


GLOBAL SYMBOLS: SORTED ALPHABETICALLY BY Name 

address   name                                 
-------   ----                                 
00003ecf  ADC0_IRQHandler                      
00003ecf  ADC1_IRQHandler                      
00003ecf  AES_IRQHandler                       
00001589  AssignmentChoose                     
000026ad  Bluetooth_SendString                 
00003ed2  C$$EXIT                              
00003ecf  CANFD0_IRQHandler                    
00003ecf  DAC0_IRQHandler                      
00003e7f  DL_Common_delayCycles                
00002fd5  DL_DMA_initChannel                   
0000201d  DL_SYSCTL_configSYSPLL               
00003101  DL_SYSCTL_switchMCLKfromSYSOSCtoHSCLK
00001b4d  DL_Timer_initFourCCPWMMode           
00001e51  DL_Timer_initTimerMode               
00003a01  DL_Timer_setCaptCompUpdateMethod     
00003bad  DL_Timer_setCaptureCompareOutCtl     
00003e15  DL_Timer_setCaptureCompareValue      
00003a1d  DL_Timer_setClockConfig              
00002e3d  DL_UART_drainRXFIFO                  
000030b9  DL_UART_init                         
00003dcf  DL_UART_setClockConfig               
000038c1  DL_UART_transmitDataBlocking         
00003ecf  DMA_IRQHandler                       
00003ecf  Default_Handler                      
00003ecf  GROUP0_IRQHandler                    
000023e9  GROUP1_IRQHandler                    
00003ed3  HOSTexit                             
00003ecf  HardFault_Handler                    
00003ecf  I2C0_IRQHandler                      
00003ecf  I2C1_IRQHandler                      
000033b5  I2C_Start                            
0000351d  I2C_Stop                             
0000354d  I2C_WaitAck                          
000025a5  Left_Control                         
20201f50  Left_count                           
00002c11  LightAndSound                        
00003ecf  NMI_Handler                          
00002a05  OLED_Clear                           
00001d55  OLED_Init                            
000032c5  OLED_Set_Pos                         
00001929  OLED_ShowChar                        
00002995  OLED_ShowString                      
00002f85  OLED_WR_Byte                         
00003ecf  PendSV_Handler                       
00003ecf  RTC_IRQHandler                       
00003ed7  Reset_Handler                        
0000272d  Right_Control                        
20201f54  Right_count                          
00003ecf  SPI0_IRQHandler                      
00003ecf  SPI1_IRQHandler                      
00003ecf  SVC_Handler                          
00003c55  SYSCFG_DL_DMA_WIT_init               
00002919  SYSCFG_DL_DMA_init                   
00001019  SYSCFG_DL_GPIO_init                  
00002485  SYSCFG_DL_PWM_0_init                 
00002515  SYSCFG_DL_PWM_SERVO_init             
00002a71  SYSCFG_DL_PWM_ULTRASONIC_init        
00003301  SYSCFG_DL_SYSCTL_init                
00003459  SYSCFG_DL_TIMER_0_init               
000035dd  SYSCFG_DL_TIMER_ULTRASONIC_init      
00003189  SYSCFG_DL_UART_BT_init               
00002ad9  SYSCFG_DL_UART_WIT_init              
00002ee5  SYSCFG_DL_init                       
00002295  SYSCFG_DL_initPower                  
000027ad  Send_Byte                            
20200000  SpeLeft                              
20200fa0  SpeRight                             
000021d1  SpeedRead                            
00003a55  Speed_Init                           
00003e25  SysTick_Handler                      
00003c6d  SysTick_Init                         
00003ecf  TIMA0_IRQHandler                     
00003ecf  TIMA1_IRQHandler                     
00003a71  TIMG0_IRQHandler                     
00003ecf  TIMG12_IRQHandler                    
00003ecf  TIMG6_IRQHandler                     
00003ecf  TIMG7_IRQHandler                     
00003ecf  TIMG8_IRQHandler                     
00003de1  TI_memcpy_small                      
00003e71  TI_memset_small                      
00000a91  UART0_IRQHandler                     
00003ecf  UART1_IRQHandler                     
00003ecf  UART2_IRQHandler                     
00003ecf  UART3_IRQHandler                     
00001587  Ultrasonic_Init                      
00003145  WIT_Init                             
20208000  __STACK_END                          
00000200  __STACK_SIZE                         
00000000  __TI_ATRegion0_region_sz             
00000000  __TI_ATRegion0_src_addr              
00000000  __TI_ATRegion0_trg_addr              
00000000  __TI_ATRegion1_region_sz             
00000000  __TI_ATRegion1_src_addr              
00000000  __TI_ATRegion1_trg_addr              
00000000  __TI_ATRegion2_region_sz             
00000000  __TI_ATRegion2_src_addr              
00000000  __TI_ATRegion2_trg_addr              
00004980  __TI_CINIT_Base                      
00004990  __TI_CINIT_Limit                     
00004990  __TI_CINIT_Warm                      
0000496c  __TI_Handler_Table_Base              
00004978  __TI_Handler_Table_Limit             
0000333d  __TI_auto_init_nobinit_nopinit       
00002829  __TI_decompress_lzss                 
00003df3  __TI_decompress_none                 
00002d35  __TI_ltoa                            
ffffffff  __TI_pprof_out_hndl                  
000000c1  __TI_printfi                         
ffffffff  __TI_prof_data_size                  
ffffffff  __TI_prof_data_start                 
00000000  __TI_static_base__                   
00003cdf  __TI_zero_init_nomemset              
000013ff  __adddf3                             
00004700  __aeabi_ctype_table_                 
00004700  __aeabi_ctype_table_C                
00002921  __aeabi_d2f                          
0000306d  __aeabi_d2iz                         
000013ff  __aeabi_dadd                         
00002c75  __aeabi_dcmpeq                       
00002cb1  __aeabi_dcmpge                       
00002cc5  __aeabi_dcmpgt                       
00002c9d  __aeabi_dcmple                       
00002c89  __aeabi_dcmplt                       
00001a41  __aeabi_ddiv                         
00001f39  __aeabi_dmul                         
000013f5  __aeabi_dsub                         
20201f58  __aeabi_errno                        
00003eb9  __aeabi_errno_addr                   
00003209  __aeabi_f2d                          
00003661  __aeabi_i2d                          
00002de5  __aeabi_idiv                         
00001e4f  __aeabi_idiv0                        
00002de5  __aeabi_idivmod                      
000023e7  __aeabi_ldiv0                        
00003901  __aeabi_llsl                         
00003839  __aeabi_lmul                         
00003ec1  __aeabi_memcpy                       
00003ec1  __aeabi_memcpy4                      
00003ec1  __aeabi_memcpy8                      
00003e55  __aeabi_memset                       
00003e55  __aeabi_memset4                      
00003e55  __aeabi_memset8                      
000031c9  __aeabi_uidiv                        
000031c9  __aeabi_uidivmod                     
00003d95  __aeabi_uldivmod                     
00003901  __ashldi3                            
ffffffff  __binit__                            
00002b41  __cmpdf2                             
00001a41  __divdf3                             
00002b41  __eqdf2                              
00003209  __extendsfdf2                        
0000306d  __fixdfsi                            
00003661  __floatsidf                          
000028a5  __gedf2                              
000028a5  __gtdf2                              
00002b41  __ledf2                              
00002b41  __ltdf2                              
UNDEFED   __mpu_init                           
00001f39  __muldf3                             
00003839  __muldi3                             
00003379  __muldsi3                            
00002b41  __nedf2                              
20207e00  __stack                              
20200000  __start___llvm_prf_bits              
20200000  __start___llvm_prf_cnts              
20200000  __stop___llvm_prf_bits               
20200000  __stop___llvm_prf_cnts               
000013f5  __subdf3                             
00002921  __truncdfsf2                         
00002345  __udivmoddi4                         
00003755  _c_int00_noargs                      
UNDEFED   _system_post_cinit                   
00003edb  _system_pre_init                     
00003ec9  abort                                
000044d0  asc2_0806                            
00003ee0  asc2_1608                            
20201f64  assignmentFlag                       
00003249  atoi                                 
ffffffff  binit                                
00003e35  delay_ms                             
00002cd9  frexp                                
00002cd9  frexpl                               
20201f68  gPWM_0Backup                         
202020e0  gPWM_SERVOBackup                     
20202024  gTIMER_ULTRASONICBackup              
00000000  interruptVectors                     
20201f5c  l                                    
000020f9  ldexp                                
000020f9  ldexpl                               
00001c51  main                                 
0000385d  memccpy                              
000035ad  mspm0_delay_ms                       
20202180  oled_buffer                          
20201f60  r                                    
000020f9  scalbn                               
000020f9  scalbnl                              
20201f65  shapeFlag                            
20201f40  shapeStrings                         
000033ed  sprintf                              
2020220c  start_time                           
20202210  tick_ms                              
20201f66  turnCompleted                        
20201f67  turnFlag                             
00003e45  wcslen                               
202021e4  wit_data                             
202021c0  wit_dmaBuffer                        


GLOBAL SYMBOLS: SORTED BY Symbol Address 

address   name                                 
-------   ----                                 
00000000  __TI_ATRegion0_region_sz             
00000000  __TI_ATRegion0_src_addr              
00000000  __TI_ATRegion0_trg_addr              
00000000  __TI_ATRegion1_region_sz             
00000000  __TI_ATRegion1_src_addr              
00000000  __TI_ATRegion1_trg_addr              
00000000  __TI_ATRegion2_region_sz             
00000000  __TI_ATRegion2_src_addr              
00000000  __TI_ATRegion2_trg_addr              
00000000  __TI_static_base__                   
00000000  interruptVectors                     
000000c1  __TI_printfi                         
00000200  __STACK_SIZE                         
00000a91  UART0_IRQHandler                     
00001019  SYSCFG_DL_GPIO_init                  
000013f5  __aeabi_dsub                         
000013f5  __subdf3                             
000013ff  __adddf3                             
000013ff  __aeabi_dadd                         
00001587  Ultrasonic_Init                      
00001589  AssignmentChoose                     
00001929  OLED_ShowChar                        
00001a41  __aeabi_ddiv                         
00001a41  __divdf3                             
00001b4d  DL_Timer_initFourCCPWMMode           
00001c51  main                                 
00001d55  OLED_Init                            
00001e4f  __aeabi_idiv0                        
00001e51  DL_Timer_initTimerMode               
00001f39  __aeabi_dmul                         
00001f39  __muldf3                             
0000201d  DL_SYSCTL_configSYSPLL               
000020f9  ldexp                                
000020f9  ldexpl                               
000020f9  scalbn                               
000020f9  scalbnl                              
000021d1  SpeedRead                            
00002295  SYSCFG_DL_initPower                  
00002345  __udivmoddi4                         
000023e7  __aeabi_ldiv0                        
000023e9  GROUP1_IRQHandler                    
00002485  SYSCFG_DL_PWM_0_init                 
00002515  SYSCFG_DL_PWM_SERVO_init             
000025a5  Left_Control                         
000026ad  Bluetooth_SendString                 
0000272d  Right_Control                        
000027ad  Send_Byte                            
00002829  __TI_decompress_lzss                 
000028a5  __gedf2                              
000028a5  __gtdf2                              
00002919  SYSCFG_DL_DMA_init                   
00002921  __aeabi_d2f                          
00002921  __truncdfsf2                         
00002995  OLED_ShowString                      
00002a05  OLED_Clear                           
00002a71  SYSCFG_DL_PWM_ULTRASONIC_init        
00002ad9  SYSCFG_DL_UART_WIT_init              
00002b41  __cmpdf2                             
00002b41  __eqdf2                              
00002b41  __ledf2                              
00002b41  __ltdf2                              
00002b41  __nedf2                              
00002c11  LightAndSound                        
00002c75  __aeabi_dcmpeq                       
00002c89  __aeabi_dcmplt                       
00002c9d  __aeabi_dcmple                       
00002cb1  __aeabi_dcmpge                       
00002cc5  __aeabi_dcmpgt                       
00002cd9  frexp                                
00002cd9  frexpl                               
00002d35  __TI_ltoa                            
00002de5  __aeabi_idiv                         
00002de5  __aeabi_idivmod                      
00002e3d  DL_UART_drainRXFIFO                  
00002ee5  SYSCFG_DL_init                       
00002f85  OLED_WR_Byte                         
00002fd5  DL_DMA_initChannel                   
0000306d  __aeabi_d2iz                         
0000306d  __fixdfsi                            
000030b9  DL_UART_init                         
00003101  DL_SYSCTL_switchMCLKfromSYSOSCtoHSCLK
00003145  WIT_Init                             
00003189  SYSCFG_DL_UART_BT_init               
000031c9  __aeabi_uidiv                        
000031c9  __aeabi_uidivmod                     
00003209  __aeabi_f2d                          
00003209  __extendsfdf2                        
00003249  atoi                                 
000032c5  OLED_Set_Pos                         
00003301  SYSCFG_DL_SYSCTL_init                
0000333d  __TI_auto_init_nobinit_nopinit       
00003379  __muldsi3                            
000033b5  I2C_Start                            
000033ed  sprintf                              
00003459  SYSCFG_DL_TIMER_0_init               
0000351d  I2C_Stop                             
0000354d  I2C_WaitAck                          
000035ad  mspm0_delay_ms                       
000035dd  SYSCFG_DL_TIMER_ULTRASONIC_init      
00003661  __aeabi_i2d                          
00003661  __floatsidf                          
00003755  _c_int00_noargs                      
00003839  __aeabi_lmul                         
00003839  __muldi3                             
0000385d  memccpy                              
000038c1  DL_UART_transmitDataBlocking         
00003901  __aeabi_llsl                         
00003901  __ashldi3                            
00003a01  DL_Timer_setCaptCompUpdateMethod     
00003a1d  DL_Timer_setClockConfig              
00003a55  Speed_Init                           
00003a71  TIMG0_IRQHandler                     
00003bad  DL_Timer_setCaptureCompareOutCtl     
00003c55  SYSCFG_DL_DMA_WIT_init               
00003c6d  SysTick_Init                         
00003cdf  __TI_zero_init_nomemset              
00003d95  __aeabi_uldivmod                     
00003dcf  DL_UART_setClockConfig               
00003de1  TI_memcpy_small                      
00003df3  __TI_decompress_none                 
00003e15  DL_Timer_setCaptureCompareValue      
00003e25  SysTick_Handler                      
00003e35  delay_ms                             
00003e45  wcslen                               
00003e55  __aeabi_memset                       
00003e55  __aeabi_memset4                      
00003e55  __aeabi_memset8                      
00003e71  TI_memset_small                      
00003e7f  DL_Common_delayCycles                
00003eb9  __aeabi_errno_addr                   
00003ec1  __aeabi_memcpy                       
00003ec1  __aeabi_memcpy4                      
00003ec1  __aeabi_memcpy8                      
00003ec9  abort                                
00003ecf  ADC0_IRQHandler                      
00003ecf  ADC1_IRQHandler                      
00003ecf  AES_IRQHandler                       
00003ecf  CANFD0_IRQHandler                    
00003ecf  DAC0_IRQHandler                      
00003ecf  DMA_IRQHandler                       
00003ecf  Default_Handler                      
00003ecf  GROUP0_IRQHandler                    
00003ecf  HardFault_Handler                    
00003ecf  I2C0_IRQHandler                      
00003ecf  I2C1_IRQHandler                      
00003ecf  NMI_Handler                          
00003ecf  PendSV_Handler                       
00003ecf  RTC_IRQHandler                       
00003ecf  SPI0_IRQHandler                      
00003ecf  SPI1_IRQHandler                      
00003ecf  SVC_Handler                          
00003ecf  TIMA0_IRQHandler                     
00003ecf  TIMA1_IRQHandler                     
00003ecf  TIMG12_IRQHandler                    
00003ecf  TIMG6_IRQHandler                     
00003ecf  TIMG7_IRQHandler                     
00003ecf  TIMG8_IRQHandler                     
00003ecf  UART1_IRQHandler                     
00003ecf  UART2_IRQHandler                     
00003ecf  UART3_IRQHandler                     
00003ed2  C$$EXIT                              
00003ed3  HOSTexit                             
00003ed7  Reset_Handler                        
00003edb  _system_pre_init                     
00003ee0  asc2_1608                            
000044d0  asc2_0806                            
00004700  __aeabi_ctype_table_                 
00004700  __aeabi_ctype_table_C                
0000496c  __TI_Handler_Table_Base              
00004978  __TI_Handler_Table_Limit             
00004980  __TI_CINIT_Base                      
00004990  __TI_CINIT_Limit                     
00004990  __TI_CINIT_Warm                      
20200000  SpeLeft                              
20200000  __start___llvm_prf_bits              
20200000  __start___llvm_prf_cnts              
20200000  __stop___llvm_prf_bits               
20200000  __stop___llvm_prf_cnts               
20200fa0  SpeRight                             
20201f40  shapeStrings                         
20201f50  Left_count                           
20201f54  Right_count                          
20201f58  __aeabi_errno                        
20201f5c  l                                    
20201f60  r                                    
20201f64  assignmentFlag                       
20201f65  shapeFlag                            
20201f66  turnCompleted                        
20201f67  turnFlag                             
20201f68  gPWM_0Backup                         
20202024  gTIMER_ULTRASONICBackup              
202020e0  gPWM_SERVOBackup                     
20202180  oled_buffer                          
202021c0  wit_dmaBuffer                        
202021e4  wit_data                             
2020220c  start_time                           
20202210  tick_ms                              
20207e00  __stack                              
20208000  __STACK_END                          
ffffffff  __TI_pprof_out_hndl                  
ffffffff  __TI_prof_data_size                  
ffffffff  __TI_prof_data_start                 
ffffffff  __binit__                            
ffffffff  binit                                
UNDEFED   __mpu_init                           
UNDEFED   _system_post_cinit                   

[206 symbols]
