******************************************************************************
            TI ARM Clang Linker PC v4.0.3                      
******************************************************************************
>> Linked Tue Jul  1 16:35:04 2025

OUTPUT FILE NAME:   <balancecar0630.out>
ENTRY POINT SYMBOL: "_c_int00_noargs"  address: 000039e1


MEMORY CONFIGURATION

         name            origin    length      used     unused   attr    fill
----------------------  --------  ---------  --------  --------  ----  --------
  FLASH                 00000000   00020000  00004a00  0001b600  R  X
  SRAM                  20200000   00008000  0000034c  00007cb4  RW X
  BCR_CONFIG            41c00000   000000ff  00000000  000000ff  R   
  BSL_CONFIG            41c00100   00000080  00000000  00000080  R   


SEGMENT ALLOCATION MAP

run origin  load origin   length   init length attrs members
----------  ----------- ---------- ----------- ----- -------
00000000    00000000    00004a00   00004a00    r-x
  00000000    00000000    000000c0   000000c0    r-- .intvecs
  000000c0    000000c0    00003f60   00003f60    r-x .text
  00004020    00004020    000009b0   000009b0    r-- .rodata
  000049d0    000049d0    00000030   00000030    r-- .cinit
20200000    20200000    0000014f   00000000    rw-
  20200000    20200000    00000131   00000000    rw- .bss
  20200134    20200134    0000001b   00000000    rw- .data
20207e00    20207e00    00000200   00000000    rw-
  20207e00    20207e00    00000200   00000000    rw- .stack


SECTION ALLOCATION MAP

 output                                  attributes/
section   page    origin      length       input sections
--------  ----  ----------  ----------   ----------------
.intvecs   0    00000000    000000c0     
                  00000000    000000c0     startup_mspm0g350x_ticlang.o (.intvecs)

.text      0    000000c0    00003f60     
                  000000c0    000009d0     libc.a : _printfi.c.obj (.text:__TI_printfi)
                  00000a90    00000558     irtracking.o (.text.LineWalking)
                  00000fe8    00000368     interrupt.o (.text.UART0_IRQHandler)
                  00001350    00000220     libc.a : _printfi.c.obj (.text._pconv_a)
                  00001570    000001dc            : _printfi.c.obj (.text._pconv_g)
                  0000174c    00000192     libclang_rt.builtins.a : adddf3.S.obj (.text.adddf3_subdf3)
                  000018de    00000002                            : aeabi_div0.c.obj (.text.__aeabi_idiv0)
                  000018e0    00000178     Motor.o (.text.motion_car_control)
                  00001a58    0000013c     libc.a : _printfi.c.obj (.text.fcvt)
                  00001b94    00000120            : _printfi.c.obj (.text._pconv_e)
                  00001cb4    0000011c     ti_msp_dl_config.o (.text.SYSCFG_DL_GPIO_init)
                  00001dd0    00000118     oled_software_i2c.o (.text.OLED_ShowChar)
                  00001ee8    0000010c     libclang_rt.builtins.a : divdf3.S.obj (.text.__divdf3)
                  00001ff4    00000104     driverlib.a : dl_timer.o (.text.DL_Timer_initFourCCPWMMode)
                  000020f8    000000fa     oled_software_i2c.o (.text.OLED_Init)
                  000021f2    00000002     libclang_rt.builtins.a : aeabi_div0.c.obj (.text.__aeabi_ldiv0)
                  000021f4    000000e4                            : muldf3.S.obj (.text.__muldf3)
                  000022d8    000000dc     driverlib.a : dl_sysctl_mspm0g1x0x_g3x0x.o (.text.DL_SYSCTL_configSYSPLL)
                  000023b4    000000d8     libc.a : s_scalbn.c.obj (.text.scalbn)
                  0000248c    000000d8     libclang_rt.builtins.a : addsf3.S.obj (.text)
                  00002564    000000c4     irtracking.o (.text.track_deal_four)
                  00002628    000000b0     main.o (.text.main)
                  000026d8    000000a2     libclang_rt.builtins.a : udivmoddi4.S.obj (.text)
                  0000277a    00000002     --HOLE-- [fill = 0]
                  0000277c    00000090     ti_msp_dl_config.o (.text.SYSCFG_DL_PWM_0_init)
                  0000280c    0000008c     libclang_rt.builtins.a : mulsf3.S.obj (.text.__mulsf3)
                  00002898    00000084     clock.o (.text.__NVIC_SetPriority)
                  0000291c    00000082     libclang_rt.builtins.a : divsf3.S.obj (.text.__divsf3)
                  0000299e    00000002     --HOLE-- [fill = 0]
                  000029a0    0000007c     irtracking.o (.text.APP_ELE_PID_Calc)
                  00002a1c    0000007c     oled_software_i2c.o (.text.Send_Byte)
                  00002a98    0000007c     libc.a : copy_decompress_lzss.c.obj (.text:decompress:lzss)
                  00002b14    00000074     libclang_rt.builtins.a : comparedf2.c.obj (.text.__gedf2)
                  00002b88    00000008     ti_msp_dl_config.o (.text.SYSCFG_DL_DMA_init)
                  00002b90    00000074     libclang_rt.builtins.a : truncdfsf2.S.obj (.text.__truncdfsf2)
                  00002c04    00000070     Motor.o (.text.BO_Control)
                  00002c74    00000070     oled_software_i2c.o (.text.OLED_ShowString)
                  00002ce4    0000006c     Motor.o (.text.AO_Control)
                  00002d50    0000006a     oled_software_i2c.o (.text.OLED_Clear)
                  00002dba    00000002     --HOLE-- [fill = 0]
                  00002dbc    00000068     ti_msp_dl_config.o (.text.SYSCFG_DL_UART_WIT_init)
                  00002e24    00000068     libclang_rt.builtins.a : comparedf2.c.obj (.text.__ledf2)
                  00002e8c    00000066     libc.a : _printfi.c.obj (.text._mcpy)
                  00002ef2    00000002     --HOLE-- [fill = 0]
                  00002ef4    00000062     libclang_rt.builtins.a : aeabi_dcmp.S.obj (.text.__aeabi_dcmp)
                  00002f56    00000002     --HOLE-- [fill = 0]
                  00002f58    0000005c     libc.a : s_frexp.c.obj (.text.frexp)
                  00002fb4    00000058     ti_msp_dl_config.o (.text.SYSCFG_DL_initPower)
                  0000300c    00000058     libc.a : _ltoa.c.obj (.text.__TI_ltoa)
                  00003064    00000058            : _printfi.c.obj (.text._pconv_f)
                  000030bc    00000056     libclang_rt.builtins.a : aeabi_idivmod.S.obj (.text.__aeabi_idivmod)
                  00003112    00000002     --HOLE-- [fill = 0]
                  00003114    00000054     driverlib.a : dl_uart.o (.text.DL_UART_drainRXFIFO)
                  00003168    00000052     libc.a : _printfi.c.obj (.text._ecpy)
                  000031ba    00000002     --HOLE-- [fill = 0]
                  000031bc    00000050     clock.o (.text.SysTick_Config)
                  0000320c    0000004e     oled_software_i2c.o (.text.OLED_WR_Byte)
                  0000325a    00000002     --HOLE-- [fill = 0]
                  0000325c    0000004c     driverlib.a : dl_dma.o (.text.DL_DMA_initChannel)
                  000032a8    0000004c     ti_msp_dl_config.o (.text.DL_UART_setBaudRateDivisor)
                  000032f4    0000004a     libclang_rt.builtins.a : fixdfsi.S.obj (.text.__fixdfsi)
                  0000333e    00000002     --HOLE-- [fill = 0]
                  00003340    00000048     driverlib.a : dl_uart.o (.text.DL_UART_init)
                  00003388    00000044                 : dl_sysctl_mspm0g1x0x_g3x0x.o (.text.DL_SYSCTL_switchMCLKfromSYSOSCtoHSCLK)
                  000033cc    00000044     wit.o (.text.WIT_Init)
                  00003410    00000040     libclang_rt.builtins.a : aeabi_uidivmod.S.obj (.text.__aeabi_uidivmod)
                  00003450    00000040                            : extendsfdf2.S.obj (.text.__extendsfdf2)
                  00003490    00000040     libc.a : atoi.c.obj (.text.atoi)
                  000034d0    0000003c     ti_msp_dl_config.o (.text.DL_Timer_setCounterControl)
                  0000350c    0000003c     oled_software_i2c.o (.text.OLED_Set_Pos)
                  00003548    0000003c     ti_msp_dl_config.o (.text.SYSCFG_DL_SYSCTL_init)
                  00003584    0000003c     libclang_rt.builtins.a : floatsisf.S.obj (.text.__floatsisf)
                  000035c0    0000003c     libc.a : autoinit.c.obj (.text:__TI_auto_init_nobinit_nopinit)
                  000035fc    0000003a     libclang_rt.builtins.a : muldsi3.S.obj (.text.__muldsi3)
                  00003636    00000002     --HOLE-- [fill = 0]
                  00003638    00000038     oled_software_i2c.o (.text.I2C_Start)
                  00003670    00000038     libclang_rt.builtins.a : fixsfsi.S.obj (.text.__fixsfsi)
                  000036a8    00000038     libc.a : sprintf.c.obj (.text.sprintf)
                  000036e0    00000034     ti_msp_dl_config.o (.text.DL_GPIO_initDigitalInputFeatures)
                  00003714    00000034     Motor.o (.text.TB6612_Motor_Stop)
                  00003748    00000030     interrupt.o (.text.DL_DMA_setTransferSize)
                  00003778    00000030     wit.o (.text.DL_DMA_setTransferSize)
                  000037a8    00000030     ti_msp_dl_config.o (.text.DL_GPIO_initDigitalOutputFeatures)
                  000037d8    00000030     oled_software_i2c.o (.text.I2C_Stop)
                  00003808    00000030     oled_software_i2c.o (.text.I2C_WaitAck)
                  00003838    00000030     libc.a : _printfi.c.obj (.text._fcpy)
                  00003868    00000030     clock.o (.text.mspm0_delay_ms)
                  00003898    0000002c     wit.o (.text.__NVIC_EnableIRQ)
                  000038c4    0000002c     libclang_rt.builtins.a : floatsidf.S.obj (.text.__floatsidf)
                  000038f0    00000028     ti_msp_dl_config.o (.text.DL_Common_updateReg)
                  00003918    00000028     interrupt.o (.text.DL_DMA_setDestAddr)
                  00003940    00000028     wit.o (.text.DL_DMA_setDestAddr)
                  00003968    00000028     wit.o (.text.DL_DMA_setSrcAddr)
                  00003990    00000028     ti_msp_dl_config.o (.text.DL_UART_setRXFIFOThreshold)
                  000039b8    00000028     ti_msp_dl_config.o (.text.SYSCFG_DL_init)
                  000039e0    00000028     libc.a : boot_cortex_m.c.obj (.text:_c_int00_noargs)
                  00003a08    00000026     interrupt.o (.text.DL_DMA_disableChannel)
                  00003a2e    00000026     interrupt.o (.text.DL_DMA_enableChannel)
                  00003a54    00000026     wit.o (.text.DL_DMA_enableChannel)
                  00003a7a    00000002     --HOLE-- [fill = 0]
                  00003a7c    00000024     interrupt.o (.text.DL_DMA_getTransferSize)
                  00003aa0    00000024     ti_msp_dl_config.o (.text.DL_UART_setRXInterruptTimeout)
                  00003ac4    00000024     libclang_rt.builtins.a : muldi3.S.obj (.text.__muldi3)
                  00003ae8    00000022     libc.a : memccpy.c.obj (.text.memccpy)
                  00003b0a    00000002     --HOLE-- [fill = 0]
                  00003b0c    00000020     ti_msp_dl_config.o (.text.DL_GPIO_initPeripheralInputFunction)
                  00003b2c    00000020     ti_msp_dl_config.o (.text.DL_SYSCTL_setFlashWaitState)
                  00003b4c    0000001e     ti_msp_dl_config.o (.text.DL_UART_setOversampling)
                  00003b6a    00000002     --HOLE-- [fill = 0]
                  00003b6c    0000001e     libclang_rt.builtins.a : ashldi3.S.obj (.text.__ashldi3)
                  00003b8a    00000002     --HOLE-- [fill = 0]
                  00003b8c    0000001c     ti_msp_dl_config.o (.text.DL_GPIO_initPeripheralOutputFunction)
                  00003ba8    0000001c     interrupt.o (.text.DL_Interrupt_getPendingGroup)
                  00003bc4    0000001c     ti_msp_dl_config.o (.text.DL_SYSCTL_setSYSOSCFreq)
                  00003be0    0000001c     ti_msp_dl_config.o (.text.DL_SYSCTL_setULPCLKDivider)
                  00003bfc    0000001c     driverlib.a : dl_timer.o (.text.DL_Timer_setCaptCompUpdateMethod)
                  00003c18    0000001c                 : dl_timer.o (.text.DL_Timer_setClockConfig)
                  00003c34    0000001c     ti_msp_dl_config.o (.text.DL_UART_enableInterrupt)
                  00003c50    00000018     ti_msp_dl_config.o (.text.DL_GPIO_enableOutput)
                  00003c68    00000018     ti_msp_dl_config.o (.text.DL_GPIO_enablePower)
                  00003c80    00000018     ti_msp_dl_config.o (.text.DL_GPIO_initDigitalOutput)
                  00003c98    00000018     ti_msp_dl_config.o (.text.DL_GPIO_reset)
                  00003cb0    00000018     Motor.o (.text.DL_GPIO_setPins)
                  00003cc8    00000018     oled_software_i2c.o (.text.DL_GPIO_setPins)
                  00003ce0    00000018     ti_msp_dl_config.o (.text.DL_SYSCTL_setBORThreshold)
                  00003cf8    00000018     ti_msp_dl_config.o (.text.DL_Timer_enablePower)
                  00003d10    00000018     ti_msp_dl_config.o (.text.DL_Timer_reset)
                  00003d28    00000018     driverlib.a : dl_timer.o (.text.DL_Timer_setCaptureCompareOutCtl)
                  00003d40    00000018     ti_msp_dl_config.o (.text.DL_UART_enableDMAReceiveEvent)
                  00003d58    00000018     ti_msp_dl_config.o (.text.DL_UART_enableFIFOs)
                  00003d70    00000018     ti_msp_dl_config.o (.text.DL_UART_enablePower)
                  00003d88    00000018     interrupt.o (.text.DL_UART_isRXFIFOEmpty)
                  00003da0    00000018     ti_msp_dl_config.o (.text.DL_UART_reset)
                  00003db8    00000018     ti_msp_dl_config.o (.text.SYSCFG_DL_DMA_WIT_init)
                  00003dd0    00000018     clock.o (.text.SysTick_Init)
                  00003de8    00000018     libc.a : sprintf.c.obj (.text._outs)
                  00003e00    00000016     irtracking.o (.text.DL_GPIO_readPins)
                  00003e16    00000016     ti_msp_dl_config.o (.text.DL_UART_enable)
                  00003e2c    00000016     libc.a : copy_zero_init.c.obj (.text:decompress:ZI:__TI_zero_init_nomemset)
                  00003e42    00000014     Motor.o (.text.DL_GPIO_clearPins)
                  00003e56    00000014     oled_software_i2c.o (.text.DL_GPIO_clearPins)
                  00003e6a    00000014     ti_msp_dl_config.o (.text.DL_GPIO_clearPins)
                  00003e7e    00000002     --HOLE-- [fill = 0]
                  00003e80    00000014     ti_msp_dl_config.o (.text.DL_SYSCTL_disableSYSPLL)
                  00003e94    00000014     ti_msp_dl_config.o (.text.DL_Timer_enableClock)
                  00003ea8    00000014     ti_msp_dl_config.o (.text.DL_Timer_setCCPDirection)
                  00003ebc    00000014     interrupt.o (.text.DL_UART_receiveData)
                  00003ed0    00000014     libclang_rt.builtins.a : aeabi_uldivmod.S.obj (.text.__aeabi_uldivmod)
                  00003ee4    00000014     libc.a : _printfi.c.obj (.text.strchr)
                  00003ef8    00000012     driverlib.a : dl_uart.o (.text.DL_UART_setClockConfig)
                  00003f0a    00000012     libc.a : memcpy16.S.obj (.text:TI_memcpy_small)
                  00003f1c    00000012            : copy_decompress_none.c.obj (.text:decompress:none)
                  00003f2e    00000002     --HOLE-- [fill = 0]
                  00003f30    00000010     ti_msp_dl_config.o (.text.DL_SYSCTL_disableHFXT)
                  00003f40    00000010     driverlib.a : dl_timer.o (.text.DL_Timer_setCaptureCompareValue)
                  00003f50    00000010     interrupt.o (.text.SysTick_Handler)
                  00003f60    00000010     oled_software_i2c.o (.text.delay_ms)
                  00003f70    00000010     libc.a : wcslen.c.obj (.text.wcslen)
                  00003f80    0000000e     libclang_rt.builtins.a : aeabi_memset.S.obj (.text.__aeabi_memset)
                  00003f8e    0000000e     libc.a : _printfi.c.obj (.text.strlen)
                  00003f9c    0000000e            : memset16.S.obj (.text:TI_memset_small)
                  00003faa    0000000a     driverlib.a : dl_common.o (.text.DL_Common_delayCycles)
                  00003fb4    0000000a     interrupt.o (.text.GROUP1_IRQHandler)
                  00003fbe    0000000a     libc.a : _printfi.c.obj (.text.OUTLINED_FUNCTION_0)
                  00003fc8    00000010     libclang_rt.builtins.a : adddf3.S.obj (.tramp.__aeabi_dsub.1)
                  00003fd8    0000000a     libc.a : _printfi.c.obj (.text.OUTLINED_FUNCTION_1)
                  00003fe2    0000000a            : sprintf.c.obj (.text._outc)
                  00003fec    00000008            : aeabi_portable.c.obj (.text.__aeabi_errno_addr)
                  00003ff4    00000008     libclang_rt.builtins.a : aeabi_memcpy.S.obj (.text.__aeabi_memcpy)
                  00003ffc    00000006     libc.a : exit.c.obj (.text:abort)
                  00004002    00000004     startup_mspm0g350x_ticlang.o (.text.Default_Handler)
                  00004006    00000004     libsysbm.a : hostexit.c.obj (.text.HOSTexit)
                  0000400a    00000004     startup_mspm0g350x_ticlang.o (.text.Reset_Handler)
                  0000400e    00000004     libc.a : pre_init.c.obj (.text._system_pre_init)
                  00004012    0000000e     --HOLE-- [fill = 0]

.cinit     0    000049d0    00000030     
                  000049d0    0000000c     (__TI_handler_table)
                  000049dc    00000008     (.cinit..bss.load) [load image, compression = zero_init]
                  000049e4    00000008     (.cinit..data.load) [load image, compression = lzss]
                  000049ec    00000010     (__TI_cinit_table)
                  000049fc    00000004     --HOLE-- [fill = 0]

.rodata    0    00004020    000009b0     
                  00004020    000005f0     oled_software_i2c.o (.rodata.asc2_1608)
                  00004610    00000228     oled_software_i2c.o (.rodata.asc2_0806)
                  00004838    00000008     ti_msp_dl_config.o (.rodata.gPWM_0Config)
                  00004840    00000101     libc.a : aeabi_ctype.S.obj (.rodata:__aeabi_ctype_table_)
                  00004941    00000003     ti_msp_dl_config.o (.rodata.gPWM_0ClockConfig)
                  00004944    00000028     ti_msp_dl_config.o (.rodata.gSYSPLLConfig)
                  0000496c    00000018     ti_msp_dl_config.o (.rodata.gDMA_WITConfig)
                  00004984    00000011     libc.a : _printfi.c.obj (.rodata.str1.10348868589481759720.1)
                  00004995    00000011            : _printfi.c.obj (.rodata.str1.15363888844622738466.1)
                  000049a6    0000000a     ti_msp_dl_config.o (.rodata.gUART_WITConfig)
                  000049b0    00000007     main.o (.rodata.str1.17100691992556644108.1)
                  000049b7    00000006     main.o (.rodata.str1.15159059442110792349.1)
                  000049bd    00000006     main.o (.rodata.str1.8154729771448623357.1)
                  000049c3    00000002     ti_msp_dl_config.o (.rodata.gUART_WITClockConfig)
                  000049c5    0000000b     --HOLE-- [fill = 0]

.init_array 
*          0    00000000    00000000     UNINITIALIZED

.binit     0    00000000    00000000     

.bss       0    20200000    00000131     UNINITIALIZED
                  20200000    000000bc     (.common:gPWM_0Backup)
                  202000bc    00000021     (.common:wit_dmaBuffer)
                  202000dd    00000020     (.common:oled_buffer)
                  202000fd    00000001     irtracking.o (.bss.LineWalking.x1)
                  202000fe    00000001     irtracking.o (.bss.LineWalking.x2)
                  202000ff    00000001     irtracking.o (.bss.LineWalking.x3)
                  20200100    00000020     (.common:wit_data)
                  20200120    00000004     irtracking.o (.bss.APP_ELE_PID_Calc.IRTrack_Integral)
                  20200124    00000004     (.common:start_time)
                  20200128    00000004     (.common:tick_ms)
                  2020012c    00000001     irtracking.o (.bss.LineWalking.x4)
                  2020012d    00000001     irtracking.o (.bss.LineWalking.x5)
                  2020012e    00000001     irtracking.o (.bss.LineWalking.x6)
                  2020012f    00000001     irtracking.o (.bss.LineWalking.x7)
                  20200130    00000001     irtracking.o (.bss.LineWalking.x8)

.data      0    20200134    0000001b     UNINITIALIZED
                  20200134    00000004     libc.a : aeabi_portable.c.obj (.data.__aeabi_errno)
                  20200138    00000004     irtracking.o (.data.pid_output_IRR)
                  2020013c    00000004     Motor.o (.data.speed_L)
                  20200140    00000004     Motor.o (.data.speed_R)
                  20200144    00000004     Motor.o (.data.speed_fb)
                  20200148    00000004     Motor.o (.data.speed_spin)
                  2020014c    00000001     irtracking.o (.data.APP_ELE_PID_Calc.error_last)
                  2020014d    00000001     irtracking.o (.data.LineWalking.err)
                  2020014e    00000001     irtracking.o (.data.trun_flag)

.stack     0    20207e00    00000200     UNINITIALIZED
                  20207e00    00000004     libc.a : boot_cortex_m.c.obj (.stack)
                  20207e04    000001fc     --HOLE--

__llvm_prf_cnts 
*          0    20200000    00000000     UNINITIALIZED

__llvm_prf_bits 
*          0    20200000    00000000     UNINITIALIZED

MODULE SUMMARY

       Module                         code    ro data   rw data
       ------                         ----    -------   -------
    .\
       ti_msp_dl_config.o             1692    87        188    
       main.o                         176     19        32     
       startup_mspm0g350x_ticlang.o   8       192       0      
    +--+------------------------------+-------+---------+---------+
       Total:                         1876    298       220    
                                                               
    .\Drivers\Irtracking\
       irtracking.o                   1710    0         19     
    +--+------------------------------+-------+---------+---------+
       Total:                         1710    0         19     
                                                               
    .\Drivers\MSPM0\
       interrupt.o                    1170    0         0      
       clock.o                        284     0         8      
    +--+------------------------------+-------+---------+---------+
       Total:                         1454    0         8      
                                                               
    .\Drivers\Motor\
       Motor.o                        692     0         16     
    +--+------------------------------+-------+---------+---------+
       Total:                         692     0         16     
                                                               
    .\Drivers\OLED_Software_I2C\
       oled_software_i2c.o            1222    2072      0      
    +--+------------------------------+-------+---------+---------+
       Total:                         1222    2072      0      
                                                               
    .\Drivers\WIT\
       wit.o                          278     0         65     
    +--+------------------------------+-------+---------+---------+
       Total:                         278     0         65     
                                                               
    C:/TI/mspm0_sdk_2_04_00_06/source/ti/driverlib/lib/ticlang/m0p/mspm0g1x0x_g3x0x/driverlib.a
       dl_timer.o                     356     0         0      
       dl_sysctl_mspm0g1x0x_g3x0x.o   288     0         0      
       dl_uart.o                      174     0         0      
       dl_dma.o                       76      0         0      
       dl_common.o                    10      0         0      
    +--+------------------------------+-------+---------+---------+
       Total:                         904     0         0      
                                                               
    D:\TI\ccs\tools\compiler\ti-cgt-armllvm_4.0.3.LTS\lib\armv6m-ti-none-eabi/c/libc.a
       _printfi.c.obj                 4510    34        0      
       aeabi_ctype.S.obj              0       257       0      
       s_scalbn.c.obj                 216     0         0      
       copy_decompress_lzss.c.obj     124     0         0      
       s_frexp.c.obj                  92      0         0      
       sprintf.c.obj                  90      0         0      
       _ltoa.c.obj                    88      0         0      
       atoi.c.obj                     64      0         0      
       autoinit.c.obj                 60      0         0      
       boot_cortex_m.c.obj            40      0         0      
       memccpy.c.obj                  34      0         0      
       copy_zero_init.c.obj           22      0         0      
       copy_decompress_none.c.obj     18      0         0      
       memcpy16.S.obj                 18      0         0      
       wcslen.c.obj                   16      0         0      
       memset16.S.obj                 14      0         0      
       aeabi_portable.c.obj           8       0         4      
       exit.c.obj                     6       0         0      
       pre_init.c.obj                 4       0         0      
    +--+------------------------------+-------+---------+---------+
       Total:                         5424    291       4      
                                                               
    D:\TI\ccs\tools\compiler\ti-cgt-armllvm_4.0.3.LTS\lib\armv6m-ti-none-eabi/c/libsysbm.a
       hostexit.c.obj                 4       0         0      
    +--+------------------------------+-------+---------+---------+
       Total:                         4       0         0      
                                                               
    D:\TI\ccs\tools\compiler\ti-cgt-armllvm_4.0.3.LTS\lib\armv6m-ti-none-eabi/libclang_rt.builtins.a
       adddf3.S.obj                   418     0         0      
       divdf3.S.obj                   268     0         0      
       muldf3.S.obj                   228     0         0      
       comparedf2.c.obj               220     0         0      
       addsf3.S.obj                   216     0         0      
       udivmoddi4.S.obj               162     0         0      
       mulsf3.S.obj                   140     0         0      
       divsf3.S.obj                   130     0         0      
       truncdfsf2.S.obj               116     0         0      
       aeabi_dcmp.S.obj               98      0         0      
       aeabi_idivmod.S.obj            86      0         0      
       fixdfsi.S.obj                  74      0         0      
       aeabi_uidivmod.S.obj           64      0         0      
       extendsfdf2.S.obj              64      0         0      
       floatsisf.S.obj                60      0         0      
       muldsi3.S.obj                  58      0         0      
       fixsfsi.S.obj                  56      0         0      
       floatsidf.S.obj                44      0         0      
       muldi3.S.obj                   36      0         0      
       ashldi3.S.obj                  30      0         0      
       aeabi_uldivmod.S.obj           20      0         0      
       aeabi_memset.S.obj             14      0         0      
       aeabi_memcpy.S.obj             8       0         0      
       aeabi_div0.c.obj               4       0         0      
    +--+------------------------------+-------+---------+---------+
       Total:                         2614    0         0      
                                                               
       Stack:                         0       0         512    
       Linker Generated:              0       44        0      
    +--+------------------------------+-------+---------+---------+
       Grand Total:                   16178   2705      844    


LINKER GENERATED COPY TABLES

__TI_cinit_table @ 000049ec records: 2, size/record: 8, table size: 16
	.bss: load addr=000049dc, load size=00000008 bytes, run addr=20200000, run size=00000131 bytes, compression=zero_init
	.data: load addr=000049e4, load size=00000008 bytes, run addr=20200134, run size=0000001b bytes, compression=lzss


LINKER GENERATED HANDLER TABLE

__TI_handler_table @ 000049d0 records: 3, size/record: 4, table size: 12
	index: 0, handler: __TI_decompress_lzss
	index: 1, handler: __TI_decompress_none
	index: 2, handler: __TI_zero_init


FAR CALL TRAMPOLINES

callee name               trampoline name
   callee addr  tramp addr   call addr  call info
--------------  -----------  ---------  ----------------
__aeabi_dsub              $Tramp$TT$L$PI$$__aeabi_dsub
   0000174d     00003fc8     00003fc6   libc.a : _printfi.c.obj (.text.OUTLINED_FUNCTION_0)

[1 trampolines]
[1 trampoline calls]


GLOBAL SYMBOLS: SORTED ALPHABETICALLY BY Name 

address   name                                 
-------   ----                                 
00004003  ADC0_IRQHandler                      
00004003  ADC1_IRQHandler                      
00004003  AES_IRQHandler                       
00002ce5  AO_Control                           
000029a1  APP_ELE_PID_Calc                     
00002c05  BO_Control                           
00004006  C$$EXIT                              
00004003  CANFD0_IRQHandler                    
00004003  DAC0_IRQHandler                      
00003fab  DL_Common_delayCycles                
0000325d  DL_DMA_initChannel                   
000022d9  DL_SYSCTL_configSYSPLL               
00003389  DL_SYSCTL_switchMCLKfromSYSOSCtoHSCLK
00001ff5  DL_Timer_initFourCCPWMMode           
00003bfd  DL_Timer_setCaptCompUpdateMethod     
00003d29  DL_Timer_setCaptureCompareOutCtl     
00003f41  DL_Timer_setCaptureCompareValue      
00003c19  DL_Timer_setClockConfig              
00003115  DL_UART_drainRXFIFO                  
00003341  DL_UART_init                         
00003ef9  DL_UART_setClockConfig               
00004003  DMA_IRQHandler                       
00004003  Default_Handler                      
00004003  GROUP0_IRQHandler                    
00003fb5  GROUP1_IRQHandler                    
00004007  HOSTexit                             
00004003  HardFault_Handler                    
00004003  I2C0_IRQHandler                      
00004003  I2C1_IRQHandler                      
00003639  I2C_Start                            
000037d9  I2C_Stop                             
00003809  I2C_WaitAck                          
00000a91  LineWalking                          
00004003  NMI_Handler                          
00002d51  OLED_Clear                           
000020f9  OLED_Init                            
0000350d  OLED_Set_Pos                         
00001dd1  OLED_ShowChar                        
00002c75  OLED_ShowString                      
0000320d  OLED_WR_Byte                         
00004003  PendSV_Handler                       
00004003  RTC_IRQHandler                       
0000400b  Reset_Handler                        
00004003  SPI0_IRQHandler                      
00004003  SPI1_IRQHandler                      
00004003  SVC_Handler                          
00003db9  SYSCFG_DL_DMA_WIT_init               
00002b89  SYSCFG_DL_DMA_init                   
00001cb5  SYSCFG_DL_GPIO_init                  
0000277d  SYSCFG_DL_PWM_0_init                 
00003549  SYSCFG_DL_SYSCTL_init                
00002dbd  SYSCFG_DL_UART_WIT_init              
000039b9  SYSCFG_DL_init                       
00002fb5  SYSCFG_DL_initPower                  
00002a1d  Send_Byte                            
00003f51  SysTick_Handler                      
00003dd1  SysTick_Init                         
00003715  TB6612_Motor_Stop                    
00004003  TIMA0_IRQHandler                     
00004003  TIMA1_IRQHandler                     
00004003  TIMG0_IRQHandler                     
00004003  TIMG12_IRQHandler                    
00004003  TIMG6_IRQHandler                     
00004003  TIMG7_IRQHandler                     
00004003  TIMG8_IRQHandler                     
00003f0b  TI_memcpy_small                      
00003f9d  TI_memset_small                      
00000fe9  UART0_IRQHandler                     
00004003  UART1_IRQHandler                     
00004003  UART2_IRQHandler                     
00004003  UART3_IRQHandler                     
000033cd  WIT_Init                             
20208000  __STACK_END                          
00000200  __STACK_SIZE                         
00000000  __TI_ATRegion0_region_sz             
00000000  __TI_ATRegion0_src_addr              
00000000  __TI_ATRegion0_trg_addr              
00000000  __TI_ATRegion1_region_sz             
00000000  __TI_ATRegion1_src_addr              
00000000  __TI_ATRegion1_trg_addr              
00000000  __TI_ATRegion2_region_sz             
00000000  __TI_ATRegion2_src_addr              
00000000  __TI_ATRegion2_trg_addr              
000049ec  __TI_CINIT_Base                      
000049fc  __TI_CINIT_Limit                     
000049fc  __TI_CINIT_Warm                      
000049d0  __TI_Handler_Table_Base              
000049dc  __TI_Handler_Table_Limit             
000035c1  __TI_auto_init_nobinit_nopinit       
00002a99  __TI_decompress_lzss                 
00003f1d  __TI_decompress_none                 
0000300d  __TI_ltoa                            
ffffffff  __TI_pprof_out_hndl                  
000000c1  __TI_printfi                         
ffffffff  __TI_prof_data_size                  
ffffffff  __TI_prof_data_start                 
00000000  __TI_static_base__                   
00003e2d  __TI_zero_init_nomemset              
00001757  __adddf3                             
00002497  __addsf3                             
00004840  __aeabi_ctype_table_                 
00004840  __aeabi_ctype_table_C                
00002b91  __aeabi_d2f                          
000032f5  __aeabi_d2iz                         
00001757  __aeabi_dadd                         
00002ef5  __aeabi_dcmpeq                       
00002f31  __aeabi_dcmpge                       
00002f45  __aeabi_dcmpgt                       
00002f1d  __aeabi_dcmple                       
00002f09  __aeabi_dcmplt                       
00001ee9  __aeabi_ddiv                         
000021f5  __aeabi_dmul                         
0000174d  __aeabi_dsub                         
20200134  __aeabi_errno                        
00003fed  __aeabi_errno_addr                   
00003451  __aeabi_f2d                          
00003671  __aeabi_f2iz                         
00002497  __aeabi_fadd                         
0000291d  __aeabi_fdiv                         
0000280d  __aeabi_fmul                         
0000248d  __aeabi_fsub                         
000038c5  __aeabi_i2d                          
00003585  __aeabi_i2f                          
000030bd  __aeabi_idiv                         
000018df  __aeabi_idiv0                        
000030bd  __aeabi_idivmod                      
000021f3  __aeabi_ldiv0                        
00003b6d  __aeabi_llsl                         
00003ac5  __aeabi_lmul                         
00003ff5  __aeabi_memcpy                       
00003ff5  __aeabi_memcpy4                      
00003ff5  __aeabi_memcpy8                      
00003f81  __aeabi_memset                       
00003f81  __aeabi_memset4                      
00003f81  __aeabi_memset8                      
00003411  __aeabi_uidiv                        
00003411  __aeabi_uidivmod                     
00003ed1  __aeabi_uldivmod                     
00003b6d  __ashldi3                            
ffffffff  __binit__                            
00002e25  __cmpdf2                             
00001ee9  __divdf3                             
0000291d  __divsf3                             
00002e25  __eqdf2                              
00003451  __extendsfdf2                        
000032f5  __fixdfsi                            
00003671  __fixsfsi                            
000038c5  __floatsidf                          
00003585  __floatsisf                          
00002b15  __gedf2                              
00002b15  __gtdf2                              
00002e25  __ledf2                              
00002e25  __ltdf2                              
UNDEFED   __mpu_init                           
000021f5  __muldf3                             
00003ac5  __muldi3                             
000035fd  __muldsi3                            
0000280d  __mulsf3                             
00002e25  __nedf2                              
20207e00  __stack                              
20200000  __start___llvm_prf_bits              
20200000  __start___llvm_prf_cnts              
20200000  __stop___llvm_prf_bits               
20200000  __stop___llvm_prf_cnts               
0000174d  __subdf3                             
0000248d  __subsf3                             
00002b91  __truncdfsf2                         
000026d9  __udivmoddi4                         
000039e1  _c_int00_noargs                      
UNDEFED   _system_post_cinit                   
0000400f  _system_pre_init                     
00003ffd  abort                                
00004610  asc2_0806                            
00004020  asc2_1608                            
00003491  atoi                                 
ffffffff  binit                                
00003f61  delay_ms                             
00002f59  frexp                                
00002f59  frexpl                               
20200000  gPWM_0Backup                         
00000000  interruptVectors                     
000023b5  ldexp                                
000023b5  ldexpl                               
00002629  main                                 
00003ae9  memccpy                              
000018e1  motion_car_control                   
00003869  mspm0_delay_ms                       
202000dd  oled_buffer                          
20200138  pid_output_IRR                       
000023b5  scalbn                               
000023b5  scalbnl                              
000036a9  sprintf                              
20200124  start_time                           
20200128  tick_ms                              
00002565  track_deal_four                      
2020014e  trun_flag                            
00003f71  wcslen                               
20200100  wit_data                             
202000bc  wit_dmaBuffer                        


GLOBAL SYMBOLS: SORTED BY Symbol Address 

address   name                                 
-------   ----                                 
00000000  __TI_ATRegion0_region_sz             
00000000  __TI_ATRegion0_src_addr              
00000000  __TI_ATRegion0_trg_addr              
00000000  __TI_ATRegion1_region_sz             
00000000  __TI_ATRegion1_src_addr              
00000000  __TI_ATRegion1_trg_addr              
00000000  __TI_ATRegion2_region_sz             
00000000  __TI_ATRegion2_src_addr              
00000000  __TI_ATRegion2_trg_addr              
00000000  __TI_static_base__                   
00000000  interruptVectors                     
000000c1  __TI_printfi                         
00000200  __STACK_SIZE                         
00000a91  LineWalking                          
00000fe9  UART0_IRQHandler                     
0000174d  __aeabi_dsub                         
0000174d  __subdf3                             
00001757  __adddf3                             
00001757  __aeabi_dadd                         
000018df  __aeabi_idiv0                        
000018e1  motion_car_control                   
00001cb5  SYSCFG_DL_GPIO_init                  
00001dd1  OLED_ShowChar                        
00001ee9  __aeabi_ddiv                         
00001ee9  __divdf3                             
00001ff5  DL_Timer_initFourCCPWMMode           
000020f9  OLED_Init                            
000021f3  __aeabi_ldiv0                        
000021f5  __aeabi_dmul                         
000021f5  __muldf3                             
000022d9  DL_SYSCTL_configSYSPLL               
000023b5  ldexp                                
000023b5  ldexpl                               
000023b5  scalbn                               
000023b5  scalbnl                              
0000248d  __aeabi_fsub                         
0000248d  __subsf3                             
00002497  __addsf3                             
00002497  __aeabi_fadd                         
00002565  track_deal_four                      
00002629  main                                 
000026d9  __udivmoddi4                         
0000277d  SYSCFG_DL_PWM_0_init                 
0000280d  __aeabi_fmul                         
0000280d  __mulsf3                             
0000291d  __aeabi_fdiv                         
0000291d  __divsf3                             
000029a1  APP_ELE_PID_Calc                     
00002a1d  Send_Byte                            
00002a99  __TI_decompress_lzss                 
00002b15  __gedf2                              
00002b15  __gtdf2                              
00002b89  SYSCFG_DL_DMA_init                   
00002b91  __aeabi_d2f                          
00002b91  __truncdfsf2                         
00002c05  BO_Control                           
00002c75  OLED_ShowString                      
00002ce5  AO_Control                           
00002d51  OLED_Clear                           
00002dbd  SYSCFG_DL_UART_WIT_init              
00002e25  __cmpdf2                             
00002e25  __eqdf2                              
00002e25  __ledf2                              
00002e25  __ltdf2                              
00002e25  __nedf2                              
00002ef5  __aeabi_dcmpeq                       
00002f09  __aeabi_dcmplt                       
00002f1d  __aeabi_dcmple                       
00002f31  __aeabi_dcmpge                       
00002f45  __aeabi_dcmpgt                       
00002f59  frexp                                
00002f59  frexpl                               
00002fb5  SYSCFG_DL_initPower                  
0000300d  __TI_ltoa                            
000030bd  __aeabi_idiv                         
000030bd  __aeabi_idivmod                      
00003115  DL_UART_drainRXFIFO                  
0000320d  OLED_WR_Byte                         
0000325d  DL_DMA_initChannel                   
000032f5  __aeabi_d2iz                         
000032f5  __fixdfsi                            
00003341  DL_UART_init                         
00003389  DL_SYSCTL_switchMCLKfromSYSOSCtoHSCLK
000033cd  WIT_Init                             
00003411  __aeabi_uidiv                        
00003411  __aeabi_uidivmod                     
00003451  __aeabi_f2d                          
00003451  __extendsfdf2                        
00003491  atoi                                 
0000350d  OLED_Set_Pos                         
00003549  SYSCFG_DL_SYSCTL_init                
00003585  __aeabi_i2f                          
00003585  __floatsisf                          
000035c1  __TI_auto_init_nobinit_nopinit       
000035fd  __muldsi3                            
00003639  I2C_Start                            
00003671  __aeabi_f2iz                         
00003671  __fixsfsi                            
000036a9  sprintf                              
00003715  TB6612_Motor_Stop                    
000037d9  I2C_Stop                             
00003809  I2C_WaitAck                          
00003869  mspm0_delay_ms                       
000038c5  __aeabi_i2d                          
000038c5  __floatsidf                          
000039b9  SYSCFG_DL_init                       
000039e1  _c_int00_noargs                      
00003ac5  __aeabi_lmul                         
00003ac5  __muldi3                             
00003ae9  memccpy                              
00003b6d  __aeabi_llsl                         
00003b6d  __ashldi3                            
00003bfd  DL_Timer_setCaptCompUpdateMethod     
00003c19  DL_Timer_setClockConfig              
00003d29  DL_Timer_setCaptureCompareOutCtl     
00003db9  SYSCFG_DL_DMA_WIT_init               
00003dd1  SysTick_Init                         
00003e2d  __TI_zero_init_nomemset              
00003ed1  __aeabi_uldivmod                     
00003ef9  DL_UART_setClockConfig               
00003f0b  TI_memcpy_small                      
00003f1d  __TI_decompress_none                 
00003f41  DL_Timer_setCaptureCompareValue      
00003f51  SysTick_Handler                      
00003f61  delay_ms                             
00003f71  wcslen                               
00003f81  __aeabi_memset                       
00003f81  __aeabi_memset4                      
00003f81  __aeabi_memset8                      
00003f9d  TI_memset_small                      
00003fab  DL_Common_delayCycles                
00003fb5  GROUP1_IRQHandler                    
00003fed  __aeabi_errno_addr                   
00003ff5  __aeabi_memcpy                       
00003ff5  __aeabi_memcpy4                      
00003ff5  __aeabi_memcpy8                      
00003ffd  abort                                
00004003  ADC0_IRQHandler                      
00004003  ADC1_IRQHandler                      
00004003  AES_IRQHandler                       
00004003  CANFD0_IRQHandler                    
00004003  DAC0_IRQHandler                      
00004003  DMA_IRQHandler                       
00004003  Default_Handler                      
00004003  GROUP0_IRQHandler                    
00004003  HardFault_Handler                    
00004003  I2C0_IRQHandler                      
00004003  I2C1_IRQHandler                      
00004003  NMI_Handler                          
00004003  PendSV_Handler                       
00004003  RTC_IRQHandler                       
00004003  SPI0_IRQHandler                      
00004003  SPI1_IRQHandler                      
00004003  SVC_Handler                          
00004003  TIMA0_IRQHandler                     
00004003  TIMA1_IRQHandler                     
00004003  TIMG0_IRQHandler                     
00004003  TIMG12_IRQHandler                    
00004003  TIMG6_IRQHandler                     
00004003  TIMG7_IRQHandler                     
00004003  TIMG8_IRQHandler                     
00004003  UART1_IRQHandler                     
00004003  UART2_IRQHandler                     
00004003  UART3_IRQHandler                     
00004006  C$$EXIT                              
00004007  HOSTexit                             
0000400b  Reset_Handler                        
0000400f  _system_pre_init                     
00004020  asc2_1608                            
00004610  asc2_0806                            
00004840  __aeabi_ctype_table_                 
00004840  __aeabi_ctype_table_C                
000049d0  __TI_Handler_Table_Base              
000049dc  __TI_Handler_Table_Limit             
000049ec  __TI_CINIT_Base                      
000049fc  __TI_CINIT_Limit                     
000049fc  __TI_CINIT_Warm                      
20200000  __start___llvm_prf_bits              
20200000  __start___llvm_prf_cnts              
20200000  __stop___llvm_prf_bits               
20200000  __stop___llvm_prf_cnts               
20200000  gPWM_0Backup                         
202000bc  wit_dmaBuffer                        
202000dd  oled_buffer                          
20200100  wit_data                             
20200124  start_time                           
20200128  tick_ms                              
20200134  __aeabi_errno                        
20200138  pid_output_IRR                       
2020014e  trun_flag                            
20207e00  __stack                              
20208000  __STACK_END                          
ffffffff  __TI_pprof_out_hndl                  
ffffffff  __TI_prof_data_size                  
ffffffff  __TI_prof_data_start                 
ffffffff  __binit__                            
ffffffff  binit                                
UNDEFED   __mpu_init                           
UNDEFED   _system_post_cinit                   

[199 symbols]
