<?xml version="1.0" encoding="ISO-8859-1" ?>
<link_info>
   <banner>TI ARM Clang Linker PC v4.0.3.LTS</banner>
   <copyright>Copyright (c) 1996-2018 Texas Instruments Incorporated</copyright>
   <command_line>F:\TI\ccs\tools\compiler\ti-cgt-armllvm_4.0.3.LTS\bin\tiarmlnk -IF:\TI\ccs\tools\compiler\ti-cgt-armllvm_4.0.3.LTS\lib -o BalanceCarNew.out -mBalanceCarNew.map -iF:/TI/mspm0_sdk_2_05_00_05/source -iC:/Users/ROG/workspace_ccstheia/BalanceCarNew -iC:/Users/ROG/workspace_ccstheia/BalanceCarNew/Debug/syscfg -iF:/TI/ccs/tools/compiler/ti-cgt-armllvm_4.0.3.LTS/lib --diag_wrap=off --display_error_number --warn_sections --xml_link_info=BalanceCarNew_linkInfo.xml --rom_model ./main.o ./ti_msp_dl_config.o ./startup_mspm0g350x_ticlang.o ./AssignmentChoose/assignment.o ./Drivers/Bluetooth/bluetooth.o ./Drivers/MSPM0/clock.o ./Drivers/MSPM0/interrupt.o ./Drivers/Motor/Motor.o ./Drivers/OLED_Software_I2C/oled_software_i2c.o ./Drivers/Ultrasonic_GPIO/ultrasonic_gpio.o ./Drivers/WIT/wit.o ./INTERRUPT/interrupt.o ./Move/move.o ./PID/pid.o ./SERVO/servo.o ./SPEED/speed.o ./TURN/turn.o ./UART/K230.o ./UserLib/Chassis/chassis.o -l./device_linker.cmd -ldevice.cmd.genlibs -llibc.a -lF:/TI/mspm0_sdk_2_05_00_05/source/ti/driverlib/lib/ticlang/m0p/mspm0g1x0x_g3x0x/driverlib.a --start-group -llibc++.a -llibc++abi.a -llibc.a -llibsys.a -llibsysbm.a -llibclang_rt.builtins.a -llibclang_rt.profile.a --end-group --cg_opt_level=0</command_line>
   <link_time>0x6a4dfb2c</link_time>
   <link_errors>0x0</link_errors>
   <output_file>C:\Users\ROG\workspace_ccstheia\BalanceCarNew\Debug\BalanceCarNew.out</output_file>
   <entry_point>
      <name>_c_int00_noargs</name>
      <address>0x3afd</address>
   </entry_point>
   <input_file_list>
      <input_file id="fl-1">
         <path>C:\Users\ROG\workspace_ccstheia\BalanceCarNew\Debug\.\</path>
         <kind>object</kind>
         <file>main.o</file>
         <name>main.o</name>
      </input_file>
      <input_file id="fl-2">
         <path>C:\Users\ROG\workspace_ccstheia\BalanceCarNew\Debug\.\</path>
         <kind>object</kind>
         <file>ti_msp_dl_config.o</file>
         <name>ti_msp_dl_config.o</name>
      </input_file>
      <input_file id="fl-3">
         <path>C:\Users\ROG\workspace_ccstheia\BalanceCarNew\Debug\.\</path>
         <kind>object</kind>
         <file>startup_mspm0g350x_ticlang.o</file>
         <name>startup_mspm0g350x_ticlang.o</name>
      </input_file>
      <input_file id="fl-4">
         <path>C:\Users\ROG\workspace_ccstheia\BalanceCarNew\Debug\.\AssignmentChoose\</path>
         <kind>object</kind>
         <file>assignment.o</file>
         <name>assignment.o</name>
      </input_file>
      <input_file id="fl-5">
         <path>C:\Users\ROG\workspace_ccstheia\BalanceCarNew\Debug\.\Drivers\Bluetooth\</path>
         <kind>object</kind>
         <file>bluetooth.o</file>
         <name>bluetooth.o</name>
      </input_file>
      <input_file id="fl-6">
         <path>C:\Users\ROG\workspace_ccstheia\BalanceCarNew\Debug\.\Drivers\MSPM0\</path>
         <kind>object</kind>
         <file>clock.o</file>
         <name>clock.o</name>
      </input_file>
      <input_file id="fl-7">
         <path>C:\Users\ROG\workspace_ccstheia\BalanceCarNew\Debug\.\Drivers\MSPM0\</path>
         <kind>object</kind>
         <file>interrupt.o</file>
         <name>interrupt.o</name>
      </input_file>
      <input_file id="fl-8">
         <path>C:\Users\ROG\workspace_ccstheia\BalanceCarNew\Debug\.\Drivers\Motor\</path>
         <kind>object</kind>
         <file>Motor.o</file>
         <name>Motor.o</name>
      </input_file>
      <input_file id="fl-9">
         <path>C:\Users\ROG\workspace_ccstheia\BalanceCarNew\Debug\.\Drivers\OLED_Software_I2C\</path>
         <kind>object</kind>
         <file>oled_software_i2c.o</file>
         <name>oled_software_i2c.o</name>
      </input_file>
      <input_file id="fl-a">
         <path>C:\Users\ROG\workspace_ccstheia\BalanceCarNew\Debug\.\Drivers\Ultrasonic_GPIO\</path>
         <kind>object</kind>
         <file>ultrasonic_gpio.o</file>
         <name>ultrasonic_gpio.o</name>
      </input_file>
      <input_file id="fl-b">
         <path>C:\Users\ROG\workspace_ccstheia\BalanceCarNew\Debug\.\Drivers\WIT\</path>
         <kind>object</kind>
         <file>wit.o</file>
         <name>wit.o</name>
      </input_file>
      <input_file id="fl-c">
         <path>C:\Users\ROG\workspace_ccstheia\BalanceCarNew\Debug\.\INTERRUPT\</path>
         <kind>object</kind>
         <file>interrupt.o</file>
         <name>interrupt.o</name>
      </input_file>
      <input_file id="fl-d">
         <path>C:\Users\ROG\workspace_ccstheia\BalanceCarNew\Debug\.\Move\</path>
         <kind>object</kind>
         <file>move.o</file>
         <name>move.o</name>
      </input_file>
      <input_file id="fl-e">
         <path>C:\Users\ROG\workspace_ccstheia\BalanceCarNew\Debug\.\PID\</path>
         <kind>object</kind>
         <file>pid.o</file>
         <name>pid.o</name>
      </input_file>
      <input_file id="fl-f">
         <path>C:\Users\ROG\workspace_ccstheia\BalanceCarNew\Debug\.\SERVO\</path>
         <kind>object</kind>
         <file>servo.o</file>
         <name>servo.o</name>
      </input_file>
      <input_file id="fl-10">
         <path>C:\Users\ROG\workspace_ccstheia\BalanceCarNew\Debug\.\SPEED\</path>
         <kind>object</kind>
         <file>speed.o</file>
         <name>speed.o</name>
      </input_file>
      <input_file id="fl-11">
         <path>C:\Users\ROG\workspace_ccstheia\BalanceCarNew\Debug\.\TURN\</path>
         <kind>object</kind>
         <file>turn.o</file>
         <name>turn.o</name>
      </input_file>
      <input_file id="fl-12">
         <path>C:\Users\ROG\workspace_ccstheia\BalanceCarNew\Debug\.\UART\</path>
         <kind>object</kind>
         <file>K230.o</file>
         <name>K230.o</name>
      </input_file>
      <input_file id="fl-13">
         <path>C:\Users\ROG\workspace_ccstheia\BalanceCarNew\Debug\.\UserLib\Chassis\</path>
         <kind>object</kind>
         <file>chassis.o</file>
         <name>chassis.o</name>
      </input_file>
      <input_file id="fl-21">
         <path>C:\Users\ROG\workspace_ccstheia\BalanceCarNew\Debug\</path>
         <kind>object</kind>
         <file>&lt;internal&gt;</file>
         <name>&lt;internal&gt;</name>
      </input_file>
      <input_file id="fl-22">
         <path>F:\TI\mspm0_sdk_2_05_00_05\source\ti\driverlib\lib\ticlang\m0p\mspm0g1x0x_g3x0x\</path>
         <kind>archive</kind>
         <file>driverlib.a</file>
         <name>dl_common.o</name>
      </input_file>
      <input_file id="fl-23">
         <path>F:\TI\mspm0_sdk_2_05_00_05\source\ti\driverlib\lib\ticlang\m0p\mspm0g1x0x_g3x0x\</path>
         <kind>archive</kind>
         <file>driverlib.a</file>
         <name>dl_dma.o</name>
      </input_file>
      <input_file id="fl-24">
         <path>F:\TI\mspm0_sdk_2_05_00_05\source\ti\driverlib\lib\ticlang\m0p\mspm0g1x0x_g3x0x\</path>
         <kind>archive</kind>
         <file>driverlib.a</file>
         <name>dl_timer.o</name>
      </input_file>
      <input_file id="fl-25">
         <path>F:\TI\mspm0_sdk_2_05_00_05\source\ti\driverlib\lib\ticlang\m0p\mspm0g1x0x_g3x0x\</path>
         <kind>archive</kind>
         <file>driverlib.a</file>
         <name>dl_uart.o</name>
      </input_file>
      <input_file id="fl-26">
         <path>F:\TI\mspm0_sdk_2_05_00_05\source\ti\driverlib\lib\ticlang\m0p\mspm0g1x0x_g3x0x\</path>
         <kind>archive</kind>
         <file>driverlib.a</file>
         <name>dl_sysctl_mspm0g1x0x_g3x0x.o</name>
      </input_file>
      <input_file id="fl-3d">
         <path>F:\TI\ccs\tools\compiler\ti-cgt-armllvm_4.0.3.LTS\lib\armv6m-ti-none-eabi\c\</path>
         <kind>archive</kind>
         <file>libc.a</file>
         <name>snprintf.c.obj</name>
      </input_file>
      <input_file id="fl-3e">
         <path>F:\TI\ccs\tools\compiler\ti-cgt-armllvm_4.0.3.LTS\lib\armv6m-ti-none-eabi\c\</path>
         <kind>archive</kind>
         <file>libc.a</file>
         <name>sprintf.c.obj</name>
      </input_file>
      <input_file id="fl-3f">
         <path>F:\TI\ccs\tools\compiler\ti-cgt-armllvm_4.0.3.LTS\lib\armv6m-ti-none-eabi\c\</path>
         <kind>archive</kind>
         <file>libc.a</file>
         <name>boot_cortex_m.c.obj</name>
      </input_file>
      <input_file id="fl-40">
         <path>F:\TI\ccs\tools\compiler\ti-cgt-armllvm_4.0.3.LTS\lib\armv6m-ti-none-eabi\c\</path>
         <kind>archive</kind>
         <file>libc.a</file>
         <name>mathacl_init.c.obj</name>
      </input_file>
      <input_file id="fl-41">
         <path>F:\TI\ccs\tools\compiler\ti-cgt-armllvm_4.0.3.LTS\lib\armv6m-ti-none-eabi\c\</path>
         <kind>archive</kind>
         <file>libc.a</file>
         <name>autoinit.c.obj</name>
      </input_file>
      <input_file id="fl-42">
         <path>F:\TI\ccs\tools\compiler\ti-cgt-armllvm_4.0.3.LTS\lib\armv6m-ti-none-eabi\c\</path>
         <kind>archive</kind>
         <file>libc.a</file>
         <name>pre_init.c.obj</name>
      </input_file>
      <input_file id="fl-43">
         <path>F:\TI\ccs\tools\compiler\ti-cgt-armllvm_4.0.3.LTS\lib\armv6m-ti-none-eabi\c\</path>
         <kind>archive</kind>
         <file>libc.a</file>
         <name>cpy_tbl.c.obj</name>
      </input_file>
      <input_file id="fl-44">
         <path>F:\TI\ccs\tools\compiler\ti-cgt-armllvm_4.0.3.LTS\lib\armv6m-ti-none-eabi\c\</path>
         <kind>archive</kind>
         <file>libc.a</file>
         <name>copy_zero_init.c.obj</name>
      </input_file>
      <input_file id="fl-45">
         <path>F:\TI\ccs\tools\compiler\ti-cgt-armllvm_4.0.3.LTS\lib\armv6m-ti-none-eabi\c\</path>
         <kind>archive</kind>
         <file>libc.a</file>
         <name>copy_decompress_none.c.obj</name>
      </input_file>
      <input_file id="fl-46">
         <path>F:\TI\ccs\tools\compiler\ti-cgt-armllvm_4.0.3.LTS\lib\armv6m-ti-none-eabi\c\</path>
         <kind>archive</kind>
         <file>libc.a</file>
         <name>copy_decompress_lzss.c.obj</name>
      </input_file>
      <input_file id="fl-47">
         <path>F:\TI\ccs\tools\compiler\ti-cgt-armllvm_4.0.3.LTS\lib\armv6m-ti-none-eabi\c\</path>
         <kind>archive</kind>
         <file>libc.a</file>
         <name>_printfi.c.obj</name>
      </input_file>
      <input_file id="fl-48">
         <path>F:\TI\ccs\tools\compiler\ti-cgt-armllvm_4.0.3.LTS\lib\armv6m-ti-none-eabi\c\</path>
         <kind>archive</kind>
         <file>libc.a</file>
         <name>s_frexp.c.obj</name>
      </input_file>
      <input_file id="fl-49">
         <path>F:\TI\ccs\tools\compiler\ti-cgt-armllvm_4.0.3.LTS\lib\armv6m-ti-none-eabi\c\</path>
         <kind>archive</kind>
         <file>libc.a</file>
         <name>s_scalbn.c.obj</name>
      </input_file>
      <input_file id="fl-4a">
         <path>F:\TI\ccs\tools\compiler\ti-cgt-armllvm_4.0.3.LTS\lib\armv6m-ti-none-eabi\c\</path>
         <kind>archive</kind>
         <file>libc.a</file>
         <name>wcslen.c.obj</name>
      </input_file>
      <input_file id="fl-4b">
         <path>F:\TI\ccs\tools\compiler\ti-cgt-armllvm_4.0.3.LTS\lib\armv6m-ti-none-eabi\c\</path>
         <kind>archive</kind>
         <file>libc.a</file>
         <name>aeabi_portable.c.obj</name>
      </input_file>
      <input_file id="fl-4c">
         <path>F:\TI\ccs\tools\compiler\ti-cgt-armllvm_4.0.3.LTS\lib\armv6m-ti-none-eabi\c\</path>
         <kind>archive</kind>
         <file>libc.a</file>
         <name>exit.c.obj</name>
      </input_file>
      <input_file id="fl-4d">
         <path>F:\TI\ccs\tools\compiler\ti-cgt-armllvm_4.0.3.LTS\lib\armv6m-ti-none-eabi\c\</path>
         <kind>archive</kind>
         <file>libc.a</file>
         <name>_lock.c.obj</name>
      </input_file>
      <input_file id="fl-4e">
         <path>F:\TI\ccs\tools\compiler\ti-cgt-armllvm_4.0.3.LTS\lib\armv6m-ti-none-eabi\c\</path>
         <kind>archive</kind>
         <file>libc.a</file>
         <name>_ltoa.c.obj</name>
      </input_file>
      <input_file id="fl-4f">
         <path>F:\TI\ccs\tools\compiler\ti-cgt-armllvm_4.0.3.LTS\lib\armv6m-ti-none-eabi\c\</path>
         <kind>archive</kind>
         <file>libc.a</file>
         <name>args_main.c.obj</name>
      </input_file>
      <input_file id="fl-50">
         <path>F:\TI\ccs\tools\compiler\ti-cgt-armllvm_4.0.3.LTS\lib\armv6m-ti-none-eabi\c\</path>
         <kind>archive</kind>
         <file>libc.a</file>
         <name>assert.c.obj</name>
      </input_file>
      <input_file id="fl-51">
         <path>F:\TI\ccs\tools\compiler\ti-cgt-armllvm_4.0.3.LTS\lib\armv6m-ti-none-eabi\c\</path>
         <kind>archive</kind>
         <file>libc.a</file>
         <name>atoi.c.obj</name>
      </input_file>
      <input_file id="fl-52">
         <path>F:\TI\ccs\tools\compiler\ti-cgt-armllvm_4.0.3.LTS\lib\armv6m-ti-none-eabi\c\</path>
         <kind>archive</kind>
         <file>libc.a</file>
         <name>defs.c.obj</name>
      </input_file>
      <input_file id="fl-53">
         <path>F:\TI\ccs\tools\compiler\ti-cgt-armllvm_4.0.3.LTS\lib\armv6m-ti-none-eabi\c\</path>
         <kind>archive</kind>
         <file>libc.a</file>
         <name>memccpy.c.obj</name>
      </input_file>
      <input_file id="fl-54">
         <path>F:\TI\ccs\tools\compiler\ti-cgt-armllvm_4.0.3.LTS\lib\armv6m-ti-none-eabi\c\</path>
         <kind>archive</kind>
         <file>libc.a</file>
         <name>memory.c.obj</name>
      </input_file>
      <input_file id="fl-55">
         <path>F:\TI\ccs\tools\compiler\ti-cgt-armllvm_4.0.3.LTS\lib\armv6m-ti-none-eabi\c\</path>
         <kind>archive</kind>
         <file>libc.a</file>
         <name>fflush.c.obj</name>
      </input_file>
      <input_file id="fl-56">
         <path>F:\TI\ccs\tools\compiler\ti-cgt-armllvm_4.0.3.LTS\lib\armv6m-ti-none-eabi\c\</path>
         <kind>archive</kind>
         <file>libc.a</file>
         <name>fputs.c.obj</name>
      </input_file>
      <input_file id="fl-57">
         <path>F:\TI\ccs\tools\compiler\ti-cgt-armllvm_4.0.3.LTS\lib\armv6m-ti-none-eabi\c\</path>
         <kind>archive</kind>
         <file>libc.a</file>
         <name>_io_perm.c.obj</name>
      </input_file>
      <input_file id="fl-58">
         <path>F:\TI\ccs\tools\compiler\ti-cgt-armllvm_4.0.3.LTS\lib\armv6m-ti-none-eabi\c\</path>
         <kind>archive</kind>
         <file>libc.a</file>
         <name>setvbuf.c.obj</name>
      </input_file>
      <input_file id="fl-59">
         <path>F:\TI\ccs\tools\compiler\ti-cgt-armllvm_4.0.3.LTS\lib\armv6m-ti-none-eabi\c\</path>
         <kind>archive</kind>
         <file>libc.a</file>
         <name>aeabi_ctype.S.obj</name>
      </input_file>
      <input_file id="fl-5a">
         <path>F:\TI\ccs\tools\compiler\ti-cgt-armllvm_4.0.3.LTS\lib\armv6m-ti-none-eabi\c\</path>
         <kind>archive</kind>
         <file>libc.a</file>
         <name>fopen.c.obj</name>
      </input_file>
      <input_file id="fl-5b">
         <path>F:\TI\ccs\tools\compiler\ti-cgt-armllvm_4.0.3.LTS\lib\armv6m-ti-none-eabi\c\</path>
         <kind>archive</kind>
         <file>libc.a</file>
         <name>fseek.c.obj</name>
      </input_file>
      <input_file id="fl-5c">
         <path>F:\TI\ccs\tools\compiler\ti-cgt-armllvm_4.0.3.LTS\lib\armv6m-ti-none-eabi\c\</path>
         <kind>archive</kind>
         <file>libc.a</file>
         <name>fclose.c.obj</name>
      </input_file>
      <input_file id="fl-fc">
         <path>F:\TI\ccs\tools\compiler\ti-cgt-armllvm_4.0.3.LTS\lib\armv6m-ti-none-eabi\c\</path>
         <kind>archive</kind>
         <file>libsysbm.a</file>
         <name>hostexit.c.obj</name>
      </input_file>
      <input_file id="fl-fd">
         <path>F:\TI\ccs\tools\compiler\ti-cgt-armllvm_4.0.3.LTS\lib\armv6m-ti-none-eabi\c\</path>
         <kind>archive</kind>
         <file>libsysbm.a</file>
         <name>write.c.obj</name>
      </input_file>
      <input_file id="fl-fe">
         <path>F:\TI\ccs\tools\compiler\ti-cgt-armllvm_4.0.3.LTS\lib\armv6m-ti-none-eabi\c\</path>
         <kind>archive</kind>
         <file>libsysbm.a</file>
         <name>host_device.c.obj</name>
      </input_file>
      <input_file id="fl-ff">
         <path>F:\TI\ccs\tools\compiler\ti-cgt-armllvm_4.0.3.LTS\lib\armv6m-ti-none-eabi\c\</path>
         <kind>archive</kind>
         <file>libsysbm.a</file>
         <name>remove.c.obj</name>
      </input_file>
      <input_file id="fl-100">
         <path>F:\TI\ccs\tools\compiler\ti-cgt-armllvm_4.0.3.LTS\lib\armv6m-ti-none-eabi\c\</path>
         <kind>archive</kind>
         <file>libsysbm.a</file>
         <name>open.c.obj</name>
      </input_file>
      <input_file id="fl-101">
         <path>F:\TI\ccs\tools\compiler\ti-cgt-armllvm_4.0.3.LTS\lib\armv6m-ti-none-eabi\c\</path>
         <kind>archive</kind>
         <file>libsysbm.a</file>
         <name>lseek.c.obj</name>
      </input_file>
      <input_file id="fl-102">
         <path>F:\TI\ccs\tools\compiler\ti-cgt-armllvm_4.0.3.LTS\lib\armv6m-ti-none-eabi\c\</path>
         <kind>archive</kind>
         <file>libsysbm.a</file>
         <name>close.c.obj</name>
      </input_file>
      <input_file id="fl-103">
         <path>F:\TI\ccs\tools\compiler\ti-cgt-armllvm_4.0.3.LTS\lib\armv6m-ti-none-eabi\c\</path>
         <kind>archive</kind>
         <file>libsysbm.a</file>
         <name>unlink.c.obj</name>
      </input_file>
      <input_file id="fl-104">
         <path>F:\TI\ccs\tools\compiler\ti-cgt-armllvm_4.0.3.LTS\lib\armv6m-ti-none-eabi\c\</path>
         <kind>archive</kind>
         <file>libsysbm.a</file>
         <name>hostclose.c.obj</name>
      </input_file>
      <input_file id="fl-105">
         <path>F:\TI\ccs\tools\compiler\ti-cgt-armllvm_4.0.3.LTS\lib\armv6m-ti-none-eabi\c\</path>
         <kind>archive</kind>
         <file>libsysbm.a</file>
         <name>hostlseek.c.obj</name>
      </input_file>
      <input_file id="fl-106">
         <path>F:\TI\ccs\tools\compiler\ti-cgt-armllvm_4.0.3.LTS\lib\armv6m-ti-none-eabi\c\</path>
         <kind>archive</kind>
         <file>libsysbm.a</file>
         <name>hostopen.c.obj</name>
      </input_file>
      <input_file id="fl-107">
         <path>F:\TI\ccs\tools\compiler\ti-cgt-armllvm_4.0.3.LTS\lib\armv6m-ti-none-eabi\c\</path>
         <kind>archive</kind>
         <file>libsysbm.a</file>
         <name>hostread.c.obj</name>
      </input_file>
      <input_file id="fl-108">
         <path>F:\TI\ccs\tools\compiler\ti-cgt-armllvm_4.0.3.LTS\lib\armv6m-ti-none-eabi\c\</path>
         <kind>archive</kind>
         <file>libsysbm.a</file>
         <name>hostrename.c.obj</name>
      </input_file>
      <input_file id="fl-109">
         <path>F:\TI\ccs\tools\compiler\ti-cgt-armllvm_4.0.3.LTS\lib\armv6m-ti-none-eabi\c\</path>
         <kind>archive</kind>
         <file>libsysbm.a</file>
         <name>hostunlink.c.obj</name>
      </input_file>
      <input_file id="fl-10a">
         <path>F:\TI\ccs\tools\compiler\ti-cgt-armllvm_4.0.3.LTS\lib\armv6m-ti-none-eabi\c\</path>
         <kind>archive</kind>
         <file>libsysbm.a</file>
         <name>hostwrite.c.obj</name>
      </input_file>
      <input_file id="fl-10b">
         <path>F:\TI\ccs\tools\compiler\ti-cgt-armllvm_4.0.3.LTS\lib\armv6m-ti-none-eabi\c\</path>
         <kind>archive</kind>
         <file>libsysbm.a</file>
         <name>trgmsg.c.obj</name>
      </input_file>
      <input_file id="fl-10c">
         <path>F:\TI\ccs\tools\compiler\ti-cgt-armllvm_4.0.3.LTS\lib\armv6m-ti-none-eabi\</path>
         <kind>archive</kind>
         <file>libclang_rt.builtins.a</file>
         <name>addsf3.S.obj</name>
      </input_file>
      <input_file id="fl-10d">
         <path>F:\TI\ccs\tools\compiler\ti-cgt-armllvm_4.0.3.LTS\lib\armv6m-ti-none-eabi\</path>
         <kind>archive</kind>
         <file>libclang_rt.builtins.a</file>
         <name>adddf3.S.obj</name>
      </input_file>
      <input_file id="fl-10e">
         <path>F:\TI\ccs\tools\compiler\ti-cgt-armllvm_4.0.3.LTS\lib\armv6m-ti-none-eabi\</path>
         <kind>archive</kind>
         <file>libclang_rt.builtins.a</file>
         <name>muldf3.S.obj</name>
      </input_file>
      <input_file id="fl-10f">
         <path>F:\TI\ccs\tools\compiler\ti-cgt-armllvm_4.0.3.LTS\lib\armv6m-ti-none-eabi\</path>
         <kind>archive</kind>
         <file>libclang_rt.builtins.a</file>
         <name>muldsi3.S.obj</name>
      </input_file>
      <input_file id="fl-110">
         <path>F:\TI\ccs\tools\compiler\ti-cgt-armllvm_4.0.3.LTS\lib\armv6m-ti-none-eabi\</path>
         <kind>archive</kind>
         <file>libclang_rt.builtins.a</file>
         <name>mulsf3.S.obj</name>
      </input_file>
      <input_file id="fl-111">
         <path>F:\TI\ccs\tools\compiler\ti-cgt-armllvm_4.0.3.LTS\lib\armv6m-ti-none-eabi\</path>
         <kind>archive</kind>
         <file>libclang_rt.builtins.a</file>
         <name>divsf3.S.obj</name>
      </input_file>
      <input_file id="fl-112">
         <path>F:\TI\ccs\tools\compiler\ti-cgt-armllvm_4.0.3.LTS\lib\armv6m-ti-none-eabi\</path>
         <kind>archive</kind>
         <file>libclang_rt.builtins.a</file>
         <name>divdf3.S.obj</name>
      </input_file>
      <input_file id="fl-113">
         <path>F:\TI\ccs\tools\compiler\ti-cgt-armllvm_4.0.3.LTS\lib\armv6m-ti-none-eabi\</path>
         <kind>archive</kind>
         <file>libclang_rt.builtins.a</file>
         <name>extendsfdf2.S.obj</name>
      </input_file>
      <input_file id="fl-114">
         <path>F:\TI\ccs\tools\compiler\ti-cgt-armllvm_4.0.3.LTS\lib\armv6m-ti-none-eabi\</path>
         <kind>archive</kind>
         <file>libclang_rt.builtins.a</file>
         <name>fixdfsi.S.obj</name>
      </input_file>
      <input_file id="fl-115">
         <path>F:\TI\ccs\tools\compiler\ti-cgt-armllvm_4.0.3.LTS\lib\armv6m-ti-none-eabi\</path>
         <kind>archive</kind>
         <file>libclang_rt.builtins.a</file>
         <name>fixsfsi.S.obj</name>
      </input_file>
      <input_file id="fl-116">
         <path>F:\TI\ccs\tools\compiler\ti-cgt-armllvm_4.0.3.LTS\lib\armv6m-ti-none-eabi\</path>
         <kind>archive</kind>
         <file>libclang_rt.builtins.a</file>
         <name>floatsidf.S.obj</name>
      </input_file>
      <input_file id="fl-117">
         <path>F:\TI\ccs\tools\compiler\ti-cgt-armllvm_4.0.3.LTS\lib\armv6m-ti-none-eabi\</path>
         <kind>archive</kind>
         <file>libclang_rt.builtins.a</file>
         <name>floatsisf.S.obj</name>
      </input_file>
      <input_file id="fl-118">
         <path>F:\TI\ccs\tools\compiler\ti-cgt-armllvm_4.0.3.LTS\lib\armv6m-ti-none-eabi\</path>
         <kind>archive</kind>
         <file>libclang_rt.builtins.a</file>
         <name>floatunsidf.S.obj</name>
      </input_file>
      <input_file id="fl-119">
         <path>F:\TI\ccs\tools\compiler\ti-cgt-armllvm_4.0.3.LTS\lib\armv6m-ti-none-eabi\</path>
         <kind>archive</kind>
         <file>libclang_rt.builtins.a</file>
         <name>floatunsisf.S.obj</name>
      </input_file>
      <input_file id="fl-11a">
         <path>F:\TI\ccs\tools\compiler\ti-cgt-armllvm_4.0.3.LTS\lib\armv6m-ti-none-eabi\</path>
         <kind>archive</kind>
         <file>libclang_rt.builtins.a</file>
         <name>muldi3.S.obj</name>
      </input_file>
      <input_file id="fl-11b">
         <path>F:\TI\ccs\tools\compiler\ti-cgt-armllvm_4.0.3.LTS\lib\armv6m-ti-none-eabi\</path>
         <kind>archive</kind>
         <file>libclang_rt.builtins.a</file>
         <name>truncdfsf2.S.obj</name>
      </input_file>
      <input_file id="fl-11c">
         <path>F:\TI\ccs\tools\compiler\ti-cgt-armllvm_4.0.3.LTS\lib\armv6m-ti-none-eabi\</path>
         <kind>archive</kind>
         <file>libclang_rt.builtins.a</file>
         <name>aeabi_dcmp.S.obj</name>
      </input_file>
      <input_file id="fl-11d">
         <path>F:\TI\ccs\tools\compiler\ti-cgt-armllvm_4.0.3.LTS\lib\armv6m-ti-none-eabi\</path>
         <kind>archive</kind>
         <file>libclang_rt.builtins.a</file>
         <name>aeabi_fcmp.S.obj</name>
      </input_file>
      <input_file id="fl-11e">
         <path>F:\TI\ccs\tools\compiler\ti-cgt-armllvm_4.0.3.LTS\lib\armv6m-ti-none-eabi\</path>
         <kind>archive</kind>
         <file>libclang_rt.builtins.a</file>
         <name>aeabi_idivmod.S.obj</name>
      </input_file>
      <input_file id="fl-11f">
         <path>F:\TI\ccs\tools\compiler\ti-cgt-armllvm_4.0.3.LTS\lib\armv6m-ti-none-eabi\</path>
         <kind>archive</kind>
         <file>libclang_rt.builtins.a</file>
         <name>aeabi_memcpy.S.obj</name>
      </input_file>
      <input_file id="fl-120">
         <path>F:\TI\ccs\tools\compiler\ti-cgt-armllvm_4.0.3.LTS\lib\armv6m-ti-none-eabi\</path>
         <kind>archive</kind>
         <file>libclang_rt.builtins.a</file>
         <name>aeabi_memset.S.obj</name>
      </input_file>
      <input_file id="fl-121">
         <path>F:\TI\ccs\tools\compiler\ti-cgt-armllvm_4.0.3.LTS\lib\armv6m-ti-none-eabi\</path>
         <kind>archive</kind>
         <file>libclang_rt.builtins.a</file>
         <name>aeabi_uidivmod.S.obj</name>
      </input_file>
      <input_file id="fl-122">
         <path>F:\TI\ccs\tools\compiler\ti-cgt-armllvm_4.0.3.LTS\lib\armv6m-ti-none-eabi\</path>
         <kind>archive</kind>
         <file>libclang_rt.builtins.a</file>
         <name>aeabi_uldivmod.S.obj</name>
      </input_file>
      <input_file id="fl-123">
         <path>F:\TI\ccs\tools\compiler\ti-cgt-armllvm_4.0.3.LTS\lib\armv6m-ti-none-eabi\</path>
         <kind>archive</kind>
         <file>libclang_rt.builtins.a</file>
         <name>comparesf2.S.obj</name>
      </input_file>
      <input_file id="fl-124">
         <path>F:\TI\ccs\tools\compiler\ti-cgt-armllvm_4.0.3.LTS\lib\armv6m-ti-none-eabi\</path>
         <kind>archive</kind>
         <file>libclang_rt.builtins.a</file>
         <name>udivmoddi4.S.obj</name>
      </input_file>
      <input_file id="fl-125">
         <path>F:\TI\ccs\tools\compiler\ti-cgt-armllvm_4.0.3.LTS\lib\armv6m-ti-none-eabi\</path>
         <kind>archive</kind>
         <file>libclang_rt.builtins.a</file>
         <name>ashldi3.S.obj</name>
      </input_file>
      <input_file id="fl-126">
         <path>F:\TI\ccs\tools\compiler\ti-cgt-armllvm_4.0.3.LTS\lib\armv6m-ti-none-eabi\</path>
         <kind>archive</kind>
         <file>libclang_rt.builtins.a</file>
         <name>comparedf2.c.obj</name>
      </input_file>
      <input_file id="fl-127">
         <path>F:\TI\ccs\tools\compiler\ti-cgt-armllvm_4.0.3.LTS\lib\armv6m-ti-none-eabi\</path>
         <kind>archive</kind>
         <file>libclang_rt.builtins.a</file>
         <name>aeabi_div0.c.obj</name>
      </input_file>
      <input_file id="fl-128">
         <path>F:\TI\ccs\tools\compiler\ti-cgt-armllvm_4.0.3.LTS\lib\armv6m-ti-none-eabi\c\</path>
         <kind>archive</kind>
         <file>libc.a</file>
         <name>getdevice.c.obj</name>
      </input_file>
      <input_file id="fl-129">
         <path>F:\TI\ccs\tools\compiler\ti-cgt-armllvm_4.0.3.LTS\lib\armv6m-ti-none-eabi\c\</path>
         <kind>archive</kind>
         <file>libc.a</file>
         <name>memcpy16.S.obj</name>
      </input_file>
      <input_file id="fl-12a">
         <path>F:\TI\ccs\tools\compiler\ti-cgt-armllvm_4.0.3.LTS\lib\armv6m-ti-none-eabi\c\</path>
         <kind>archive</kind>
         <file>libc.a</file>
         <name>memset16.S.obj</name>
      </input_file>
      <input_file id="fl-12b">
         <path>F:\TI\ccs\tools\compiler\ti-cgt-armllvm_4.0.3.LTS\lib\armv6m-ti-none-eabi\c\</path>
         <kind>archive</kind>
         <file>libc.a</file>
         <name>strcmp-armv6m.S.obj</name>
      </input_file>
   </input_file_list>
   <object_component_list>
      <object_component id="oc-18">
         <name>.intvecs</name>
         <load_address>0x0</load_address>
         <readonly>true</readonly>
         <run_address>0x0</run_address>
         <size>0xc0</size>
         <alignment>0x4</alignment>
         <input_file_ref idref="fl-3"/>
      </object_component>
      <object_component id="oc-208">
         <name>.text:__TI_printfi</name>
         <load_address>0xc0</load_address>
         <readonly>true</readonly>
         <executable>true</executable>
         <run_address>0xc0</run_address>
         <size>0x9d0</size>
         <alignment>0x4</alignment>
         <input_file_ref idref="fl-47"/>
      </object_component>
      <object_component id="oc-3e">
         <name>.text.UART0_IRQHandler</name>
         <load_address>0xa90</load_address>
         <readonly>true</readonly>
         <executable>true</executable>
         <run_address>0xa90</run_address>
         <size>0x368</size>
         <alignment>0x4</alignment>
         <input_file_ref idref="fl-7"/>
      </object_component>
      <object_component id="oc-24d">
         <name>.text._pconv_a</name>
         <load_address>0xdf8</load_address>
         <readonly>true</readonly>
         <executable>true</executable>
         <run_address>0xdf8</run_address>
         <size>0x220</size>
         <alignment>0x4</alignment>
         <input_file_ref idref="fl-47"/>
      </object_component>
      <object_component id="oc-134">
         <name>.text.SYSCFG_DL_GPIO_init</name>
         <load_address>0x1018</load_address>
         <readonly>true</readonly>
         <executable>true</executable>
         <run_address>0x1018</run_address>
         <size>0x200</size>
         <alignment>0x4</alignment>
         <input_file_ref idref="fl-2"/>
      </object_component>
      <object_component id="oc-252">
         <name>.text._pconv_g</name>
         <load_address>0x1218</load_address>
         <readonly>true</readonly>
         <executable>true</executable>
         <run_address>0x1218</run_address>
         <size>0x1dc</size>
         <alignment>0x4</alignment>
         <input_file_ref idref="fl-47"/>
      </object_component>
      <object_component id="oc-286">
         <name>.text.adddf3_subdf3</name>
         <load_address>0x13f4</load_address>
         <readonly>true</readonly>
         <executable>true</executable>
         <run_address>0x13f4</run_address>
         <size>0x192</size>
         <alignment>0x4</alignment>
         <input_file_ref idref="fl-10d"/>
      </object_component>
      <object_component id="oc-e6">
         <name>.text.Ultrasonic_Init</name>
         <load_address>0x1586</load_address>
         <readonly>true</readonly>
         <executable>true</executable>
         <run_address>0x1586</run_address>
         <size>0x2</size>
         <alignment>0x2</alignment>
         <input_file_ref idref="fl-a"/>
      </object_component>
      <object_component id="oc-f1">
         <name>.text.AssignmentChoose</name>
         <load_address>0x1588</load_address>
         <readonly>true</readonly>
         <executable>true</executable>
         <run_address>0x1588</run_address>
         <size>0x144</size>
         <alignment>0x4</alignment>
         <input_file_ref idref="fl-4"/>
      </object_component>
      <object_component id="oc-28a">
         <name>.text.fcvt</name>
         <load_address>0x16cc</load_address>
         <readonly>true</readonly>
         <executable>true</executable>
         <run_address>0x16cc</run_address>
         <size>0x13c</size>
         <alignment>0x4</alignment>
         <input_file_ref idref="fl-47"/>
      </object_component>
      <object_component id="oc-254">
         <name>.text._pconv_e</name>
         <load_address>0x1808</load_address>
         <readonly>true</readonly>
         <executable>true</executable>
         <run_address>0x1808</run_address>
         <size>0x120</size>
         <alignment>0x4</alignment>
         <input_file_ref idref="fl-47"/>
      </object_component>
      <object_component id="oc-172">
         <name>.text.OLED_ShowChar</name>
         <load_address>0x1928</load_address>
         <readonly>true</readonly>
         <executable>true</executable>
         <run_address>0x1928</run_address>
         <size>0x118</size>
         <alignment>0x4</alignment>
         <input_file_ref idref="fl-9"/>
      </object_component>
      <object_component id="oc-101">
         <name>.text.balance_stand</name>
         <load_address>0x1a40</load_address>
         <readonly>true</readonly>
         <executable>true</executable>
         <run_address>0x1a40</run_address>
         <size>0x110</size>
         <alignment>0x4</alignment>
         <input_file_ref idref="fl-d"/>
      </object_component>
      <object_component id="oc-76">
         <name>.text.__divdf3</name>
         <load_address>0x1b50</load_address>
         <readonly>true</readonly>
         <executable>true</executable>
         <run_address>0x1b50</run_address>
         <size>0x10c</size>
         <alignment>0x4</alignment>
         <input_file_ref idref="fl-112"/>
      </object_component>
      <object_component id="oc-1c6">
         <name>.text.DL_Timer_initFourCCPWMMode</name>
         <load_address>0x1c5c</load_address>
         <readonly>true</readonly>
         <executable>true</executable>
         <run_address>0x1c5c</run_address>
         <size>0x104</size>
         <alignment>0x4</alignment>
         <input_file_ref idref="fl-24"/>
      </object_component>
      <object_component id="oc-de">
         <name>.text.OLED_Init</name>
         <load_address>0x1d60</load_address>
         <readonly>true</readonly>
         <executable>true</executable>
         <run_address>0x1d60</run_address>
         <size>0xfa</size>
         <alignment>0x2</alignment>
         <input_file_ref idref="fl-9"/>
      </object_component>
      <object_component id="oc-1f0">
         <name>.text.__aeabi_idiv0</name>
         <load_address>0x1e5a</load_address>
         <readonly>true</readonly>
         <executable>true</executable>
         <run_address>0x1e5a</run_address>
         <size>0x2</size>
         <alignment>0x2</alignment>
         <input_file_ref idref="fl-127"/>
      </object_component>
      <object_component id="oc-a4">
         <name>.text.main</name>
         <load_address>0x1e5c</load_address>
         <readonly>true</readonly>
         <executable>true</executable>
         <run_address>0x1e5c</run_address>
         <size>0xf4</size>
         <alignment>0x4</alignment>
         <input_file_ref idref="fl-1"/>
      </object_component>
      <object_component id="oc-1d2">
         <name>.text.DL_Timer_initTimerMode</name>
         <load_address>0x1f50</load_address>
         <readonly>true</readonly>
         <executable>true</executable>
         <run_address>0x1f50</run_address>
         <size>0xe8</size>
         <alignment>0x4</alignment>
         <input_file_ref idref="fl-24"/>
      </object_component>
      <object_component id="oc-82">
         <name>.text.__muldf3</name>
         <load_address>0x2038</load_address>
         <readonly>true</readonly>
         <executable>true</executable>
         <run_address>0x2038</run_address>
         <size>0xe4</size>
         <alignment>0x4</alignment>
         <input_file_ref idref="fl-10e"/>
      </object_component>
      <object_component id="oc-1bc">
         <name>.text.DL_SYSCTL_configSYSPLL</name>
         <load_address>0x211c</load_address>
         <readonly>true</readonly>
         <executable>true</executable>
         <run_address>0x211c</run_address>
         <size>0xdc</size>
         <alignment>0x4</alignment>
         <input_file_ref idref="fl-26"/>
      </object_component>
      <object_component id="oc-271">
         <name>.text.scalbn</name>
         <load_address>0x21f8</load_address>
         <readonly>true</readonly>
         <executable>true</executable>
         <run_address>0x21f8</run_address>
         <size>0xd8</size>
         <alignment>0x4</alignment>
         <input_file_ref idref="fl-49"/>
      </object_component>
      <object_component id="oc-179">
         <name>.text</name>
         <load_address>0x22d0</load_address>
         <readonly>true</readonly>
         <executable>true</executable>
         <run_address>0x22d0</run_address>
         <size>0xd8</size>
         <alignment>0x4</alignment>
         <input_file_ref idref="fl-10c"/>
      </object_component>
      <object_component id="oc-93">
         <name>.text.SpeedRead</name>
         <load_address>0x23a8</load_address>
         <readonly>true</readonly>
         <executable>true</executable>
         <run_address>0x23a8</run_address>
         <size>0xc4</size>
         <alignment>0x4</alignment>
         <input_file_ref idref="fl-10"/>
      </object_component>
      <object_component id="oc-133">
         <name>.text.SYSCFG_DL_initPower</name>
         <load_address>0x246c</load_address>
         <readonly>true</readonly>
         <executable>true</executable>
         <run_address>0x246c</run_address>
         <size>0xb0</size>
         <alignment>0x4</alignment>
         <input_file_ref idref="fl-2"/>
      </object_component>
      <object_component id="oc-268">
         <name>.text</name>
         <load_address>0x251c</load_address>
         <readonly>true</readonly>
         <executable>true</executable>
         <run_address>0x251c</run_address>
         <size>0xa2</size>
         <alignment>0x4</alignment>
         <input_file_ref idref="fl-124"/>
      </object_component>
      <object_component id="oc-28c">
         <name>.text.__aeabi_ldiv0</name>
         <load_address>0x25be</load_address>
         <readonly>true</readonly>
         <executable>true</executable>
         <run_address>0x25be</run_address>
         <size>0x2</size>
         <alignment>0x2</alignment>
         <input_file_ref idref="fl-127"/>
      </object_component>
      <object_component id="oc-39">
         <name>.text.GROUP1_IRQHandler</name>
         <load_address>0x25c0</load_address>
         <readonly>true</readonly>
         <executable>true</executable>
         <run_address>0x25c0</run_address>
         <size>0x9c</size>
         <alignment>0x4</alignment>
         <input_file_ref idref="fl-c"/>
      </object_component>
      <object_component id="oc-136">
         <name>.text.SYSCFG_DL_PWM_0_init</name>
         <load_address>0x265c</load_address>
         <readonly>true</readonly>
         <executable>true</executable>
         <run_address>0x265c</run_address>
         <size>0x90</size>
         <alignment>0x4</alignment>
         <input_file_ref idref="fl-2"/>
      </object_component>
      <object_component id="oc-137">
         <name>.text.SYSCFG_DL_PWM_SERVO_init</name>
         <load_address>0x26ec</load_address>
         <readonly>true</readonly>
         <executable>true</executable>
         <run_address>0x26ec</run_address>
         <size>0x90</size>
         <alignment>0x4</alignment>
         <input_file_ref idref="fl-2"/>
      </object_component>
      <object_component id="oc-182">
         <name>.text.__mulsf3</name>
         <load_address>0x277c</load_address>
         <readonly>true</readonly>
         <executable>true</executable>
         <run_address>0x277c</run_address>
         <size>0x8c</size>
         <alignment>0x4</alignment>
         <input_file_ref idref="fl-110"/>
      </object_component>
      <object_component id="oc-eb">
         <name>.text.Left_Control</name>
         <load_address>0x2808</load_address>
         <readonly>true</readonly>
         <executable>true</executable>
         <run_address>0x2808</run_address>
         <size>0x84</size>
         <alignment>0x4</alignment>
         <input_file_ref idref="fl-8"/>
      </object_component>
      <object_component id="oc-144">
         <name>.text.__NVIC_SetPriority</name>
         <load_address>0x288c</load_address>
         <readonly>true</readonly>
         <executable>true</executable>
         <run_address>0x288c</run_address>
         <size>0x84</size>
         <alignment>0x4</alignment>
         <input_file_ref idref="fl-6"/>
      </object_component>
      <object_component id="oc-15d">
         <name>.text.Bluetooth_SendString</name>
         <load_address>0x2910</load_address>
         <readonly>true</readonly>
         <executable>true</executable>
         <run_address>0x2910</run_address>
         <size>0x80</size>
         <alignment>0x4</alignment>
         <input_file_ref idref="fl-5"/>
      </object_component>
      <object_component id="oc-f0">
         <name>.text.Right_Control</name>
         <load_address>0x2990</load_address>
         <readonly>true</readonly>
         <executable>true</executable>
         <run_address>0x2990</run_address>
         <size>0x80</size>
         <alignment>0x4</alignment>
         <input_file_ref idref="fl-8"/>
      </object_component>
      <object_component id="oc-1e8">
         <name>.text.Send_Byte</name>
         <load_address>0x2a10</load_address>
         <readonly>true</readonly>
         <executable>true</executable>
         <run_address>0x2a10</run_address>
         <size>0x7c</size>
         <alignment>0x4</alignment>
         <input_file_ref idref="fl-9"/>
      </object_component>
      <object_component id="oc-1c">
         <name>.text:decompress:lzss</name>
         <load_address>0x2a8c</load_address>
         <readonly>true</readonly>
         <executable>true</executable>
         <run_address>0x2a8c</run_address>
         <size>0x7c</size>
         <alignment>0x4</alignment>
         <input_file_ref idref="fl-46"/>
      </object_component>
      <object_component id="oc-284">
         <name>.text.__gedf2</name>
         <load_address>0x2b08</load_address>
         <readonly>true</readonly>
         <executable>true</executable>
         <run_address>0x2b08</run_address>
         <size>0x74</size>
         <alignment>0x4</alignment>
         <input_file_ref idref="fl-126"/>
      </object_component>
      <object_component id="oc-33">
         <name>.text.Default_Handler</name>
         <load_address>0x2b7c</load_address>
         <readonly>true</readonly>
         <executable>true</executable>
         <run_address>0x2b7c</run_address>
         <size>0x4</size>
         <alignment>0x2</alignment>
         <input_file_ref idref="fl-3"/>
      </object_component>
      <object_component id="oc-7e">
         <name>.text.__truncdfsf2</name>
         <load_address>0x2b80</load_address>
         <readonly>true</readonly>
         <executable>true</executable>
         <run_address>0x2b80</run_address>
         <size>0x74</size>
         <alignment>0x10</alignment>
         <input_file_ref idref="fl-11b"/>
      </object_component>
      <object_component id="oc-f6">
         <name>.text.OLED_ShowString</name>
         <load_address>0x2bf4</load_address>
         <readonly>true</readonly>
         <executable>true</executable>
         <run_address>0x2bf4</run_address>
         <size>0x70</size>
         <alignment>0x2</alignment>
         <input_file_ref idref="fl-9"/>
      </object_component>
      <object_component id="oc-147">
         <name>.text.OLED_Clear</name>
         <load_address>0x2c64</load_address>
         <readonly>true</readonly>
         <executable>true</executable>
         <run_address>0x2c64</run_address>
         <size>0x6a</size>
         <alignment>0x2</alignment>
         <input_file_ref idref="fl-9"/>
      </object_component>
      <object_component id="oc-138">
         <name>.text.SYSCFG_DL_PWM_ULTRASONIC_init</name>
         <load_address>0x2cd0</load_address>
         <readonly>true</readonly>
         <executable>true</executable>
         <run_address>0x2cd0</run_address>
         <size>0x68</size>
         <alignment>0x4</alignment>
         <input_file_ref idref="fl-2"/>
      </object_component>
      <object_component id="oc-13b">
         <name>.text.SYSCFG_DL_UART_WIT_init</name>
         <load_address>0x2d38</load_address>
         <readonly>true</readonly>
         <executable>true</executable>
         <run_address>0x2d38</run_address>
         <size>0x68</size>
         <alignment>0x4</alignment>
         <input_file_ref idref="fl-2"/>
      </object_component>
      <object_component id="oc-27e">
         <name>.text.__ledf2</name>
         <load_address>0x2da0</load_address>
         <readonly>true</readonly>
         <executable>true</executable>
         <run_address>0x2da0</run_address>
         <size>0x68</size>
         <alignment>0x4</alignment>
         <input_file_ref idref="fl-126"/>
      </object_component>
      <object_component id="oc-27d">
         <name>.text._mcpy</name>
         <load_address>0x2e08</load_address>
         <readonly>true</readonly>
         <executable>true</executable>
         <run_address>0x2e08</run_address>
         <size>0x66</size>
         <alignment>0x2</alignment>
         <input_file_ref idref="fl-47"/>
      </object_component>
      <object_component id="oc-168">
         <name>.text.LightAndSound</name>
         <load_address>0x2e70</load_address>
         <readonly>true</readonly>
         <executable>true</executable>
         <run_address>0x2e70</run_address>
         <size>0x64</size>
         <alignment>0x4</alignment>
         <input_file_ref idref="fl-4"/>
      </object_component>
      <object_component id="oc-24e">
         <name>.text.__aeabi_dcmp</name>
         <load_address>0x2ed4</load_address>
         <readonly>true</readonly>
         <executable>true</executable>
         <run_address>0x2ed4</run_address>
         <size>0x62</size>
         <alignment>0x4</alignment>
         <input_file_ref idref="fl-11c"/>
      </object_component>
      <object_component id="oc-17d">
         <name>.text.__aeabi_fcmp</name>
         <load_address>0x2f38</load_address>
         <readonly>true</readonly>
         <executable>true</executable>
         <run_address>0x2f38</run_address>
         <size>0x62</size>
         <alignment>0x4</alignment>
         <input_file_ref idref="fl-11d"/>
      </object_component>
      <object_component id="oc-26d">
         <name>.text.frexp</name>
         <load_address>0x2f9c</load_address>
         <readonly>true</readonly>
         <executable>true</executable>
         <run_address>0x2f9c</run_address>
         <size>0x5c</size>
         <alignment>0x4</alignment>
         <input_file_ref idref="fl-48"/>
      </object_component>
      <object_component id="oc-275">
         <name>.text.__TI_ltoa</name>
         <load_address>0x2ff8</load_address>
         <readonly>true</readonly>
         <executable>true</executable>
         <run_address>0x2ff8</run_address>
         <size>0x58</size>
         <alignment>0x2</alignment>
         <input_file_ref idref="fl-4e"/>
      </object_component>
      <object_component id="oc-253">
         <name>.text._pconv_f</name>
         <load_address>0x3050</load_address>
         <readonly>true</readonly>
         <executable>true</executable>
         <run_address>0x3050</run_address>
         <size>0x58</size>
         <alignment>0x2</alignment>
         <input_file_ref idref="fl-47"/>
      </object_component>
      <object_component id="oc-298">
         <name>.text.__aeabi_idivmod</name>
         <load_address>0x30a8</load_address>
         <readonly>true</readonly>
         <executable>true</executable>
         <run_address>0x30a8</run_address>
         <size>0x56</size>
         <alignment>0x4</alignment>
         <input_file_ref idref="fl-11e"/>
      </object_component>
      <object_component id="oc-86">
         <name>.text.DL_UART_drainRXFIFO</name>
         <load_address>0x3100</load_address>
         <readonly>true</readonly>
         <executable>true</executable>
         <run_address>0x3100</run_address>
         <size>0x54</size>
         <alignment>0x4</alignment>
         <input_file_ref idref="fl-25"/>
      </object_component>
      <object_component id="oc-27b">
         <name>.text._ecpy</name>
         <load_address>0x3154</load_address>
         <readonly>true</readonly>
         <executable>true</executable>
         <run_address>0x3154</run_address>
         <size>0x52</size>
         <alignment>0x2</alignment>
         <input_file_ref idref="fl-47"/>
      </object_component>
      <object_component id="oc-d7">
         <name>.text.SYSCFG_DL_init</name>
         <load_address>0x31a8</load_address>
         <readonly>true</readonly>
         <executable>true</executable>
         <run_address>0x31a8</run_address>
         <size>0x50</size>
         <alignment>0x4</alignment>
         <input_file_ref idref="fl-2"/>
      </object_component>
      <object_component id="oc-143">
         <name>.text.SysTick_Config</name>
         <load_address>0x31f8</load_address>
         <readonly>true</readonly>
         <executable>true</executable>
         <run_address>0x31f8</run_address>
         <size>0x50</size>
         <alignment>0x4</alignment>
         <input_file_ref idref="fl-6"/>
      </object_component>
      <object_component id="oc-146">
         <name>.text.OLED_WR_Byte</name>
         <load_address>0x3248</load_address>
         <readonly>true</readonly>
         <executable>true</executable>
         <run_address>0x3248</run_address>
         <size>0x4e</size>
         <alignment>0x2</alignment>
         <input_file_ref idref="fl-9"/>
      </object_component>
      <object_component id="oc-224">
         <name>.text.DL_DMA_initChannel</name>
         <load_address>0x3298</load_address>
         <readonly>true</readonly>
         <executable>true</executable>
         <run_address>0x3298</run_address>
         <size>0x4c</size>
         <alignment>0x4</alignment>
         <input_file_ref idref="fl-23"/>
      </object_component>
      <object_component id="oc-1db">
         <name>.text.DL_UART_setBaudRateDivisor</name>
         <load_address>0x32e4</load_address>
         <readonly>true</readonly>
         <executable>true</executable>
         <run_address>0x32e4</run_address>
         <size>0x4c</size>
         <alignment>0x4</alignment>
         <input_file_ref idref="fl-2"/>
      </object_component>
      <object_component id="oc-7a">
         <name>.text.__fixdfsi</name>
         <load_address>0x3330</load_address>
         <readonly>true</readonly>
         <executable>true</executable>
         <run_address>0x3330</run_address>
         <size>0x4a</size>
         <alignment>0x4</alignment>
         <input_file_ref idref="fl-114"/>
      </object_component>
      <object_component id="oc-1d9">
         <name>.text.DL_UART_init</name>
         <load_address>0x337c</load_address>
         <readonly>true</readonly>
         <executable>true</executable>
         <run_address>0x337c</run_address>
         <size>0x48</size>
         <alignment>0x4</alignment>
         <input_file_ref idref="fl-25"/>
      </object_component>
      <object_component id="oc-1c3">
         <name>.text.DL_SYSCTL_switchMCLKfromSYSOSCtoHSCLK</name>
         <load_address>0x33c4</load_address>
         <readonly>true</readonly>
         <executable>true</executable>
         <run_address>0x33c4</run_address>
         <size>0x44</size>
         <alignment>0x4</alignment>
         <input_file_ref idref="fl-26"/>
      </object_component>
      <object_component id="oc-e3">
         <name>.text.WIT_Init</name>
         <load_address>0x3408</load_address>
         <readonly>true</readonly>
         <executable>true</executable>
         <run_address>0x3408</run_address>
         <size>0x44</size>
         <alignment>0x4</alignment>
         <input_file_ref idref="fl-b"/>
      </object_component>
      <object_component id="oc-13c">
         <name>.text.SYSCFG_DL_UART_BT_init</name>
         <load_address>0x344c</load_address>
         <readonly>true</readonly>
         <executable>true</executable>
         <run_address>0x344c</run_address>
         <size>0x40</size>
         <alignment>0x4</alignment>
         <input_file_ref idref="fl-2"/>
      </object_component>
      <object_component id="oc-163">
         <name>.text.__aeabi_uidivmod</name>
         <load_address>0x348c</load_address>
         <readonly>true</readonly>
         <executable>true</executable>
         <run_address>0x348c</run_address>
         <size>0x40</size>
         <alignment>0x4</alignment>
         <input_file_ref idref="fl-121"/>
      </object_component>
      <object_component id="oc-fd">
         <name>.text.__extendsfdf2</name>
         <load_address>0x34cc</load_address>
         <readonly>true</readonly>
         <executable>true</executable>
         <run_address>0x34cc</run_address>
         <size>0x40</size>
         <alignment>0x4</alignment>
         <input_file_ref idref="fl-113"/>
      </object_component>
      <object_component id="oc-237">
         <name>.text.atoi</name>
         <load_address>0x350c</load_address>
         <readonly>true</readonly>
         <executable>true</executable>
         <run_address>0x350c</run_address>
         <size>0x40</size>
         <alignment>0x4</alignment>
         <input_file_ref idref="fl-51"/>
      </object_component>
      <object_component id="oc-1c7">
         <name>.text.DL_Timer_setCounterControl</name>
         <load_address>0x354c</load_address>
         <readonly>true</readonly>
         <executable>true</executable>
         <run_address>0x354c</run_address>
         <size>0x3c</size>
         <alignment>0x4</alignment>
         <input_file_ref idref="fl-2"/>
      </object_component>
      <object_component id="oc-1fe">
         <name>.text.OLED_Set_Pos</name>
         <load_address>0x3588</load_address>
         <readonly>true</readonly>
         <executable>true</executable>
         <run_address>0x3588</run_address>
         <size>0x3c</size>
         <alignment>0x2</alignment>
         <input_file_ref idref="fl-9"/>
      </object_component>
      <object_component id="oc-135">
         <name>.text.SYSCFG_DL_SYSCTL_init</name>
         <load_address>0x35c4</load_address>
         <readonly>true</readonly>
         <executable>true</executable>
         <run_address>0x35c4</run_address>
         <size>0x3c</size>
         <alignment>0x4</alignment>
         <input_file_ref idref="fl-2"/>
      </object_component>
      <object_component id="oc-20f">
         <name>.text.__gtsf2</name>
         <load_address>0x3600</load_address>
         <readonly>true</readonly>
         <executable>true</executable>
         <run_address>0x3600</run_address>
         <size>0x3c</size>
         <alignment>0x4</alignment>
         <input_file_ref idref="fl-123"/>
      </object_component>
      <object_component id="oc-119">
         <name>.text:__TI_auto_init_nobinit_nopinit</name>
         <load_address>0x363c</load_address>
         <readonly>true</readonly>
         <executable>true</executable>
         <run_address>0x363c</run_address>
         <size>0x3c</size>
         <alignment>0x4</alignment>
         <input_file_ref idref="fl-41"/>
      </object_component>
      <object_component id="oc-20a">
         <name>.text.__eqsf2</name>
         <load_address>0x3678</load_address>
         <readonly>true</readonly>
         <executable>true</executable>
         <run_address>0x3678</run_address>
         <size>0x3a</size>
         <alignment>0x4</alignment>
         <input_file_ref idref="fl-123"/>
      </object_component>
      <object_component id="oc-bc">
         <name>.text.__muldsi3</name>
         <load_address>0x36b4</load_address>
         <readonly>true</readonly>
         <executable>true</executable>
         <run_address>0x36b4</run_address>
         <size>0x3a</size>
         <alignment>0x4</alignment>
         <input_file_ref idref="fl-10f"/>
      </object_component>
      <object_component id="oc-1e7">
         <name>.text.I2C_Start</name>
         <load_address>0x36f0</load_address>
         <readonly>true</readonly>
         <executable>true</executable>
         <run_address>0x36f0</run_address>
         <size>0x38</size>
         <alignment>0x4</alignment>
         <input_file_ref idref="fl-9"/>
      </object_component>
      <object_component id="oc-186">
         <name>.text.__fixsfsi</name>
         <load_address>0x3728</load_address>
         <readonly>true</readonly>
         <executable>true</executable>
         <run_address>0x3728</run_address>
         <size>0x38</size>
         <alignment>0x4</alignment>
         <input_file_ref idref="fl-115"/>
      </object_component>
      <object_component id="oc-f7">
         <name>.text.sprintf</name>
         <load_address>0x3760</load_address>
         <readonly>true</readonly>
         <executable>true</executable>
         <run_address>0x3760</run_address>
         <size>0x38</size>
         <alignment>0x4</alignment>
         <input_file_ref idref="fl-3e"/>
      </object_component>
      <object_component id="oc-1b2">
         <name>.text.DL_GPIO_initDigitalInputFeatures</name>
         <load_address>0x3798</load_address>
         <readonly>true</readonly>
         <executable>true</executable>
         <run_address>0x3798</run_address>
         <size>0x34</size>
         <alignment>0x4</alignment>
         <input_file_ref idref="fl-2"/>
      </object_component>
      <object_component id="oc-139">
         <name>.text.SYSCFG_DL_TIMER_0_init</name>
         <load_address>0x37cc</load_address>
         <readonly>true</readonly>
         <executable>true</executable>
         <run_address>0x37cc</run_address>
         <size>0x34</size>
         <alignment>0x4</alignment>
         <input_file_ref idref="fl-2"/>
      </object_component>
      <object_component id="oc-181">
         <name>.text.TB6612_Motor_Stop</name>
         <load_address>0x3800</load_address>
         <readonly>true</readonly>
         <executable>true</executable>
         <run_address>0x3800</run_address>
         <size>0x34</size>
         <alignment>0x4</alignment>
         <input_file_ref idref="fl-8"/>
      </object_component>
      <object_component id="oc-8d">
         <name>.text.DL_DMA_setTransferSize</name>
         <load_address>0x3834</load_address>
         <readonly>true</readonly>
         <executable>true</executable>
         <run_address>0x3834</run_address>
         <size>0x30</size>
         <alignment>0x4</alignment>
         <input_file_ref idref="fl-7"/>
      </object_component>
      <object_component id="oc-14c">
         <name>.text.DL_DMA_setTransferSize</name>
         <load_address>0x3864</load_address>
         <readonly>true</readonly>
         <executable>true</executable>
         <run_address>0x3864</run_address>
         <size>0x30</size>
         <alignment>0x4</alignment>
         <input_file_ref idref="fl-b"/>
      </object_component>
      <object_component id="oc-1b1">
         <name>.text.DL_GPIO_initDigitalOutputFeatures</name>
         <load_address>0x3894</load_address>
         <readonly>true</readonly>
         <executable>true</executable>
         <run_address>0x3894</run_address>
         <size>0x30</size>
         <alignment>0x4</alignment>
         <input_file_ref idref="fl-2"/>
      </object_component>
      <object_component id="oc-1ea">
         <name>.text.I2C_Stop</name>
         <load_address>0x38c4</load_address>
         <readonly>true</readonly>
         <executable>true</executable>
         <run_address>0x38c4</run_address>
         <size>0x30</size>
         <alignment>0x4</alignment>
         <input_file_ref idref="fl-9"/>
      </object_component>
      <object_component id="oc-1e9">
         <name>.text.I2C_WaitAck</name>
         <load_address>0x38f4</load_address>
         <readonly>true</readonly>
         <executable>true</executable>
         <run_address>0x38f4</run_address>
         <size>0x30</size>
         <alignment>0x4</alignment>
         <input_file_ref idref="fl-9"/>
      </object_component>
      <object_component id="oc-27c">
         <name>.text._fcpy</name>
         <load_address>0x3924</load_address>
         <readonly>true</readonly>
         <executable>true</executable>
         <run_address>0x3924</run_address>
         <size>0x30</size>
         <alignment>0x2</alignment>
         <input_file_ref idref="fl-47"/>
      </object_component>
      <object_component id="oc-167">
         <name>.text.mspm0_delay_ms</name>
         <load_address>0x3954</load_address>
         <readonly>true</readonly>
         <executable>true</executable>
         <run_address>0x3954</run_address>
         <size>0x30</size>
         <alignment>0x4</alignment>
         <input_file_ref idref="fl-6"/>
      </object_component>
      <object_component id="oc-13a">
         <name>.text.SYSCFG_DL_TIMER_ULTRASONIC_init</name>
         <load_address>0x3984</load_address>
         <readonly>true</readonly>
         <executable>true</executable>
         <run_address>0x3984</run_address>
         <size>0x2c</size>
         <alignment>0x4</alignment>
         <input_file_ref idref="fl-2"/>
      </object_component>
      <object_component id="oc-14f">
         <name>.text.__NVIC_EnableIRQ</name>
         <load_address>0x39b0</load_address>
         <readonly>true</readonly>
         <executable>true</executable>
         <run_address>0x39b0</run_address>
         <size>0x2c</size>
         <alignment>0x4</alignment>
         <input_file_ref idref="fl-10"/>
      </object_component>
      <object_component id="oc-14e">
         <name>.text.__NVIC_EnableIRQ</name>
         <load_address>0x39dc</load_address>
         <readonly>true</readonly>
         <executable>true</executable>
         <run_address>0x39dc</run_address>
         <size>0x2c</size>
         <alignment>0x4</alignment>
         <input_file_ref idref="fl-b"/>
      </object_component>
      <object_component id="oc-72">
         <name>.text.__floatsidf</name>
         <load_address>0x3a08</load_address>
         <readonly>true</readonly>
         <executable>true</executable>
         <run_address>0x3a08</run_address>
         <size>0x2c</size>
         <alignment>0x4</alignment>
         <input_file_ref idref="fl-116"/>
      </object_component>
      <object_component id="oc-221">
         <name>.text.DL_Common_updateReg</name>
         <load_address>0x3a34</load_address>
         <readonly>true</readonly>
         <executable>true</executable>
         <run_address>0x3a34</run_address>
         <size>0x28</size>
         <alignment>0x2</alignment>
         <input_file_ref idref="fl-2"/>
      </object_component>
      <object_component id="oc-8c">
         <name>.text.DL_DMA_setDestAddr</name>
         <load_address>0x3a5c</load_address>
         <readonly>true</readonly>
         <executable>true</executable>
         <run_address>0x3a5c</run_address>
         <size>0x28</size>
         <alignment>0x4</alignment>
         <input_file_ref idref="fl-7"/>
      </object_component>
      <object_component id="oc-14b">
         <name>.text.DL_DMA_setDestAddr</name>
         <load_address>0x3a84</load_address>
         <readonly>true</readonly>
         <executable>true</executable>
         <run_address>0x3a84</run_address>
         <size>0x28</size>
         <alignment>0x4</alignment>
         <input_file_ref idref="fl-b"/>
      </object_component>
      <object_component id="oc-14a">
         <name>.text.DL_DMA_setSrcAddr</name>
         <load_address>0x3aac</load_address>
         <readonly>true</readonly>
         <executable>true</executable>
         <run_address>0x3aac</run_address>
         <size>0x28</size>
         <alignment>0x4</alignment>
         <input_file_ref idref="fl-b"/>
      </object_component>
      <object_component id="oc-1df">
         <name>.text.DL_UART_setRXFIFOThreshold</name>
         <load_address>0x3ad4</load_address>
         <readonly>true</readonly>
         <executable>true</executable>
         <run_address>0x3ad4</run_address>
         <size>0x28</size>
         <alignment>0x4</alignment>
         <input_file_ref idref="fl-2"/>
      </object_component>
      <object_component id="oc-5b">
         <name>.text:_c_int00_noargs</name>
         <load_address>0x3afc</load_address>
         <readonly>true</readonly>
         <executable>true</executable>
         <run_address>0x3afc</run_address>
         <size>0x28</size>
         <alignment>0x4</alignment>
         <input_file_ref idref="fl-3f"/>
      </object_component>
      <object_component id="oc-6e">
         <name>.text.DL_DMA_disableChannel</name>
         <load_address>0x3b24</load_address>
         <readonly>true</readonly>
         <executable>true</executable>
         <run_address>0x3b24</run_address>
         <size>0x26</size>
         <alignment>0x2</alignment>
         <input_file_ref idref="fl-7"/>
      </object_component>
      <object_component id="oc-8e">
         <name>.text.DL_DMA_enableChannel</name>
         <load_address>0x3b4a</load_address>
         <readonly>true</readonly>
         <executable>true</executable>
         <run_address>0x3b4a</run_address>
         <size>0x26</size>
         <alignment>0x2</alignment>
         <input_file_ref idref="fl-7"/>
      </object_component>
      <object_component id="oc-14d">
         <name>.text.DL_DMA_enableChannel</name>
         <load_address>0x3b70</load_address>
         <readonly>true</readonly>
         <executable>true</executable>
         <run_address>0x3b70</run_address>
         <size>0x26</size>
         <alignment>0x2</alignment>
         <input_file_ref idref="fl-b"/>
      </object_component>
      <object_component id="oc-6f">
         <name>.text.DL_DMA_getTransferSize</name>
         <load_address>0x3b98</load_address>
         <readonly>true</readonly>
         <executable>true</executable>
         <run_address>0x3b98</run_address>
         <size>0x24</size>
         <alignment>0x4</alignment>
         <input_file_ref idref="fl-7"/>
      </object_component>
      <object_component id="oc-1e0">
         <name>.text.DL_UART_setRXInterruptTimeout</name>
         <load_address>0x3bbc</load_address>
         <readonly>true</readonly>
         <executable>true</executable>
         <run_address>0x3bbc</run_address>
         <size>0x24</size>
         <alignment>0x4</alignment>
         <input_file_ref idref="fl-2"/>
      </object_component>
      <object_component id="oc-244">
         <name>.text.__muldi3</name>
         <load_address>0x3be0</load_address>
         <readonly>true</readonly>
         <executable>true</executable>
         <run_address>0x3be0</run_address>
         <size>0x24</size>
         <alignment>0x4</alignment>
         <input_file_ref idref="fl-11a"/>
      </object_component>
      <object_component id="oc-230">
         <name>.text.memccpy</name>
         <load_address>0x3c04</load_address>
         <readonly>true</readonly>
         <executable>true</executable>
         <run_address>0x3c04</run_address>
         <size>0x22</size>
         <alignment>0x2</alignment>
         <input_file_ref idref="fl-53"/>
      </object_component>
      <object_component id="oc-1af">
         <name>.text.DL_GPIO_initPeripheralInputFunction</name>
         <load_address>0x3c28</load_address>
         <readonly>true</readonly>
         <executable>true</executable>
         <run_address>0x3c28</run_address>
         <size>0x20</size>
         <alignment>0x4</alignment>
         <input_file_ref idref="fl-2"/>
      </object_component>
      <object_component id="oc-1b8">
         <name>.text.DL_SYSCTL_setFlashWaitState</name>
         <load_address>0x3c48</load_address>
         <readonly>true</readonly>
         <executable>true</executable>
         <run_address>0x3c48</run_address>
         <size>0x20</size>
         <alignment>0x4</alignment>
         <input_file_ref idref="fl-2"/>
      </object_component>
      <object_component id="oc-1ed">
         <name>.text.DL_UART_transmitDataBlocking</name>
         <load_address>0x3c68</load_address>
         <readonly>true</readonly>
         <executable>true</executable>
         <run_address>0x3c68</run_address>
         <size>0x20</size>
         <alignment>0x4</alignment>
         <input_file_ref idref="fl-25"/>
      </object_component>
      <object_component id="oc-1da">
         <name>.text.DL_UART_setOversampling</name>
         <load_address>0x3c88</load_address>
         <readonly>true</readonly>
         <executable>true</executable>
         <run_address>0x3c88</run_address>
         <size>0x1e</size>
         <alignment>0x2</alignment>
         <input_file_ref idref="fl-2"/>
      </object_component>
      <object_component id="oc-28d">
         <name>.text.__ashldi3</name>
         <load_address>0x3ca8</load_address>
         <readonly>true</readonly>
         <executable>true</executable>
         <run_address>0x3ca8</run_address>
         <size>0x1e</size>
         <alignment>0x4</alignment>
         <input_file_ref idref="fl-125"/>
      </object_component>
      <object_component id="oc-68">
         <name>.text.DL_GPIO_clearInterruptStatus</name>
         <load_address>0x3cc8</load_address>
         <readonly>true</readonly>
         <executable>true</executable>
         <run_address>0x3cc8</run_address>
         <size>0x1c</size>
         <alignment>0x4</alignment>
         <input_file_ref idref="fl-c"/>
      </object_component>
      <object_component id="oc-1b5">
         <name>.text.DL_GPIO_clearInterruptStatus</name>
         <load_address>0x3ce4</load_address>
         <readonly>true</readonly>
         <executable>true</executable>
         <run_address>0x3ce4</run_address>
         <size>0x1c</size>
         <alignment>0x4</alignment>
         <input_file_ref idref="fl-2"/>
      </object_component>
      <object_component id="oc-1b6">
         <name>.text.DL_GPIO_enableInterrupt</name>
         <load_address>0x3d00</load_address>
         <readonly>true</readonly>
         <executable>true</executable>
         <run_address>0x3d00</run_address>
         <size>0x1c</size>
         <alignment>0x4</alignment>
         <input_file_ref idref="fl-2"/>
      </object_component>
      <object_component id="oc-1ad">
         <name>.text.DL_GPIO_initPeripheralOutputFunction</name>
         <load_address>0x3d1c</load_address>
         <readonly>true</readonly>
         <executable>true</executable>
         <run_address>0x3d1c</run_address>
         <size>0x1c</size>
         <alignment>0x4</alignment>
         <input_file_ref idref="fl-2"/>
      </object_component>
      <object_component id="oc-1b4">
         <name>.text.DL_GPIO_setLowerPinsPolarity</name>
         <load_address>0x3d38</load_address>
         <readonly>true</readonly>
         <executable>true</executable>
         <run_address>0x3d38</run_address>
         <size>0x1c</size>
         <alignment>0x4</alignment>
         <input_file_ref idref="fl-2"/>
      </object_component>
      <object_component id="oc-1b9">
         <name>.text.DL_SYSCTL_setSYSOSCFreq</name>
         <load_address>0x3d54</load_address>
         <readonly>true</readonly>
         <executable>true</executable>
         <run_address>0x3d54</run_address>
         <size>0x1c</size>
         <alignment>0x4</alignment>
         <input_file_ref idref="fl-2"/>
      </object_component>
      <object_component id="oc-1c2">
         <name>.text.DL_SYSCTL_setULPCLKDivider</name>
         <load_address>0x3d70</load_address>
         <readonly>true</readonly>
         <executable>true</executable>
         <run_address>0x3d70</run_address>
         <size>0x1c</size>
         <alignment>0x4</alignment>
         <input_file_ref idref="fl-2"/>
      </object_component>
      <object_component id="oc-1d3">
         <name>.text.DL_Timer_enableInterrupt</name>
         <load_address>0x3d8c</load_address>
         <readonly>true</readonly>
         <executable>true</executable>
         <run_address>0x3d8c</run_address>
         <size>0x1c</size>
         <alignment>0x4</alignment>
         <input_file_ref idref="fl-2"/>
      </object_component>
      <object_component id="oc-1c9">
         <name>.text.DL_Timer_setCaptCompUpdateMethod</name>
         <load_address>0x3da8</load_address>
         <readonly>true</readonly>
         <executable>true</executable>
         <run_address>0x3da8</run_address>
         <size>0x1c</size>
         <alignment>0x4</alignment>
         <input_file_ref idref="fl-24"/>
      </object_component>
      <object_component id="oc-1c5">
         <name>.text.DL_Timer_setClockConfig</name>
         <load_address>0x3dc4</load_address>
         <readonly>true</readonly>
         <executable>true</executable>
         <run_address>0x3dc4</run_address>
         <size>0x1c</size>
         <alignment>0x4</alignment>
         <input_file_ref idref="fl-24"/>
      </object_component>
      <object_component id="oc-1dc">
         <name>.text.DL_UART_enableInterrupt</name>
         <load_address>0x3de0</load_address>
         <readonly>true</readonly>
         <executable>true</executable>
         <run_address>0x3de0</run_address>
         <size>0x1c</size>
         <alignment>0x4</alignment>
         <input_file_ref idref="fl-2"/>
      </object_component>
      <object_component id="oc-e5">
         <name>.text.Speed_Init</name>
         <load_address>0x3dfc</load_address>
         <readonly>true</readonly>
         <executable>true</executable>
         <run_address>0x3dfc</run_address>
         <size>0x1c</size>
         <alignment>0x4</alignment>
         <input_file_ref idref="fl-10"/>
      </object_component>
      <object_component id="oc-3f">
         <name>.text.TIMG0_IRQHandler</name>
         <load_address>0x3e18</load_address>
         <readonly>true</readonly>
         <executable>true</executable>
         <run_address>0x3e18</run_address>
         <size>0x1c</size>
         <alignment>0x4</alignment>
         <input_file_ref idref="fl-c"/>
      </object_component>
      <object_component id="oc-1ae">
         <name>.text.DL_GPIO_enableOutput</name>
         <load_address>0x3e34</load_address>
         <readonly>true</readonly>
         <executable>true</executable>
         <run_address>0x3e34</run_address>
         <size>0x18</size>
         <alignment>0x4</alignment>
         <input_file_ref idref="fl-2"/>
      </object_component>
      <object_component id="oc-1a6">
         <name>.text.DL_GPIO_enablePower</name>
         <load_address>0x3e4c</load_address>
         <readonly>true</readonly>
         <executable>true</executable>
         <run_address>0x3e4c</run_address>
         <size>0x18</size>
         <alignment>0x4</alignment>
         <input_file_ref idref="fl-2"/>
      </object_component>
      <object_component id="oc-66">
         <name>.text.DL_GPIO_getEnabledInterruptStatus</name>
         <load_address>0x3e64</load_address>
         <readonly>true</readonly>
         <executable>true</executable>
         <run_address>0x3e64</run_address>
         <size>0x18</size>
         <alignment>0x4</alignment>
         <input_file_ref idref="fl-c"/>
      </object_component>
      <object_component id="oc-1b0">
         <name>.text.DL_GPIO_initDigitalOutput</name>
         <load_address>0x3e7c</load_address>
         <readonly>true</readonly>
         <executable>true</executable>
         <run_address>0x3e7c</run_address>
         <size>0x18</size>
         <alignment>0x4</alignment>
         <input_file_ref idref="fl-2"/>
      </object_component>
      <object_component id="oc-1a3">
         <name>.text.DL_GPIO_reset</name>
         <load_address>0x3e94</load_address>
         <readonly>true</readonly>
         <executable>true</executable>
         <run_address>0x3e94</run_address>
         <size>0x18</size>
         <alignment>0x4</alignment>
         <input_file_ref idref="fl-2"/>
      </object_component>
      <object_component id="oc-153">
         <name>.text.DL_GPIO_setPins</name>
         <load_address>0x3eac</load_address>
         <readonly>true</readonly>
         <executable>true</executable>
         <run_address>0x3eac</run_address>
         <size>0x18</size>
         <alignment>0x4</alignment>
         <input_file_ref idref="fl-8"/>
      </object_component>
      <object_component id="oc-1f7">
         <name>.text.DL_GPIO_setPins</name>
         <load_address>0x3ec4</load_address>
         <readonly>true</readonly>
         <executable>true</executable>
         <run_address>0x3ec4</run_address>
         <size>0x18</size>
         <alignment>0x4</alignment>
         <input_file_ref idref="fl-4"/>
      </object_component>
      <object_component id="oc-229">
         <name>.text.DL_GPIO_setPins</name>
         <load_address>0x3edc</load_address>
         <readonly>true</readonly>
         <executable>true</executable>
         <run_address>0x3edc</run_address>
         <size>0x18</size>
         <alignment>0x4</alignment>
         <input_file_ref idref="fl-9"/>
      </object_component>
      <object_component id="oc-1f8">
         <name>.text.DL_GPIO_togglePins</name>
         <load_address>0x3ef4</load_address>
         <readonly>true</readonly>
         <executable>true</executable>
         <run_address>0x3ef4</run_address>
         <size>0x18</size>
         <alignment>0x4</alignment>
         <input_file_ref idref="fl-4"/>
      </object_component>
      <object_component id="oc-1b7">
         <name>.text.DL_SYSCTL_setBORThreshold</name>
         <load_address>0x3f0c</load_address>
         <readonly>true</readonly>
         <executable>true</executable>
         <run_address>0x3f0c</run_address>
         <size>0x18</size>
         <alignment>0x4</alignment>
         <input_file_ref idref="fl-2"/>
      </object_component>
      <object_component id="oc-1a7">
         <name>.text.DL_Timer_enablePower</name>
         <load_address>0x3f24</load_address>
         <readonly>true</readonly>
         <executable>true</executable>
         <run_address>0x3f24</run_address>
         <size>0x18</size>
         <alignment>0x4</alignment>
         <input_file_ref idref="fl-2"/>
      </object_component>
      <object_component id="oc-1a4">
         <name>.text.DL_Timer_reset</name>
         <load_address>0x3f3c</load_address>
         <readonly>true</readonly>
         <executable>true</executable>
         <run_address>0x3f3c</run_address>
         <size>0x18</size>
         <alignment>0x4</alignment>
         <input_file_ref idref="fl-2"/>
      </object_component>
      <object_component id="oc-1c8">
         <name>.text.DL_Timer_setCaptureCompareOutCtl</name>
         <load_address>0x3f54</load_address>
         <readonly>true</readonly>
         <executable>true</executable>
         <run_address>0x3f54</run_address>
         <size>0x18</size>
         <alignment>0x4</alignment>
         <input_file_ref idref="fl-24"/>
      </object_component>
      <object_component id="oc-150">
         <name>.text.DL_Timer_startCounter</name>
         <load_address>0x3f6c</load_address>
         <readonly>true</readonly>
         <executable>true</executable>
         <run_address>0x3f6c</run_address>
         <size>0x18</size>
         <alignment>0x4</alignment>
         <input_file_ref idref="fl-10"/>
      </object_component>
      <object_component id="oc-1dd">
         <name>.text.DL_UART_enableDMAReceiveEvent</name>
         <load_address>0x3f84</load_address>
         <readonly>true</readonly>
         <executable>true</executable>
         <run_address>0x3f84</run_address>
         <size>0x18</size>
         <alignment>0x4</alignment>
         <input_file_ref idref="fl-2"/>
      </object_component>
      <object_component id="oc-1de">
         <name>.text.DL_UART_enableFIFOs</name>
         <load_address>0x3f9c</load_address>
         <readonly>true</readonly>
         <executable>true</executable>
         <run_address>0x3f9c</run_address>
         <size>0x18</size>
         <alignment>0x2</alignment>
         <input_file_ref idref="fl-2"/>
      </object_component>
      <object_component id="oc-1a8">
         <name>.text.DL_UART_enablePower</name>
         <load_address>0x3fb4</load_address>
         <readonly>true</readonly>
         <executable>true</executable>
[...]
         <value>0x23a9</value>
         <object_component_ref idref="oc-93"/>
      </symbol>
      <symbol id="sm-277">
         <name>l</name>
         <value>0x20201f60</value>
         <object_component_ref idref="oc-c7"/>
      </symbol>
      <symbol id="sm-278">
         <name>r</name>
         <value>0x20201f64</value>
         <object_component_ref idref="oc-c8"/>
      </symbol>
      <symbol id="sm-279">
         <name>Left_count</name>
         <value>0x20201f50</value>
         <object_component_ref idref="oc-69"/>
      </symbol>
      <symbol id="sm-27a">
         <name>SpeLeft</name>
         <value>0x20200000</value>
         <object_component_ref idref="oc-ca"/>
      </symbol>
      <symbol id="sm-27b">
         <name>Right_count</name>
         <value>0x20201f54</value>
         <object_component_ref idref="oc-6b"/>
      </symbol>
      <symbol id="sm-27c">
         <name>SpeRight</name>
         <value>0x20200fa0</value>
         <object_component_ref idref="oc-cc"/>
      </symbol>
      <symbol id="sm-282">
         <name>turnCompleted</name>
         <value>0x20201f6e</value>
         <object_component_ref idref="oc-10a"/>
      </symbol>
      <symbol id="sm-283">
         <name>turnFlag</name>
         <value>0x20201f6f</value>
         <object_component_ref idref="oc-10e"/>
      </symbol>
      <symbol id="sm-286">
         <name>__TI_ATRegion0_src_addr</name>
         <value>0x0</value>
      </symbol>
      <symbol id="sm-287">
         <name>__TI_ATRegion0_trg_addr</name>
         <value>0x0</value>
      </symbol>
      <symbol id="sm-288">
         <name>__TI_ATRegion0_region_sz</name>
         <value>0x0</value>
      </symbol>
      <symbol id="sm-289">
         <name>__TI_ATRegion1_src_addr</name>
         <value>0x0</value>
      </symbol>
      <symbol id="sm-28a">
         <name>__TI_ATRegion1_trg_addr</name>
         <value>0x0</value>
      </symbol>
      <symbol id="sm-28b">
         <name>__TI_ATRegion1_region_sz</name>
         <value>0x0</value>
      </symbol>
      <symbol id="sm-28c">
         <name>__TI_ATRegion2_src_addr</name>
         <value>0x0</value>
      </symbol>
      <symbol id="sm-28d">
         <name>__TI_ATRegion2_trg_addr</name>
         <value>0x0</value>
      </symbol>
      <symbol id="sm-28e">
         <name>__TI_ATRegion2_region_sz</name>
         <value>0x0</value>
      </symbol>
      <symbol id="sm-297">
         <name>DL_Common_delayCycles</name>
         <value>0x4227</value>
         <object_component_ref idref="oc-1a9"/>
      </symbol>
      <symbol id="sm-2a1">
         <name>DL_DMA_initChannel</name>
         <value>0x3299</value>
         <object_component_ref idref="oc-224"/>
      </symbol>
      <symbol id="sm-2bd">
         <name>DL_Timer_setClockConfig</name>
         <value>0x3dc5</value>
         <object_component_ref idref="oc-1c5"/>
      </symbol>
      <symbol id="sm-2be">
         <name>DL_Timer_initTimerMode</name>
         <value>0x1f51</value>
         <object_component_ref idref="oc-1d2"/>
      </symbol>
      <symbol id="sm-2bf">
         <name>DL_Timer_setCaptureCompareValue</name>
         <value>0x41bd</value>
         <object_component_ref idref="oc-155"/>
      </symbol>
      <symbol id="sm-2c0">
         <name>DL_Timer_setCaptCompUpdateMethod</name>
         <value>0x3da9</value>
         <object_component_ref idref="oc-1c9"/>
      </symbol>
      <symbol id="sm-2c1">
         <name>DL_Timer_setCaptureCompareOutCtl</name>
         <value>0x3f55</value>
         <object_component_ref idref="oc-1c8"/>
      </symbol>
      <symbol id="sm-2c2">
         <name>DL_Timer_initFourCCPWMMode</name>
         <value>0x1c5d</value>
         <object_component_ref idref="oc-1c6"/>
      </symbol>
      <symbol id="sm-2d5">
         <name>DL_UART_init</name>
         <value>0x337d</value>
         <object_component_ref idref="oc-1d9"/>
      </symbol>
      <symbol id="sm-2d6">
         <name>DL_UART_setClockConfig</name>
         <value>0x4177</value>
         <object_component_ref idref="oc-1d8"/>
      </symbol>
      <symbol id="sm-2d7">
         <name>DL_UART_transmitDataBlocking</name>
         <value>0x3c69</value>
         <object_component_ref idref="oc-1ed"/>
      </symbol>
      <symbol id="sm-2d8">
         <name>DL_UART_drainRXFIFO</name>
         <value>0x3101</value>
         <object_component_ref idref="oc-86"/>
      </symbol>
      <symbol id="sm-2e6">
         <name>DL_SYSCTL_configSYSPLL</name>
         <value>0x211d</value>
         <object_component_ref idref="oc-1bc"/>
      </symbol>
      <symbol id="sm-2e7">
         <name>DL_SYSCTL_switchMCLKfromSYSOSCtoHSCLK</name>
         <value>0x33c5</value>
         <object_component_ref idref="oc-1c3"/>
      </symbol>
      <symbol id="sm-2f9">
         <name>sprintf</name>
         <value>0x3761</value>
         <object_component_ref idref="oc-f7"/>
      </symbol>
      <symbol id="sm-304">
         <name>_c_int00_noargs</name>
         <value>0x3afd</value>
         <object_component_ref idref="oc-5b"/>
      </symbol>
      <symbol id="sm-305">
         <name>__stack</name>
         <value>0x20207e00</value>
         <object_component_ref idref="oc-1a"/>
      </symbol>
      <symbol id="sm-311">
         <name>__TI_auto_init_nobinit_nopinit</name>
         <value>0x363d</value>
         <object_component_ref idref="oc-119"/>
      </symbol>
      <symbol id="sm-319">
         <name>_system_pre_init</name>
         <value>0x4287</value>
         <object_component_ref idref="oc-a0"/>
      </symbol>
      <symbol id="sm-324">
         <name>__TI_zero_init_nomemset</name>
         <value>0x4087</value>
         <object_component_ref idref="oc-52"/>
      </symbol>
      <symbol id="sm-32d">
         <name>__TI_decompress_none</name>
         <value>0x419b</value>
         <object_component_ref idref="oc-20"/>
      </symbol>
      <symbol id="sm-338">
         <name>__TI_decompress_lzss</name>
         <value>0x2a8d</value>
         <object_component_ref idref="oc-1c"/>
      </symbol>
      <symbol id="sm-381">
         <name>__TI_printfi</name>
         <value>0xc1</value>
         <object_component_ref idref="oc-208"/>
      </symbol>
      <symbol id="sm-38b">
         <name>frexp</name>
         <value>0x2f9d</value>
         <object_component_ref idref="oc-26d"/>
      </symbol>
      <symbol id="sm-38c">
         <name>frexpl</name>
         <value>0x2f9d</value>
         <object_component_ref idref="oc-26d"/>
      </symbol>
      <symbol id="sm-396">
         <name>scalbn</name>
         <value>0x21f9</value>
         <object_component_ref idref="oc-271"/>
      </symbol>
      <symbol id="sm-397">
         <name>ldexp</name>
         <value>0x21f9</value>
         <object_component_ref idref="oc-271"/>
      </symbol>
      <symbol id="sm-398">
         <name>scalbnl</name>
         <value>0x21f9</value>
         <object_component_ref idref="oc-271"/>
      </symbol>
      <symbol id="sm-399">
         <name>ldexpl</name>
         <value>0x21f9</value>
         <object_component_ref idref="oc-271"/>
      </symbol>
      <symbol id="sm-3a2">
         <name>wcslen</name>
         <value>0x41ed</value>
         <object_component_ref idref="oc-23b"/>
      </symbol>
      <symbol id="sm-3ad">
         <name>__aeabi_errno_addr</name>
         <value>0x4269</value>
         <object_component_ref idref="oc-23f"/>
      </symbol>
      <symbol id="sm-3ae">
         <name>__aeabi_errno</name>
         <value>0x20201f58</value>
         <object_component_ref idref="oc-263"/>
      </symbol>
      <symbol id="sm-3b8">
         <name>abort</name>
         <value>0x4279</value>
         <object_component_ref idref="oc-112"/>
      </symbol>
      <symbol id="sm-3c2">
         <name>__TI_ltoa</name>
         <value>0x2ff9</value>
         <object_component_ref idref="oc-275"/>
      </symbol>
      <symbol id="sm-3ce">
         <name>atoi</name>
         <value>0x350d</value>
         <object_component_ref idref="oc-237"/>
      </symbol>
      <symbol id="sm-3d8">
         <name>memccpy</name>
         <value>0x3c05</value>
         <object_component_ref idref="oc-230"/>
      </symbol>
      <symbol id="sm-3de">
         <name>__aeabi_ctype_table_</name>
         <value>0x4ab0</value>
         <object_component_ref idref="oc-25c"/>
      </symbol>
      <symbol id="sm-3df">
         <name>__aeabi_ctype_table_C</name>
         <value>0x4ab0</value>
         <object_component_ref idref="oc-25c"/>
      </symbol>
      <symbol id="sm-3ea">
         <name>HOSTexit</name>
         <value>0x427f</value>
         <object_component_ref idref="oc-192"/>
      </symbol>
      <symbol id="sm-3eb">
         <name>C$$EXIT</name>
         <value>0x427e</value>
         <object_component_ref idref="oc-192"/>
      </symbol>
      <symbol id="sm-400">
         <name>__aeabi_fadd</name>
         <value>0x22db</value>
         <object_component_ref idref="oc-179"/>
      </symbol>
      <symbol id="sm-401">
         <name>__addsf3</name>
         <value>0x22db</value>
         <object_component_ref idref="oc-179"/>
      </symbol>
      <symbol id="sm-402">
         <name>__aeabi_fsub</name>
         <value>0x22d1</value>
         <object_component_ref idref="oc-179"/>
      </symbol>
      <symbol id="sm-403">
         <name>__subsf3</name>
         <value>0x22d1</value>
         <object_component_ref idref="oc-179"/>
      </symbol>
      <symbol id="sm-409">
         <name>__aeabi_dadd</name>
         <value>0x13ff</value>
         <object_component_ref idref="oc-286"/>
      </symbol>
      <symbol id="sm-40a">
         <name>__adddf3</name>
         <value>0x13ff</value>
         <object_component_ref idref="oc-286"/>
      </symbol>
      <symbol id="sm-40b">
         <name>__aeabi_dsub</name>
         <value>0x13f5</value>
         <object_component_ref idref="oc-286"/>
      </symbol>
      <symbol id="sm-40c">
         <name>__subdf3</name>
         <value>0x13f5</value>
         <object_component_ref idref="oc-286"/>
      </symbol>
      <symbol id="sm-415">
         <name>__aeabi_dmul</name>
         <value>0x2039</value>
         <object_component_ref idref="oc-82"/>
      </symbol>
      <symbol id="sm-416">
         <name>__muldf3</name>
         <value>0x2039</value>
         <object_component_ref idref="oc-82"/>
      </symbol>
      <symbol id="sm-41c">
         <name>__muldsi3</name>
         <value>0x36b5</value>
         <object_component_ref idref="oc-bc"/>
      </symbol>
      <symbol id="sm-422">
         <name>__aeabi_fmul</name>
         <value>0x277d</value>
         <object_component_ref idref="oc-182"/>
      </symbol>
      <symbol id="sm-423">
         <name>__mulsf3</name>
         <value>0x277d</value>
         <object_component_ref idref="oc-182"/>
      </symbol>
      <symbol id="sm-429">
         <name>__aeabi_ddiv</name>
         <value>0x1b51</value>
         <object_component_ref idref="oc-76"/>
      </symbol>
      <symbol id="sm-42a">
         <name>__divdf3</name>
         <value>0x1b51</value>
         <object_component_ref idref="oc-76"/>
      </symbol>
      <symbol id="sm-430">
         <name>__aeabi_f2d</name>
         <value>0x34cd</value>
         <object_component_ref idref="oc-fd"/>
      </symbol>
      <symbol id="sm-431">
         <name>__extendsfdf2</name>
         <value>0x34cd</value>
         <object_component_ref idref="oc-fd"/>
      </symbol>
      <symbol id="sm-437">
         <name>__aeabi_d2iz</name>
         <value>0x3331</value>
         <object_component_ref idref="oc-7a"/>
      </symbol>
      <symbol id="sm-438">
         <name>__fixdfsi</name>
         <value>0x3331</value>
         <object_component_ref idref="oc-7a"/>
      </symbol>
      <symbol id="sm-43e">
         <name>__aeabi_f2iz</name>
         <value>0x3729</value>
         <object_component_ref idref="oc-186"/>
      </symbol>
      <symbol id="sm-43f">
         <name>__fixsfsi</name>
         <value>0x3729</value>
         <object_component_ref idref="oc-186"/>
      </symbol>
      <symbol id="sm-445">
         <name>__aeabi_i2d</name>
         <value>0x3a09</value>
         <object_component_ref idref="oc-72"/>
      </symbol>
      <symbol id="sm-446">
         <name>__floatsidf</name>
         <value>0x3a09</value>
         <object_component_ref idref="oc-72"/>
      </symbol>
      <symbol id="sm-44c">
         <name>__aeabi_lmul</name>
         <value>0x3be1</value>
         <object_component_ref idref="oc-244"/>
      </symbol>
      <symbol id="sm-44d">
         <name>__muldi3</name>
         <value>0x3be1</value>
         <object_component_ref idref="oc-244"/>
      </symbol>
      <symbol id="sm-454">
         <name>__aeabi_d2f</name>
         <value>0x2b81</value>
         <object_component_ref idref="oc-7e"/>
      </symbol>
      <symbol id="sm-455">
         <name>__truncdfsf2</name>
         <value>0x2b81</value>
         <object_component_ref idref="oc-7e"/>
      </symbol>
      <symbol id="sm-45b">
         <name>__aeabi_dcmpeq</name>
         <value>0x2ed5</value>
         <object_component_ref idref="oc-24e"/>
      </symbol>
      <symbol id="sm-45c">
         <name>__aeabi_dcmplt</name>
         <value>0x2ee9</value>
         <object_component_ref idref="oc-24e"/>
      </symbol>
      <symbol id="sm-45d">
         <name>__aeabi_dcmple</name>
         <value>0x2efd</value>
         <object_component_ref idref="oc-24e"/>
      </symbol>
      <symbol id="sm-45e">
         <name>__aeabi_dcmpge</name>
         <value>0x2f11</value>
         <object_component_ref idref="oc-24e"/>
      </symbol>
      <symbol id="sm-45f">
         <name>__aeabi_dcmpgt</name>
         <value>0x2f25</value>
         <object_component_ref idref="oc-24e"/>
      </symbol>
      <symbol id="sm-465">
         <name>__aeabi_fcmpeq</name>
         <value>0x2f39</value>
         <object_component_ref idref="oc-17d"/>
      </symbol>
      <symbol id="sm-466">
         <name>__aeabi_fcmplt</name>
         <value>0x2f4d</value>
         <object_component_ref idref="oc-17d"/>
      </symbol>
      <symbol id="sm-467">
         <name>__aeabi_fcmple</name>
         <value>0x2f61</value>
         <object_component_ref idref="oc-17d"/>
      </symbol>
      <symbol id="sm-468">
         <name>__aeabi_fcmpge</name>
         <value>0x2f75</value>
         <object_component_ref idref="oc-17d"/>
      </symbol>
      <symbol id="sm-469">
         <name>__aeabi_fcmpgt</name>
         <value>0x2f89</value>
         <object_component_ref idref="oc-17d"/>
      </symbol>
      <symbol id="sm-46f">
         <name>__aeabi_idiv</name>
         <value>0x30a9</value>
         <object_component_ref idref="oc-298"/>
      </symbol>
      <symbol id="sm-470">
         <name>__aeabi_idivmod</name>
         <value>0x30a9</value>
         <object_component_ref idref="oc-298"/>
      </symbol>
      <symbol id="sm-476">
         <name>__aeabi_memcpy</name>
         <value>0x4271</value>
         <object_component_ref idref="oc-4b"/>
      </symbol>
      <symbol id="sm-477">
         <name>__aeabi_memcpy4</name>
         <value>0x4271</value>
         <object_component_ref idref="oc-4b"/>
      </symbol>
      <symbol id="sm-478">
         <name>__aeabi_memcpy8</name>
         <value>0x4271</value>
         <object_component_ref idref="oc-4b"/>
      </symbol>
      <symbol id="sm-47f">
         <name>__aeabi_memset</name>
         <value>0x41fd</value>
         <object_component_ref idref="oc-22f"/>
      </symbol>
      <symbol id="sm-480">
         <name>__aeabi_memset4</name>
         <value>0x41fd</value>
         <object_component_ref idref="oc-22f"/>
      </symbol>
      <symbol id="sm-481">
         <name>__aeabi_memset8</name>
         <value>0x41fd</value>
         <object_component_ref idref="oc-22f"/>
      </symbol>
      <symbol id="sm-487">
         <name>__aeabi_uidiv</name>
         <value>0x348d</value>
         <object_component_ref idref="oc-163"/>
      </symbol>
      <symbol id="sm-488">
         <name>__aeabi_uidivmod</name>
         <value>0x348d</value>
         <object_component_ref idref="oc-163"/>
      </symbol>
      <symbol id="sm-48e">
         <name>__aeabi_uldivmod</name>
         <value>0x413d</value>
         <object_component_ref idref="oc-249"/>
      </symbol>
      <symbol id="sm-497">
         <name>__eqsf2</name>
         <value>0x3679</value>
         <object_component_ref idref="oc-20a"/>
      </symbol>
      <symbol id="sm-498">
         <name>__lesf2</name>
         <value>0x3679</value>
         <object_component_ref idref="oc-20a"/>
      </symbol>
      <symbol id="sm-499">
         <name>__ltsf2</name>
         <value>0x3679</value>
         <object_component_ref idref="oc-20a"/>
      </symbol>
      <symbol id="sm-49a">
         <name>__nesf2</name>
         <value>0x3679</value>
         <object_component_ref idref="oc-20a"/>
      </symbol>
      <symbol id="sm-49b">
         <name>__cmpsf2</name>
         <value>0x3679</value>
         <object_component_ref idref="oc-20a"/>
      </symbol>
      <symbol id="sm-49c">
         <name>__gtsf2</name>
         <value>0x3601</value>
         <object_component_ref idref="oc-20f"/>
      </symbol>
      <symbol id="sm-49d">
         <name>__gesf2</name>
         <value>0x3601</value>
         <object_component_ref idref="oc-20f"/>
      </symbol>
      <symbol id="sm-4a3">
         <name>__udivmoddi4</name>
         <value>0x251d</value>
         <object_component_ref idref="oc-268"/>
      </symbol>
      <symbol id="sm-4a9">
         <name>__aeabi_llsl</name>
         <value>0x3ca9</value>
         <object_component_ref idref="oc-28d"/>
      </symbol>
      <symbol id="sm-4aa">
         <name>__ashldi3</name>
         <value>0x3ca9</value>
         <object_component_ref idref="oc-28d"/>
      </symbol>
      <symbol id="sm-4b8">
         <name>__ledf2</name>
         <value>0x2da1</value>
         <object_component_ref idref="oc-27e"/>
      </symbol>
      <symbol id="sm-4b9">
         <name>__gedf2</name>
         <value>0x2b09</value>
         <object_component_ref idref="oc-284"/>
      </symbol>
      <symbol id="sm-4ba">
         <name>__cmpdf2</name>
         <value>0x2da1</value>
         <object_component_ref idref="oc-27e"/>
      </symbol>
      <symbol id="sm-4bb">
         <name>__eqdf2</name>
         <value>0x2da1</value>
         <object_component_ref idref="oc-27e"/>
      </symbol>
      <symbol id="sm-4bc">
         <name>__ltdf2</name>
         <value>0x2da1</value>
         <object_component_ref idref="oc-27e"/>
      </symbol>
      <symbol id="sm-4bd">
         <name>__nedf2</name>
         <value>0x2da1</value>
         <object_component_ref idref="oc-27e"/>
      </symbol>
      <symbol id="sm-4be">
         <name>__gtdf2</name>
         <value>0x2b09</value>
         <object_component_ref idref="oc-284"/>
      </symbol>
      <symbol id="sm-4ca">
         <name>__aeabi_idiv0</name>
         <value>0x1e5b</value>
         <object_component_ref idref="oc-1f0"/>
      </symbol>
      <symbol id="sm-4cb">
         <name>__aeabi_ldiv0</name>
         <value>0x25bf</value>
         <object_component_ref idref="oc-28c"/>
      </symbol>
      <symbol id="sm-4d5">
         <name>TI_memcpy_small</name>
         <value>0x4189</value>
         <object_component_ref idref="oc-cd"/>
      </symbol>
      <symbol id="sm-4de">
         <name>TI_memset_small</name>
         <value>0x4219</value>
         <object_component_ref idref="oc-12d"/>
      </symbol>
      <symbol id="sm-4df">
         <name>__TI_static_base__</name>
         <value>0x0</value>
      </symbol>
      <symbol id="sm-4e3">
         <name>__mpu_init</name>
         <value>0x0</value>
      </symbol>
      <symbol id="sm-4e4">
         <name>_system_post_cinit</name>
         <value>0x0</value>
      </symbol>
   </symbol_table>
   <title>Link successful</title>
</link_info>
