******************************************************************************
            TI ARM Clang Linker PC v4.0.3                      
******************************************************************************
>> Linked Tue Jul  7 14:59:57 2026

OUTPUT FILE NAME:   <BigCar.out>
ENTRY POINT SYMBOL: "_c_int00_noargs"  address: 000044d9


MEMORY CONFIGURATION

         name            origin    length      used     unused   attr    fill
----------------------  --------  ---------  --------  --------  ----  --------
  FLASH                 00000000   00020000  000057f0  0001a810  R  X
  SRAM                  20200000   00008000  00002466  00005b9a  RW X
  BCR_CONFIG            41c00000   000000ff  00000000  000000ff  R   
  BSL_CONFIG            41c00100   00000080  00000000  00000080  R   


SEGMENT ALLOCATION MAP

run origin  load origin   length   init length attrs members
----------  ----------- ---------- ----------- ----- -------
00000000    00000000    000057f0   000057f0    r-x
  00000000    00000000    000000c0   000000c0    r-- .intvecs
  000000c0    000000c0    00004c30   00004c30    r-x .text
  00004cf0    00004cf0    00000a90   00000a90    r-- .rodata
  00005780    00005780    00000070   00000070    r-- .cinit
20200000    20200000    00002268   00000000    rw-
  20200000    20200000    00001fb6   00000000    rw- .data
  20201fb8    20201fb8    000002b0   00000000    rw- .bss
20207e00    20207e00    00000200   00000000    rw-
  20207e00    20207e00    00000200   00000000    rw- .stack


SECTION ALLOCATION MAP

 output                                  attributes/
section   page    origin      length       input sections
--------  ----  ----------  ----------   ----------------
.intvecs   0    00000000    000000c0     
                  00000000    000000c0     startup_mspm0g350x_ticlang.o (.intvecs)

.text      0    000000c0    00004c30     
                  000000c0    000009d0     libc.a : _printfi.c.obj (.text:__TI_printfi)
                  00000a90    00000368     interrupt.o (.text.UART0_IRQHandler)
                  00000df8    00000220     libc.a : _printfi.c.obj (.text._pconv_a)
                  00001018    00000214     move.o (.text.Tracking)
                  0000122c    00000200     ti_msp_dl_config.o (.text.SYSCFG_DL_GPIO_init)
                  0000142c    000001dc     libc.a : _printfi.c.obj (.text._pconv_g)
                  00001608    00000192     libclang_rt.builtins.a : adddf3.S.obj (.text.adddf3_subdf3)
                  0000179a    00000002     ultrasonic_gpio.o (.text.Ultrasonic_Init)
                  0000179c    00000144     assignment.o (.text.AssignmentChoose)
                  000018e0    0000013c     libc.a : _printfi.c.obj (.text.fcvt)
                  00001a1c    00000124     turn.o (.text.Left_Turn)
                  00001b40    00000124     turn.o (.text.Right_Turn)
                  00001c64    00000120     libc.a : _printfi.c.obj (.text._pconv_e)
                  00001d84    00000118     oled_software_i2c.o (.text.OLED_ShowChar)
                  00001e9c    0000010c     libclang_rt.builtins.a : divdf3.S.obj (.text.__divdf3)
                  00001fa8    00000104     driverlib.a : dl_timer.o (.text.DL_Timer_initFourCCPWMMode)
                  000020ac    00000104     main.o (.text.main)
                  000021b0    000000fa     oled_software_i2c.o (.text.OLED_Init)
                  000022aa    00000002     libclang_rt.builtins.a : aeabi_div0.c.obj (.text.__aeabi_idiv0)
                  000022ac    000000f8     move.o (.text.parking)
                  000023a4    000000f0     move.o (.text.track_deal_sensor)
                  00002494    000000e8     driverlib.a : dl_timer.o (.text.DL_Timer_initTimerMode)
                  0000257c    000000e4     libclang_rt.builtins.a : muldf3.S.obj (.text.__muldf3)
                  00002660    000000dc     driverlib.a : dl_sysctl_mspm0g1x0x_g3x0x.o (.text.DL_SYSCTL_configSYSPLL)
                  0000273c    000000d8     libc.a : s_scalbn.c.obj (.text.scalbn)
                  00002814    000000d8     libclang_rt.builtins.a : addsf3.S.obj (.text)
                  000028ec    000000c4     speed.o (.text.SpeedRead)
                  000029b0    000000c4     assignment.o (.text.assignment3)
                  00002a74    000000bc     assignment.o (.text.assignment2)
                  00002b30    000000b0     ti_msp_dl_config.o (.text.SYSCFG_DL_initPower)
                  00002be0    000000ac     assignment.o (.text.assignment1)
                  00002c8c    000000a2     libclang_rt.builtins.a : udivmoddi4.S.obj (.text)
                  00002d2e    00000002                            : aeabi_div0.c.obj (.text.__aeabi_ldiv0)
                  00002d30    0000009c     interrupt.o (.text.GROUP1_IRQHandler)
                  00002dcc    00000098     assignment.o (.text.assignment4)
                  00002e64    00000090     ti_msp_dl_config.o (.text.SYSCFG_DL_PWM_0_init)
                  00002ef4    00000090     ti_msp_dl_config.o (.text.SYSCFG_DL_PWM_SERVO_init)
                  00002f84    0000008c     libclang_rt.builtins.a : mulsf3.S.obj (.text.__mulsf3)
                  00003010    00000084     Motor.o (.text.Left_Control)
                  00003094    00000084     clock.o (.text.__NVIC_SetPriority)
                  00003118    00000080     bluetooth.o (.text.Bluetooth_SendString)
                  00003198    00000080     Motor.o (.text.Right_Control)
                  00003218    0000007c     oled_software_i2c.o (.text.Send_Byte)
                  00003294    0000007c     libc.a : copy_decompress_lzss.c.obj (.text:decompress:lzss)
                  00003310    00000074     libclang_rt.builtins.a : comparedf2.c.obj (.text.__gedf2)
                  00003384    0000000a     driverlib.a : dl_common.o (.text.DL_Common_delayCycles)
                  0000338e    00000002     assignment.o (.text.assignment5)
                  00003390    00000074     libclang_rt.builtins.a : truncdfsf2.S.obj (.text.__truncdfsf2)
                  00003404    00000070     oled_software_i2c.o (.text.OLED_ShowString)
                  00003474    0000006c     turn.o (.text.RangeLimite)
                  000034e0    0000006a     oled_software_i2c.o (.text.OLED_Clear)
                  0000354a    00000002     --HOLE-- [fill = 0]
                  0000354c    00000068     ti_msp_dl_config.o (.text.SYSCFG_DL_PWM_ULTRASONIC_init)
                  000035b4    00000068     ti_msp_dl_config.o (.text.SYSCFG_DL_UART_WIT_init)
                  0000361c    00000068     libclang_rt.builtins.a : comparedf2.c.obj (.text.__ledf2)
                  00003684    00000066     libc.a : _printfi.c.obj (.text._mcpy)
                  000036ea    00000002     --HOLE-- [fill = 0]
                  000036ec    00000064     assignment.o (.text.LightAndSound)
                  00003750    00000062     libclang_rt.builtins.a : aeabi_dcmp.S.obj (.text.__aeabi_dcmp)
                  000037b2    00000002     --HOLE-- [fill = 0]
                  000037b4    00000062                            : aeabi_fcmp.S.obj (.text.__aeabi_fcmp)
                  00003816    00000002     --HOLE-- [fill = 0]
                  00003818    00000060     interrupt.o (.text.NonBlockDelay)
                  00003878    0000005c     libc.a : s_frexp.c.obj (.text.frexp)
                  000038d4    00000058            : _ltoa.c.obj (.text.__TI_ltoa)
                  0000392c    00000058            : _printfi.c.obj (.text._pconv_f)
                  00003984    00000056     libclang_rt.builtins.a : aeabi_idivmod.S.obj (.text.__aeabi_idivmod)
                  000039da    00000002     --HOLE-- [fill = 0]
                  000039dc    00000054     driverlib.a : dl_uart.o (.text.DL_UART_drainRXFIFO)
                  00003a30    00000052     libc.a : _printfi.c.obj (.text._ecpy)
                  00003a82    00000002     --HOLE-- [fill = 0]
                  00003a84    00000050     ti_msp_dl_config.o (.text.SYSCFG_DL_init)
                  00003ad4    00000050     clock.o (.text.SysTick_Config)
                  00003b24    0000004e     oled_software_i2c.o (.text.OLED_WR_Byte)
                  00003b72    00000002     --HOLE-- [fill = 0]
                  00003b74    0000004c     driverlib.a : dl_dma.o (.text.DL_DMA_initChannel)
                  00003bc0    0000004c     ti_msp_dl_config.o (.text.DL_UART_setBaudRateDivisor)
                  00003c0c    0000004c     libc.a : snprintf.c.obj (.text.snprintf)
                  00003c58    0000004a     libclang_rt.builtins.a : fixdfsi.S.obj (.text.__fixdfsi)
                  00003ca2    00000002     --HOLE-- [fill = 0]
                  00003ca4    00000048     bluetooth.o (.text.Bluetooth_SendData)
                  00003cec    00000048     driverlib.a : dl_uart.o (.text.DL_UART_init)
                  00003d34    00000044                 : dl_sysctl_mspm0g1x0x_g3x0x.o (.text.DL_SYSCTL_switchMCLKfromSYSOSCtoHSCLK)
                  00003d78    00000044     wit.o (.text.WIT_Init)
                  00003dbc    00000040     ti_msp_dl_config.o (.text.SYSCFG_DL_UART_BT_init)
                  00003dfc    00000040     libclang_rt.builtins.a : aeabi_uidivmod.S.obj (.text.__aeabi_uidivmod)
                  00003e3c    00000040                            : extendsfdf2.S.obj (.text.__extendsfdf2)
                  00003e7c    00000040     libc.a : atoi.c.obj (.text.atoi)
                  00003ebc    0000003c     ti_msp_dl_config.o (.text.DL_Timer_setCounterControl)
                  00003ef8    0000003c     oled_software_i2c.o (.text.OLED_Set_Pos)
                  00003f34    0000003c     ti_msp_dl_config.o (.text.SYSCFG_DL_SYSCTL_init)
                  00003f70    0000003c     libclang_rt.builtins.a : floatsisf.S.obj (.text.__floatsisf)
                  00003fac    0000003c                            : comparesf2.S.obj (.text.__gtsf2)
                  00003fe8    0000003c     libc.a : autoinit.c.obj (.text:__TI_auto_init_nobinit_nopinit)
                  00004024    0000003a     libclang_rt.builtins.a : comparesf2.S.obj (.text.__eqsf2)
                  0000405e    00000002     --HOLE-- [fill = 0]
                  00004060    0000003a                            : muldsi3.S.obj (.text.__muldsi3)
                  0000409a    00000002     --HOLE-- [fill = 0]
                  0000409c    00000038     oled_software_i2c.o (.text.I2C_Start)
                  000040d4    00000038     libclang_rt.builtins.a : fixsfsi.S.obj (.text.__fixsfsi)
                  0000410c    00000038     libc.a : sprintf.c.obj (.text.sprintf)
                  00004144    00000034     ti_msp_dl_config.o (.text.DL_GPIO_initDigitalInputFeatures)
                  00004178    00000034     ti_msp_dl_config.o (.text.SYSCFG_DL_TIMER_0_init)
                  000041ac    00000034     assignment.o (.text.zeroparameter)
                  000041e0    00000030     interrupt.o (.text.DL_DMA_setTransferSize)
                  00004210    00000030     wit.o (.text.DL_DMA_setTransferSize)
                  00004240    00000030     ti_msp_dl_config.o (.text.DL_GPIO_initDigitalOutputFeatures)
                  00004270    00000030     oled_software_i2c.o (.text.I2C_Stop)
                  000042a0    00000030     oled_software_i2c.o (.text.I2C_WaitAck)
                  000042d0    00000030     libc.a : _printfi.c.obj (.text._fcpy)
                  00004300    00000030            : snprintf.c.obj (.text._outs)
                  00004330    00000030     clock.o (.text.mspm0_delay_ms)
                  00004360    0000002c     ti_msp_dl_config.o (.text.SYSCFG_DL_TIMER_ULTRASONIC_init)
                  0000438c    0000002c     speed.o (.text.__NVIC_EnableIRQ)
                  000043b8    0000002c     wit.o (.text.__NVIC_EnableIRQ)
                  000043e4    0000002c     libclang_rt.builtins.a : floatsidf.S.obj (.text.__floatsidf)
                  00004410    00000028     ti_msp_dl_config.o (.text.DL_Common_updateReg)
                  00004438    00000028     interrupt.o (.text.DL_DMA_setDestAddr)
                  00004460    00000028     wit.o (.text.DL_DMA_setDestAddr)
                  00004488    00000028     wit.o (.text.DL_DMA_setSrcAddr)
                  000044b0    00000028     ti_msp_dl_config.o (.text.DL_UART_setRXFIFOThreshold)
                  000044d8    00000028     libc.a : boot_cortex_m.c.obj (.text:_c_int00_noargs)
                  00004500    00000026     interrupt.o (.text.DL_DMA_disableChannel)
                  00004526    00000026     interrupt.o (.text.DL_DMA_enableChannel)
                  0000454c    00000026     wit.o (.text.DL_DMA_enableChannel)
                  00004572    00000002     --HOLE-- [fill = 0]
                  00004574    00000024     interrupt.o (.text.DL_DMA_getTransferSize)
                  00004598    00000024     ti_msp_dl_config.o (.text.DL_UART_setRXInterruptTimeout)
                  000045bc    00000024     libclang_rt.builtins.a : muldi3.S.obj (.text.__muldi3)
                  000045e0    00000022     libc.a : memccpy.c.obj (.text.memccpy)
                  00004602    00000002     --HOLE-- [fill = 0]
                  00004604    00000020     ti_msp_dl_config.o (.text.DL_GPIO_initPeripheralInputFunction)
                  00004624    00000020     ti_msp_dl_config.o (.text.DL_SYSCTL_setFlashWaitState)
                  00004644    00000020     driverlib.a : dl_uart.o (.text.DL_UART_transmitDataBlocking)
                  00004664    0000001e     ti_msp_dl_config.o (.text.DL_UART_setOversampling)
                  00004682    00000002     --HOLE-- [fill = 0]
                  00004684    0000001e     libclang_rt.builtins.a : ashldi3.S.obj (.text.__ashldi3)
                  000046a2    0000001e     move.o (.text.backwords)
                  000046c0    0000001e     move.o (.text.stop)
                  000046de    00000002     --HOLE-- [fill = 0]
                  000046e0    0000001c     interrupt.o (.text.DL_GPIO_clearInterruptStatus)
                  000046fc    0000001c     ti_msp_dl_config.o (.text.DL_GPIO_clearInterruptStatus)
                  00004718    0000001c     ti_msp_dl_config.o (.text.DL_GPIO_enableInterrupt)
                  00004734    0000001c     ti_msp_dl_config.o (.text.DL_GPIO_initPeripheralOutputFunction)
                  00004750    0000001c     ti_msp_dl_config.o (.text.DL_GPIO_setLowerPinsPolarity)
                  0000476c    0000001c     ti_msp_dl_config.o (.text.DL_SYSCTL_setSYSOSCFreq)
                  00004788    0000001c     ti_msp_dl_config.o (.text.DL_SYSCTL_setULPCLKDivider)
                  000047a4    0000001c     ti_msp_dl_config.o (.text.DL_Timer_enableInterrupt)
                  000047c0    0000001c     driverlib.a : dl_timer.o (.text.DL_Timer_setCaptCompUpdateMethod)
                  000047dc    0000001c                 : dl_timer.o (.text.DL_Timer_setClockConfig)
                  000047f8    0000001c     ti_msp_dl_config.o (.text.DL_UART_enableInterrupt)
                  00004814    0000001c     speed.o (.text.Speed_Init)
                  00004830    0000001c     interrupt.o (.text.TIMG0_IRQHandler)
                  0000484c    00000018     ti_msp_dl_config.o (.text.DL_GPIO_enableOutput)
                  00004864    00000018     ti_msp_dl_config.o (.text.DL_GPIO_enablePower)
                  0000487c    00000018     interrupt.o (.text.DL_GPIO_getEnabledInterruptStatus)
                  00004894    00000018     ti_msp_dl_config.o (.text.DL_GPIO_initDigitalOutput)
                  000048ac    00000018     ti_msp_dl_config.o (.text.DL_GPIO_reset)
                  000048c4    00000018     Motor.o (.text.DL_GPIO_setPins)
                  000048dc    00000018     assignment.o (.text.DL_GPIO_setPins)
                  000048f4    00000018     oled_software_i2c.o (.text.DL_GPIO_setPins)
                  0000490c    00000018     assignment.o (.text.DL_GPIO_togglePins)
                  00004924    00000018     ti_msp_dl_config.o (.text.DL_SYSCTL_setBORThreshold)
                  0000493c    00000018     ti_msp_dl_config.o (.text.DL_Timer_enablePower)
                  00004954    00000018     ti_msp_dl_config.o (.text.DL_Timer_reset)
                  0000496c    00000018     driverlib.a : dl_timer.o (.text.DL_Timer_setCaptureCompareOutCtl)
                  00004984    00000018     speed.o (.text.DL_Timer_startCounter)
                  0000499c    00000018     ti_msp_dl_config.o (.text.DL_UART_enableDMAReceiveEvent)
                  000049b4    00000018     ti_msp_dl_config.o (.text.DL_UART_enableFIFOs)
                  000049cc    00000018     ti_msp_dl_config.o (.text.DL_UART_enablePower)
                  000049e4    00000018     interrupt.o (.text.DL_UART_isRXFIFOEmpty)
                  000049fc    00000018     ti_msp_dl_config.o (.text.DL_UART_reset)
                  00004a14    00000018     ti_msp_dl_config.o (.text.SYSCFG_DL_DMA_WIT_init)
                  00004a2c    00000018     clock.o (.text.SysTick_Init)
                  00004a44    00000018     libc.a : snprintf.c.obj (.text._outc)
                  00004a5c    00000018            : sprintf.c.obj (.text._outs)
                  00004a74    00000016     interrupt.o (.text.DL_GPIO_readPins)
                  00004a8a    00000016     assignment.o (.text.DL_GPIO_readPins)
                  00004aa0    00000016     move.o (.text.DL_GPIO_readPins)
                  00004ab6    00000016     ti_msp_dl_config.o (.text.DL_UART_enable)
                  00004acc    00000016     libc.a : copy_zero_init.c.obj (.text:decompress:ZI:__TI_zero_init_nomemset)
                  00004ae2    00000014     Motor.o (.text.DL_GPIO_clearPins)
                  00004af6    00000014     assignment.o (.text.DL_GPIO_clearPins)
                  00004b0a    00000014     oled_software_i2c.o (.text.DL_GPIO_clearPins)
                  00004b1e    00000014     ti_msp_dl_config.o (.text.DL_GPIO_clearPins)
                  00004b32    00000002     --HOLE-- [fill = 0]
                  00004b34    00000014     ti_msp_dl_config.o (.text.DL_SYSCTL_disableSYSPLL)
                  00004b48    00000014     ti_msp_dl_config.o (.text.DL_Timer_enableClock)
                  00004b5c    00000014     ti_msp_dl_config.o (.text.DL_Timer_setCCPDirection)
                  00004b70    00000014     interrupt.o (.text.DL_UART_receiveData)
                  00004b84    00000014     libclang_rt.builtins.a : aeabi_uldivmod.S.obj (.text.__aeabi_uldivmod)
                  00004b98    00000014     assignment.o (.text.assignment0)
                  00004bac    00000014     libc.a : _printfi.c.obj (.text.strchr)
                  00004bc0    00000012     interrupt.o (.text.DL_Timer_getPendingInterrupt)
                  00004bd2    00000012     driverlib.a : dl_uart.o (.text.DL_UART_setClockConfig)
                  00004be4    00000012     libc.a : memcpy16.S.obj (.text:TI_memcpy_small)
                  00004bf6    00000012            : copy_decompress_none.c.obj (.text:decompress:none)
                  00004c08    00000010     ti_msp_dl_config.o (.text.DL_SYSCTL_disableHFXT)
                  00004c18    00000010     driverlib.a : dl_timer.o (.text.DL_Timer_setCaptureCompareValue)
                  00004c28    00000010     interrupt.o (.text.SysTick_Handler)
                  00004c38    00000010     oled_software_i2c.o (.text.delay_ms)
                  00004c48    00000010     libc.a : wcslen.c.obj (.text.wcslen)
                  00004c58    0000000e     libclang_rt.builtins.a : aeabi_memset.S.obj (.text.__aeabi_memset)
                  00004c66    0000000e     libc.a : _printfi.c.obj (.text.strlen)
                  00004c74    0000000e            : memset16.S.obj (.text:TI_memset_small)
                  00004c82    0000000a            : _printfi.c.obj (.text.OUTLINED_FUNCTION_0)
                  00004c8c    00000010     libclang_rt.builtins.a : adddf3.S.obj (.tramp.__aeabi_dsub.1)
                  00004c9c    0000000a     libc.a : _printfi.c.obj (.text.OUTLINED_FUNCTION_1)
                  00004ca6    0000000a            : sprintf.c.obj (.text._outc)
                  00004cb0    00000008     ti_msp_dl_config.o (.text.SYSCFG_DL_DMA_init)
                  00004cb8    00000008     libc.a : aeabi_portable.c.obj (.text.__aeabi_errno_addr)
                  00004cc0    00000008     libclang_rt.builtins.a : aeabi_memcpy.S.obj (.text.__aeabi_memcpy)
                  00004cc8    00000006     libc.a : exit.c.obj (.text:abort)
                  00004cce    00000004     startup_mspm0g350x_ticlang.o (.text.Default_Handler)
                  00004cd2    00000004     libsysbm.a : hostexit.c.obj (.text.HOSTexit)
                  00004cd6    00000004     startup_mspm0g350x_ticlang.o (.text.Reset_Handler)
                  00004cda    00000002     --HOLE-- [fill = 0]
                  00004cdc    00000010     libc.a : boot_cortex_m.c.obj (.tramp._c_int00_noargs.1)
                  00004cec    00000004            : pre_init.c.obj (.text._system_pre_init)

.cinit     0    00005780    00000070     
                  00005780    0000004b     (.cinit..data.load) [load image, compression = lzss]
                  000057cb    00000001     --HOLE-- [fill = 0]
                  000057cc    0000000c     (__TI_handler_table)
                  000057d8    00000008     (.cinit..bss.load) [load image, compression = zero_init]
                  000057e0    00000010     (__TI_cinit_table)

.rodata    0    00004cf0    00000a90     
                  00004cf0    000005f0     oled_software_i2c.o (.rodata.asc2_1608)
                  000052e0    00000228     oled_software_i2c.o (.rodata.asc2_0806)
                  00005508    00000008     ti_msp_dl_config.o (.rodata.gPWM_0Config)
                  00005510    00000101     libc.a : aeabi_ctype.S.obj (.rodata:__aeabi_ctype_table_)
                  00005611    00000003     ti_msp_dl_config.o (.rodata.gPWM_0ClockConfig)
                  00005614    00000028     ti_msp_dl_config.o (.rodata.gSYSPLLConfig)
                  0000563c    0000001b     assignment.o (.rodata.str1.14642066418101282876.1)
                  00005657    00000001     --HOLE-- [fill = 0]
                  00005658    00000018     ti_msp_dl_config.o (.rodata.gDMA_WITConfig)
                  00005670    00000014     ti_msp_dl_config.o (.rodata.gTIMER_0TimerConfig)
                  00005684    00000014     ti_msp_dl_config.o (.rodata.gTIMER_ULTRASONICTimerConfig)
                  00005698    00000013     bluetooth.o (.rodata.str1.17966125886390595526.1)
                  000056ab    00000011     libc.a : _printfi.c.obj (.rodata.str1.10348868589481759720.1)
                  000056bc    00000011            : _printfi.c.obj (.rodata.str1.15363888844622738466.1)
                  000056cd    0000000c     assignment.o (.rodata.str1.881729555231519297.1)
                  000056d9    00000001     --HOLE-- [fill = 0]
                  000056da    0000000a     ti_msp_dl_config.o (.rodata.gUART_BTConfig)
                  000056e4    0000000a     ti_msp_dl_config.o (.rodata.gUART_WITConfig)
                  000056ee    0000000a     main.o (.rodata.str1.15159059442110792349.1)
                  000056f8    0000000a     assignment.o (.rodata.str1.499403785858297772.1)
                  00005702    0000000a     main.o (.rodata.str1.8154729771448623357.1)
                  0000570c    00000009     assignment.o (.rodata.str1.15410282566580952954.1)
                  00005715    00000009     assignment.o (.rodata.str1.1628366750994360904.1)
                  0000571e    00000009     assignment.o (.rodata.str1.6362292075570814757.1)
                  00005727    00000009     assignment.o (.rodata.str1.8372792836397371563.1)
                  00005730    00000008     ti_msp_dl_config.o (.rodata.gPWM_SERVOConfig)
                  00005738    00000008     ti_msp_dl_config.o (.rodata.gPWM_ULTRASONICConfig)
                  00005740    00000008     main.o (.rodata.str1.18227636981041470289.1)
                  00005748    00000007     main.o (.rodata.str1.12180500075719773345.1)
                  0000574f    00000007     assignment.o (.rodata.str1.12916219474257230738.1)
                  00005756    00000005     main.o (.rodata.str1.17100691992556644108.1)
                  0000575b    00000003     ti_msp_dl_config.o (.rodata.gPWM_SERVOClockConfig)
                  0000575e    00000003     ti_msp_dl_config.o (.rodata.gPWM_ULTRASONICClockConfig)
                  00005761    00000003     ti_msp_dl_config.o (.rodata.gTIMER_0ClockConfig)
                  00005764    00000003     ti_msp_dl_config.o (.rodata.gTIMER_ULTRASONICClockConfig)
                  00005767    00000003     main.o (.rodata.str1.2846389346932560359.1)
                  0000576a    00000003     assignment.o (.rodata.str1.5388786565809706530.1)
                  0000576d    00000002     ti_msp_dl_config.o (.rodata.gUART_BTClockConfig)
                  0000576f    00000002     ti_msp_dl_config.o (.rodata.gUART_WITClockConfig)
                  00005771    0000000f     --HOLE-- [fill = 0]

.init_array 
*          0    00000000    00000000     UNINITIALIZED

.binit     0    00000000    00000000     

.data      0    20200000    00001fb6     UNINITIALIZED
                  20200000    00000fa0     speed.o (.data.SpeLeft)
                  20200fa0    00000fa0     speed.o (.data.SpeRight)
                  20201f40    00000020     main.o (.data.assignment_function)
                  20201f60    00000010     assignment.o (.data.shapeStrings)
                  20201f70    00000008     turn.o (.data.Turntimer)
                  20201f78    00000008     move.o (.data.x)
                  20201f80    00000004     turn.o (.data.Current_Dir)
                  20201f84    00000004     turn.o (.data.Left_Turn.turn_step)
                  20201f88    00000004     speed.o (.data.Left_count)
                  20201f8c    00000004     turn.o (.data.Right_Turn.turn_step)
                  20201f90    00000004     speed.o (.data.Right_count)
                  20201f94    00000004     libc.a : aeabi_portable.c.obj (.data.__aeabi_errno)
                  20201f98    00000004     move.o (.data.irSpeed)
                  20201f9c    00000004     assignment.o (.data.l1)
                  20201fa0    00000004     assignment.o (.data.l2)
                  20201fa4    00000004     speed.o (.data.l)
                  20201fa8    00000004     speed.o (.data.r)
                  20201fac    00000002     move.o (.data.IrSensorNumber)
                  20201fae    00000001     turn.o (.data.CrossingFlag)
                  20201faf    00000001     assignment.o (.data.LeftTurnFlag)
                  20201fb0    00000001     assignment.o (.data.RightTurnFlag)
                  20201fb1    00000001     assignment.o (.data.TurnOverFlag)
                  20201fb2    00000001     assignment.o (.data.assignmentFlag)
                  20201fb3    00000001     assignment.o (.data.shapeFlag)
                  20201fb4    00000001     turn.o (.data.turnCompleted)
                  20201fb5    00000001     turn.o (.data.turnFlag)

.bss       0    20201fb8    000002b0     UNINITIALIZED
                  20201fb8    000000bc     (.common:gPWM_0Backup)
                  20202074    000000bc     (.common:gTIMER_ULTRASONICBackup)
                  20202130    000000a0     (.common:gPWM_SERVOBackup)
                  202021d0    00000040     (.common:oled_buffer)
                  20202210    00000021     (.common:wit_dmaBuffer)
                  20202231    00000003     --HOLE--
                  20202234    00000020     (.common:wit_data)
                  20202254    00000004     speed.o (.bss.SpeedRead.Last_Left_count)
                  20202258    00000004     speed.o (.bss.SpeedRead.Last_Right_count)
                  2020225c    00000004     (.common:Target_Dir)
                  20202260    00000004     (.common:start_time)
                  20202264    00000004     (.common:tick_ms)

.stack     0    20207e00    00000200     UNINITIALIZED
                  20207e00    00000004     libc.a : boot_cortex_m.c.obj (.stack)
                  20207e04    000001fc     --HOLE--

__llvm_prf_cnts 
*          0    20200000    00000000     UNINITIALIZED

__llvm_prf_bits 
*          0    20200000    00000000     UNINITIALIZED

MODULE SUMMARY

       Module                         code    ro data   rw data
       ------                         ----    -------   -------
    .\
       ti_msp_dl_config.o             2568    167       536    
       main.o                         260     43        96     
       startup_mspm0g350x_ticlang.o   8       192       0      
    +--+------------------------------+-------+---------+---------+
       Total:                         2836    402       632    
                                                               
    .\AssignmentChoose\
       assignment.o                   1296    95        29     
    +--+------------------------------+-------+---------+---------+
       Total:                         1296    95        29     
                                                               
    .\Drivers\Bluetooth\
       bluetooth.o                    200     19        0      
    +--+------------------------------+-------+---------+---------+
       Total:                         200     19        0      
                                                               
    .\Drivers\MSPM0\
       interrupt.o                    1132    0         0      
       clock.o                        284     0         8      
    +--+------------------------------+-------+---------+---------+
       Total:                         1416    0         8      
                                                               
    .\Drivers\Motor\
       Motor.o                        304     0         0      
    +--+------------------------------+-------+---------+---------+
       Total:                         304     0         0      
                                                               
    .\Drivers\OLED_Software_I2C\
       oled_software_i2c.o            1222    2072      0      
    +--+------------------------------+-------+---------+---------+
       Total:                         1222    2072      0      
                                                               
    .\Drivers\Ultrasonic_GPIO\
       ultrasonic_gpio.o              2       0         0      
    +--+------------------------------+-------+---------+---------+
       Total:                         2       0         0      
                                                               
    .\Drivers\WIT\
       wit.o                          278     0         65     
    +--+------------------------------+-------+---------+---------+
       Total:                         278     0         65     
                                                               
    .\INTERRUPT\
       interrupt.o                    372     0         0      
    +--+------------------------------+-------+---------+---------+
       Total:                         372     0         0      
                                                               
    .\Move\
       move.o                         1102    0         14     
    +--+------------------------------+-------+---------+---------+
       Total:                         1102    0         14     
                                                               
    .\SPEED\
       speed.o                        292     0         8024   
    +--+------------------------------+-------+---------+---------+
       Total:                         292     0         8024   
                                                               
    .\TURN\
       turn.o                         692     0         27     
    +--+------------------------------+-------+---------+---------+
       Total:                         692     0         27     
                                                               
    F:/TI/mspm0_sdk_2_05_00_05/source/ti/driverlib/lib/ticlang/m0p/mspm0g1x0x_g3x0x/driverlib.a
       dl_timer.o                     588     0         0      
       dl_sysctl_mspm0g1x0x_g3x0x.o   288     0         0      
       dl_uart.o                      206     0         0      
       dl_dma.o                       76      0         0      
       dl_common.o                    10      0         0      
    +--+------------------------------+-------+---------+---------+
       Total:                         1168    0         0      
                                                               
    F:\TI\ccs\tools\compiler\ti-cgt-armllvm_4.0.3.LTS\lib\armv6m-ti-none-eabi/c/libc.a
       _printfi.c.obj                 4510    34        0      
       aeabi_ctype.S.obj              0       257       0      
       s_scalbn.c.obj                 216     0         0      
       snprintf.c.obj                 148     0         0      
       copy_decompress_lzss.c.obj     124     0         0      
       s_frexp.c.obj                  92      0         0      
       sprintf.c.obj                  90      0         0      
       _ltoa.c.obj                    88      0         0      
       atoi.c.obj                     64      0         0      
       autoinit.c.obj                 60      0         0      
       boot_cortex_m.c.obj            56      0         0      
       memccpy.c.obj                  34      0         0      
       copy_zero_init.c.obj           22      0         0      
       copy_decompress_none.c.obj     18      0         0      
       memcpy16.S.obj                 18      0         0      
       wcslen.c.obj                   16      0         0      
       memset16.S.obj                 14      0         0      
       aeabi_portable.c.obj           8       0         4      
       exit.c.obj                     6       0         0      
       pre_init.c.obj                 4       0         0      
    +--+------------------------------+-------+---------+---------+
       Total:                         5588    291       4      
                                                               
    F:\TI\ccs\tools\compiler\ti-cgt-armllvm_4.0.3.LTS\lib\armv6m-ti-none-eabi/c/libsysbm.a
       hostexit.c.obj                 4       0         0      
    +--+------------------------------+-------+---------+---------+
       Total:                         4       0         0      
                                                               
    F:\TI\ccs\tools\compiler\ti-cgt-armllvm_4.0.3.LTS\lib\armv6m-ti-none-eabi/libclang_rt.builtins.a
       adddf3.S.obj                   418     0         0      
       divdf3.S.obj                   268     0         0      
       muldf3.S.obj                   228     0         0      
       comparedf2.c.obj               220     0         0      
       addsf3.S.obj                   216     0         0      
       udivmoddi4.S.obj               162     0         0      
       mulsf3.S.obj                   140     0         0      
       comparesf2.S.obj               118     0         0      
       truncdfsf2.S.obj               116     0         0      
       aeabi_dcmp.S.obj               98      0         0      
       aeabi_fcmp.S.obj               98      0         0      
       aeabi_idivmod.S.obj            86      0         0      
       fixdfsi.S.obj                  74      0         0      
       aeabi_uidivmod.S.obj           64      0         0      
       extendsfdf2.S.obj              64      0         0      
       floatsisf.S.obj                60      0         0      
       muldsi3.S.obj                  58      0         0      
       fixsfsi.S.obj                  56      0         0      
       floatsidf.S.obj                44      0         0      
       muldi3.S.obj                   36      0         0      
       ashldi3.S.obj                  30      0         0      
       aeabi_uldivmod.S.obj           20      0         0      
       aeabi_memset.S.obj             14      0         0      
       aeabi_memcpy.S.obj             8       0         0      
       aeabi_div0.c.obj               4       0         0      
    +--+------------------------------+-------+---------+---------+
       Total:                         2700    0         0      
                                                               
       Stack:                         0       0         512    
       Linker Generated:              0       111       0      
    +--+------------------------------+-------+---------+---------+
       Grand Total:                   19472   2990      9315   


LINKER GENERATED COPY TABLES

__TI_cinit_table @ 000057e0 records: 2, size/record: 8, table size: 16
	.data: load addr=00005780, load size=0000004b bytes, run addr=20200000, run size=00001fb6 bytes, compression=lzss
	.bss: load addr=000057d8, load size=00000008 bytes, run addr=20201fb8, run size=000002b0 bytes, compression=zero_init


LINKER GENERATED HANDLER TABLE

__TI_handler_table @ 000057cc records: 3, size/record: 4, table size: 12
	index: 0, handler: __TI_decompress_lzss
	index: 1, handler: __TI_decompress_none
	index: 2, handler: __TI_zero_init


FAR CALL TRAMPOLINES

callee name               trampoline name
   callee addr  tramp addr   call addr  call info
--------------  -----------  ---------  ----------------
__aeabi_dsub              $Tramp$TT$L$PI$$__aeabi_dsub
   00001609     00004c8c     00004c8a   libc.a : _printfi.c.obj (.text.OUTLINED_FUNCTION_0)
_c_int00_noargs           $Tramp$TT$L$PI$$_c_int00_noargs
   000044d9     00004cdc     00004cd6   startup_mspm0g350x_ticlang.o (.text.Reset_Handler)

[2 trampolines]
[2 trampoline calls]


GLOBAL SYMBOLS: SORTED ALPHABETICALLY BY Name 

address   name                                 
-------   ----                                 
00004ccf  ADC0_IRQHandler                      
00004ccf  ADC1_IRQHandler                      
00004ccf  AES_IRQHandler                       
0000179d  AssignmentChoose                     
00003ca5  Bluetooth_SendData                   
00003119  Bluetooth_SendString                 
00004cd2  C$$EXIT                              
00004ccf  CANFD0_IRQHandler                    
20201fae  CrossingFlag                         
20201f80  Current_Dir                          
00004ccf  DAC0_IRQHandler                      
00003385  DL_Common_delayCycles                
00003b75  DL_DMA_initChannel                   
00002661  DL_SYSCTL_configSYSPLL               
00003d35  DL_SYSCTL_switchMCLKfromSYSOSCtoHSCLK
00001fa9  DL_Timer_initFourCCPWMMode           
00002495  DL_Timer_initTimerMode               
000047c1  DL_Timer_setCaptCompUpdateMethod     
0000496d  DL_Timer_setCaptureCompareOutCtl     
00004c19  DL_Timer_setCaptureCompareValue      
000047dd  DL_Timer_setClockConfig              
000039dd  DL_UART_drainRXFIFO                  
00003ced  DL_UART_init                         
00004bd3  DL_UART_setClockConfig               
00004645  DL_UART_transmitDataBlocking         
00004ccf  DMA_IRQHandler                       
00004ccf  Default_Handler                      
00004ccf  GROUP0_IRQHandler                    
00002d31  GROUP1_IRQHandler                    
00004cd3  HOSTexit                             
00004ccf  HardFault_Handler                    
00004ccf  I2C0_IRQHandler                      
00004ccf  I2C1_IRQHandler                      
0000409d  I2C_Start                            
00004271  I2C_Stop                             
000042a1  I2C_WaitAck                          
20201fac  IrSensorNumber                       
20201faf  LeftTurnFlag                         
00003011  Left_Control                         
00001a1d  Left_Turn                            
20201f88  Left_count                           
000036ed  LightAndSound                        
00004ccf  NMI_Handler                          
00003819  NonBlockDelay                        
000034e1  OLED_Clear                           
000021b1  OLED_Init                            
00003ef9  OLED_Set_Pos                         
00001d85  OLED_ShowChar                        
00003405  OLED_ShowString                      
00003b25  OLED_WR_Byte                         
00004ccf  PendSV_Handler                       
00004ccf  RTC_IRQHandler                       
00003475  RangeLimite                          
00004cd7  Reset_Handler                        
20201fb0  RightTurnFlag                        
00003199  Right_Control                        
00001b41  Right_Turn                           
20201f90  Right_count                          
00004ccf  SPI0_IRQHandler                      
00004ccf  SPI1_IRQHandler                      
00004ccf  SVC_Handler                          
00004a15  SYSCFG_DL_DMA_WIT_init               
00004cb1  SYSCFG_DL_DMA_init                   
0000122d  SYSCFG_DL_GPIO_init                  
00002e65  SYSCFG_DL_PWM_0_init                 
00002ef5  SYSCFG_DL_PWM_SERVO_init             
0000354d  SYSCFG_DL_PWM_ULTRASONIC_init        
00003f35  SYSCFG_DL_SYSCTL_init                
00004179  SYSCFG_DL_TIMER_0_init               
00004361  SYSCFG_DL_TIMER_ULTRASONIC_init      
00003dbd  SYSCFG_DL_UART_BT_init               
000035b5  SYSCFG_DL_UART_WIT_init              
00003a85  SYSCFG_DL_init                       
00002b31  SYSCFG_DL_initPower                  
00003219  Send_Byte                            
20200000  SpeLeft                              
20200fa0  SpeRight                             
000028ed  SpeedRead                            
00004815  Speed_Init                           
00004c29  SysTick_Handler                      
00004a2d  SysTick_Init                         
00004ccf  TIMA0_IRQHandler                     
00004ccf  TIMA1_IRQHandler                     
00004831  TIMG0_IRQHandler                     
00004ccf  TIMG12_IRQHandler                    
00004ccf  TIMG6_IRQHandler                     
00004ccf  TIMG7_IRQHandler                     
00004ccf  TIMG8_IRQHandler                     
00004be5  TI_memcpy_small                      
00004c75  TI_memset_small                      
2020225c  Target_Dir                           
00001019  Tracking                             
20201fb1  TurnOverFlag                         
00000a91  UART0_IRQHandler                     
00004ccf  UART1_IRQHandler                     
00004ccf  UART2_IRQHandler                     
00004ccf  UART3_IRQHandler                     
0000179b  Ultrasonic_Init                      
00003d79  WIT_Init                             
20208000  __STACK_END                          
00000200  __STACK_SIZE                         
00000000  __TI_ATRegion0_region_sz             
00000000  __TI_ATRegion0_src_addr              
00000000  __TI_ATRegion0_trg_addr              
00000000  __TI_ATRegion1_region_sz             
00000000  __TI_ATRegion1_src_addr              
00000000  __TI_ATRegion1_trg_addr              
00000000  __TI_ATRegion2_region_sz             
00000000  __TI_ATRegion2_src_addr              
00000000  __TI_ATRegion2_trg_addr              
000057e0  __TI_CINIT_Base                      
000057f0  __TI_CINIT_Limit                     
000057f0  __TI_CINIT_Warm                      
000057cc  __TI_Handler_Table_Base              
000057d8  __TI_Handler_Table_Limit             
00003fe9  __TI_auto_init_nobinit_nopinit       
00003295  __TI_decompress_lzss                 
00004bf7  __TI_decompress_none                 
000038d5  __TI_ltoa                            
ffffffff  __TI_pprof_out_hndl                  
000000c1  __TI_printfi                         
ffffffff  __TI_prof_data_size                  
ffffffff  __TI_prof_data_start                 
00000000  __TI_static_base__                   
00004acd  __TI_zero_init_nomemset              
00001613  __adddf3                             
0000281f  __addsf3                             
00005510  __aeabi_ctype_table_                 
00005510  __aeabi_ctype_table_C                
00003391  __aeabi_d2f                          
00003c59  __aeabi_d2iz                         
00001613  __aeabi_dadd                         
00003751  __aeabi_dcmpeq                       
0000378d  __aeabi_dcmpge                       
000037a1  __aeabi_dcmpgt                       
00003779  __aeabi_dcmple                       
00003765  __aeabi_dcmplt                       
00001e9d  __aeabi_ddiv                         
0000257d  __aeabi_dmul                         
00001609  __aeabi_dsub                         
20201f94  __aeabi_errno                        
00004cb9  __aeabi_errno_addr                   
00003e3d  __aeabi_f2d                          
000040d5  __aeabi_f2iz                         
0000281f  __aeabi_fadd                         
000037b5  __aeabi_fcmpeq                       
000037f1  __aeabi_fcmpge                       
00003805  __aeabi_fcmpgt                       
000037dd  __aeabi_fcmple                       
000037c9  __aeabi_fcmplt                       
00002f85  __aeabi_fmul                         
00002815  __aeabi_fsub                         
000043e5  __aeabi_i2d                          
00003f71  __aeabi_i2f                          
00003985  __aeabi_idiv                         
000022ab  __aeabi_idiv0                        
00003985  __aeabi_idivmod                      
00002d2f  __aeabi_ldiv0                        
00004685  __aeabi_llsl                         
000045bd  __aeabi_lmul                         
00004cc1  __aeabi_memcpy                       
00004cc1  __aeabi_memcpy4                      
00004cc1  __aeabi_memcpy8                      
00004c59  __aeabi_memset                       
00004c59  __aeabi_memset4                      
00004c59  __aeabi_memset8                      
00003dfd  __aeabi_uidiv                        
00003dfd  __aeabi_uidivmod                     
00004b85  __aeabi_uldivmod                     
00004685  __ashldi3                            
ffffffff  __binit__                            
0000361d  __cmpdf2                             
00004025  __cmpsf2                             
00001e9d  __divdf3                             
0000361d  __eqdf2                              
00004025  __eqsf2                              
00003e3d  __extendsfdf2                        
00003c59  __fixdfsi                            
000040d5  __fixsfsi                            
000043e5  __floatsidf                          
00003f71  __floatsisf                          
00003311  __gedf2                              
00003fad  __gesf2                              
00003311  __gtdf2                              
00003fad  __gtsf2                              
0000361d  __ledf2                              
00004025  __lesf2                              
0000361d  __ltdf2                              
00004025  __ltsf2                              
UNDEFED   __mpu_init                           
0000257d  __muldf3                             
000045bd  __muldi3                             
00004061  __muldsi3                            
00002f85  __mulsf3                             
0000361d  __nedf2                              
00004025  __nesf2                              
20207e00  __stack                              
20200000  __start___llvm_prf_bits              
20200000  __start___llvm_prf_cnts              
20200000  __stop___llvm_prf_bits               
20200000  __stop___llvm_prf_cnts               
00001609  __subdf3                             
00002815  __subsf3                             
00003391  __truncdfsf2                         
00002c8d  __udivmoddi4                         
000044d9  _c_int00_noargs                      
UNDEFED   _system_post_cinit                   
00004ced  _system_pre_init                     
00004cc9  abort                                
000052e0  asc2_0806                            
00004cf0  asc2_1608                            
00004b99  assignment0                          
00002be1  assignment1                          
00002a75  assignment2                          
000029b1  assignment3                          
00002dcd  assignment4                          
0000338f  assignment5                          
20201fb2  assignmentFlag                       
20201f40  assignment_function                  
00003e7d  atoi                                 
000046a3  backwords                            
ffffffff  binit                                
00004c39  delay_ms                             
00003879  frexp                                
00003879  frexpl                               
20201fb8  gPWM_0Backup                         
20202130  gPWM_SERVOBackup                     
20202074  gTIMER_ULTRASONICBackup              
00000000  interruptVectors                     
20201f98  irSpeed                              
20201fa4  l                                    
20201f9c  l1                                   
20201fa0  l2                                   
0000273d  ldexp                                
0000273d  ldexpl                               
000020ad  main                                 
000045e1  memccpy                              
00004331  mspm0_delay_ms                       
202021d0  oled_buffer                          
000022ad  parking                              
20201fa8  r                                    
0000273d  scalbn                               
0000273d  scalbnl                              
20201fb3  shapeFlag                            
20201f60  shapeStrings                         
00003c0d  snprintf                             
0000410d  sprintf                              
20202260  start_time                           
000046c1  stop                                 
20202264  tick_ms                              
000023a5  track_deal_sensor                    
20201fb4  turnCompleted                        
20201fb5  turnFlag                             
00004c49  wcslen                               
20202234  wit_data                             
20202210  wit_dmaBuffer                        
20201f78  x                                    
000041ad  zeroparameter                        


GLOBAL SYMBOLS: SORTED BY Symbol Address 

address   name                                 
-------   ----                                 
00000000  __TI_ATRegion0_region_sz             
00000000  __TI_ATRegion0_src_addr              
00000000  __TI_ATRegion0_trg_addr              
00000000  __TI_ATRegion1_region_sz             
00000000  __TI_ATRegion1_src_addr              
00000000  __TI_ATRegion1_trg_addr              
00000000  __TI_ATRegion2_region_sz             
00000000  __TI_ATRegion2_src_addr              
00000000  __TI_ATRegion2_trg_addr              
00000000  __TI_static_base__                   
00000000  interruptVectors                     
000000c1  __TI_printfi                         
00000200  __STACK_SIZE                         
00000a91  UART0_IRQHandler                     
00001019  Tracking                             
0000122d  SYSCFG_DL_GPIO_init                  
00001609  __aeabi_dsub                         
00001609  __subdf3                             
00001613  __adddf3                             
00001613  __aeabi_dadd                         
0000179b  Ultrasonic_Init                      
0000179d  AssignmentChoose                     
00001a1d  Left_Turn                            
00001b41  Right_Turn                           
00001d85  OLED_ShowChar                        
00001e9d  __aeabi_ddiv                         
00001e9d  __divdf3                             
00001fa9  DL_Timer_initFourCCPWMMode           
000020ad  main                                 
000021b1  OLED_Init                            
000022ab  __aeabi_idiv0                        
000022ad  parking                              
000023a5  track_deal_sensor                    
00002495  DL_Timer_initTimerMode               
0000257d  __aeabi_dmul                         
0000257d  __muldf3                             
00002661  DL_SYSCTL_configSYSPLL               
0000273d  ldexp                                
0000273d  ldexpl                               
0000273d  scalbn                               
0000273d  scalbnl                              
00002815  __aeabi_fsub                         
00002815  __subsf3                             
0000281f  __addsf3                             
0000281f  __aeabi_fadd                         
000028ed  SpeedRead                            
000029b1  assignment3                          
00002a75  assignment2                          
00002b31  SYSCFG_DL_initPower                  
00002be1  assignment1                          
00002c8d  __udivmoddi4                         
00002d2f  __aeabi_ldiv0                        
00002d31  GROUP1_IRQHandler                    
00002dcd  assignment4                          
00002e65  SYSCFG_DL_PWM_0_init                 
00002ef5  SYSCFG_DL_PWM_SERVO_init             
00002f85  __aeabi_fmul                         
00002f85  __mulsf3                             
00003011  Left_Control                         
00003119  Bluetooth_SendString                 
00003199  Right_Control                        
00003219  Send_Byte                            
00003295  __TI_decompress_lzss                 
00003311  __gedf2                              
00003311  __gtdf2                              
00003385  DL_Common_delayCycles                
0000338f  assignment5                          
00003391  __aeabi_d2f                          
00003391  __truncdfsf2                         
00003405  OLED_ShowString                      
00003475  RangeLimite                          
000034e1  OLED_Clear                           
0000354d  SYSCFG_DL_PWM_ULTRASONIC_init        
000035b5  SYSCFG_DL_UART_WIT_init              
0000361d  __cmpdf2                             
0000361d  __eqdf2                              
0000361d  __ledf2                              
0000361d  __ltdf2                              
0000361d  __nedf2                              
000036ed  LightAndSound                        
00003751  __aeabi_dcmpeq                       
00003765  __aeabi_dcmplt                       
00003779  __aeabi_dcmple                       
0000378d  __aeabi_dcmpge                       
000037a1  __aeabi_dcmpgt                       
000037b5  __aeabi_fcmpeq                       
000037c9  __aeabi_fcmplt                       
000037dd  __aeabi_fcmple                       
000037f1  __aeabi_fcmpge                       
00003805  __aeabi_fcmpgt                       
00003819  NonBlockDelay                        
00003879  frexp                                
00003879  frexpl                               
000038d5  __TI_ltoa                            
00003985  __aeabi_idiv                         
00003985  __aeabi_idivmod                      
000039dd  DL_UART_drainRXFIFO                  
00003a85  SYSCFG_DL_init                       
00003b25  OLED_WR_Byte                         
00003b75  DL_DMA_initChannel                   
00003c0d  snprintf                             
00003c59  __aeabi_d2iz                         
00003c59  __fixdfsi                            
00003ca5  Bluetooth_SendData                   
00003ced  DL_UART_init                         
00003d35  DL_SYSCTL_switchMCLKfromSYSOSCtoHSCLK
00003d79  WIT_Init                             
00003dbd  SYSCFG_DL_UART_BT_init               
00003dfd  __aeabi_uidiv                        
00003dfd  __aeabi_uidivmod                     
00003e3d  __aeabi_f2d                          
00003e3d  __extendsfdf2                        
00003e7d  atoi                                 
00003ef9  OLED_Set_Pos                         
00003f35  SYSCFG_DL_SYSCTL_init                
00003f71  __aeabi_i2f                          
00003f71  __floatsisf                          
00003fad  __gesf2                              
00003fad  __gtsf2                              
00003fe9  __TI_auto_init_nobinit_nopinit       
00004025  __cmpsf2                             
00004025  __eqsf2                              
00004025  __lesf2                              
00004025  __ltsf2                              
00004025  __nesf2                              
00004061  __muldsi3                            
0000409d  I2C_Start                            
000040d5  __aeabi_f2iz                         
000040d5  __fixsfsi                            
0000410d  sprintf                              
00004179  SYSCFG_DL_TIMER_0_init               
000041ad  zeroparameter                        
00004271  I2C_Stop                             
000042a1  I2C_WaitAck                          
00004331  mspm0_delay_ms                       
00004361  SYSCFG_DL_TIMER_ULTRASONIC_init      
000043e5  __aeabi_i2d                          
000043e5  __floatsidf                          
000044d9  _c_int00_noargs                      
000045bd  __aeabi_lmul                         
000045bd  __muldi3                             
000045e1  memccpy                              
00004645  DL_UART_transmitDataBlocking         
00004685  __aeabi_llsl                         
00004685  __ashldi3                            
000046a3  backwords                            
000046c1  stop                                 
000047c1  DL_Timer_setCaptCompUpdateMethod     
000047dd  DL_Timer_setClockConfig              
00004815  Speed_Init                           
00004831  TIMG0_IRQHandler                     
0000496d  DL_Timer_setCaptureCompareOutCtl     
00004a15  SYSCFG_DL_DMA_WIT_init               
00004a2d  SysTick_Init                         
00004acd  __TI_zero_init_nomemset              
00004b85  __aeabi_uldivmod                     
00004b99  assignment0                          
00004bd3  DL_UART_setClockConfig               
00004be5  TI_memcpy_small                      
00004bf7  __TI_decompress_none                 
00004c19  DL_Timer_setCaptureCompareValue      
00004c29  SysTick_Handler                      
00004c39  delay_ms                             
00004c49  wcslen                               
00004c59  __aeabi_memset                       
00004c59  __aeabi_memset4                      
00004c59  __aeabi_memset8                      
00004c75  TI_memset_small                      
00004cb1  SYSCFG_DL_DMA_init                   
00004cb9  __aeabi_errno_addr                   
00004cc1  __aeabi_memcpy                       
00004cc1  __aeabi_memcpy4                      
00004cc1  __aeabi_memcpy8                      
00004cc9  abort                                
00004ccf  ADC0_IRQHandler                      
00004ccf  ADC1_IRQHandler                      
00004ccf  AES_IRQHandler                       
00004ccf  CANFD0_IRQHandler                    
00004ccf  DAC0_IRQHandler                      
00004ccf  DMA_IRQHandler                       
00004ccf  Default_Handler                      
00004ccf  GROUP0_IRQHandler                    
00004ccf  HardFault_Handler                    
00004ccf  I2C0_IRQHandler                      
00004ccf  I2C1_IRQHandler                      
00004ccf  NMI_Handler                          
00004ccf  PendSV_Handler                       
00004ccf  RTC_IRQHandler                       
00004ccf  SPI0_IRQHandler                      
00004ccf  SPI1_IRQHandler                      
00004ccf  SVC_Handler                          
00004ccf  TIMA0_IRQHandler                     
00004ccf  TIMA1_IRQHandler                     
00004ccf  TIMG12_IRQHandler                    
00004ccf  TIMG6_IRQHandler                     
00004ccf  TIMG7_IRQHandler                     
00004ccf  TIMG8_IRQHandler                     
00004ccf  UART1_IRQHandler                     
00004ccf  UART2_IRQHandler                     
00004ccf  UART3_IRQHandler                     
00004cd2  C$$EXIT                              
00004cd3  HOSTexit                             
00004cd7  Reset_Handler                        
00004ced  _system_pre_init                     
00004cf0  asc2_1608                            
000052e0  asc2_0806                            
00005510  __aeabi_ctype_table_                 
00005510  __aeabi_ctype_table_C                
000057cc  __TI_Handler_Table_Base              
000057d8  __TI_Handler_Table_Limit             
000057e0  __TI_CINIT_Base                      
000057f0  __TI_CINIT_Limit                     
000057f0  __TI_CINIT_Warm                      
20200000  SpeLeft                              
20200000  __start___llvm_prf_bits              
20200000  __start___llvm_prf_cnts              
20200000  __stop___llvm_prf_bits               
20200000  __stop___llvm_prf_cnts               
20200fa0  SpeRight                             
20201f40  assignment_function                  
20201f60  shapeStrings                         
20201f78  x                                    
20201f80  Current_Dir                          
20201f88  Left_count                           
20201f90  Right_count                          
20201f94  __aeabi_errno                        
20201f98  irSpeed                              
20201f9c  l1                                   
20201fa0  l2                                   
20201fa4  l                                    
20201fa8  r                                    
20201fac  IrSensorNumber                       
20201fae  CrossingFlag                         
20201faf  LeftTurnFlag                         
20201fb0  RightTurnFlag                        
20201fb1  TurnOverFlag                         
20201fb2  assignmentFlag                       
20201fb3  shapeFlag                            
20201fb4  turnCompleted                        
20201fb5  turnFlag                             
20201fb8  gPWM_0Backup                         
20202074  gTIMER_ULTRASONICBackup              
20202130  gPWM_SERVOBackup                     
202021d0  oled_buffer                          
20202210  wit_dmaBuffer                        
20202234  wit_data                             
2020225c  Target_Dir                           
20202260  start_time                           
20202264  tick_ms                              
20207e00  __stack                              
20208000  __STACK_END                          
ffffffff  __TI_pprof_out_hndl                  
ffffffff  __TI_prof_data_size                  
ffffffff  __TI_prof_data_start                 
ffffffff  __binit__                            
ffffffff  binit                                
UNDEFED   __mpu_init                           
UNDEFED   _system_post_cinit                   

[258 symbols]
