<?xml version="1.0" encoding="ISO-8859-1" ?>
<link_info>
   <banner>TI ARM Clang Linker PC v4.0.3.LTS</banner>
   <copyright>Copyright (c) 1996-2018 Texas Instruments Incorporated</copyright>
   <command_line>F:\TI\ccs\tools\compiler\ti-cgt-armllvm_4.0.3.LTS\bin\tiarmlnk -IF:\TI\ccs\tools\compiler\ti-cgt-armllvm_4.0.3.LTS\lib -o BigCar.out -mBigCar.map -iF:/TI/mspm0_sdk_2_05_00_05/source -iC:/Users/ROG/workspace_ccstheia/BigCar -iC:/Users/ROG/workspace_ccstheia/BigCar/Debug/syscfg -iF:/TI/ccs/tools/compiler/ti-cgt-armllvm_4.0.3.LTS/lib --diag_wrap=off --display_error_number --warn_sections --xml_link_info=BigCar_linkInfo.xml --rom_model ./main.o ./ti_msp_dl_config.o ./startup_mspm0g350x_ticlang.o ./AssignmentChoose/assignment.o ./Drivers/Bluetooth/bluetooth.o ./Drivers/MSPM0/clock.o ./Drivers/MSPM0/interrupt.o ./Drivers/Motor/Motor.o ./Drivers/OLED_Software_I2C/oled_software_i2c.o ./Drivers/Ultrasonic_GPIO/ultrasonic_gpio.o ./Drivers/WIT/wit.o ./INTERRUPT/interrupt.o ./Move/move.o ./PID/pid.o ./SERVO/servo.o ./SPEED/speed.o ./TURN/turn.o ./UART/K230.o ./UserLib/Chassis/chassis.o -l./device_linker.cmd -ldevice.cmd.genlibs -llibc.a -lF:/TI/mspm0_sdk_2_05_00_05/source/ti/driverlib/lib/ticlang/m0p/mspm0g1x0x_g3x0x/driverlib.a --start-group -llibc++.a -llibc++abi.a -llibc.a -llibsys.a -llibsysbm.a -llibclang_rt.builtins.a -llibclang_rt.profile.a --end-group --cg_opt_level=0</command_line>
   <link_time>0x6a4ca3ed</link_time>
   <link_errors>0x0</link_errors>
   <output_file>C:\Users\ROG\workspace_ccstheia\BigCar\Debug\BigCar.out</output_file>
   <entry_point>
      <name>_c_int00_noargs</name>
      <address>0x44d9</address>
   </entry_point>
   <input_file_list>
      <input_file id="fl-1">
         <path>C:\Users\ROG\workspace_ccstheia\BigCar\Debug\.\</path>
         <kind>object</kind>
         <file>main.o</file>
         <name>main.o</name>
      </input_file>
      <input_file id="fl-2">
         <path>C:\Users\ROG\workspace_ccstheia\BigCar\Debug\.\</path>
         <kind>object</kind>
         <file>ti_msp_dl_config.o</file>
         <name>ti_msp_dl_config.o</name>
      </input_file>
      <input_file id="fl-3">
         <path>C:\Users\ROG\workspace_ccstheia\BigCar\Debug\.\</path>
         <kind>object</kind>
         <file>startup_mspm0g350x_ticlang.o</file>
         <name>startup_mspm0g350x_ticlang.o</name>
      </input_file>
      <input_file id="fl-4">
         <path>C:\Users\ROG\workspace_ccstheia\BigCar\Debug\.\AssignmentChoose\</path>
         <kind>object</kind>
         <file>assignment.o</file>
         <name>assignment.o</name>
      </input_file>
      <input_file id="fl-5">
         <path>C:\Users\ROG\workspace_ccstheia\BigCar\Debug\.\Drivers\Bluetooth\</path>
         <kind>object</kind>
         <file>bluetooth.o</file>
         <name>bluetooth.o</name>
      </input_file>
      <input_file id="fl-6">
         <path>C:\Users\ROG\workspace_ccstheia\BigCar\Debug\.\Drivers\MSPM0\</path>
         <kind>object</kind>
         <file>clock.o</file>
         <name>clock.o</name>
      </input_file>
      <input_file id="fl-7">
         <path>C:\Users\ROG\workspace_ccstheia\BigCar\Debug\.\Drivers\MSPM0\</path>
         <kind>object</kind>
         <file>interrupt.o</file>
         <name>interrupt.o</name>
      </input_file>
      <input_file id="fl-8">
         <path>C:\Users\ROG\workspace_ccstheia\BigCar\Debug\.\Drivers\Motor\</path>
         <kind>object</kind>
         <file>Motor.o</file>
         <name>Motor.o</name>
      </input_file>
      <input_file id="fl-9">
         <path>C:\Users\ROG\workspace_ccstheia\BigCar\Debug\.\Drivers\OLED_Software_I2C\</path>
         <kind>object</kind>
         <file>oled_software_i2c.o</file>
         <name>oled_software_i2c.o</name>
      </input_file>
      <input_file id="fl-a">
         <path>C:\Users\ROG\workspace_ccstheia\BigCar\Debug\.\Drivers\Ultrasonic_GPIO\</path>
         <kind>object</kind>
         <file>ultrasonic_gpio.o</file>
         <name>ultrasonic_gpio.o</name>
      </input_file>
      <input_file id="fl-b">
         <path>C:\Users\ROG\workspace_ccstheia\BigCar\Debug\.\Drivers\WIT\</path>
         <kind>object</kind>
         <file>wit.o</file>
         <name>wit.o</name>
      </input_file>
      <input_file id="fl-c">
         <path>C:\Users\ROG\workspace_ccstheia\BigCar\Debug\.\INTERRUPT\</path>
         <kind>object</kind>
         <file>interrupt.o</file>
         <name>interrupt.o</name>
      </input_file>
      <input_file id="fl-d">
         <path>C:\Users\ROG\workspace_ccstheia\BigCar\Debug\.\Move\</path>
         <kind>object</kind>
         <file>move.o</file>
         <name>move.o</name>
      </input_file>
      <input_file id="fl-e">
         <path>C:\Users\ROG\workspace_ccstheia\BigCar\Debug\.\PID\</path>
         <kind>object</kind>
         <file>pid.o</file>
         <name>pid.o</name>
      </input_file>
      <input_file id="fl-f">
         <path>C:\Users\ROG\workspace_ccstheia\BigCar\Debug\.\SERVO\</path>
         <kind>object</kind>
         <file>servo.o</file>
         <name>servo.o</name>
      </input_file>
      <input_file id="fl-10">
         <path>C:\Users\ROG\workspace_ccstheia\BigCar\Debug\.\SPEED\</path>
         <kind>object</kind>
         <file>speed.o</file>
         <name>speed.o</name>
      </input_file>
      <input_file id="fl-11">
         <path>C:\Users\ROG\workspace_ccstheia\BigCar\Debug\.\TURN\</path>
         <kind>object</kind>
         <file>turn.o</file>
         <name>turn.o</name>
      </input_file>
      <input_file id="fl-12">
         <path>C:\Users\ROG\workspace_ccstheia\BigCar\Debug\.\UART\</path>
         <kind>object</kind>
         <file>K230.o</file>
         <name>K230.o</name>
      </input_file>
      <input_file id="fl-13">
         <path>C:\Users\ROG\workspace_ccstheia\BigCar\Debug\.\UserLib\Chassis\</path>
         <kind>object</kind>
         <file>chassis.o</file>
         <name>chassis.o</name>
      </input_file>
      <input_file id="fl-21">
         <path>C:\Users\ROG\workspace_ccstheia\BigCar\Debug\</path>
         <kind>object</kind>
         <file>&lt;internal&gt;</file>
         <name>&lt;internal&gt;</name>
      </input_file>
      <input_file id="fl-22">
         <path>F:\TI\mspm0_sdk_2_05_00_05\source\ti\driverlib\lib\ticlang\m0p\mspm0g1x0x_g3x0x\</path>
         <kind>archive</kind>
         <file>driverlib.a</file>
         <name>dl_common.o</name>
      </input_file>
      <input_file id="fl-23">
         <path>F:\TI\mspm0_sdk_2_05_00_05\source\ti\driverlib\lib\ticlang\m0p\mspm0g1x0x_g3x0x\</path>
         <kind>archive</kind>
         <file>driverlib.a</file>
         <name>dl_dma.o</name>
      </input_file>
      <input_file id="fl-24">
         <path>F:\TI\mspm0_sdk_2_05_00_05\source\ti\driverlib\lib\ticlang\m0p\mspm0g1x0x_g3x0x\</path>
         <kind>archive</kind>
         <file>driverlib.a</file>
         <name>dl_timer.o</name>
      </input_file>
      <input_file id="fl-25">
         <path>F:\TI\mspm0_sdk_2_05_00_05\source\ti\driverlib\lib\ticlang\m0p\mspm0g1x0x_g3x0x\</path>
         <kind>archive</kind>
         <file>driverlib.a</file>
         <name>dl_uart.o</name>
      </input_file>
      <input_file id="fl-26">
         <path>F:\TI\mspm0_sdk_2_05_00_05\source\ti\driverlib\lib\ticlang\m0p\mspm0g1x0x_g3x0x\</path>
         <kind>archive</kind>
         <file>driverlib.a</file>
         <name>dl_sysctl_mspm0g1x0x_g3x0x.o</name>
      </input_file>
      <input_file id="fl-3d">
         <path>F:\TI\ccs\tools\compiler\ti-cgt-armllvm_4.0.3.LTS\lib\armv6m-ti-none-eabi\c\</path>
         <kind>archive</kind>
         <file>libc.a</file>
         <name>snprintf.c.obj</name>
      </input_file>
      <input_file id="fl-3e">
         <path>F:\TI\ccs\tools\compiler\ti-cgt-armllvm_4.0.3.LTS\lib\armv6m-ti-none-eabi\c\</path>
         <kind>archive</kind>
         <file>libc.a</file>
         <name>sprintf.c.obj</name>
      </input_file>
      <input_file id="fl-3f">
         <path>F:\TI\ccs\tools\compiler\ti-cgt-armllvm_4.0.3.LTS\lib\armv6m-ti-none-eabi\c\</path>
         <kind>archive</kind>
         <file>libc.a</file>
         <name>boot_cortex_m.c.obj</name>
      </input_file>
      <input_file id="fl-40">
         <path>F:\TI\ccs\tools\compiler\ti-cgt-armllvm_4.0.3.LTS\lib\armv6m-ti-none-eabi\c\</path>
         <kind>archive</kind>
         <file>libc.a</file>
         <name>mathacl_init.c.obj</name>
      </input_file>
      <input_file id="fl-41">
         <path>F:\TI\ccs\tools\compiler\ti-cgt-armllvm_4.0.3.LTS\lib\armv6m-ti-none-eabi\c\</path>
         <kind>archive</kind>
         <file>libc.a</file>
         <name>autoinit.c.obj</name>
      </input_file>
      <input_file id="fl-42">
         <path>F:\TI\ccs\tools\compiler\ti-cgt-armllvm_4.0.3.LTS\lib\armv6m-ti-none-eabi\c\</path>
         <kind>archive</kind>
         <file>libc.a</file>
         <name>pre_init.c.obj</name>
      </input_file>
      <input_file id="fl-43">
         <path>F:\TI\ccs\tools\compiler\ti-cgt-armllvm_4.0.3.LTS\lib\armv6m-ti-none-eabi\c\</path>
         <kind>archive</kind>
         <file>libc.a</file>
         <name>cpy_tbl.c.obj</name>
      </input_file>
      <input_file id="fl-44">
         <path>F:\TI\ccs\tools\compiler\ti-cgt-armllvm_4.0.3.LTS\lib\armv6m-ti-none-eabi\c\</path>
         <kind>archive</kind>
         <file>libc.a</file>
         <name>copy_zero_init.c.obj</name>
      </input_file>
      <input_file id="fl-45">
         <path>F:\TI\ccs\tools\compiler\ti-cgt-armllvm_4.0.3.LTS\lib\armv6m-ti-none-eabi\c\</path>
         <kind>archive</kind>
         <file>libc.a</file>
         <name>copy_decompress_none.c.obj</name>
      </input_file>
      <input_file id="fl-46">
         <path>F:\TI\ccs\tools\compiler\ti-cgt-armllvm_4.0.3.LTS\lib\armv6m-ti-none-eabi\c\</path>
         <kind>archive</kind>
         <file>libc.a</file>
         <name>copy_decompress_lzss.c.obj</name>
      </input_file>
      <input_file id="fl-47">
         <path>F:\TI\ccs\tools\compiler\ti-cgt-armllvm_4.0.3.LTS\lib\armv6m-ti-none-eabi\c\</path>
         <kind>archive</kind>
         <file>libc.a</file>
         <name>_printfi.c.obj</name>
      </input_file>
      <input_file id="fl-48">
         <path>F:\TI\ccs\tools\compiler\ti-cgt-armllvm_4.0.3.LTS\lib\armv6m-ti-none-eabi\c\</path>
         <kind>archive</kind>
         <file>libc.a</file>
         <name>s_frexp.c.obj</name>
      </input_file>
      <input_file id="fl-49">
         <path>F:\TI\ccs\tools\compiler\ti-cgt-armllvm_4.0.3.LTS\lib\armv6m-ti-none-eabi\c\</path>
         <kind>archive</kind>
         <file>libc.a</file>
         <name>s_scalbn.c.obj</name>
      </input_file>
      <input_file id="fl-4a">
         <path>F:\TI\ccs\tools\compiler\ti-cgt-armllvm_4.0.3.LTS\lib\armv6m-ti-none-eabi\c\</path>
         <kind>archive</kind>
         <file>libc.a</file>
         <name>wcslen.c.obj</name>
      </input_file>
      <input_file id="fl-4b">
         <path>F:\TI\ccs\tools\compiler\ti-cgt-armllvm_4.0.3.LTS\lib\armv6m-ti-none-eabi\c\</path>
         <kind>archive</kind>
         <file>libc.a</file>
         <name>aeabi_portable.c.obj</name>
      </input_file>
      <input_file id="fl-4c">
         <path>F:\TI\ccs\tools\compiler\ti-cgt-armllvm_4.0.3.LTS\lib\armv6m-ti-none-eabi\c\</path>
         <kind>archive</kind>
         <file>libc.a</file>
         <name>exit.c.obj</name>
      </input_file>
      <input_file id="fl-4d">
         <path>F:\TI\ccs\tools\compiler\ti-cgt-armllvm_4.0.3.LTS\lib\armv6m-ti-none-eabi\c\</path>
         <kind>archive</kind>
         <file>libc.a</file>
         <name>_lock.c.obj</name>
      </input_file>
      <input_file id="fl-4e">
         <path>F:\TI\ccs\tools\compiler\ti-cgt-armllvm_4.0.3.LTS\lib\armv6m-ti-none-eabi\c\</path>
         <kind>archive</kind>
         <file>libc.a</file>
         <name>_ltoa.c.obj</name>
      </input_file>
      <input_file id="fl-4f">
         <path>F:\TI\ccs\tools\compiler\ti-cgt-armllvm_4.0.3.LTS\lib\armv6m-ti-none-eabi\c\</path>
         <kind>archive</kind>
         <file>libc.a</file>
         <name>args_main.c.obj</name>
      </input_file>
      <input_file id="fl-50">
         <path>F:\TI\ccs\tools\compiler\ti-cgt-armllvm_4.0.3.LTS\lib\armv6m-ti-none-eabi\c\</path>
         <kind>archive</kind>
         <file>libc.a</file>
         <name>assert.c.obj</name>
      </input_file>
      <input_file id="fl-51">
         <path>F:\TI\ccs\tools\compiler\ti-cgt-armllvm_4.0.3.LTS\lib\armv6m-ti-none-eabi\c\</path>
         <kind>archive</kind>
         <file>libc.a</file>
         <name>atoi.c.obj</name>
      </input_file>
      <input_file id="fl-52">
         <path>F:\TI\ccs\tools\compiler\ti-cgt-armllvm_4.0.3.LTS\lib\armv6m-ti-none-eabi\c\</path>
         <kind>archive</kind>
         <file>libc.a</file>
         <name>defs.c.obj</name>
      </input_file>
      <input_file id="fl-53">
         <path>F:\TI\ccs\tools\compiler\ti-cgt-armllvm_4.0.3.LTS\lib\armv6m-ti-none-eabi\c\</path>
         <kind>archive</kind>
         <file>libc.a</file>
         <name>memccpy.c.obj</name>
      </input_file>
      <input_file id="fl-54">
         <path>F:\TI\ccs\tools\compiler\ti-cgt-armllvm_4.0.3.LTS\lib\armv6m-ti-none-eabi\c\</path>
         <kind>archive</kind>
         <file>libc.a</file>
         <name>memory.c.obj</name>
      </input_file>
      <input_file id="fl-55">
         <path>F:\TI\ccs\tools\compiler\ti-cgt-armllvm_4.0.3.LTS\lib\armv6m-ti-none-eabi\c\</path>
         <kind>archive</kind>
         <file>libc.a</file>
         <name>fflush.c.obj</name>
      </input_file>
      <input_file id="fl-56">
         <path>F:\TI\ccs\tools\compiler\ti-cgt-armllvm_4.0.3.LTS\lib\armv6m-ti-none-eabi\c\</path>
         <kind>archive</kind>
         <file>libc.a</file>
         <name>fputs.c.obj</name>
      </input_file>
      <input_file id="fl-57">
         <path>F:\TI\ccs\tools\compiler\ti-cgt-armllvm_4.0.3.LTS\lib\armv6m-ti-none-eabi\c\</path>
         <kind>archive</kind>
         <file>libc.a</file>
         <name>_io_perm.c.obj</name>
      </input_file>
      <input_file id="fl-58">
         <path>F:\TI\ccs\tools\compiler\ti-cgt-armllvm_4.0.3.LTS\lib\armv6m-ti-none-eabi\c\</path>
         <kind>archive</kind>
         <file>libc.a</file>
         <name>setvbuf.c.obj</name>
      </input_file>
      <input_file id="fl-59">
         <path>F:\TI\ccs\tools\compiler\ti-cgt-armllvm_4.0.3.LTS\lib\armv6m-ti-none-eabi\c\</path>
         <kind>archive</kind>
         <file>libc.a</file>
         <name>aeabi_ctype.S.obj</name>
      </input_file>
      <input_file id="fl-5a">
         <path>F:\TI\ccs\tools\compiler\ti-cgt-armllvm_4.0.3.LTS\lib\armv6m-ti-none-eabi\c\</path>
         <kind>archive</kind>
         <file>libc.a</file>
         <name>fopen.c.obj</name>
      </input_file>
      <input_file id="fl-5b">
         <path>F:\TI\ccs\tools\compiler\ti-cgt-armllvm_4.0.3.LTS\lib\armv6m-ti-none-eabi\c\</path>
         <kind>archive</kind>
         <file>libc.a</file>
         <name>fseek.c.obj</name>
      </input_file>
      <input_file id="fl-5c">
         <path>F:\TI\ccs\tools\compiler\ti-cgt-armllvm_4.0.3.LTS\lib\armv6m-ti-none-eabi\c\</path>
         <kind>archive</kind>
         <file>libc.a</file>
         <name>fclose.c.obj</name>
      </input_file>
      <input_file id="fl-fc">
         <path>F:\TI\ccs\tools\compiler\ti-cgt-armllvm_4.0.3.LTS\lib\armv6m-ti-none-eabi\c\</path>
         <kind>archive</kind>
         <file>libsysbm.a</file>
         <name>hostexit.c.obj</name>
      </input_file>
      <input_file id="fl-fd">
         <path>F:\TI\ccs\tools\compiler\ti-cgt-armllvm_4.0.3.LTS\lib\armv6m-ti-none-eabi\c\</path>
         <kind>archive</kind>
         <file>libsysbm.a</file>
         <name>write.c.obj</name>
      </input_file>
      <input_file id="fl-fe">
         <path>F:\TI\ccs\tools\compiler\ti-cgt-armllvm_4.0.3.LTS\lib\armv6m-ti-none-eabi\c\</path>
         <kind>archive</kind>
         <file>libsysbm.a</file>
         <name>host_device.c.obj</name>
      </input_file>
      <input_file id="fl-ff">
         <path>F:\TI\ccs\tools\compiler\ti-cgt-armllvm_4.0.3.LTS\lib\armv6m-ti-none-eabi\c\</path>
         <kind>archive</kind>
         <file>libsysbm.a</file>
         <name>remove.c.obj</name>
      </input_file>
      <input_file id="fl-100">
         <path>F:\TI\ccs\tools\compiler\ti-cgt-armllvm_4.0.3.LTS\lib\armv6m-ti-none-eabi\c\</path>
         <kind>archive</kind>
         <file>libsysbm.a</file>
         <name>open.c.obj</name>
      </input_file>
      <input_file id="fl-101">
         <path>F:\TI\ccs\tools\compiler\ti-cgt-armllvm_4.0.3.LTS\lib\armv6m-ti-none-eabi\c\</path>
         <kind>archive</kind>
         <file>libsysbm.a</file>
         <name>lseek.c.obj</name>
      </input_file>
      <input_file id="fl-102">
         <path>F:\TI\ccs\tools\compiler\ti-cgt-armllvm_4.0.3.LTS\lib\armv6m-ti-none-eabi\c\</path>
         <kind>archive</kind>
         <file>libsysbm.a</file>
         <name>close.c.obj</name>
      </input_file>
      <input_file id="fl-103">
         <path>F:\TI\ccs\tools\compiler\ti-cgt-armllvm_4.0.3.LTS\lib\armv6m-ti-none-eabi\c\</path>
         <kind>archive</kind>
         <file>libsysbm.a</file>
         <name>unlink.c.obj</name>
      </input_file>
      <input_file id="fl-104">
         <path>F:\TI\ccs\tools\compiler\ti-cgt-armllvm_4.0.3.LTS\lib\armv6m-ti-none-eabi\c\</path>
         <kind>archive</kind>
         <file>libsysbm.a</file>
         <name>hostclose.c.obj</name>
      </input_file>
      <input_file id="fl-105">
         <path>F:\TI\ccs\tools\compiler\ti-cgt-armllvm_4.0.3.LTS\lib\armv6m-ti-none-eabi\c\</path>
         <kind>archive</kind>
         <file>libsysbm.a</file>
         <name>hostlseek.c.obj</name>
      </input_file>
      <input_file id="fl-106">
         <path>F:\TI\ccs\tools\compiler\ti-cgt-armllvm_4.0.3.LTS\lib\armv6m-ti-none-eabi\c\</path>
         <kind>archive</kind>
         <file>libsysbm.a</file>
         <name>hostopen.c.obj</name>
      </input_file>
      <input_file id="fl-107">
         <path>F:\TI\ccs\tools\compiler\ti-cgt-armllvm_4.0.3.LTS\lib\armv6m-ti-none-eabi\c\</path>
         <kind>archive</kind>
         <file>libsysbm.a</file>
         <name>hostread.c.obj</name>
      </input_file>
      <input_file id="fl-108">
         <path>F:\TI\ccs\tools\compiler\ti-cgt-armllvm_4.0.3.LTS\lib\armv6m-ti-none-eabi\c\</path>
         <kind>archive</kind>
         <file>libsysbm.a</file>
         <name>hostrename.c.obj</name>
      </input_file>
      <input_file id="fl-109">
         <path>F:\TI\ccs\tools\compiler\ti-cgt-armllvm_4.0.3.LTS\lib\armv6m-ti-none-eabi\c\</path>
         <kind>archive</kind>
         <file>libsysbm.a</file>
         <name>hostunlink.c.obj</name>
      </input_file>
      <input_file id="fl-10a">
         <path>F:\TI\ccs\tools\compiler\ti-cgt-armllvm_4.0.3.LTS\lib\armv6m-ti-none-eabi\c\</path>
         <kind>archive</kind>
         <file>libsysbm.a</file>
         <name>hostwrite.c.obj</name>
      </input_file>
      <input_file id="fl-10b">
         <path>F:\TI\ccs\tools\compiler\ti-cgt-armllvm_4.0.3.LTS\lib\armv6m-ti-none-eabi\c\</path>
         <kind>archive</kind>
         <file>libsysbm.a</file>
         <name>trgmsg.c.obj</name>
      </input_file>
      <input_file id="fl-10c">
         <path>F:\TI\ccs\tools\compiler\ti-cgt-armllvm_4.0.3.LTS\lib\armv6m-ti-none-eabi\</path>
         <kind>archive</kind>
         <file>libclang_rt.builtins.a</file>
         <name>addsf3.S.obj</name>
      </input_file>
      <input_file id="fl-10d">
         <path>F:\TI\ccs\tools\compiler\ti-cgt-armllvm_4.0.3.LTS\lib\armv6m-ti-none-eabi\</path>
         <kind>archive</kind>
         <file>libclang_rt.builtins.a</file>
         <name>adddf3.S.obj</name>
      </input_file>
      <input_file id="fl-10e">
         <path>F:\TI\ccs\tools\compiler\ti-cgt-armllvm_4.0.3.LTS\lib\armv6m-ti-none-eabi\</path>
         <kind>archive</kind>
         <file>libclang_rt.builtins.a</file>
         <name>muldf3.S.obj</name>
      </input_file>
      <input_file id="fl-10f">
         <path>F:\TI\ccs\tools\compiler\ti-cgt-armllvm_4.0.3.LTS\lib\armv6m-ti-none-eabi\</path>
         <kind>archive</kind>
         <file>libclang_rt.builtins.a</file>
         <name>muldsi3.S.obj</name>
      </input_file>
      <input_file id="fl-110">
         <path>F:\TI\ccs\tools\compiler\ti-cgt-armllvm_4.0.3.LTS\lib\armv6m-ti-none-eabi\</path>
         <kind>archive</kind>
         <file>libclang_rt.builtins.a</file>
         <name>mulsf3.S.obj</name>
      </input_file>
      <input_file id="fl-111">
         <path>F:\TI\ccs\tools\compiler\ti-cgt-armllvm_4.0.3.LTS\lib\armv6m-ti-none-eabi\</path>
         <kind>archive</kind>
         <file>libclang_rt.builtins.a</file>
         <name>divsf3.S.obj</name>
      </input_file>
      <input_file id="fl-112">
         <path>F:\TI\ccs\tools\compiler\ti-cgt-armllvm_4.0.3.LTS\lib\armv6m-ti-none-eabi\</path>
         <kind>archive</kind>
         <file>libclang_rt.builtins.a</file>
         <name>divdf3.S.obj</name>
      </input_file>
      <input_file id="fl-113">
         <path>F:\TI\ccs\tools\compiler\ti-cgt-armllvm_4.0.3.LTS\lib\armv6m-ti-none-eabi\</path>
         <kind>archive</kind>
         <file>libclang_rt.builtins.a</file>
         <name>extendsfdf2.S.obj</name>
      </input_file>
      <input_file id="fl-114">
         <path>F:\TI\ccs\tools\compiler\ti-cgt-armllvm_4.0.3.LTS\lib\armv6m-ti-none-eabi\</path>
         <kind>archive</kind>
         <file>libclang_rt.builtins.a</file>
         <name>fixdfsi.S.obj</name>
      </input_file>
      <input_file id="fl-115">
         <path>F:\TI\ccs\tools\compiler\ti-cgt-armllvm_4.0.3.LTS\lib\armv6m-ti-none-eabi\</path>
         <kind>archive</kind>
         <file>libclang_rt.builtins.a</file>
         <name>fixsfsi.S.obj</name>
      </input_file>
      <input_file id="fl-116">
         <path>F:\TI\ccs\tools\compiler\ti-cgt-armllvm_4.0.3.LTS\lib\armv6m-ti-none-eabi\</path>
         <kind>archive</kind>
         <file>libclang_rt.builtins.a</file>
         <name>floatsidf.S.obj</name>
      </input_file>
      <input_file id="fl-117">
         <path>F:\TI\ccs\tools\compiler\ti-cgt-armllvm_4.0.3.LTS\lib\armv6m-ti-none-eabi\</path>
         <kind>archive</kind>
         <file>libclang_rt.builtins.a</file>
         <name>floatsisf.S.obj</name>
      </input_file>
      <input_file id="fl-118">
         <path>F:\TI\ccs\tools\compiler\ti-cgt-armllvm_4.0.3.LTS\lib\armv6m-ti-none-eabi\</path>
         <kind>archive</kind>
         <file>libclang_rt.builtins.a</file>
         <name>floatunsidf.S.obj</name>
      </input_file>
      <input_file id="fl-119">
         <path>F:\TI\ccs\tools\compiler\ti-cgt-armllvm_4.0.3.LTS\lib\armv6m-ti-none-eabi\</path>
         <kind>archive</kind>
         <file>libclang_rt.builtins.a</file>
         <name>floatunsisf.S.obj</name>
      </input_file>
      <input_file id="fl-11a">
         <path>F:\TI\ccs\tools\compiler\ti-cgt-armllvm_4.0.3.LTS\lib\armv6m-ti-none-eabi\</path>
         <kind>archive</kind>
         <file>libclang_rt.builtins.a</file>
         <name>muldi3.S.obj</name>
      </input_file>
      <input_file id="fl-11b">
         <path>F:\TI\ccs\tools\compiler\ti-cgt-armllvm_4.0.3.LTS\lib\armv6m-ti-none-eabi\</path>
         <kind>archive</kind>
         <file>libclang_rt.builtins.a</file>
         <name>truncdfsf2.S.obj</name>
      </input_file>
      <input_file id="fl-11c">
         <path>F:\TI\ccs\tools\compiler\ti-cgt-armllvm_4.0.3.LTS\lib\armv6m-ti-none-eabi\</path>
         <kind>archive</kind>
         <file>libclang_rt.builtins.a</file>
         <name>aeabi_dcmp.S.obj</name>
      </input_file>
      <input_file id="fl-11d">
         <path>F:\TI\ccs\tools\compiler\ti-cgt-armllvm_4.0.3.LTS\lib\armv6m-ti-none-eabi\</path>
         <kind>archive</kind>
         <file>libclang_rt.builtins.a</file>
         <name>aeabi_fcmp.S.obj</name>
      </input_file>
      <input_file id="fl-11e">
         <path>F:\TI\ccs\tools\compiler\ti-cgt-armllvm_4.0.3.LTS\lib\armv6m-ti-none-eabi\</path>
         <kind>archive</kind>
         <file>libclang_rt.builtins.a</file>
         <name>aeabi_idivmod.S.obj</name>
      </input_file>
      <input_file id="fl-11f">
         <path>F:\TI\ccs\tools\compiler\ti-cgt-armllvm_4.0.3.LTS\lib\armv6m-ti-none-eabi\</path>
         <kind>archive</kind>
         <file>libclang_rt.builtins.a</file>
         <name>aeabi_memcpy.S.obj</name>
      </input_file>
      <input_file id="fl-120">
         <path>F:\TI\ccs\tools\compiler\ti-cgt-armllvm_4.0.3.LTS\lib\armv6m-ti-none-eabi\</path>
         <kind>archive</kind>
         <file>libclang_rt.builtins.a</file>
         <name>aeabi_memset.S.obj</name>
      </input_file>
      <input_file id="fl-121">
         <path>F:\TI\ccs\tools\compiler\ti-cgt-armllvm_4.0.3.LTS\lib\armv6m-ti-none-eabi\</path>
         <kind>archive</kind>
         <file>libclang_rt.builtins.a</file>
         <name>aeabi_uidivmod.S.obj</name>
      </input_file>
      <input_file id="fl-122">
         <path>F:\TI\ccs\tools\compiler\ti-cgt-armllvm_4.0.3.LTS\lib\armv6m-ti-none-eabi\</path>
         <kind>archive</kind>
         <file>libclang_rt.builtins.a</file>
         <name>aeabi_uldivmod.S.obj</name>
      </input_file>
      <input_file id="fl-123">
         <path>F:\TI\ccs\tools\compiler\ti-cgt-armllvm_4.0.3.LTS\lib\armv6m-ti-none-eabi\</path>
         <kind>archive</kind>
         <file>libclang_rt.builtins.a</file>
         <name>comparesf2.S.obj</name>
      </input_file>
      <input_file id="fl-124">
         <path>F:\TI\ccs\tools\compiler\ti-cgt-armllvm_4.0.3.LTS\lib\armv6m-ti-none-eabi\</path>
         <kind>archive</kind>
         <file>libclang_rt.builtins.a</file>
         <name>udivmoddi4.S.obj</name>
      </input_file>
      <input_file id="fl-125">
         <path>F:\TI\ccs\tools\compiler\ti-cgt-armllvm_4.0.3.LTS\lib\armv6m-ti-none-eabi\</path>
         <kind>archive</kind>
         <file>libclang_rt.builtins.a</file>
         <name>ashldi3.S.obj</name>
      </input_file>
      <input_file id="fl-126">
         <path>F:\TI\ccs\tools\compiler\ti-cgt-armllvm_4.0.3.LTS\lib\armv6m-ti-none-eabi\</path>
         <kind>archive</kind>
         <file>libclang_rt.builtins.a</file>
         <name>comparedf2.c.obj</name>
      </input_file>
      <input_file id="fl-127">
         <path>F:\TI\ccs\tools\compiler\ti-cgt-armllvm_4.0.3.LTS\lib\armv6m-ti-none-eabi\</path>
         <kind>archive</kind>
         <file>libclang_rt.builtins.a</file>
         <name>aeabi_div0.c.obj</name>
      </input_file>
      <input_file id="fl-128">
         <path>F:\TI\ccs\tools\compiler\ti-cgt-armllvm_4.0.3.LTS\lib\armv6m-ti-none-eabi\c\</path>
         <kind>archive</kind>
         <file>libc.a</file>
         <name>getdevice.c.obj</name>
      </input_file>
      <input_file id="fl-129">
         <path>F:\TI\ccs\tools\compiler\ti-cgt-armllvm_4.0.3.LTS\lib\armv6m-ti-none-eabi\c\</path>
         <kind>archive</kind>
         <file>libc.a</file>
         <name>memcpy16.S.obj</name>
      </input_file>
      <input_file id="fl-12a">
         <path>F:\TI\ccs\tools\compiler\ti-cgt-armllvm_4.0.3.LTS\lib\armv6m-ti-none-eabi\c\</path>
         <kind>archive</kind>
         <file>libc.a</file>
         <name>memset16.S.obj</name>
      </input_file>
      <input_file id="fl-12b">
         <path>F:\TI\ccs\tools\compiler\ti-cgt-armllvm_4.0.3.LTS\lib\armv6m-ti-none-eabi\c\</path>
         <kind>archive</kind>
         <file>libc.a</file>
         <name>strcmp-armv6m.S.obj</name>
      </input_file>
   </input_file_list>
   <object_component_list>
      <object_component id="oc-18">
         <name>.intvecs</name>
         <load_address>0x0</load_address>
         <readonly>true</readonly>
         <run_address>0x0</run_address>
         <size>0xc0</size>
         <alignment>0x4</alignment>
         <input_file_ref idref="fl-3"/>
      </object_component>
      <object_component id="oc-1f5">
         <name>.text:__TI_printfi</name>
         <load_address>0xc0</load_address>
         <readonly>true</readonly>
         <executable>true</executable>
         <run_address>0xc0</run_address>
         <size>0x9d0</size>
         <alignment>0x4</alignment>
         <input_file_ref idref="fl-47"/>
      </object_component>
      <object_component id="oc-3e">
         <name>.text.UART0_IRQHandler</name>
         <load_address>0xa90</load_address>
         <readonly>true</readonly>
         <executable>true</executable>
         <run_address>0xa90</run_address>
         <size>0x368</size>
         <alignment>0x4</alignment>
         <input_file_ref idref="fl-7"/>
      </object_component>
      <object_component id="oc-243">
         <name>.text._pconv_a</name>
         <load_address>0xdf8</load_address>
         <readonly>true</readonly>
         <executable>true</executable>
         <run_address>0xdf8</run_address>
         <size>0x220</size>
         <alignment>0x4</alignment>
         <input_file_ref idref="fl-47"/>
      </object_component>
      <object_component id="oc-1fe">
         <name>.text.Tracking</name>
         <load_address>0x1018</load_address>
         <readonly>true</readonly>
         <executable>true</executable>
         <run_address>0x1018</run_address>
         <size>0x214</size>
         <alignment>0x4</alignment>
         <input_file_ref idref="fl-d"/>
      </object_component>
      <object_component id="oc-131">
         <name>.text.SYSCFG_DL_GPIO_init</name>
         <load_address>0x122c</load_address>
         <readonly>true</readonly>
         <executable>true</executable>
         <run_address>0x122c</run_address>
         <size>0x200</size>
         <alignment>0x4</alignment>
         <input_file_ref idref="fl-2"/>
      </object_component>
      <object_component id="oc-248">
         <name>.text._pconv_g</name>
         <load_address>0x142c</load_address>
         <readonly>true</readonly>
         <executable>true</executable>
         <run_address>0x142c</run_address>
         <size>0x1dc</size>
         <alignment>0x4</alignment>
         <input_file_ref idref="fl-47"/>
      </object_component>
      <object_component id="oc-2a4">
         <name>.text.adddf3_subdf3</name>
         <load_address>0x1608</load_address>
         <readonly>true</readonly>
         <executable>true</executable>
         <run_address>0x1608</run_address>
         <size>0x192</size>
         <alignment>0x4</alignment>
         <input_file_ref idref="fl-10d"/>
      </object_component>
      <object_component id="oc-e6">
         <name>.text.Ultrasonic_Init</name>
         <load_address>0x179a</load_address>
         <readonly>true</readonly>
         <executable>true</executable>
         <run_address>0x179a</run_address>
         <size>0x2</size>
         <alignment>0x2</alignment>
         <input_file_ref idref="fl-a"/>
      </object_component>
      <object_component id="oc-f1">
         <name>.text.AssignmentChoose</name>
         <load_address>0x179c</load_address>
         <readonly>true</readonly>
         <executable>true</executable>
         <run_address>0x179c</run_address>
         <size>0x144</size>
         <alignment>0x4</alignment>
         <input_file_ref idref="fl-4"/>
      </object_component>
      <object_component id="oc-2a8">
         <name>.text.fcvt</name>
         <load_address>0x18e0</load_address>
         <readonly>true</readonly>
         <executable>true</executable>
         <run_address>0x18e0</run_address>
         <size>0x13c</size>
         <alignment>0x4</alignment>
         <input_file_ref idref="fl-47"/>
      </object_component>
      <object_component id="oc-1ff">
         <name>.text.Left_Turn</name>
         <load_address>0x1a1c</load_address>
         <readonly>true</readonly>
         <executable>true</executable>
         <run_address>0x1a1c</run_address>
         <size>0x124</size>
         <alignment>0x4</alignment>
         <input_file_ref idref="fl-11"/>
      </object_component>
      <object_component id="oc-201">
         <name>.text.Right_Turn</name>
         <load_address>0x1b40</load_address>
         <readonly>true</readonly>
         <executable>true</executable>
         <run_address>0x1b40</run_address>
         <size>0x124</size>
         <alignment>0x4</alignment>
         <input_file_ref idref="fl-11"/>
      </object_component>
      <object_component id="oc-24a">
         <name>.text._pconv_e</name>
         <load_address>0x1c64</load_address>
         <readonly>true</readonly>
         <executable>true</executable>
         <run_address>0x1c64</run_address>
         <size>0x120</size>
         <alignment>0x4</alignment>
         <input_file_ref idref="fl-47"/>
      </object_component>
      <object_component id="oc-16e">
         <name>.text.OLED_ShowChar</name>
         <load_address>0x1d84</load_address>
         <readonly>true</readonly>
         <executable>true</executable>
         <run_address>0x1d84</run_address>
         <size>0x118</size>
         <alignment>0x4</alignment>
         <input_file_ref idref="fl-9"/>
      </object_component>
      <object_component id="oc-76">
         <name>.text.__divdf3</name>
         <load_address>0x1e9c</load_address>
         <readonly>true</readonly>
         <executable>true</executable>
         <run_address>0x1e9c</run_address>
         <size>0x10c</size>
         <alignment>0x4</alignment>
         <input_file_ref idref="fl-112"/>
      </object_component>
      <object_component id="oc-1b3">
         <name>.text.DL_Timer_initFourCCPWMMode</name>
         <load_address>0x1fa8</load_address>
         <readonly>true</readonly>
         <executable>true</executable>
         <run_address>0x1fa8</run_address>
         <size>0x104</size>
         <alignment>0x4</alignment>
         <input_file_ref idref="fl-24"/>
      </object_component>
      <object_component id="oc-a4">
         <name>.text.main</name>
         <load_address>0x20ac</load_address>
         <readonly>true</readonly>
         <executable>true</executable>
         <run_address>0x20ac</run_address>
         <size>0x104</size>
         <alignment>0x4</alignment>
         <input_file_ref idref="fl-1"/>
      </object_component>
      <object_component id="oc-de">
         <name>.text.OLED_Init</name>
         <load_address>0x21b0</load_address>
         <readonly>true</readonly>
         <executable>true</executable>
         <run_address>0x21b0</run_address>
         <size>0xfa</size>
         <alignment>0x2</alignment>
         <input_file_ref idref="fl-9"/>
      </object_component>
      <object_component id="oc-1dd">
         <name>.text.__aeabi_idiv0</name>
         <load_address>0x22aa</load_address>
         <readonly>true</readonly>
         <executable>true</executable>
         <run_address>0x22aa</run_address>
         <size>0x2</size>
         <alignment>0x2</alignment>
         <input_file_ref idref="fl-127"/>
      </object_component>
      <object_component id="oc-208">
         <name>.text.parking</name>
         <load_address>0x22ac</load_address>
         <readonly>true</readonly>
         <executable>true</executable>
         <run_address>0x22ac</run_address>
         <size>0xf8</size>
         <alignment>0x4</alignment>
         <input_file_ref idref="fl-d"/>
      </object_component>
      <object_component id="oc-24e">
         <name>.text.track_deal_sensor</name>
         <load_address>0x23a4</load_address>
         <readonly>true</readonly>
         <executable>true</executable>
         <run_address>0x23a4</run_address>
         <size>0xf0</size>
         <alignment>0x4</alignment>
         <input_file_ref idref="fl-d"/>
      </object_component>
      <object_component id="oc-1bf">
         <name>.text.DL_Timer_initTimerMode</name>
         <load_address>0x2494</load_address>
         <readonly>true</readonly>
         <executable>true</executable>
         <run_address>0x2494</run_address>
         <size>0xe8</size>
         <alignment>0x4</alignment>
         <input_file_ref idref="fl-24"/>
      </object_component>
      <object_component id="oc-82">
         <name>.text.__muldf3</name>
         <load_address>0x257c</load_address>
         <readonly>true</readonly>
         <executable>true</executable>
         <run_address>0x257c</run_address>
         <size>0xe4</size>
         <alignment>0x4</alignment>
         <input_file_ref idref="fl-10e"/>
      </object_component>
      <object_component id="oc-1a9">
         <name>.text.DL_SYSCTL_configSYSPLL</name>
         <load_address>0x2660</load_address>
         <readonly>true</readonly>
         <executable>true</executable>
         <run_address>0x2660</run_address>
         <size>0xdc</size>
         <alignment>0x4</alignment>
         <input_file_ref idref="fl-26"/>
      </object_component>
      <object_component id="oc-28f">
         <name>.text.scalbn</name>
         <load_address>0x273c</load_address>
         <readonly>true</readonly>
         <executable>true</executable>
         <run_address>0x273c</run_address>
         <size>0xd8</size>
         <alignment>0x4</alignment>
         <input_file_ref idref="fl-49"/>
      </object_component>
      <object_component id="oc-257">
         <name>.text</name>
         <load_address>0x2814</load_address>
         <readonly>true</readonly>
         <executable>true</executable>
         <run_address>0x2814</run_address>
         <size>0xd8</size>
         <alignment>0x4</alignment>
         <input_file_ref idref="fl-10c"/>
      </object_component>
      <object_component id="oc-93">
         <name>.text.SpeedRead</name>
         <load_address>0x28ec</load_address>
         <readonly>true</readonly>
         <executable>true</executable>
         <run_address>0x28ec</run_address>
         <size>0xc4</size>
         <alignment>0x4</alignment>
         <input_file_ref idref="fl-10"/>
      </object_component>
      <object_component id="oc-17c">
         <name>.text.assignment3</name>
         <load_address>0x29b0</load_address>
         <readonly>true</readonly>
         <executable>true</executable>
         <run_address>0x29b0</run_address>
         <size>0xc4</size>
         <alignment>0x4</alignment>
         <input_file_ref idref="fl-4"/>
      </object_component>
      <object_component id="oc-17b">
         <name>.text.assignment2</name>
         <load_address>0x2a74</load_address>
         <readonly>true</readonly>
         <executable>true</executable>
         <run_address>0x2a74</run_address>
         <size>0xbc</size>
         <alignment>0x4</alignment>
         <input_file_ref idref="fl-4"/>
      </object_component>
      <object_component id="oc-130">
         <name>.text.SYSCFG_DL_initPower</name>
         <load_address>0x2b30</load_address>
         <readonly>true</readonly>
         <executable>true</executable>
         <run_address>0x2b30</run_address>
         <size>0xb0</size>
         <alignment>0x4</alignment>
         <input_file_ref idref="fl-2"/>
      </object_component>
      <object_component id="oc-17a">
         <name>.text.assignment1</name>
         <load_address>0x2be0</load_address>
         <readonly>true</readonly>
         <executable>true</executable>
         <run_address>0x2be0</run_address>
         <size>0xac</size>
         <alignment>0x4</alignment>
         <input_file_ref idref="fl-4"/>
      </object_component>
      <object_component id="oc-286">
         <name>.text</name>
         <load_address>0x2c8c</load_address>
         <readonly>true</readonly>
         <executable>true</executable>
         <run_address>0x2c8c</run_address>
         <size>0xa2</size>
         <alignment>0x4</alignment>
         <input_file_ref idref="fl-124"/>
      </object_component>
      <object_component id="oc-2ba">
         <name>.text.__aeabi_ldiv0</name>
         <load_address>0x2d2e</load_address>
         <readonly>true</readonly>
         <executable>true</executable>
         <run_address>0x2d2e</run_address>
         <size>0x2</size>
         <alignment>0x2</alignment>
         <input_file_ref idref="fl-127"/>
      </object_component>
      <object_component id="oc-39">
         <name>.text.GROUP1_IRQHandler</name>
         <load_address>0x2d30</load_address>
         <readonly>true</readonly>
         <executable>true</executable>
         <run_address>0x2d30</run_address>
         <size>0x9c</size>
         <alignment>0x4</alignment>
         <input_file_ref idref="fl-c"/>
      </object_component>
      <object_component id="oc-17d">
         <name>.text.assignment4</name>
         <load_address>0x2dcc</load_address>
         <readonly>true</readonly>
         <executable>true</executable>
         <run_address>0x2dcc</run_address>
         <size>0x98</size>
         <alignment>0x4</alignment>
         <input_file_ref idref="fl-4"/>
      </object_component>
      <object_component id="oc-133">
         <name>.text.SYSCFG_DL_PWM_0_init</name>
         <load_address>0x2e64</load_address>
         <readonly>true</readonly>
         <executable>true</executable>
         <run_address>0x2e64</run_address>
         <size>0x90</size>
         <alignment>0x4</alignment>
         <input_file_ref idref="fl-2"/>
      </object_component>
      <object_component id="oc-134">
         <name>.text.SYSCFG_DL_PWM_SERVO_init</name>
         <load_address>0x2ef4</load_address>
         <readonly>true</readonly>
         <executable>true</executable>
         <run_address>0x2ef4</run_address>
         <size>0x90</size>
         <alignment>0x4</alignment>
         <input_file_ref idref="fl-2"/>
      </object_component>
      <object_component id="oc-253">
         <name>.text.__mulsf3</name>
         <load_address>0x2f84</load_address>
         <readonly>true</readonly>
         <executable>true</executable>
         <run_address>0x2f84</run_address>
         <size>0x8c</size>
         <alignment>0x4</alignment>
         <input_file_ref idref="fl-110"/>
      </object_component>
      <object_component id="oc-eb">
         <name>.text.Left_Control</name>
         <load_address>0x3010</load_address>
         <readonly>true</readonly>
         <executable>true</executable>
         <run_address>0x3010</run_address>
         <size>0x84</size>
         <alignment>0x4</alignment>
         <input_file_ref idref="fl-8"/>
      </object_component>
      <object_component id="oc-141">
         <name>.text.__NVIC_SetPriority</name>
         <load_address>0x3094</load_address>
         <readonly>true</readonly>
         <executable>true</executable>
         <run_address>0x3094</run_address>
         <size>0x84</size>
         <alignment>0x4</alignment>
         <input_file_ref idref="fl-6"/>
      </object_component>
      <object_component id="oc-15a">
         <name>.text.Bluetooth_SendString</name>
         <load_address>0x3118</load_address>
         <readonly>true</readonly>
         <executable>true</executable>
         <run_address>0x3118</run_address>
         <size>0x80</size>
         <alignment>0x4</alignment>
         <input_file_ref idref="fl-5"/>
      </object_component>
      <object_component id="oc-f0">
         <name>.text.Right_Control</name>
         <load_address>0x3198</load_address>
         <readonly>true</readonly>
         <executable>true</executable>
         <run_address>0x3198</run_address>
         <size>0x80</size>
         <alignment>0x4</alignment>
         <input_file_ref idref="fl-8"/>
      </object_component>
      <object_component id="oc-1d5">
         <name>.text.Send_Byte</name>
         <load_address>0x3218</load_address>
         <readonly>true</readonly>
         <executable>true</executable>
         <run_address>0x3218</run_address>
         <size>0x7c</size>
         <alignment>0x4</alignment>
         <input_file_ref idref="fl-9"/>
      </object_component>
      <object_component id="oc-1c">
         <name>.text:decompress:lzss</name>
         <load_address>0x3294</load_address>
         <readonly>true</readonly>
         <executable>true</executable>
         <run_address>0x3294</run_address>
         <size>0x7c</size>
         <alignment>0x4</alignment>
         <input_file_ref idref="fl-46"/>
      </object_component>
      <object_component id="oc-2a2">
         <name>.text.__gedf2</name>
         <load_address>0x3310</load_address>
         <readonly>true</readonly>
         <executable>true</executable>
         <run_address>0x3310</run_address>
         <size>0x74</size>
         <alignment>0x4</alignment>
         <input_file_ref idref="fl-126"/>
      </object_component>
      <object_component id="oc-196">
         <name>.text.DL_Common_delayCycles</name>
         <load_address>0x3384</load_address>
         <readonly>true</readonly>
         <executable>true</executable>
         <run_address>0x3384</run_address>
         <size>0xa</size>
         <alignment>0x2</alignment>
         <input_file_ref idref="fl-22"/>
      </object_component>
      <object_component id="oc-17e">
         <name>.text.assignment5</name>
         <load_address>0x338e</load_address>
         <readonly>true</readonly>
         <executable>true</executable>
         <run_address>0x338e</run_address>
         <size>0x2</size>
         <alignment>0x2</alignment>
         <input_file_ref idref="fl-4"/>
      </object_component>
      <object_component id="oc-7e">
         <name>.text.__truncdfsf2</name>
         <load_address>0x3390</load_address>
         <readonly>true</readonly>
         <executable>true</executable>
         <run_address>0x3390</run_address>
         <size>0x74</size>
         <alignment>0x10</alignment>
         <input_file_ref idref="fl-11b"/>
      </object_component>
      <object_component id="oc-f6">
         <name>.text.OLED_ShowString</name>
         <load_address>0x3404</load_address>
         <readonly>true</readonly>
         <executable>true</executable>
         <run_address>0x3404</run_address>
         <size>0x70</size>
         <alignment>0x2</alignment>
         <input_file_ref idref="fl-9"/>
      </object_component>
      <object_component id="oc-263">
         <name>.text.RangeLimite</name>
         <load_address>0x3474</load_address>
         <readonly>true</readonly>
         <executable>true</executable>
         <run_address>0x3474</run_address>
         <size>0x6c</size>
         <alignment>0x2</alignment>
         <input_file_ref idref="fl-11"/>
      </object_component>
      <object_component id="oc-144">
         <name>.text.OLED_Clear</name>
         <load_address>0x34e0</load_address>
         <readonly>true</readonly>
         <executable>true</executable>
         <run_address>0x34e0</run_address>
         <size>0x6a</size>
         <alignment>0x2</alignment>
         <input_file_ref idref="fl-9"/>
      </object_component>
      <object_component id="oc-135">
         <name>.text.SYSCFG_DL_PWM_ULTRASONIC_init</name>
         <load_address>0x354c</load_address>
         <readonly>true</readonly>
         <executable>true</executable>
         <run_address>0x354c</run_address>
         <size>0x68</size>
         <alignment>0x4</alignment>
         <input_file_ref idref="fl-2"/>
      </object_component>
      <object_component id="oc-138">
         <name>.text.SYSCFG_DL_UART_WIT_init</name>
         <load_address>0x35b4</load_address>
         <readonly>true</readonly>
         <executable>true</executable>
         <run_address>0x35b4</run_address>
         <size>0x68</size>
         <alignment>0x4</alignment>
         <input_file_ref idref="fl-2"/>
      </object_component>
      <object_component id="oc-29c">
         <name>.text.__ledf2</name>
         <load_address>0x361c</load_address>
         <readonly>true</readonly>
         <executable>true</executable>
         <run_address>0x361c</run_address>
         <size>0x68</size>
         <alignment>0x4</alignment>
         <input_file_ref idref="fl-126"/>
      </object_component>
      <object_component id="oc-29b">
         <name>.text._mcpy</name>
         <load_address>0x3684</load_address>
         <readonly>true</readonly>
         <executable>true</executable>
         <run_address>0x3684</run_address>
         <size>0x66</size>
         <alignment>0x2</alignment>
         <input_file_ref idref="fl-47"/>
      </object_component>
      <object_component id="oc-165">
         <name>.text.LightAndSound</name>
         <load_address>0x36ec</load_address>
         <readonly>true</readonly>
         <executable>true</executable>
         <run_address>0x36ec</run_address>
         <size>0x64</size>
         <alignment>0x4</alignment>
         <input_file_ref idref="fl-4"/>
      </object_component>
      <object_component id="oc-244">
         <name>.text.__aeabi_dcmp</name>
         <load_address>0x3750</load_address>
         <readonly>true</readonly>
         <executable>true</executable>
         <run_address>0x3750</run_address>
         <size>0x62</size>
         <alignment>0x4</alignment>
         <input_file_ref idref="fl-11c"/>
      </object_component>
      <object_component id="oc-264">
         <name>.text.__aeabi_fcmp</name>
         <load_address>0x37b4</load_address>
         <readonly>true</readonly>
         <executable>true</executable>
         <run_address>0x37b4</run_address>
         <size>0x62</size>
         <alignment>0x4</alignment>
         <input_file_ref idref="fl-11d"/>
      </object_component>
      <object_component id="oc-262">
         <name>.text.NonBlockDelay</name>
         <load_address>0x3818</load_address>
         <readonly>true</readonly>
         <executable>true</executable>
         <run_address>0x3818</run_address>
         <size>0x60</size>
         <alignment>0x4</alignment>
         <input_file_ref idref="fl-c"/>
      </object_component>
      <object_component id="oc-28b">
         <name>.text.frexp</name>
         <load_address>0x3878</load_address>
         <readonly>true</readonly>
         <executable>true</executable>
         <run_address>0x3878</run_address>
         <size>0x5c</size>
         <alignment>0x4</alignment>
         <input_file_ref idref="fl-48"/>
      </object_component>
      <object_component id="oc-293">
         <name>.text.__TI_ltoa</name>
         <load_address>0x38d4</load_address>
         <readonly>true</readonly>
         <executable>true</executable>
         <run_address>0x38d4</run_address>
         <size>0x58</size>
         <alignment>0x2</alignment>
         <input_file_ref idref="fl-4e"/>
      </object_component>
      <object_component id="oc-249">
         <name>.text._pconv_f</name>
         <load_address>0x392c</load_address>
         <readonly>true</readonly>
         <executable>true</executable>
         <run_address>0x392c</run_address>
         <size>0x58</size>
         <alignment>0x2</alignment>
         <input_file_ref idref="fl-47"/>
      </object_component>
      <object_component id="oc-2c6">
         <name>.text.__aeabi_idivmod</name>
         <load_address>0x3984</load_address>
         <readonly>true</readonly>
         <executable>true</executable>
         <run_address>0x3984</run_address>
         <size>0x56</size>
         <alignment>0x4</alignment>
         <input_file_ref idref="fl-11e"/>
      </object_component>
      <object_component id="oc-86">
         <name>.text.DL_UART_drainRXFIFO</name>
         <load_address>0x39dc</load_address>
         <readonly>true</readonly>
         <executable>true</executable>
         <run_address>0x39dc</run_address>
         <size>0x54</size>
         <alignment>0x4</alignment>
         <input_file_ref idref="fl-25"/>
      </object_component>
      <object_component id="oc-299">
         <name>.text._ecpy</name>
         <load_address>0x3a30</load_address>
         <readonly>true</readonly>
         <executable>true</executable>
         <run_address>0x3a30</run_address>
         <size>0x52</size>
         <alignment>0x2</alignment>
         <input_file_ref idref="fl-47"/>
      </object_component>
      <object_component id="oc-d7">
         <name>.text.SYSCFG_DL_init</name>
         <load_address>0x3a84</load_address>
         <readonly>true</readonly>
         <executable>true</executable>
         <run_address>0x3a84</run_address>
         <size>0x50</size>
         <alignment>0x4</alignment>
         <input_file_ref idref="fl-2"/>
      </object_component>
      <object_component id="oc-140">
         <name>.text.SysTick_Config</name>
         <load_address>0x3ad4</load_address>
         <readonly>true</readonly>
         <executable>true</executable>
         <run_address>0x3ad4</run_address>
         <size>0x50</size>
         <alignment>0x4</alignment>
         <input_file_ref idref="fl-6"/>
      </object_component>
      <object_component id="oc-143">
         <name>.text.OLED_WR_Byte</name>
         <load_address>0x3b24</load_address>
         <readonly>true</readonly>
         <executable>true</executable>
         <run_address>0x3b24</run_address>
         <size>0x4e</size>
         <alignment>0x2</alignment>
         <input_file_ref idref="fl-9"/>
      </object_component>
      <object_component id="oc-21a">
         <name>.text.DL_DMA_initChannel</name>
         <load_address>0x3b74</load_address>
         <readonly>true</readonly>
         <executable>true</executable>
         <run_address>0x3b74</run_address>
         <size>0x4c</size>
         <alignment>0x4</alignment>
         <input_file_ref idref="fl-23"/>
      </object_component>
      <object_component id="oc-1c8">
         <name>.text.DL_UART_setBaudRateDivisor</name>
         <load_address>0x3bc0</load_address>
         <readonly>true</readonly>
         <executable>true</executable>
         <run_address>0x3bc0</run_address>
         <size>0x4c</size>
         <alignment>0x4</alignment>
         <input_file_ref idref="fl-2"/>
      </object_component>
      <object_component id="oc-26d">
         <name>.text.snprintf</name>
         <load_address>0x3c0c</load_address>
         <readonly>true</readonly>
         <executable>true</executable>
         <run_address>0x3c0c</run_address>
         <size>0x4c</size>
         <alignment>0x4</alignment>
         <input_file_ref idref="fl-3d"/>
      </object_component>
      <object_component id="oc-7a">
         <name>.text.__fixdfsi</name>
         <load_address>0x3c58</load_address>
         <readonly>true</readonly>
         <executable>true</executable>
         <run_address>0x3c58</run_address>
         <size>0x4a</size>
         <alignment>0x4</alignment>
         <input_file_ref idref="fl-114"/>
      </object_component>
      <object_component id="oc-205">
         <name>.text.Bluetooth_SendData</name>
         <load_address>0x3ca4</load_address>
         <readonly>true</readonly>
         <executable>true</executable>
         <run_address>0x3ca4</run_address>
         <size>0x48</size>
         <alignment>0x4</alignment>
         <input_file_ref idref="fl-5"/>
      </object_component>
      <object_component id="oc-1c6">
         <name>.text.DL_UART_init</name>
         <load_address>0x3cec</load_address>
         <readonly>true</readonly>
         <executable>true</executable>
         <run_address>0x3cec</run_address>
         <size>0x48</size>
         <alignment>0x4</alignment>
         <input_file_ref idref="fl-25"/>
      </object_component>
      <object_component id="oc-1b0">
         <name>.text.DL_SYSCTL_switchMCLKfromSYSOSCtoHSCLK</name>
         <load_address>0x3d34</load_address>
         <readonly>true</readonly>
         <executable>true</executable>
         <run_address>0x3d34</run_address>
         <size>0x44</size>
         <alignment>0x4</alignment>
         <input_file_ref idref="fl-26"/>
      </object_component>
      <object_component id="oc-e3">
         <name>.text.WIT_Init</name>
         <load_address>0x3d78</load_address>
         <readonly>true</readonly>
         <executable>true</executable>
         <run_address>0x3d78</run_address>
         <size>0x44</size>
         <alignment>0x4</alignment>
         <input_file_ref idref="fl-b"/>
      </object_component>
      <object_component id="oc-139">
         <name>.text.SYSCFG_DL_UART_BT_init</name>
         <load_address>0x3dbc</load_address>
         <readonly>true</readonly>
         <executable>true</executable>
         <run_address>0x3dbc</run_address>
         <size>0x40</size>
         <alignment>0x4</alignment>
         <input_file_ref idref="fl-2"/>
      </object_component>
      <object_component id="oc-160">
         <name>.text.__aeabi_uidivmod</name>
         <load_address>0x3dfc</load_address>
         <readonly>true</readonly>
         <executable>true</executable>
         <run_address>0x3dfc</run_address>
         <size>0x40</size>
         <alignment>0x4</alignment>
         <input_file_ref idref="fl-121"/>
      </object_component>
      <object_component id="oc-fd">
         <name>.text.__extendsfdf2</name>
         <load_address>0x3e3c</load_address>
         <readonly>true</readonly>
         <executable>true</executable>
         <run_address>0x3e3c</run_address>
         <size>0x40</size>
         <alignment>0x4</alignment>
         <input_file_ref idref="fl-113"/>
      </object_component>
      <object_component id="oc-22d">
         <name>.text.atoi</name>
         <load_address>0x3e7c</load_address>
         <readonly>true</readonly>
         <executable>true</executable>
         <run_address>0x3e7c</run_address>
         <size>0x40</size>
         <alignment>0x4</alignment>
         <input_file_ref idref="fl-51"/>
      </object_component>
      <object_component id="oc-1b4">
         <name>.text.DL_Timer_setCounterControl</name>
         <load_address>0x3ebc</load_address>
         <readonly>true</readonly>
         <executable>true</executable>
         <run_address>0x3ebc</run_address>
         <size>0x3c</size>
         <alignment>0x4</alignment>
         <input_file_ref idref="fl-2"/>
      </object_component>
      <object_component id="oc-1eb">
         <name>.text.OLED_Set_Pos</name>
         <load_address>0x3ef8</load_address>
         <readonly>true</readonly>
         <executable>true</executable>
         <run_address>0x3ef8</run_address>
         <size>0x3c</size>
         <alignment>0x2</alignment>
         <input_file_ref idref="fl-9"/>
      </object_component>
      <object_component id="oc-132">
         <name>.text.SYSCFG_DL_SYSCTL_init</name>
         <load_address>0x3f34</load_address>
         <readonly>true</readonly>
         <executable>true</executable>
         <run_address>0x3f34</run_address>
         <size>0x3c</size>
         <alignment>0x4</alignment>
         <input_file_ref idref="fl-2"/>
      </object_component>
      <object_component id="oc-24f">
         <name>.text.__floatsisf</name>
         <load_address>0x3f70</load_address>
         <readonly>true</readonly>
         <executable>true</executable>
         <run_address>0x3f70</run_address>
         <size>0x3c</size>
         <alignment>0x4</alignment>
         <input_file_ref idref="fl-117"/>
      </object_component>
      <object_component id="oc-2b4">
         <name>.text.__gtsf2</name>
         <load_address>0x3fac</load_address>
         <readonly>true</readonly>
         <executable>true</executable>
         <run_address>0x3fac</run_address>
         <size>0x3c</size>
         <alignment>0x4</alignment>
         <input_file_ref idref="fl-123"/>
      </object_component>
      <object_component id="oc-116">
         <name>.text:__TI_auto_init_nobinit_nopinit</name>
         <load_address>0x3fe8</load_address>
         <readonly>true</readonly>
         <executable>true</executable>
         <run_address>0x3fe8</run_address>
         <size>0x3c</size>
         <alignment>0x4</alignment>
         <input_file_ref idref="fl-41"/>
      </object_component>
      <object_component id="oc-2af">
         <name>.text.__eqsf2</name>
         <load_address>0x4024</load_address>
         <readonly>true</readonly>
         <executable>true</executable>
         <run_address>0x4024</run_address>
         <size>0x3a</size>
         <alignment>0x4</alignment>
         <input_file_ref idref="fl-123"/>
      </object_component>
      <object_component id="oc-bc">
         <name>.text.__muldsi3</name>
         <load_address>0x4060</load_address>
         <readonly>true</readonly>
         <executable>true</executable>
         <run_address>0x4060</run_address>
         <size>0x3a</size>
         <alignment>0x4</alignment>
         <input_file_ref idref="fl-10f"/>
      </object_component>
      <object_component id="oc-1d4">
         <name>.text.I2C_Start</name>
         <load_address>0x409c</load_address>
         <readonly>true</readonly>
         <executable>true</executable>
         <run_address>0x409c</run_address>
         <size>0x38</size>
         <alignment>0x4</alignment>
         <input_file_ref idref="fl-9"/>
      </object_component>
      <object_component id="oc-25b">
         <name>.text.__fixsfsi</name>
         <load_address>0x40d4</load_address>
         <readonly>true</readonly>
         <executable>true</executable>
         <run_address>0x40d4</run_address>
         <size>0x38</size>
         <alignment>0x4</alignment>
         <input_file_ref idref="fl-115"/>
      </object_component>
      <object_component id="oc-f7">
         <name>.text.sprintf</name>
         <load_address>0x410c</load_address>
         <readonly>true</readonly>
         <executable>true</executable>
         <run_address>0x410c</run_address>
         <size>0x38</size>
         <alignment>0x4</alignment>
         <input_file_ref idref="fl-3e"/>
      </object_component>
      <object_component id="oc-19f">
         <name>.text.DL_GPIO_initDigitalInputFeatures</name>
         <load_address>0x4144</load_address>
         <readonly>true</readonly>
         <executable>true</executable>
         <run_address>0x4144</run_address>
         <size>0x34</size>
         <alignment>0x4</alignment>
         <input_file_ref idref="fl-2"/>
      </object_component>
      <object_component id="oc-136">
         <name>.text.SYSCFG_DL_TIMER_0_init</name>
         <load_address>0x4178</load_address>
         <readonly>true</readonly>
         <executable>true</executable>
         <run_address>0x4178</run_address>
         <size>0x34</size>
         <alignment>0x4</alignment>
         <input_file_ref idref="fl-2"/>
      </object_component>
      <object_component id="oc-1f7">
         <name>.text.zeroparameter</name>
         <load_address>0x41ac</load_address>
         <readonly>true</readonly>
         <executable>true</executable>
         <run_address>0x41ac</run_address>
         <size>0x34</size>
         <alignment>0x4</alignment>
         <input_file_ref idref="fl-4"/>
      </object_component>
      <object_component id="oc-8d">
         <name>.text.DL_DMA_setTransferSize</name>
         <load_address>0x41e0</load_address>
         <readonly>true</readonly>
         <executable>true</executable>
         <run_address>0x41e0</run_address>
         <size>0x30</size>
         <alignment>0x4</alignment>
         <input_file_ref idref="fl-7"/>
      </object_component>
      <object_component id="oc-149">
         <name>.text.DL_DMA_setTransferSize</name>
         <load_address>0x4210</load_address>
         <readonly>true</readonly>
         <executable>true</executable>
         <run_address>0x4210</run_address>
         <size>0x30</size>
         <alignment>0x4</alignment>
         <input_file_ref idref="fl-b"/>
      </object_component>
      <object_component id="oc-19e">
         <name>.text.DL_GPIO_initDigitalOutputFeatures</name>
         <load_address>0x4240</load_address>
         <readonly>true</readonly>
         <executable>true</executable>
         <run_address>0x4240</run_address>
         <size>0x30</size>
         <alignment>0x4</alignment>
         <input_file_ref idref="fl-2"/>
      </object_component>
      <object_component id="oc-1d7">
         <name>.text.I2C_Stop</name>
         <load_address>0x4270</load_address>
         <readonly>true</readonly>
         <executable>true</executable>
         <run_address>0x4270</run_address>
         <size>0x30</size>
         <alignment>0x4</alignment>
         <input_file_ref idref="fl-9"/>
      </object_component>
      <object_component id="oc-1d6">
         <name>.text.I2C_WaitAck</name>
         <load_address>0x42a0</load_address>
         <readonly>true</readonly>
         <executable>true</executable>
         <run_address>0x42a0</run_address>
         <size>0x30</size>
         <alignment>0x4</alignment>
         <input_file_ref idref="fl-9"/>
      </object_component>
      <object_component id="oc-29a">
         <name>.text._fcpy</name>
         <load_address>0x42d0</load_address>
         <readonly>true</readonly>
         <executable>true</executable>
         <run_address>0x42d0</run_address>
         <size>0x30</size>
         <alignment>0x2</alignment>
         <input_file_ref idref="fl-47"/>
      </object_component>
      <object_component id="oc-2b6">
         <name>.text._outs</name>
         <load_address>0x4300</load_address>
         <readonly>true</readonly>
         <executable>true</executable>
         <run_address>0x4300</run_address>
         <size>0x30</size>
         <alignment>0x2</alignment>
         <input_file_ref idref="fl-3d"/>
      </object_component>
      <object_component id="oc-164">
         <name>.text.mspm0_delay_ms</name>
         <load_address>0x4330</load_address>
         <readonly>true</readonly>
         <executable>true</executable>
         <run_address>0x4330</run_address>
         <size>0x30</size>
         <alignment>0x4</alignment>
         <input_file_ref idref="fl-6"/>
      </object_component>
      <object_component id="oc-137">
         <name>.text.SYSCFG_DL_TIMER_ULTRASONIC_init</name>
         <load_address>0x4360</load_address>
         <readonly>true</readonly>
         <executable>true</executable>
         <run_address>0x4360</run_address>
         <size>0x2c</size>
         <alignment>0x4</alignment>
         <input_file_ref idref="fl-2"/>
      </object_component>
      <object_component id="oc-14c">
         <name>.text.__NVIC_EnableIRQ</name>
         <load_address>0x438c</load_address>
         <readonly>true</readonly>
         <executable>true</executable>
         <run_address>0x438c</run_address>
         <size>0x2c</size>
         <alignment>0x4</alignment>
         <input_file_ref idref="fl-10"/>
      </object_component>
      <object_component id="oc-14b">
         <name>.text.__NVIC_EnableIRQ</name>
         <load_address>0x43b8</load_address>
         <readonly>true</readonly>
         <executable>true</executable>
         <run_address>0x43b8</run_address>
         <size>0x2c</size>
         <alignment>0x4</alignment>
         <input_file_ref idref="fl-b"/>
      </object_component>
      <object_component id="oc-72">
         <name>.text.__floatsidf</name>
         <load_address>0x43e4</load_address>
         <readonly>true</readonly>
         <executable>true</executable>
         <run_address>0x43e4</run_address>
         <size>0x2c</size>
         <alignment>0x4</alignment>
         <input_file_ref idref="fl-116"/>
      </object_component>
      <object_component id="oc-217">
         <name>.text.DL_Common_updateReg</name>
         <load_address>0x4410</load_address>
         <readonly>true</readonly>
         <executable>true</executable>
         <run_address>0x4410</run_address>
         <size>0x28</size>
         <alignment>0x2</alignment>
         <input_file_ref idref="fl-2"/>
      </object_component>
      <object_component id="oc-8c">
         <name>.text.DL_DMA_setDestAddr</name>
         <load_address>0x4438</load_address>
         <readonly>true</readonly>
         <executable>true</executable>
         <run_address>0x4438</run_address>
         <size>0x28</size>
         <alignment>0x4</alignment>
         <input_file_ref idref="fl-7"/>
      </object_component>
      <object_component id="oc-148">
         <name>.text.DL_DMA_setDestAddr</name>
         <load_address>0x4460</load_address>
         <readonly>true</readonly>
         <executable>true</executable>
         <run_address>0x4460</run_address>
         <size>0x28</size>
         <alignment>0x4</alignment>
         <input_file_ref idref="fl-b"/>
      </object_component>
      <object_component id="oc-147">
         <name>.text.DL_DMA_setSrcAddr</name>
         <load_address>0x4488</load_address>
         <readonly>true</readonly>
         <executable>true</executable>
         <run_address>0x4488</run_address>
         <size>0x28</size>
         <alignment>0x4</alignment>
         <input_file_ref idref="fl-b"/>
      </object_component>
      <object_component id="oc-1cc">
         <name>.text.DL_UART_setRXFIFOThreshold</name>
         <load_address>0x44b0</load_address>
         <readonly>true</readonly>
         <executable>true</executable>
         <run_address>0x44b0</run_address>
         <size>0x28</size>
         <alignment>0x4</alignment>
         <input_file_ref idref="fl-2"/>
      </object_component>
      <object_component id="oc-5b">
         <name>.text:_c_int00_noargs</name>
         <load_address>0x44d8</load_address>
         <readonly>true</readonly>
         <executable>true</executable>
         <run_address>0x44d8</run_address>
         <size>0x28</size>
         <alignment>0x4</alignment>
         <input_file_ref idref="fl-3f"/>
      </object_component>
      <object_component id="oc-6e">
         <name>.text.DL_DMA_disableChannel</name>
         <load_address>0x4500</load_address>
         <readonly>true</readonly>
         <executable>true</executable>
         <run_address>0x4500</run_address>
         <size>0x26</size>
         <alignment>0x2</alignment>
         <input_file_ref idref="fl-7"/>
      </object_component>
      <object_component id="oc-8e">
         <name>.text.DL_DMA_enableChannel</name>
         <load_address>0x4526</load_address>
         <readonly>true</readonly>
         <executable>true</executable>
         <run_address>0x4526</run_address>
         <size>0x26</size>
         <alignment>0x2</alignment>
         <input_file_ref idref="fl-7"/>
      </object_component>
      <object_component id="oc-14a">
         <name>.text.DL_DMA_enableChannel</name>
         <load_address>0x454c</load_address>
         <readonly>true</readonly>
         <executable>true</executable>
         <run_address>0x454c</run_address>
         <size>0x26</size>
         <alignment>0x2</alignment>
         <input_file_ref idref="fl-b"/>
      </object_component>
      <object_component id="oc-6f">
         <name>.text.DL_DMA_getTransferSize</name>
         <load_address>0x4574</load_address>
         <readonly>true</readonly>
         <executable>true</executable>
         <run_address>0x4574</run_address>
         <size>0x24</size>
         <alignment>0x4</alignment>
         <input_file_ref idref="fl-7"/>
      </object_component>
      <object_component id="oc-1cd">
         <name>.text.DL_UART_setRXInterruptTimeout</name>
         <load_address>0x4598</load_address>
         <readonly>true</readonly>
         <executable>true</executable>
         <run_address>0x4598</run_address>
         <size>0x24</size>
         <alignment>0x4</alignment>
         <input_file_ref idref="fl-2"/>
      </object_component>
      <object_component id="oc-23a">
         <name>.text.__muldi3</name>
         <load_address>0x45bc</load_address>
         <readonly>true</readonly>
         <executable>true</executable>
         <run_address>0x45bc</run_address>
         <size>0x24</size>
         <alignment>0x4</alignment>
         <input_file_ref idref="fl-11a"/>
      </object_component>
      <object_component id="oc-226">
         <name>.text.memccpy</name>
         <load_address>0x45e0</load_address>
         <readonly>true</readonly>
         <executable>true</executable>
         <run_address>0x45e0</run_address>
         <size>0x22</size>
         <alignment>0x2</alignment>
         <input_file_ref idref="fl-53"/>
      </object_component>
      <object_component id="oc-19c">
         <name>.text.DL_GPIO_initPeripheralInputFunction</name>
         <load_address>0x4604</load_address>
         <readonly>true</readonly>
         <executable>true</executable>
         <run_address>0x4604</run_address>
         <size>0x20</size>
         <alignment>0x4</alignment>
         <input_file_ref idref="fl-2"/>
      </object_component>
      <object_component id="oc-1a5">
         <name>.text.DL_SYSCTL_setFlashWaitState</name>
         <load_address>0x4624</load_address>
         <readonly>true</readonly>
         <executable>true</executable>
         <run_address>0x4624</run_address>
         <size>0x20</size>
         <alignment>0x4</alignment>
         <input_file_ref idref="fl-2"/>
      </object_component>
      <object_component id="oc-1da">
         <name>.text.DL_UART_transmitDataBlocking</name>
         <load_address>0x4644</load_address>
         <readonly>true</readonly>
         <executable>true</executable>
         <run_address>0x4644</run_address>
         <size>0x20</size>
         <alignment>0x4</alignment>
         <input_file_ref idref="fl-25"/>
      </object_component>
      <object_component id="oc-1c7">
         <name>.text.DL_UART_setOversampling</name>
         <load_address>0x4664</load_address>
         <readonly>true</readonly>
         <executable>true</executable>
         <run_address>0x4664</run_address>
         <size>0x1e</size>
         <alignment>0x2</alignment>
         <input_file_ref idref="fl-2"/>
      </object_component>
      <object_component id="oc-2bb">
         <name>.text.__ashldi3</name>
         <load_address>0x4684</load_address>
         <readonly>true</readonly>
         <executable>true</executable>
         <run_address>0x4684</run_address>
         <size>0x1e</size>
         <alignment>0x4</alignment>
         <input_file_ref idref="fl-125"/>
      </object_component>
      <object_component id="oc-1f8">
         <name>.text.backwords</name>
         <load_address>0x46a2</load_address>
         <readonly>true</readonly>
         <executable>true</executable>
         <run_address>0x46a2</run_address>
         <size>0x1e</size>
         <alignment>0x2</alignment>
         <input_file_ref idref="fl-d"/>
      </object_component>
      <object_component id="oc-1fd">
         <name>.text.stop</name>
         <load_address>0x46c0</load_address>
         <readonly>true</readonly>
         <executable>true</executable>
         <run_address>0x46c0</run_address>
         <size>0x1e</size>
         <alignment>0x2</alignment>
         <input_file_ref idref="fl-d"/>
      </object_component>
      <object_component id="oc-68">
         <name>.text.DL_GPIO_clearInterruptStatus</name>
         <load_address>0x46e0</load_address>
         <readonly>true</readonly>
         <executable>true</executable>
         <run_address>0x46e0</run_address>
         <size>0x1c</size>
         <alignment>0x4</alignment>
         <input_file_ref idref="fl-c"/>
      </object_component>
      <object_component id="oc-1a2">
         <name>.text.DL_GPIO_clearInterruptStatus</name>
         <load_address>0x46fc</load_address>
         <readonly>true</readonly>
         <executable>true</executable>
         <run_address>0x46fc</run_address>
         <size>0x1c</size>
         <alignment>0x4</alignment>
         <input_file_ref idref="fl-2"/>
      </object_component>
      <object_component id="oc-1a3">
         <name>.text.DL_GPIO_enableInterrupt</name>
         <load_address>0x4718</load_address>
         <readonly>true</readonly>
         <executable>true</executable>
         <run_address>0x4718</run_address>
         <size>0x1c</size>
         <alignment>0x4</alignment>
         <input_file_ref idref="fl-2"/>
      </object_component>
      <object_component id="oc-19a">
         <name>.text.DL_GPIO_initPeripheralOutputFunction</name>
         <load_address>0x4734</load_address>
         <readonly>true</readonly>
         <executable>true</executable>
         <run_address>0x4734</run_address>
         <size>0x1c</size>
         <alignment>0x4</alignment>
         <input_file_ref idref="fl-2"/>
      </object_component>
      <object_component id="oc-1a1">
         <name>.text.DL_GPIO_setLowerPinsPolarity</name>
         <load_address>0x4750</load_address>
         <readonly>true</readonly>
         <executable>true</executable>
         <run_address>0x4750</run_address>
         <size>0x1c</size>
         <alignment>0x4</alignment>
         <input_file_ref idref="fl-2"/>
      </object_component>
      <object_component id="oc-1a6">
         <name>.text.DL_SYSCTL_setSYSOSCFreq</name>
         <load_address>0x476c</load_address>
         <readonly>true</readonly>
         <executable>true</executable>
         <run_address>0x476c</run_address>
         <size>0x1c</size>
         <alignment>0x4</alignment>
         <input_file_ref idref="fl-2"/>
      </object_component>
      <object_component id="oc-1af">
         <name>.text.DL_SYSCTL_setULPCLKDivider</name>
         <load_address>0x4788</load_address>
         <readonly>true</readonly>
         <executable>true</executable>
         <run_address>0x4788</run_address>
         <size>0x1c</size>
         <alignment>0x4</alignment>
         <input_file_ref idref="fl-2"/>
      </object_component>
      <object_component id="oc-1c0">
         <name>.text.DL_Timer_enableInterrupt</name>
         <load_address>0x47a4</load_address>
         <readonly>true</readonly>
         <executable>true</executable>
         <run_address>0x47a4</run_address>
         <size>0x1c</size>
         <alignment>0x4</alignment>
         <input_file_ref idref="fl-2"/>
      </object_component>
      <object_component id="oc-1b6">
         <name>.text.DL_Timer_setCaptCompUpdateMethod</name>
         <load_address>0x47c0</load_address>
         <readonly>true</readonly>
         <executable>true</executable>
         <run_address>0x47c0</run_address>
         <size>0x1c</size>
         <alignment>0x4</alignment>
         <input_file_ref idref="fl-24"/>
      </object_component>
      <object_component id="oc-1b2">
         <name>.text.DL_Timer_setClockConfig</name>
         <load_address>0x47dc</load_address>
         <readonly>true</readonly>
         <executable>true</executable>
         <run_address>0x47dc</run_address>
         <size>0x1c</size>
         <alignment>0x4</alignment>
         <input_file_ref idref="fl-24"/>
      </object_component>
      <object_component id="oc-1c9">
         <name>.text.DL_UART_enableInterrupt</name>
         <load_address>0x47f8</load_address>
         <readonly>true</readonly>
         <executable>true</executable>
         <run_address>0x47f8</run_address>
         <size>0x1c</size>
         <alignment>0x4</alignment>
         <input_file_ref idref="fl-2"/>
      </object_component>
      <object_component id="oc-e5">
         <name>.text.Speed_Init</name>
         <load_address>0x4814</load_address>
         <readonly>true</readonly>
         <executable>true</executable>
         <run_address>0x4814</run_address>
         <size>0x1c</size>
         <alignment>0x4</alignment>
         <input_file_ref idref="fl-10"/>
      </object_component>
      <object_component id="oc-3f">
         <name>.text.TIMG0_IRQHandler</name>
         <load_address>0x4830</load_address>
         <readonly>true</readonly>
         <executable>true</executable>
         <run_address>0x4830</run_address>
         <size>0x1c</size>
         <alignment>0x4</alignment>
         <input_file_ref idref="fl-c"/>
      </object_component>
      <object_component id="oc-19b">
         <name>.text.DL_GPIO_enableOutput</name>
         <load_address>0x484c</load_address>
         <readonly>true</readonly>
         <executable>true</executable>
[...]
         <name>Current_Dir</name>
         <value>0x20201f80</value>
         <object_component_ref idref="oc-26a"/>
      </symbol>
      <symbol id="sm-2cc">
         <name>turnCompleted</name>
         <value>0x20201fb4</value>
         <object_component_ref idref="oc-105"/>
      </symbol>
      <symbol id="sm-2cd">
         <name>Target_Dir</name>
         <value>0x2020225c</value>
      </symbol>
      <symbol id="sm-2ce">
         <name>Right_Turn</name>
         <value>0x1b41</value>
         <object_component_ref idref="oc-201"/>
      </symbol>
      <symbol id="sm-2cf">
         <name>CrossingFlag</name>
         <value>0x20201fae</value>
         <object_component_ref idref="oc-24b"/>
      </symbol>
      <symbol id="sm-2d0">
         <name>turnFlag</name>
         <value>0x20201fb5</value>
         <object_component_ref idref="oc-109"/>
      </symbol>
      <symbol id="sm-2d3">
         <name>__TI_ATRegion0_src_addr</name>
         <value>0x0</value>
      </symbol>
      <symbol id="sm-2d4">
         <name>__TI_ATRegion0_trg_addr</name>
         <value>0x0</value>
      </symbol>
      <symbol id="sm-2d5">
         <name>__TI_ATRegion0_region_sz</name>
         <value>0x0</value>
      </symbol>
      <symbol id="sm-2d6">
         <name>__TI_ATRegion1_src_addr</name>
         <value>0x0</value>
      </symbol>
      <symbol id="sm-2d7">
         <name>__TI_ATRegion1_trg_addr</name>
         <value>0x0</value>
      </symbol>
      <symbol id="sm-2d8">
         <name>__TI_ATRegion1_region_sz</name>
         <value>0x0</value>
      </symbol>
      <symbol id="sm-2d9">
         <name>__TI_ATRegion2_src_addr</name>
         <value>0x0</value>
      </symbol>
      <symbol id="sm-2da">
         <name>__TI_ATRegion2_trg_addr</name>
         <value>0x0</value>
      </symbol>
      <symbol id="sm-2db">
         <name>__TI_ATRegion2_region_sz</name>
         <value>0x0</value>
      </symbol>
      <symbol id="sm-2e4">
         <name>DL_Common_delayCycles</name>
         <value>0x3385</value>
         <object_component_ref idref="oc-196"/>
      </symbol>
      <symbol id="sm-2ee">
         <name>DL_DMA_initChannel</name>
         <value>0x3b75</value>
         <object_component_ref idref="oc-21a"/>
      </symbol>
      <symbol id="sm-30a">
         <name>DL_Timer_setClockConfig</name>
         <value>0x47dd</value>
         <object_component_ref idref="oc-1b2"/>
      </symbol>
      <symbol id="sm-30b">
         <name>DL_Timer_initTimerMode</name>
         <value>0x2495</value>
         <object_component_ref idref="oc-1bf"/>
      </symbol>
      <symbol id="sm-30c">
         <name>DL_Timer_setCaptureCompareValue</name>
         <value>0x4c19</value>
         <object_component_ref idref="oc-152"/>
      </symbol>
      <symbol id="sm-30d">
         <name>DL_Timer_setCaptCompUpdateMethod</name>
         <value>0x47c1</value>
         <object_component_ref idref="oc-1b6"/>
      </symbol>
      <symbol id="sm-30e">
         <name>DL_Timer_setCaptureCompareOutCtl</name>
         <value>0x496d</value>
         <object_component_ref idref="oc-1b5"/>
      </symbol>
      <symbol id="sm-30f">
         <name>DL_Timer_initFourCCPWMMode</name>
         <value>0x1fa9</value>
         <object_component_ref idref="oc-1b3"/>
      </symbol>
      <symbol id="sm-322">
         <name>DL_UART_init</name>
         <value>0x3ced</value>
         <object_component_ref idref="oc-1c6"/>
      </symbol>
      <symbol id="sm-323">
         <name>DL_UART_setClockConfig</name>
         <value>0x4bd3</value>
         <object_component_ref idref="oc-1c5"/>
      </symbol>
      <symbol id="sm-324">
         <name>DL_UART_transmitDataBlocking</name>
         <value>0x4645</value>
         <object_component_ref idref="oc-1da"/>
      </symbol>
      <symbol id="sm-325">
         <name>DL_UART_drainRXFIFO</name>
         <value>0x39dd</value>
         <object_component_ref idref="oc-86"/>
      </symbol>
      <symbol id="sm-333">
         <name>DL_SYSCTL_configSYSPLL</name>
         <value>0x2661</value>
         <object_component_ref idref="oc-1a9"/>
      </symbol>
      <symbol id="sm-334">
         <name>DL_SYSCTL_switchMCLKfromSYSOSCtoHSCLK</name>
         <value>0x3d35</value>
         <object_component_ref idref="oc-1b0"/>
      </symbol>
      <symbol id="sm-345">
         <name>snprintf</name>
         <value>0x3c0d</value>
         <object_component_ref idref="oc-26d"/>
      </symbol>
      <symbol id="sm-356">
         <name>sprintf</name>
         <value>0x410d</value>
         <object_component_ref idref="oc-f7"/>
      </symbol>
      <symbol id="sm-361">
         <name>_c_int00_noargs</name>
         <value>0x44d9</value>
         <object_component_ref idref="oc-5b"/>
      </symbol>
      <symbol id="sm-362">
         <name>__stack</name>
         <value>0x20207e00</value>
         <object_component_ref idref="oc-1a"/>
      </symbol>
      <symbol id="sm-371">
         <name>__TI_auto_init_nobinit_nopinit</name>
         <value>0x3fe9</value>
         <object_component_ref idref="oc-116"/>
      </symbol>
      <symbol id="sm-379">
         <name>_system_pre_init</name>
         <value>0x4ced</value>
         <object_component_ref idref="oc-a0"/>
      </symbol>
      <symbol id="sm-384">
         <name>__TI_zero_init_nomemset</name>
         <value>0x4acd</value>
         <object_component_ref idref="oc-52"/>
      </symbol>
      <symbol id="sm-38d">
         <name>__TI_decompress_none</name>
         <value>0x4bf7</value>
         <object_component_ref idref="oc-20"/>
      </symbol>
      <symbol id="sm-398">
         <name>__TI_decompress_lzss</name>
         <value>0x3295</value>
         <object_component_ref idref="oc-1c"/>
      </symbol>
      <symbol id="sm-3e1">
         <name>__TI_printfi</name>
         <value>0xc1</value>
         <object_component_ref idref="oc-1f5"/>
      </symbol>
      <symbol id="sm-3eb">
         <name>frexp</name>
         <value>0x3879</value>
         <object_component_ref idref="oc-28b"/>
      </symbol>
      <symbol id="sm-3ec">
         <name>frexpl</name>
         <value>0x3879</value>
         <object_component_ref idref="oc-28b"/>
      </symbol>
      <symbol id="sm-3f6">
         <name>scalbn</name>
         <value>0x273d</value>
         <object_component_ref idref="oc-28f"/>
      </symbol>
      <symbol id="sm-3f7">
         <name>ldexp</name>
         <value>0x273d</value>
         <object_component_ref idref="oc-28f"/>
      </symbol>
      <symbol id="sm-3f8">
         <name>scalbnl</name>
         <value>0x273d</value>
         <object_component_ref idref="oc-28f"/>
      </symbol>
      <symbol id="sm-3f9">
         <name>ldexpl</name>
         <value>0x273d</value>
         <object_component_ref idref="oc-28f"/>
      </symbol>
      <symbol id="sm-402">
         <name>wcslen</name>
         <value>0x4c49</value>
         <object_component_ref idref="oc-231"/>
      </symbol>
      <symbol id="sm-40d">
         <name>__aeabi_errno_addr</name>
         <value>0x4cb9</value>
         <object_component_ref idref="oc-235"/>
      </symbol>
      <symbol id="sm-40e">
         <name>__aeabi_errno</name>
         <value>0x20201f94</value>
         <object_component_ref idref="oc-281"/>
      </symbol>
      <symbol id="sm-418">
         <name>abort</name>
         <value>0x4cc9</value>
         <object_component_ref idref="oc-10f"/>
      </symbol>
      <symbol id="sm-422">
         <name>__TI_ltoa</name>
         <value>0x38d5</value>
         <object_component_ref idref="oc-293"/>
      </symbol>
      <symbol id="sm-42e">
         <name>atoi</name>
         <value>0x3e7d</value>
         <object_component_ref idref="oc-22d"/>
      </symbol>
      <symbol id="sm-438">
         <name>memccpy</name>
         <value>0x45e1</value>
         <object_component_ref idref="oc-226"/>
      </symbol>
      <symbol id="sm-43e">
         <name>__aeabi_ctype_table_</name>
         <value>0x5510</value>
         <object_component_ref idref="oc-27a"/>
      </symbol>
      <symbol id="sm-43f">
         <name>__aeabi_ctype_table_C</name>
         <value>0x5510</value>
         <object_component_ref idref="oc-27a"/>
      </symbol>
      <symbol id="sm-44a">
         <name>HOSTexit</name>
         <value>0x4cd3</value>
         <object_component_ref idref="oc-17f"/>
      </symbol>
      <symbol id="sm-44b">
         <name>C$$EXIT</name>
         <value>0x4cd2</value>
         <object_component_ref idref="oc-17f"/>
      </symbol>
      <symbol id="sm-460">
         <name>__aeabi_fadd</name>
         <value>0x281f</value>
         <object_component_ref idref="oc-257"/>
      </symbol>
      <symbol id="sm-461">
         <name>__addsf3</name>
         <value>0x281f</value>
         <object_component_ref idref="oc-257"/>
      </symbol>
      <symbol id="sm-462">
         <name>__aeabi_fsub</name>
         <value>0x2815</value>
         <object_component_ref idref="oc-257"/>
      </symbol>
      <symbol id="sm-463">
         <name>__subsf3</name>
         <value>0x2815</value>
         <object_component_ref idref="oc-257"/>
      </symbol>
      <symbol id="sm-469">
         <name>__aeabi_dadd</name>
         <value>0x1613</value>
         <object_component_ref idref="oc-2a4"/>
      </symbol>
      <symbol id="sm-46a">
         <name>__adddf3</name>
         <value>0x1613</value>
         <object_component_ref idref="oc-2a4"/>
      </symbol>
      <symbol id="sm-46b">
         <name>__aeabi_dsub</name>
         <value>0x1609</value>
         <object_component_ref idref="oc-2a4"/>
      </symbol>
      <symbol id="sm-46c">
         <name>__subdf3</name>
         <value>0x1609</value>
         <object_component_ref idref="oc-2a4"/>
      </symbol>
      <symbol id="sm-475">
         <name>__aeabi_dmul</name>
         <value>0x257d</value>
         <object_component_ref idref="oc-82"/>
      </symbol>
      <symbol id="sm-476">
         <name>__muldf3</name>
         <value>0x257d</value>
         <object_component_ref idref="oc-82"/>
      </symbol>
      <symbol id="sm-47c">
         <name>__muldsi3</name>
         <value>0x4061</value>
         <object_component_ref idref="oc-bc"/>
      </symbol>
      <symbol id="sm-482">
         <name>__aeabi_fmul</name>
         <value>0x2f85</value>
         <object_component_ref idref="oc-253"/>
      </symbol>
      <symbol id="sm-483">
         <name>__mulsf3</name>
         <value>0x2f85</value>
         <object_component_ref idref="oc-253"/>
      </symbol>
      <symbol id="sm-489">
         <name>__aeabi_ddiv</name>
         <value>0x1e9d</value>
         <object_component_ref idref="oc-76"/>
      </symbol>
      <symbol id="sm-48a">
         <name>__divdf3</name>
         <value>0x1e9d</value>
         <object_component_ref idref="oc-76"/>
      </symbol>
      <symbol id="sm-490">
         <name>__aeabi_f2d</name>
         <value>0x3e3d</value>
         <object_component_ref idref="oc-fd"/>
      </symbol>
      <symbol id="sm-491">
         <name>__extendsfdf2</name>
         <value>0x3e3d</value>
         <object_component_ref idref="oc-fd"/>
      </symbol>
      <symbol id="sm-497">
         <name>__aeabi_d2iz</name>
         <value>0x3c59</value>
         <object_component_ref idref="oc-7a"/>
      </symbol>
      <symbol id="sm-498">
         <name>__fixdfsi</name>
         <value>0x3c59</value>
         <object_component_ref idref="oc-7a"/>
      </symbol>
      <symbol id="sm-49e">
         <name>__aeabi_f2iz</name>
         <value>0x40d5</value>
         <object_component_ref idref="oc-25b"/>
      </symbol>
      <symbol id="sm-49f">
         <name>__fixsfsi</name>
         <value>0x40d5</value>
         <object_component_ref idref="oc-25b"/>
      </symbol>
      <symbol id="sm-4a5">
         <name>__aeabi_i2d</name>
         <value>0x43e5</value>
         <object_component_ref idref="oc-72"/>
      </symbol>
      <symbol id="sm-4a6">
         <name>__floatsidf</name>
         <value>0x43e5</value>
         <object_component_ref idref="oc-72"/>
      </symbol>
      <symbol id="sm-4ac">
         <name>__aeabi_i2f</name>
         <value>0x3f71</value>
         <object_component_ref idref="oc-24f"/>
      </symbol>
      <symbol id="sm-4ad">
         <name>__floatsisf</name>
         <value>0x3f71</value>
         <object_component_ref idref="oc-24f"/>
      </symbol>
      <symbol id="sm-4b3">
         <name>__aeabi_lmul</name>
         <value>0x45bd</value>
         <object_component_ref idref="oc-23a"/>
      </symbol>
      <symbol id="sm-4b4">
         <name>__muldi3</name>
         <value>0x45bd</value>
         <object_component_ref idref="oc-23a"/>
      </symbol>
      <symbol id="sm-4bb">
         <name>__aeabi_d2f</name>
         <value>0x3391</value>
         <object_component_ref idref="oc-7e"/>
      </symbol>
      <symbol id="sm-4bc">
         <name>__truncdfsf2</name>
         <value>0x3391</value>
         <object_component_ref idref="oc-7e"/>
      </symbol>
      <symbol id="sm-4c2">
         <name>__aeabi_dcmpeq</name>
         <value>0x3751</value>
         <object_component_ref idref="oc-244"/>
      </symbol>
      <symbol id="sm-4c3">
         <name>__aeabi_dcmplt</name>
         <value>0x3765</value>
         <object_component_ref idref="oc-244"/>
      </symbol>
      <symbol id="sm-4c4">
         <name>__aeabi_dcmple</name>
         <value>0x3779</value>
         <object_component_ref idref="oc-244"/>
      </symbol>
      <symbol id="sm-4c5">
         <name>__aeabi_dcmpge</name>
         <value>0x378d</value>
         <object_component_ref idref="oc-244"/>
      </symbol>
      <symbol id="sm-4c6">
         <name>__aeabi_dcmpgt</name>
         <value>0x37a1</value>
         <object_component_ref idref="oc-244"/>
      </symbol>
      <symbol id="sm-4cc">
         <name>__aeabi_fcmpeq</name>
         <value>0x37b5</value>
         <object_component_ref idref="oc-264"/>
      </symbol>
      <symbol id="sm-4cd">
         <name>__aeabi_fcmplt</name>
         <value>0x37c9</value>
         <object_component_ref idref="oc-264"/>
      </symbol>
      <symbol id="sm-4ce">
         <name>__aeabi_fcmple</name>
         <value>0x37dd</value>
         <object_component_ref idref="oc-264"/>
      </symbol>
      <symbol id="sm-4cf">
         <name>__aeabi_fcmpge</name>
         <value>0x37f1</value>
         <object_component_ref idref="oc-264"/>
      </symbol>
      <symbol id="sm-4d0">
         <name>__aeabi_fcmpgt</name>
         <value>0x3805</value>
         <object_component_ref idref="oc-264"/>
      </symbol>
      <symbol id="sm-4d6">
         <name>__aeabi_idiv</name>
         <value>0x3985</value>
         <object_component_ref idref="oc-2c6"/>
      </symbol>
      <symbol id="sm-4d7">
         <name>__aeabi_idivmod</name>
         <value>0x3985</value>
         <object_component_ref idref="oc-2c6"/>
      </symbol>
      <symbol id="sm-4dd">
         <name>__aeabi_memcpy</name>
         <value>0x4cc1</value>
         <object_component_ref idref="oc-4b"/>
      </symbol>
      <symbol id="sm-4de">
         <name>__aeabi_memcpy4</name>
         <value>0x4cc1</value>
         <object_component_ref idref="oc-4b"/>
      </symbol>
      <symbol id="sm-4df">
         <name>__aeabi_memcpy8</name>
         <value>0x4cc1</value>
         <object_component_ref idref="oc-4b"/>
      </symbol>
      <symbol id="sm-4e6">
         <name>__aeabi_memset</name>
         <value>0x4c59</value>
         <object_component_ref idref="oc-225"/>
      </symbol>
      <symbol id="sm-4e7">
         <name>__aeabi_memset4</name>
         <value>0x4c59</value>
         <object_component_ref idref="oc-225"/>
      </symbol>
      <symbol id="sm-4e8">
         <name>__aeabi_memset8</name>
         <value>0x4c59</value>
         <object_component_ref idref="oc-225"/>
      </symbol>
      <symbol id="sm-4ee">
         <name>__aeabi_uidiv</name>
         <value>0x3dfd</value>
         <object_component_ref idref="oc-160"/>
      </symbol>
      <symbol id="sm-4ef">
         <name>__aeabi_uidivmod</name>
         <value>0x3dfd</value>
         <object_component_ref idref="oc-160"/>
      </symbol>
      <symbol id="sm-4f5">
         <name>__aeabi_uldivmod</name>
         <value>0x4b85</value>
         <object_component_ref idref="oc-23f"/>
      </symbol>
      <symbol id="sm-4fe">
         <name>__eqsf2</name>
         <value>0x4025</value>
         <object_component_ref idref="oc-2af"/>
      </symbol>
      <symbol id="sm-4ff">
         <name>__lesf2</name>
         <value>0x4025</value>
         <object_component_ref idref="oc-2af"/>
      </symbol>
      <symbol id="sm-500">
         <name>__ltsf2</name>
         <value>0x4025</value>
         <object_component_ref idref="oc-2af"/>
      </symbol>
      <symbol id="sm-501">
         <name>__nesf2</name>
         <value>0x4025</value>
         <object_component_ref idref="oc-2af"/>
      </symbol>
      <symbol id="sm-502">
         <name>__cmpsf2</name>
         <value>0x4025</value>
         <object_component_ref idref="oc-2af"/>
      </symbol>
      <symbol id="sm-503">
         <name>__gtsf2</name>
         <value>0x3fad</value>
         <object_component_ref idref="oc-2b4"/>
      </symbol>
      <symbol id="sm-504">
         <name>__gesf2</name>
         <value>0x3fad</value>
         <object_component_ref idref="oc-2b4"/>
      </symbol>
      <symbol id="sm-50a">
         <name>__udivmoddi4</name>
         <value>0x2c8d</value>
         <object_component_ref idref="oc-286"/>
      </symbol>
      <symbol id="sm-510">
         <name>__aeabi_llsl</name>
         <value>0x4685</value>
         <object_component_ref idref="oc-2bb"/>
      </symbol>
      <symbol id="sm-511">
         <name>__ashldi3</name>
         <value>0x4685</value>
         <object_component_ref idref="oc-2bb"/>
      </symbol>
      <symbol id="sm-51f">
         <name>__ledf2</name>
         <value>0x361d</value>
         <object_component_ref idref="oc-29c"/>
      </symbol>
      <symbol id="sm-520">
         <name>__gedf2</name>
         <value>0x3311</value>
         <object_component_ref idref="oc-2a2"/>
      </symbol>
      <symbol id="sm-521">
         <name>__cmpdf2</name>
         <value>0x361d</value>
         <object_component_ref idref="oc-29c"/>
      </symbol>
      <symbol id="sm-522">
         <name>__eqdf2</name>
         <value>0x361d</value>
         <object_component_ref idref="oc-29c"/>
      </symbol>
      <symbol id="sm-523">
         <name>__ltdf2</name>
         <value>0x361d</value>
         <object_component_ref idref="oc-29c"/>
      </symbol>
      <symbol id="sm-524">
         <name>__nedf2</name>
         <value>0x361d</value>
         <object_component_ref idref="oc-29c"/>
      </symbol>
      <symbol id="sm-525">
         <name>__gtdf2</name>
         <value>0x3311</value>
         <object_component_ref idref="oc-2a2"/>
      </symbol>
      <symbol id="sm-531">
         <name>__aeabi_idiv0</name>
         <value>0x22ab</value>
         <object_component_ref idref="oc-1dd"/>
      </symbol>
      <symbol id="sm-532">
         <name>__aeabi_ldiv0</name>
         <value>0x2d2f</value>
         <object_component_ref idref="oc-2ba"/>
      </symbol>
      <symbol id="sm-53c">
         <name>TI_memcpy_small</name>
         <value>0x4be5</value>
         <object_component_ref idref="oc-cd"/>
      </symbol>
      <symbol id="sm-545">
         <name>TI_memset_small</name>
         <value>0x4c75</value>
         <object_component_ref idref="oc-12a"/>
      </symbol>
      <symbol id="sm-546">
         <name>__TI_static_base__</name>
         <value>0x0</value>
      </symbol>
      <symbol id="sm-54a">
         <name>__mpu_init</name>
         <value>0x0</value>
      </symbol>
      <symbol id="sm-54b">
         <name>_system_post_cinit</name>
         <value>0x0</value>
      </symbol>
   </symbol_table>
   <title>Link successful</title>
</link_info>
