******************************************************************************
            TI ARM Clang Linker PC v4.0.3                      
******************************************************************************
>> Linked Sat May  2 11:32:33 2026

OUTPUT FILE NAME:   <LittleCar.out>
ENTRY POINT SYMBOL: "_c_int00_noargs"  address: 00004499


MEMORY CONFIGURATION

         name            origin    length      used     unused   attr    fill
----------------------  --------  ---------  --------  --------  ----  --------
  FLASH                 00000000   00020000  00005790  0001a870  R  X
  SRAM                  20200000   00008000  00002466  00005b9a  RW X
  BCR_CONFIG            41c00000   000000ff  00000000  000000ff  R   
  BSL_CONFIG            41c00100   00000080  00000000  00000080  R   


SEGMENT ALLOCATION MAP

run origin  load origin   length   init length attrs members
----------  ----------- ---------- ----------- ----- -------
00000000    00000000    00005790   00005790    r-x
  00000000    00000000    000000c0   000000c0    r-- .intvecs
  000000c0    000000c0    00004bd0   00004bd0    r-x .text
  00004c90    00004c90    00000a90   00000a90    r-- .rodata
  00005720    00005720    00000070   00000070    r-- .cinit
20200000    20200000    00002268   00000000    rw-
  20200000    20200000    00001fb6   00000000    rw- .data
  20201fb8    20201fb8    000002b0   00000000    rw- .bss
20207e00    20207e00    00000200   00000000    rw-
  20207e00    20207e00    00000200   00000000    rw- .stack


SECTION ALLOCATION MAP

 output                                  attributes/
section   page    origin      length       input sections
--------  ----  ----------  ----------   ----------------
.intvecs   0    00000000    000000c0     
                  00000000    000000c0     startup_mspm0g350x_ticlang.o (.intvecs)

.text      0    000000c0    00004bd0     
                  000000c0    000009d0     libc.a : _printfi.c.obj (.text:__TI_printfi)
                  00000a90    00000368     interrupt.o (.text.UART0_IRQHandler)
                  00000df8    00000220     libc.a : _printfi.c.obj (.text._pconv_a)
                  00001018    00000214     move.o (.text.Tracking)
                  0000122c    00000200     ti_msp_dl_config.o (.text.SYSCFG_DL_GPIO_init)
                  0000142c    000001dc     libc.a : _printfi.c.obj (.text._pconv_g)
                  00001608    00000192     libclang_rt.builtins.a : adddf3.S.obj (.text.adddf3_subdf3)
                  0000179a    00000002     ultrasonic_gpio.o (.text.Ultrasonic_Init)
                  0000179c    00000144     assignment.o (.text.AssignmentChoose)
                  000018e0    0000013c     libc.a : _printfi.c.obj (.text.fcvt)
                  00001a1c    00000124     turn.o (.text.Left_Turn)
                  00001b40    00000124     turn.o (.text.Right_Turn)
                  00001c64    00000120     libc.a : _printfi.c.obj (.text._pconv_e)
                  00001d84    00000118     oled_software_i2c.o (.text.OLED_ShowChar)
                  00001e9c    0000010c     libclang_rt.builtins.a : divdf3.S.obj (.text.__divdf3)
                  00001fa8    00000104     driverlib.a : dl_timer.o (.text.DL_Timer_initFourCCPWMMode)
                  000020ac    00000104     main.o (.text.main)
                  000021b0    000000fa     oled_software_i2c.o (.text.OLED_Init)
                  000022aa    00000002     libclang_rt.builtins.a : aeabi_div0.c.obj (.text.__aeabi_idiv0)
                  000022ac    000000f0     move.o (.text.track_deal_sensor)
                  0000239c    000000e8     driverlib.a : dl_timer.o (.text.DL_Timer_initTimerMode)
                  00002484    000000e4     libclang_rt.builtins.a : muldf3.S.obj (.text.__muldf3)
                  00002568    000000dc     driverlib.a : dl_sysctl_mspm0g1x0x_g3x0x.o (.text.DL_SYSCTL_configSYSPLL)
                  00002644    000000dc     move.o (.text.parking)
                  00002720    000000d8     libc.a : s_scalbn.c.obj (.text.scalbn)
                  000027f8    000000d8     libclang_rt.builtins.a : addsf3.S.obj (.text)
                  000028d0    000000c4     speed.o (.text.SpeedRead)
                  00002994    000000b8     assignment.o (.text.assignment3)
                  00002a4c    000000b0     ti_msp_dl_config.o (.text.SYSCFG_DL_initPower)
                  00002afc    000000ac     assignment.o (.text.assignment2)
                  00002ba8    000000a4     assignment.o (.text.assignment1)
                  00002c4c    000000a2     libclang_rt.builtins.a : udivmoddi4.S.obj (.text)
                  00002cee    00000002                            : aeabi_div0.c.obj (.text.__aeabi_ldiv0)
                  00002cf0    000000a0     assignment.o (.text.assignment4)
                  00002d90    0000009c     interrupt.o (.text.GROUP1_IRQHandler)
                  00002e2c    00000090     ti_msp_dl_config.o (.text.SYSCFG_DL_PWM_0_init)
                  00002ebc    00000090     ti_msp_dl_config.o (.text.SYSCFG_DL_PWM_SERVO_init)
                  00002f4c    0000008c     libclang_rt.builtins.a : mulsf3.S.obj (.text.__mulsf3)
                  00002fd8    00000084     Motor.o (.text.Left_Control)
                  0000305c    00000084     clock.o (.text.__NVIC_SetPriority)
                  000030e0    00000080     bluetooth.o (.text.Bluetooth_SendString)
                  00003160    00000080     Motor.o (.text.Right_Control)
                  000031e0    0000007c     oled_software_i2c.o (.text.Send_Byte)
                  0000325c    0000007c     libc.a : copy_decompress_lzss.c.obj (.text:decompress:lzss)
                  000032d8    00000074     libclang_rt.builtins.a : comparedf2.c.obj (.text.__gedf2)
                  0000334c    00000004     startup_mspm0g350x_ticlang.o (.text.Default_Handler)
                  00003350    00000074     libclang_rt.builtins.a : truncdfsf2.S.obj (.text.__truncdfsf2)
                  000033c4    00000070     oled_software_i2c.o (.text.OLED_ShowString)
                  00003434    0000006c     turn.o (.text.RangeLimite)
                  000034a0    0000006a     oled_software_i2c.o (.text.OLED_Clear)
                  0000350a    00000002     assignment.o (.text.assignment5)
                  0000350c    00000068     ti_msp_dl_config.o (.text.SYSCFG_DL_PWM_ULTRASONIC_init)
                  00003574    00000068     ti_msp_dl_config.o (.text.SYSCFG_DL_UART_WIT_init)
                  000035dc    00000068     libclang_rt.builtins.a : comparedf2.c.obj (.text.__ledf2)
                  00003644    00000066     libc.a : _printfi.c.obj (.text._mcpy)
                  000036aa    00000002     --HOLE-- [fill = 0]
                  000036ac    00000064     assignment.o (.text.LightAndSound)
                  00003710    00000062     libclang_rt.builtins.a : aeabi_dcmp.S.obj (.text.__aeabi_dcmp)
                  00003772    00000002     --HOLE-- [fill = 0]
                  00003774    00000062                            : aeabi_fcmp.S.obj (.text.__aeabi_fcmp)
                  000037d6    00000002     --HOLE-- [fill = 0]
                  000037d8    00000060     interrupt.o (.text.NonBlockDelay)
                  00003838    0000005c     libc.a : s_frexp.c.obj (.text.frexp)
                  00003894    00000058            : _ltoa.c.obj (.text.__TI_ltoa)
                  000038ec    00000058            : _printfi.c.obj (.text._pconv_f)
                  00003944    00000056     libclang_rt.builtins.a : aeabi_idivmod.S.obj (.text.__aeabi_idivmod)
                  0000399a    00000002     --HOLE-- [fill = 0]
                  0000399c    00000054     driverlib.a : dl_uart.o (.text.DL_UART_drainRXFIFO)
                  000039f0    00000052     libc.a : _printfi.c.obj (.text._ecpy)
                  00003a42    00000002     --HOLE-- [fill = 0]
                  00003a44    00000050     ti_msp_dl_config.o (.text.SYSCFG_DL_init)
                  00003a94    00000050     clock.o (.text.SysTick_Config)
                  00003ae4    0000004e     oled_software_i2c.o (.text.OLED_WR_Byte)
                  00003b32    00000002     --HOLE-- [fill = 0]
                  00003b34    0000004c     driverlib.a : dl_dma.o (.text.DL_DMA_initChannel)
                  00003b80    0000004c     ti_msp_dl_config.o (.text.DL_UART_setBaudRateDivisor)
                  00003bcc    0000004c     libc.a : snprintf.c.obj (.text.snprintf)
                  00003c18    0000004a     libclang_rt.builtins.a : fixdfsi.S.obj (.text.__fixdfsi)
                  00003c62    00000002     --HOLE-- [fill = 0]
                  00003c64    00000048     bluetooth.o (.text.Bluetooth_SendData)
                  00003cac    00000048     driverlib.a : dl_uart.o (.text.DL_UART_init)
                  00003cf4    00000044                 : dl_sysctl_mspm0g1x0x_g3x0x.o (.text.DL_SYSCTL_switchMCLKfromSYSOSCtoHSCLK)
                  00003d38    00000044     wit.o (.text.WIT_Init)
                  00003d7c    00000040     ti_msp_dl_config.o (.text.SYSCFG_DL_UART_BT_init)
                  00003dbc    00000040     libclang_rt.builtins.a : aeabi_uidivmod.S.obj (.text.__aeabi_uidivmod)
                  00003dfc    00000040                            : extendsfdf2.S.obj (.text.__extendsfdf2)
                  00003e3c    00000040     libc.a : atoi.c.obj (.text.atoi)
                  00003e7c    0000003c     ti_msp_dl_config.o (.text.DL_Timer_setCounterControl)
                  00003eb8    0000003c     oled_software_i2c.o (.text.OLED_Set_Pos)
                  00003ef4    0000003c     ti_msp_dl_config.o (.text.SYSCFG_DL_SYSCTL_init)
                  00003f30    0000003c     libclang_rt.builtins.a : floatsisf.S.obj (.text.__floatsisf)
                  00003f6c    0000003c                            : comparesf2.S.obj (.text.__gtsf2)
                  00003fa8    0000003c     libc.a : autoinit.c.obj (.text:__TI_auto_init_nobinit_nopinit)
                  00003fe4    0000003a     libclang_rt.builtins.a : comparesf2.S.obj (.text.__eqsf2)
                  0000401e    00000002     --HOLE-- [fill = 0]
                  00004020    0000003a                            : muldsi3.S.obj (.text.__muldsi3)
                  0000405a    00000002     --HOLE-- [fill = 0]
                  0000405c    00000038     oled_software_i2c.o (.text.I2C_Start)
                  00004094    00000038     libclang_rt.builtins.a : fixsfsi.S.obj (.text.__fixsfsi)
                  000040cc    00000038     libc.a : sprintf.c.obj (.text.sprintf)
                  00004104    00000034     ti_msp_dl_config.o (.text.DL_GPIO_initDigitalInputFeatures)
                  00004138    00000034     ti_msp_dl_config.o (.text.SYSCFG_DL_TIMER_0_init)
                  0000416c    00000034     assignment.o (.text.zeroparameter)
                  000041a0    00000030     interrupt.o (.text.DL_DMA_setTransferSize)
                  000041d0    00000030     wit.o (.text.DL_DMA_setTransferSize)
                  00004200    00000030     ti_msp_dl_config.o (.text.DL_GPIO_initDigitalOutputFeatures)
                  00004230    00000030     oled_software_i2c.o (.text.I2C_Stop)
                  00004260    00000030     oled_software_i2c.o (.text.I2C_WaitAck)
                  00004290    00000030     libc.a : _printfi.c.obj (.text._fcpy)
                  000042c0    00000030            : snprintf.c.obj (.text._outs)
                  000042f0    00000030     clock.o (.text.mspm0_delay_ms)
                  00004320    0000002c     ti_msp_dl_config.o (.text.SYSCFG_DL_TIMER_ULTRASONIC_init)
                  0000434c    0000002c     speed.o (.text.__NVIC_EnableIRQ)
                  00004378    0000002c     wit.o (.text.__NVIC_EnableIRQ)
                  000043a4    0000002c     libclang_rt.builtins.a : floatsidf.S.obj (.text.__floatsidf)
                  000043d0    00000028     ti_msp_dl_config.o (.text.DL_Common_updateReg)
                  000043f8    00000028     interrupt.o (.text.DL_DMA_setDestAddr)
                  00004420    00000028     wit.o (.text.DL_DMA_setDestAddr)
                  00004448    00000028     wit.o (.text.DL_DMA_setSrcAddr)
                  00004470    00000028     ti_msp_dl_config.o (.text.DL_UART_setRXFIFOThreshold)
                  00004498    00000028     libc.a : boot_cortex_m.c.obj (.text:_c_int00_noargs)
                  000044c0    00000026     interrupt.o (.text.DL_DMA_disableChannel)
                  000044e6    00000026     interrupt.o (.text.DL_DMA_enableChannel)
                  0000450c    00000026     wit.o (.text.DL_DMA_enableChannel)
                  00004532    00000002     --HOLE-- [fill = 0]
                  00004534    00000024     interrupt.o (.text.DL_DMA_getTransferSize)
                  00004558    00000024     ti_msp_dl_config.o (.text.DL_UART_setRXInterruptTimeout)
                  0000457c    00000024     libclang_rt.builtins.a : muldi3.S.obj (.text.__muldi3)
                  000045a0    00000022     libc.a : memccpy.c.obj (.text.memccpy)
                  000045c2    00000002     --HOLE-- [fill = 0]
                  000045c4    00000020     ti_msp_dl_config.o (.text.DL_GPIO_initPeripheralInputFunction)
                  000045e4    00000020     ti_msp_dl_config.o (.text.DL_SYSCTL_setFlashWaitState)
                  00004604    00000020     driverlib.a : dl_uart.o (.text.DL_UART_transmitDataBlocking)
                  00004624    0000001e     ti_msp_dl_config.o (.text.DL_UART_setOversampling)
                  00004642    00000002     --HOLE-- [fill = 0]
                  00004644    0000001e     libclang_rt.builtins.a : ashldi3.S.obj (.text.__ashldi3)
                  00004662    0000001e     move.o (.text.stop)
                  00004680    0000001c     interrupt.o (.text.DL_GPIO_clearInterruptStatus)
                  0000469c    0000001c     ti_msp_dl_config.o (.text.DL_GPIO_clearInterruptStatus)
                  000046b8    0000001c     ti_msp_dl_config.o (.text.DL_GPIO_enableInterrupt)
                  000046d4    0000001c     ti_msp_dl_config.o (.text.DL_GPIO_initPeripheralOutputFunction)
                  000046f0    0000001c     ti_msp_dl_config.o (.text.DL_GPIO_setLowerPinsPolarity)
                  0000470c    0000001c     ti_msp_dl_config.o (.text.DL_SYSCTL_setSYSOSCFreq)
                  00004728    0000001c     ti_msp_dl_config.o (.text.DL_SYSCTL_setULPCLKDivider)
                  00004744    0000001c     ti_msp_dl_config.o (.text.DL_Timer_enableInterrupt)
                  00004760    0000001c     driverlib.a : dl_timer.o (.text.DL_Timer_setCaptCompUpdateMethod)
                  0000477c    0000001c                 : dl_timer.o (.text.DL_Timer_setClockConfig)
                  00004798    0000001c     ti_msp_dl_config.o (.text.DL_UART_enableInterrupt)
                  000047b4    0000001c     speed.o (.text.Speed_Init)
                  000047d0    0000001c     interrupt.o (.text.TIMG0_IRQHandler)
                  000047ec    00000018     ti_msp_dl_config.o (.text.DL_GPIO_enableOutput)
                  00004804    00000018     ti_msp_dl_config.o (.text.DL_GPIO_enablePower)
                  0000481c    00000018     interrupt.o (.text.DL_GPIO_getEnabledInterruptStatus)
                  00004834    00000018     ti_msp_dl_config.o (.text.DL_GPIO_initDigitalOutput)
                  0000484c    00000018     ti_msp_dl_config.o (.text.DL_GPIO_reset)
                  00004864    00000018     Motor.o (.text.DL_GPIO_setPins)
                  0000487c    00000018     assignment.o (.text.DL_GPIO_setPins)
                  00004894    00000018     oled_software_i2c.o (.text.DL_GPIO_setPins)
                  000048ac    00000018     assignment.o (.text.DL_GPIO_togglePins)
                  000048c4    00000018     ti_msp_dl_config.o (.text.DL_SYSCTL_setBORThreshold)
                  000048dc    00000018     ti_msp_dl_config.o (.text.DL_Timer_enablePower)
                  000048f4    00000018     ti_msp_dl_config.o (.text.DL_Timer_reset)
                  0000490c    00000018     driverlib.a : dl_timer.o (.text.DL_Timer_setCaptureCompareOutCtl)
                  00004924    00000018     speed.o (.text.DL_Timer_startCounter)
                  0000493c    00000018     ti_msp_dl_config.o (.text.DL_UART_enableDMAReceiveEvent)
                  00004954    00000018     ti_msp_dl_config.o (.text.DL_UART_enableFIFOs)
                  0000496c    00000018     ti_msp_dl_config.o (.text.DL_UART_enablePower)
                  00004984    00000018     interrupt.o (.text.DL_UART_isRXFIFOEmpty)
                  0000499c    00000018     ti_msp_dl_config.o (.text.DL_UART_reset)
                  000049b4    00000018     ti_msp_dl_config.o (.text.SYSCFG_DL_DMA_WIT_init)
                  000049cc    00000018     clock.o (.text.SysTick_Init)
                  000049e4    00000018     libc.a : snprintf.c.obj (.text._outc)
                  000049fc    00000018            : sprintf.c.obj (.text._outs)
                  00004a14    00000016     interrupt.o (.text.DL_GPIO_readPins)
                  00004a2a    00000016     assignment.o (.text.DL_GPIO_readPins)
                  00004a40    00000016     move.o (.text.DL_GPIO_readPins)
                  00004a56    00000016     ti_msp_dl_config.o (.text.DL_UART_enable)
                  00004a6c    00000016     libc.a : copy_zero_init.c.obj (.text:decompress:ZI:__TI_zero_init_nomemset)
                  00004a82    00000014     Motor.o (.text.DL_GPIO_clearPins)
                  00004a96    00000014     assignment.o (.text.DL_GPIO_clearPins)
                  00004aaa    00000014     oled_software_i2c.o (.text.DL_GPIO_clearPins)
                  00004abe    00000014     ti_msp_dl_config.o (.text.DL_GPIO_clearPins)
                  00004ad2    00000002     --HOLE-- [fill = 0]
                  00004ad4    00000014     ti_msp_dl_config.o (.text.DL_SYSCTL_disableSYSPLL)
                  00004ae8    00000014     ti_msp_dl_config.o (.text.DL_Timer_enableClock)
                  00004afc    00000014     ti_msp_dl_config.o (.text.DL_Timer_setCCPDirection)
                  00004b10    00000014     interrupt.o (.text.DL_UART_receiveData)
                  00004b24    00000014     libclang_rt.builtins.a : aeabi_uldivmod.S.obj (.text.__aeabi_uldivmod)
                  00004b38    00000014     assignment.o (.text.assignment0)
                  00004b4c    00000014     libc.a : _printfi.c.obj (.text.strchr)
                  00004b60    00000012     interrupt.o (.text.DL_Timer_getPendingInterrupt)
                  00004b72    00000012     driverlib.a : dl_uart.o (.text.DL_UART_setClockConfig)
                  00004b84    00000012     libc.a : memcpy16.S.obj (.text:TI_memcpy_small)
                  00004b96    00000012            : copy_decompress_none.c.obj (.text:decompress:none)
                  00004ba8    00000010     ti_msp_dl_config.o (.text.DL_SYSCTL_disableHFXT)
                  00004bb8    00000010     driverlib.a : dl_timer.o (.text.DL_Timer_setCaptureCompareValue)
                  00004bc8    00000010     interrupt.o (.text.SysTick_Handler)
                  00004bd8    00000010     oled_software_i2c.o (.text.delay_ms)
                  00004be8    00000010     libc.a : wcslen.c.obj (.text.wcslen)
                  00004bf8    0000000e     libclang_rt.builtins.a : aeabi_memset.S.obj (.text.__aeabi_memset)
                  00004c06    0000000e     libc.a : _printfi.c.obj (.text.strlen)
                  00004c14    0000000e            : memset16.S.obj (.text:TI_memset_small)
                  00004c22    0000000a     driverlib.a : dl_common.o (.text.DL_Common_delayCycles)
                  00004c2c    0000000a     libc.a : _printfi.c.obj (.text.OUTLINED_FUNCTION_0)
                  00004c36    00000002     --HOLE-- [fill = 0]
                  00004c38    00000010     libclang_rt.builtins.a : adddf3.S.obj (.tramp.__aeabi_dsub.1)
                  00004c48    0000000a     libc.a : _printfi.c.obj (.text.OUTLINED_FUNCTION_1)
                  00004c52    0000000a            : sprintf.c.obj (.text._outc)
                  00004c5c    00000008     ti_msp_dl_config.o (.text.SYSCFG_DL_DMA_init)
                  00004c64    00000008     libc.a : aeabi_portable.c.obj (.text.__aeabi_errno_addr)
                  00004c6c    00000008     libclang_rt.builtins.a : aeabi_memcpy.S.obj (.text.__aeabi_memcpy)
                  00004c74    00000006     libc.a : exit.c.obj (.text:abort)
                  00004c7a    00000004     libsysbm.a : hostexit.c.obj (.text.HOSTexit)
                  00004c7e    00000004     startup_mspm0g350x_ticlang.o (.text.Reset_Handler)
                  00004c82    00000004     libc.a : pre_init.c.obj (.text._system_pre_init)
                  00004c86    0000000a     --HOLE-- [fill = 0]

.cinit     0    00005720    00000070     
                  00005720    0000004b     (.cinit..data.load) [load image, compression = lzss]
                  0000576b    00000001     --HOLE-- [fill = 0]
                  0000576c    0000000c     (__TI_handler_table)
                  00005778    00000008     (.cinit..bss.load) [load image, compression = zero_init]
                  00005780    00000010     (__TI_cinit_table)

.rodata    0    00004c90    00000a90     
                  00004c90    000005f0     oled_software_i2c.o (.rodata.asc2_1608)
                  00005280    00000228     oled_software_i2c.o (.rodata.asc2_0806)
                  000054a8    00000008     ti_msp_dl_config.o (.rodata.gPWM_0Config)
                  000054b0    00000101     libc.a : aeabi_ctype.S.obj (.rodata:__aeabi_ctype_table_)
                  000055b1    00000003     ti_msp_dl_config.o (.rodata.gPWM_0ClockConfig)
                  000055b4    00000028     ti_msp_dl_config.o (.rodata.gSYSPLLConfig)
                  000055dc    0000001b     assignment.o (.rodata.str1.14642066418101282876.1)
                  000055f7    00000001     --HOLE-- [fill = 0]
                  000055f8    00000018     ti_msp_dl_config.o (.rodata.gDMA_WITConfig)
                  00005610    00000014     ti_msp_dl_config.o (.rodata.gTIMER_0TimerConfig)
                  00005624    00000014     ti_msp_dl_config.o (.rodata.gTIMER_ULTRASONICTimerConfig)
                  00005638    00000013     bluetooth.o (.rodata.str1.17966125886390595526.1)
                  0000564b    00000011     libc.a : _printfi.c.obj (.rodata.str1.10348868589481759720.1)
                  0000565c    00000011            : _printfi.c.obj (.rodata.str1.15363888844622738466.1)
                  0000566d    0000000c     assignment.o (.rodata.str1.881729555231519297.1)
                  00005679    00000001     --HOLE-- [fill = 0]
                  0000567a    0000000a     ti_msp_dl_config.o (.rodata.gUART_BTConfig)
                  00005684    0000000a     ti_msp_dl_config.o (.rodata.gUART_WITConfig)
                  0000568e    0000000a     main.o (.rodata.str1.15159059442110792349.1)
                  00005698    0000000a     assignment.o (.rodata.str1.499403785858297772.1)
                  000056a2    0000000a     main.o (.rodata.str1.8154729771448623357.1)
                  000056ac    00000009     assignment.o (.rodata.str1.15410282566580952954.1)
                  000056b5    00000009     assignment.o (.rodata.str1.1628366750994360904.1)
                  000056be    00000009     assignment.o (.rodata.str1.6362292075570814757.1)
                  000056c7    00000009     assignment.o (.rodata.str1.8372792836397371563.1)
                  000056d0    00000008     ti_msp_dl_config.o (.rodata.gPWM_SERVOConfig)
                  000056d8    00000008     ti_msp_dl_config.o (.rodata.gPWM_ULTRASONICConfig)
                  000056e0    00000008     main.o (.rodata.str1.18227636981041470289.1)
                  000056e8    00000007     main.o (.rodata.str1.12180500075719773345.1)
                  000056ef    00000007     assignment.o (.rodata.str1.12916219474257230738.1)
                  000056f6    00000005     main.o (.rodata.str1.17100691992556644108.1)
                  000056fb    00000003     ti_msp_dl_config.o (.rodata.gPWM_SERVOClockConfig)
                  000056fe    00000003     ti_msp_dl_config.o (.rodata.gPWM_ULTRASONICClockConfig)
                  00005701    00000003     ti_msp_dl_config.o (.rodata.gTIMER_0ClockConfig)
                  00005704    00000003     ti_msp_dl_config.o (.rodata.gTIMER_ULTRASONICClockConfig)
                  00005707    00000003     main.o (.rodata.str1.2846389346932560359.1)
                  0000570a    00000003     assignment.o (.rodata.str1.5388786565809706530.1)
                  0000570d    00000002     ti_msp_dl_config.o (.rodata.gUART_BTClockConfig)
                  0000570f    00000002     ti_msp_dl_config.o (.rodata.gUART_WITClockConfig)
                  00005711    0000000f     --HOLE-- [fill = 0]

.init_array 
*          0    00000000    00000000     UNINITIALIZED

.binit     0    00000000    00000000     

.data      0    20200000    00001fb6     UNINITIALIZED
                  20200000    00000fa0     speed.o (.data.SpeLeft)
                  20200fa0    00000fa0     speed.o (.data.SpeRight)
                  20201f40    00000020     main.o (.data.assignment_function)
                  20201f60    00000010     assignment.o (.data.shapeStrings)
                  20201f70    00000008     turn.o (.data.Turntimer)
                  20201f78    00000008     move.o (.data.x)
                  20201f80    00000004     turn.o (.data.Current_Dir)
                  20201f84    00000004     turn.o (.data.Left_Turn.turn_step)
                  20201f88    00000004     speed.o (.data.Left_count)
                  20201f8c    00000004     turn.o (.data.Right_Turn.turn_step)
                  20201f90    00000004     speed.o (.data.Right_count)
                  20201f94    00000004     libc.a : aeabi_portable.c.obj (.data.__aeabi_errno)
                  20201f98    00000004     move.o (.data.irSpeed)
                  20201f9c    00000004     assignment.o (.data.l1)
                  20201fa0    00000004     assignment.o (.data.l2)
                  20201fa4    00000004     speed.o (.data.l)
                  20201fa8    00000004     speed.o (.data.r)
                  20201fac    00000002     move.o (.data.IrSensorNumber)
                  20201fae    00000001     turn.o (.data.CrossingFlag)
                  20201faf    00000001     assignment.o (.data.LeftTurnFlag)
                  20201fb0    00000001     assignment.o (.data.RightTurnFlag)
                  20201fb1    00000001     assignment.o (.data.TurnOverFlag)
                  20201fb2    00000001     assignment.o (.data.assignmentFlag)
                  20201fb3    00000001     assignment.o (.data.shapeFlag)
                  20201fb4    00000001     turn.o (.data.turnCompleted)
                  20201fb5    00000001     turn.o (.data.turnFlag)

.bss       0    20201fb8    000002b0     UNINITIALIZED
                  20201fb8    000000bc     (.common:gPWM_0Backup)
                  20202074    000000bc     (.common:gTIMER_ULTRASONICBackup)
                  20202130    000000a0     (.common:gPWM_SERVOBackup)
                  202021d0    00000040     (.common:oled_buffer)
                  20202210    00000021     (.common:wit_dmaBuffer)
                  20202231    00000003     --HOLE--
                  20202234    00000020     (.common:wit_data)
                  20202254    00000004     speed.o (.bss.SpeedRead.Last_Left_count)
                  20202258    00000004     speed.o (.bss.SpeedRead.Last_Right_count)
                  2020225c    00000004     (.common:Target_Dir)
                  20202260    00000004     (.common:start_time)
                  20202264    00000004     (.common:tick_ms)

.stack     0    20207e00    00000200     UNINITIALIZED
                  20207e00    00000004     libc.a : boot_cortex_m.c.obj (.stack)
                  20207e04    000001fc     --HOLE--

__llvm_prf_cnts 
*          0    20200000    00000000     UNINITIALIZED

__llvm_prf_bits 
*          0    20200000    00000000     UNINITIALIZED

MODULE SUMMARY

       Module                         code    ro data   rw data
       ------                         ----    -------   -------
    .\
       ti_msp_dl_config.o             2568    167       536    
       main.o                         260     43        96     
       startup_mspm0g350x_ticlang.o   8       192       0      
    +--+------------------------------+-------+---------+---------+
       Total:                         2836    402       632    
                                                               
    .\AssignmentChoose\
       assignment.o                   1268    95        29     
    +--+------------------------------+-------+---------+---------+
       Total:                         1268    95        29     
                                                               
    .\Drivers\Bluetooth\
       bluetooth.o                    200     19        0      
    +--+------------------------------+-------+---------+---------+
       Total:                         200     19        0      
                                                               
    .\Drivers\MSPM0\
       interrupt.o                    1132    0         0      
       clock.o                        284     0         8      
    +--+------------------------------+-------+---------+---------+
       Total:                         1416    0         8      
                                                               
    .\Drivers\Motor\
       Motor.o                        304     0         0      
    +--+------------------------------+-------+---------+---------+
       Total:                         304     0         0      
                                                               
    .\Drivers\OLED_Software_I2C\
       oled_software_i2c.o            1222    2072      0      
    +--+------------------------------+-------+---------+---------+
       Total:                         1222    2072      0      
                                                               
    .\Drivers\Ultrasonic_GPIO\
       ultrasonic_gpio.o              2       0         0      
    +--+------------------------------+-------+---------+---------+
       Total:                         2       0         0      
                                                               
    .\Drivers\WIT\
       wit.o                          278     0         65     
    +--+------------------------------+-------+---------+---------+
       Total:                         278     0         65     
                                                               
    .\INTERRUPT\
       interrupt.o                    372     0         0      
    +--+------------------------------+-------+---------+---------+
       Total:                         372     0         0      
                                                               
    .\Move\
       move.o                         1044    0         14     
    +--+------------------------------+-------+---------+---------+
       Total:                         1044    0         14     
                                                               
    .\SPEED\
       speed.o                        292     0         8024   
    +--+------------------------------+-------+---------+---------+
       Total:                         292     0         8024   
                                                               
    .\TURN\
       turn.o                         692     0         27     
    +--+------------------------------+-------+---------+---------+
       Total:                         692     0         27     
                                                               
    F:/TI/mspm0_sdk_2_05_00_05/source/ti/driverlib/lib/ticlang/m0p/mspm0g1x0x_g3x0x/driverlib.a
       dl_timer.o                     588     0         0      
       dl_sysctl_mspm0g1x0x_g3x0x.o   288     0         0      
       dl_uart.o                      206     0         0      
       dl_dma.o                       76      0         0      
       dl_common.o                    10      0         0      
    +--+------------------------------+-------+---------+---------+
       Total:                         1168    0         0      
                                                               
    F:\TI\ccs\tools\compiler\ti-cgt-armllvm_4.0.3.LTS\lib\armv6m-ti-none-eabi/c/libc.a
       _printfi.c.obj                 4510    34        0      
       aeabi_ctype.S.obj              0       257       0      
       s_scalbn.c.obj                 216     0         0      
       snprintf.c.obj                 148     0         0      
       copy_decompress_lzss.c.obj     124     0         0      
       s_frexp.c.obj                  92      0         0      
       sprintf.c.obj                  90      0         0      
       _ltoa.c.obj                    88      0         0      
       atoi.c.obj                     64      0         0      
       autoinit.c.obj                 60      0         0      
       boot_cortex_m.c.obj            40      0         0      
       memccpy.c.obj                  34      0         0      
       copy_zero_init.c.obj           22      0         0      
       copy_decompress_none.c.obj     18      0         0      
       memcpy16.S.obj                 18      0         0      
       wcslen.c.obj                   16      0         0      
       memset16.S.obj                 14      0         0      
       aeabi_portable.c.obj           8       0         4      
       exit.c.obj                     6       0         0      
       pre_init.c.obj                 4       0         0      
    +--+------------------------------+-------+---------+---------+
       Total:                         5572    291       4      
                                                               
    F:\TI\ccs\tools\compiler\ti-cgt-armllvm_4.0.3.LTS\lib\armv6m-ti-none-eabi/c/libsysbm.a
       hostexit.c.obj                 4       0         0      
    +--+------------------------------+-------+---------+---------+
       Total:                         4       0         0      
                                                               
    F:\TI\ccs\tools\compiler\ti-cgt-armllvm_4.0.3.LTS\lib\armv6m-ti-none-eabi/libclang_rt.builtins.a
       adddf3.S.obj                   418     0         0      
       divdf3.S.obj                   268     0         0      
       muldf3.S.obj                   228     0         0      
       comparedf2.c.obj               220     0         0      
       addsf3.S.obj                   216     0         0      
       udivmoddi4.S.obj               162     0         0      
       mulsf3.S.obj                   140     0         0      
       comparesf2.S.obj               118     0         0      
       truncdfsf2.S.obj               116     0         0      
       aeabi_dcmp.S.obj               98      0         0      
       aeabi_fcmp.S.obj               98      0         0      
       aeabi_idivmod.S.obj            86      0         0      
       fixdfsi.S.obj                  74      0         0      
       aeabi_uidivmod.S.obj           64      0         0      
       extendsfdf2.S.obj              64      0         0      
       floatsisf.S.obj                60      0         0      
       muldsi3.S.obj                  58      0         0      
       fixsfsi.S.obj                  56      0         0      
       floatsidf.S.obj                44      0         0      
       muldi3.S.obj                   36      0         0      
       ashldi3.S.obj                  30      0         0      
       aeabi_uldivmod.S.obj           20      0         0      
       aeabi_memset.S.obj             14      0         0      
       aeabi_memcpy.S.obj             8       0         0      
       aeabi_div0.c.obj               4       0         0      
    +--+------------------------------+-------+---------+---------+
       Total:                         2700    0         0      
                                                               
       Stack:                         0       0         512    
       Linker Generated:              0       111       0      
    +--+------------------------------+-------+---------+---------+
       Grand Total:                   19370   2990      9315   


LINKER GENERATED COPY TABLES

__TI_cinit_table @ 00005780 records: 2, size/record: 8, table size: 16
	.data: load addr=00005720, load size=0000004b bytes, run addr=20200000, run size=00001fb6 bytes, compression=lzss
	.bss: load addr=00005778, load size=00000008 bytes, run addr=20201fb8, run size=000002b0 bytes, compression=zero_init


LINKER GENERATED HANDLER TABLE

__TI_handler_table @ 0000576c records: 3, size/record: 4, table size: 12
	index: 0, handler: __TI_decompress_lzss
	index: 1, handler: __TI_decompress_none
	index: 2, handler: __TI_zero_init


FAR CALL TRAMPOLINES

callee name               trampoline name
   callee addr  tramp addr   call addr  call info
--------------  -----------  ---------  ----------------
__aeabi_dsub              $Tramp$TT$L$PI$$__aeabi_dsub
   00001609     00004c38     00004c34   libc.a : _printfi.c.obj (.text.OUTLINED_FUNCTION_0)

[1 trampolines]
[1 trampoline calls]


GLOBAL SYMBOLS: SORTED ALPHABETICALLY BY Name 

address   name                                 
-------   ----                                 
0000334d  ADC0_IRQHandler                      
0000334d  ADC1_IRQHandler                      
0000334d  AES_IRQHandler                       
0000179d  AssignmentChoose                     
00003c65  Bluetooth_SendData                   
000030e1  Bluetooth_SendString                 
00004c7a  C$$EXIT                              
0000334d  CANFD0_IRQHandler                    
20201fae  CrossingFlag                         
20201f80  Current_Dir                          
0000334d  DAC0_IRQHandler                      
00004c23  DL_Common_delayCycles                
00003b35  DL_DMA_initChannel                   
00002569  DL_SYSCTL_configSYSPLL               
00003cf5  DL_SYSCTL_switchMCLKfromSYSOSCtoHSCLK
00001fa9  DL_Timer_initFourCCPWMMode           
0000239d  DL_Timer_initTimerMode               
00004761  DL_Timer_setCaptCompUpdateMethod     
0000490d  DL_Timer_setCaptureCompareOutCtl     
00004bb9  DL_Timer_setCaptureCompareValue      
0000477d  DL_Timer_setClockConfig              
0000399d  DL_UART_drainRXFIFO                  
00003cad  DL_UART_init                         
00004b73  DL_UART_setClockConfig               
00004605  DL_UART_transmitDataBlocking         
0000334d  DMA_IRQHandler                       
0000334d  Default_Handler                      
0000334d  GROUP0_IRQHandler                    
00002d91  GROUP1_IRQHandler                    
00004c7b  HOSTexit                             
0000334d  HardFault_Handler                    
0000334d  I2C0_IRQHandler                      
0000334d  I2C1_IRQHandler                      
0000405d  I2C_Start                            
00004231  I2C_Stop                             
00004261  I2C_WaitAck                          
20201fac  IrSensorNumber                       
20201faf  LeftTurnFlag                         
00002fd9  Left_Control                         
00001a1d  Left_Turn                            
20201f88  Left_count                           
000036ad  LightAndSound                        
0000334d  NMI_Handler                          
000037d9  NonBlockDelay                        
000034a1  OLED_Clear                           
000021b1  OLED_Init                            
00003eb9  OLED_Set_Pos                         
00001d85  OLED_ShowChar                        
000033c5  OLED_ShowString                      
00003ae5  OLED_WR_Byte                         
0000334d  PendSV_Handler                       
0000334d  RTC_IRQHandler                       
00003435  RangeLimite                          
00004c7f  Reset_Handler                        
20201fb0  RightTurnFlag                        
00003161  Right_Control                        
00001b41  Right_Turn                           
20201f90  Right_count                          
0000334d  SPI0_IRQHandler                      
0000334d  SPI1_IRQHandler                      
0000334d  SVC_Handler                          
000049b5  SYSCFG_DL_DMA_WIT_init               
00004c5d  SYSCFG_DL_DMA_init                   
0000122d  SYSCFG_DL_GPIO_init                  
00002e2d  SYSCFG_DL_PWM_0_init                 
00002ebd  SYSCFG_DL_PWM_SERVO_init             
0000350d  SYSCFG_DL_PWM_ULTRASONIC_init        
00003ef5  SYSCFG_DL_SYSCTL_init                
00004139  SYSCFG_DL_TIMER_0_init               
00004321  SYSCFG_DL_TIMER_ULTRASONIC_init      
00003d7d  SYSCFG_DL_UART_BT_init               
00003575  SYSCFG_DL_UART_WIT_init              
00003a45  SYSCFG_DL_init                       
00002a4d  SYSCFG_DL_initPower                  
000031e1  Send_Byte                            
20200000  SpeLeft                              
20200fa0  SpeRight                             
000028d1  SpeedRead                            
000047b5  Speed_Init                           
00004bc9  SysTick_Handler                      
000049cd  SysTick_Init                         
0000334d  TIMA0_IRQHandler                     
0000334d  TIMA1_IRQHandler                     
000047d1  TIMG0_IRQHandler                     
0000334d  TIMG12_IRQHandler                    
0000334d  TIMG6_IRQHandler                     
0000334d  TIMG7_IRQHandler                     
0000334d  TIMG8_IRQHandler                     
00004b85  TI_memcpy_small                      
00004c15  TI_memset_small                      
2020225c  Target_Dir                           
00001019  Tracking                             
20201fb1  TurnOverFlag                         
00000a91  UART0_IRQHandler                     
0000334d  UART1_IRQHandler                     
0000334d  UART2_IRQHandler                     
0000334d  UART3_IRQHandler                     
0000179b  Ultrasonic_Init                      
00003d39  WIT_Init                             
20208000  __STACK_END                          
00000200  __STACK_SIZE                         
00000000  __TI_ATRegion0_region_sz             
00000000  __TI_ATRegion0_src_addr              
00000000  __TI_ATRegion0_trg_addr              
00000000  __TI_ATRegion1_region_sz             
00000000  __TI_ATRegion1_src_addr              
00000000  __TI_ATRegion1_trg_addr              
00000000  __TI_ATRegion2_region_sz             
00000000  __TI_ATRegion2_src_addr              
00000000  __TI_ATRegion2_trg_addr              
00005780  __TI_CINIT_Base                      
00005790  __TI_CINIT_Limit                     
00005790  __TI_CINIT_Warm                      
0000576c  __TI_Handler_Table_Base              
00005778  __TI_Handler_Table_Limit             
00003fa9  __TI_auto_init_nobinit_nopinit       
0000325d  __TI_decompress_lzss                 
00004b97  __TI_decompress_none                 
00003895  __TI_ltoa                            
ffffffff  __TI_pprof_out_hndl                  
000000c1  __TI_printfi                         
ffffffff  __TI_prof_data_size                  
ffffffff  __TI_prof_data_start                 
00000000  __TI_static_base__                   
00004a6d  __TI_zero_init_nomemset              
00001613  __adddf3                             
00002803  __addsf3                             
000054b0  __aeabi_ctype_table_                 
000054b0  __aeabi_ctype_table_C                
00003351  __aeabi_d2f                          
00003c19  __aeabi_d2iz                         
00001613  __aeabi_dadd                         
00003711  __aeabi_dcmpeq                       
0000374d  __aeabi_dcmpge                       
00003761  __aeabi_dcmpgt                       
00003739  __aeabi_dcmple                       
00003725  __aeabi_dcmplt                       
00001e9d  __aeabi_ddiv                         
00002485  __aeabi_dmul                         
00001609  __aeabi_dsub                         
20201f94  __aeabi_errno                        
00004c65  __aeabi_errno_addr                   
00003dfd  __aeabi_f2d                          
00004095  __aeabi_f2iz                         
00002803  __aeabi_fadd                         
00003775  __aeabi_fcmpeq                       
000037b1  __aeabi_fcmpge                       
000037c5  __aeabi_fcmpgt                       
0000379d  __aeabi_fcmple                       
00003789  __aeabi_fcmplt                       
00002f4d  __aeabi_fmul                         
000027f9  __aeabi_fsub                         
000043a5  __aeabi_i2d                          
00003f31  __aeabi_i2f                          
00003945  __aeabi_idiv                         
000022ab  __aeabi_idiv0                        
00003945  __aeabi_idivmod                      
00002cef  __aeabi_ldiv0                        
00004645  __aeabi_llsl                         
0000457d  __aeabi_lmul                         
00004c6d  __aeabi_memcpy                       
00004c6d  __aeabi_memcpy4                      
00004c6d  __aeabi_memcpy8                      
00004bf9  __aeabi_memset                       
00004bf9  __aeabi_memset4                      
00004bf9  __aeabi_memset8                      
00003dbd  __aeabi_uidiv                        
00003dbd  __aeabi_uidivmod                     
00004b25  __aeabi_uldivmod                     
00004645  __ashldi3                            
ffffffff  __binit__                            
000035dd  __cmpdf2                             
00003fe5  __cmpsf2                             
00001e9d  __divdf3                             
000035dd  __eqdf2                              
00003fe5  __eqsf2                              
00003dfd  __extendsfdf2                        
00003c19  __fixdfsi                            
00004095  __fixsfsi                            
000043a5  __floatsidf                          
00003f31  __floatsisf                          
000032d9  __gedf2                              
00003f6d  __gesf2                              
000032d9  __gtdf2                              
00003f6d  __gtsf2                              
000035dd  __ledf2                              
00003fe5  __lesf2                              
000035dd  __ltdf2                              
00003fe5  __ltsf2                              
UNDEFED   __mpu_init                           
00002485  __muldf3                             
0000457d  __muldi3                             
00004021  __muldsi3                            
00002f4d  __mulsf3                             
000035dd  __nedf2                              
00003fe5  __nesf2                              
20207e00  __stack                              
20200000  __start___llvm_prf_bits              
20200000  __start___llvm_prf_cnts              
20200000  __stop___llvm_prf_bits               
20200000  __stop___llvm_prf_cnts               
00001609  __subdf3                             
000027f9  __subsf3                             
00003351  __truncdfsf2                         
00002c4d  __udivmoddi4                         
00004499  _c_int00_noargs                      
UNDEFED   _system_post_cinit                   
00004c83  _system_pre_init                     
00004c75  abort                                
00005280  asc2_0806                            
00004c90  asc2_1608                            
00004b39  assignment0                          
00002ba9  assignment1                          
00002afd  assignment2                          
00002995  assignment3                          
00002cf1  assignment4                          
0000350b  assignment5                          
20201fb2  assignmentFlag                       
20201f40  assignment_function                  
00003e3d  atoi                                 
ffffffff  binit                                
00004bd9  delay_ms                             
00003839  frexp                                
00003839  frexpl                               
20201fb8  gPWM_0Backup                         
20202130  gPWM_SERVOBackup                     
20202074  gTIMER_ULTRASONICBackup              
00000000  interruptVectors                     
20201f98  irSpeed                              
20201fa4  l                                    
20201f9c  l1                                   
20201fa0  l2                                   
00002721  ldexp                                
00002721  ldexpl                               
000020ad  main                                 
000045a1  memccpy                              
000042f1  mspm0_delay_ms                       
202021d0  oled_buffer                          
00002645  parking                              
20201fa8  r                                    
00002721  scalbn                               
00002721  scalbnl                              
20201fb3  shapeFlag                            
20201f60  shapeStrings                         
00003bcd  snprintf                             
000040cd  sprintf                              
20202260  start_time                           
00004663  stop                                 
20202264  tick_ms                              
000022ad  track_deal_sensor                    
20201fb4  turnCompleted                        
20201fb5  turnFlag                             
00004be9  wcslen                               
20202234  wit_data                             
20202210  wit_dmaBuffer                        
20201f78  x                                    
0000416d  zeroparameter                        


GLOBAL SYMBOLS: SORTED BY Symbol Address 

address   name                                 
-------   ----                                 
00000000  __TI_ATRegion0_region_sz             
00000000  __TI_ATRegion0_src_addr              
00000000  __TI_ATRegion0_trg_addr              
00000000  __TI_ATRegion1_region_sz             
00000000  __TI_ATRegion1_src_addr              
00000000  __TI_ATRegion1_trg_addr              
00000000  __TI_ATRegion2_region_sz             
00000000  __TI_ATRegion2_src_addr              
00000000  __TI_ATRegion2_trg_addr              
00000000  __TI_static_base__                   
00000000  interruptVectors                     
000000c1  __TI_printfi                         
00000200  __STACK_SIZE                         
00000a91  UART0_IRQHandler                     
00001019  Tracking                             
0000122d  SYSCFG_DL_GPIO_init                  
00001609  __aeabi_dsub                         
00001609  __subdf3                             
00001613  __adddf3                             
00001613  __aeabi_dadd                         
0000179b  Ultrasonic_Init                      
0000179d  AssignmentChoose                     
00001a1d  Left_Turn                            
00001b41  Right_Turn                           
00001d85  OLED_ShowChar                        
00001e9d  __aeabi_ddiv                         
00001e9d  __divdf3                             
00001fa9  DL_Timer_initFourCCPWMMode           
000020ad  main                                 
000021b1  OLED_Init                            
000022ab  __aeabi_idiv0                        
000022ad  track_deal_sensor                    
0000239d  DL_Timer_initTimerMode               
00002485  __aeabi_dmul                         
00002485  __muldf3                             
00002569  DL_SYSCTL_configSYSPLL               
00002645  parking                              
00002721  ldexp                                
00002721  ldexpl                               
00002721  scalbn                               
00002721  scalbnl                              
000027f9  __aeabi_fsub                         
000027f9  __subsf3                             
00002803  __addsf3                             
00002803  __aeabi_fadd                         
000028d1  SpeedRead                            
00002995  assignment3                          
00002a4d  SYSCFG_DL_initPower                  
00002afd  assignment2                          
00002ba9  assignment1                          
00002c4d  __udivmoddi4                         
00002cef  __aeabi_ldiv0                        
00002cf1  assignment4                          
00002d91  GROUP1_IRQHandler                    
00002e2d  SYSCFG_DL_PWM_0_init                 
00002ebd  SYSCFG_DL_PWM_SERVO_init             
00002f4d  __aeabi_fmul                         
00002f4d  __mulsf3                             
00002fd9  Left_Control                         
000030e1  Bluetooth_SendString                 
00003161  Right_Control                        
000031e1  Send_Byte                            
0000325d  __TI_decompress_lzss                 
000032d9  __gedf2                              
000032d9  __gtdf2                              
0000334d  ADC0_IRQHandler                      
0000334d  ADC1_IRQHandler                      
0000334d  AES_IRQHandler                       
0000334d  CANFD0_IRQHandler                    
0000334d  DAC0_IRQHandler                      
0000334d  DMA_IRQHandler                       
0000334d  Default_Handler                      
0000334d  GROUP0_IRQHandler                    
0000334d  HardFault_Handler                    
0000334d  I2C0_IRQHandler                      
0000334d  I2C1_IRQHandler                      
0000334d  NMI_Handler                          
0000334d  PendSV_Handler                       
0000334d  RTC_IRQHandler                       
0000334d  SPI0_IRQHandler                      
0000334d  SPI1_IRQHandler                      
0000334d  SVC_Handler                          
0000334d  TIMA0_IRQHandler                     
0000334d  TIMA1_IRQHandler                     
0000334d  TIMG12_IRQHandler                    
0000334d  TIMG6_IRQHandler                     
0000334d  TIMG7_IRQHandler                     
0000334d  TIMG8_IRQHandler                     
0000334d  UART1_IRQHandler                     
0000334d  UART2_IRQHandler                     
0000334d  UART3_IRQHandler                     
00003351  __aeabi_d2f                          
00003351  __truncdfsf2                         
000033c5  OLED_ShowString                      
00003435  RangeLimite                          
000034a1  OLED_Clear                           
0000350b  assignment5                          
0000350d  SYSCFG_DL_PWM_ULTRASONIC_init        
00003575  SYSCFG_DL_UART_WIT_init              
000035dd  __cmpdf2                             
000035dd  __eqdf2                              
000035dd  __ledf2                              
000035dd  __ltdf2                              
000035dd  __nedf2                              
000036ad  LightAndSound                        
00003711  __aeabi_dcmpeq                       
00003725  __aeabi_dcmplt                       
00003739  __aeabi_dcmple                       
0000374d  __aeabi_dcmpge                       
00003761  __aeabi_dcmpgt                       
00003775  __aeabi_fcmpeq                       
00003789  __aeabi_fcmplt                       
0000379d  __aeabi_fcmple                       
000037b1  __aeabi_fcmpge                       
000037c5  __aeabi_fcmpgt                       
000037d9  NonBlockDelay                        
00003839  frexp                                
00003839  frexpl                               
00003895  __TI_ltoa                            
00003945  __aeabi_idiv                         
00003945  __aeabi_idivmod                      
0000399d  DL_UART_drainRXFIFO                  
00003a45  SYSCFG_DL_init                       
00003ae5  OLED_WR_Byte                         
00003b35  DL_DMA_initChannel                   
00003bcd  snprintf                             
00003c19  __aeabi_d2iz                         
00003c19  __fixdfsi                            
00003c65  Bluetooth_SendData                   
00003cad  DL_UART_init                         
00003cf5  DL_SYSCTL_switchMCLKfromSYSOSCtoHSCLK
00003d39  WIT_Init                             
00003d7d  SYSCFG_DL_UART_BT_init               
00003dbd  __aeabi_uidiv                        
00003dbd  __aeabi_uidivmod                     
00003dfd  __aeabi_f2d                          
00003dfd  __extendsfdf2                        
00003e3d  atoi                                 
00003eb9  OLED_Set_Pos                         
00003ef5  SYSCFG_DL_SYSCTL_init                
00003f31  __aeabi_i2f                          
00003f31  __floatsisf                          
00003f6d  __gesf2                              
00003f6d  __gtsf2                              
00003fa9  __TI_auto_init_nobinit_nopinit       
00003fe5  __cmpsf2                             
00003fe5  __eqsf2                              
00003fe5  __lesf2                              
00003fe5  __ltsf2                              
00003fe5  __nesf2                              
00004021  __muldsi3                            
0000405d  I2C_Start                            
00004095  __aeabi_f2iz                         
00004095  __fixsfsi                            
000040cd  sprintf                              
00004139  SYSCFG_DL_TIMER_0_init               
0000416d  zeroparameter                        
00004231  I2C_Stop                             
00004261  I2C_WaitAck                          
000042f1  mspm0_delay_ms                       
00004321  SYSCFG_DL_TIMER_ULTRASONIC_init      
000043a5  __aeabi_i2d                          
000043a5  __floatsidf                          
00004499  _c_int00_noargs                      
0000457d  __aeabi_lmul                         
0000457d  __muldi3                             
000045a1  memccpy                              
00004605  DL_UART_transmitDataBlocking         
00004645  __aeabi_llsl                         
00004645  __ashldi3                            
00004663  stop                                 
00004761  DL_Timer_setCaptCompUpdateMethod     
0000477d  DL_Timer_setClockConfig              
000047b5  Speed_Init                           
000047d1  TIMG0_IRQHandler                     
0000490d  DL_Timer_setCaptureCompareOutCtl     
000049b5  SYSCFG_DL_DMA_WIT_init               
000049cd  SysTick_Init                         
00004a6d  __TI_zero_init_nomemset              
00004b25  __aeabi_uldivmod                     
00004b39  assignment0                          
00004b73  DL_UART_setClockConfig               
00004b85  TI_memcpy_small                      
00004b97  __TI_decompress_none                 
00004bb9  DL_Timer_setCaptureCompareValue      
00004bc9  SysTick_Handler                      
00004bd9  delay_ms                             
00004be9  wcslen                               
00004bf9  __aeabi_memset                       
00004bf9  __aeabi_memset4                      
00004bf9  __aeabi_memset8                      
00004c15  TI_memset_small                      
00004c23  DL_Common_delayCycles                
00004c5d  SYSCFG_DL_DMA_init                   
00004c65  __aeabi_errno_addr                   
00004c6d  __aeabi_memcpy                       
00004c6d  __aeabi_memcpy4                      
00004c6d  __aeabi_memcpy8                      
00004c75  abort                                
00004c7a  C$$EXIT                              
00004c7b  HOSTexit                             
00004c7f  Reset_Handler                        
00004c83  _system_pre_init                     
00004c90  asc2_1608                            
00005280  asc2_0806                            
000054b0  __aeabi_ctype_table_                 
000054b0  __aeabi_ctype_table_C                
0000576c  __TI_Handler_Table_Base              
00005778  __TI_Handler_Table_Limit             
00005780  __TI_CINIT_Base                      
00005790  __TI_CINIT_Limit                     
00005790  __TI_CINIT_Warm                      
20200000  SpeLeft                              
20200000  __start___llvm_prf_bits              
20200000  __start___llvm_prf_cnts              
20200000  __stop___llvm_prf_bits               
20200000  __stop___llvm_prf_cnts               
20200fa0  SpeRight                             
20201f40  assignment_function                  
20201f60  shapeStrings                         
20201f78  x                                    
20201f80  Current_Dir                          
20201f88  Left_count                           
20201f90  Right_count                          
20201f94  __aeabi_errno                        
20201f98  irSpeed                              
20201f9c  l1                                   
20201fa0  l2                                   
20201fa4  l                                    
20201fa8  r                                    
20201fac  IrSensorNumber                       
20201fae  CrossingFlag                         
20201faf  LeftTurnFlag                         
20201fb0  RightTurnFlag                        
20201fb1  TurnOverFlag                         
20201fb2  assignmentFlag                       
20201fb3  shapeFlag                            
20201fb4  turnCompleted                        
20201fb5  turnFlag                             
20201fb8  gPWM_0Backup                         
20202074  gTIMER_ULTRASONICBackup              
20202130  gPWM_SERVOBackup                     
202021d0  oled_buffer                          
20202210  wit_dmaBuffer                        
20202234  wit_data                             
2020225c  Target_Dir                           
20202260  start_time                           
20202264  tick_ms                              
20207e00  __stack                              
20208000  __STACK_END                          
ffffffff  __TI_pprof_out_hndl                  
ffffffff  __TI_prof_data_size                  
ffffffff  __TI_prof_data_start                 
ffffffff  __binit__                            
ffffffff  binit                                
UNDEFED   __mpu_init                           
UNDEFED   _system_post_cinit                   

[257 symbols]
