******************************************************************************
            TI ARM Clang Linker PC v4.0.3                      
******************************************************************************
>> Linked Fri May  1 21:07:24 2026

OUTPUT FILE NAME:   <ThreeLegsCar.out>
ENTRY POINT SYMBOL: "_c_int00_noargs"  address: 000046c1


MEMORY CONFIGURATION

         name            origin    length      used     unused   attr    fill
----------------------  --------  ---------  --------  --------  ----  --------
  FLASH                 00000000   00020000  00005a00  0001a600  R  X
  SRAM                  20200000   00008000  00002476  00005b8a  RW X
  BCR_CONFIG            41c00000   000000ff  00000000  000000ff  R   
  BSL_CONFIG            41c00100   00000080  00000000  00000080  R   


SEGMENT ALLOCATION MAP

run origin  load origin   length   init length attrs members
----------  ----------- ---------- ----------- ----- -------
00000000    00000000    00005a00   00005a00    r-x
  00000000    00000000    000000c0   000000c0    r-- .intvecs
  000000c0    000000c0    00004e40   00004e40    r-x .text
  00004f00    00004f00    00000a90   00000a90    r-- .rodata
  00005990    00005990    00000070   00000070    r-- .cinit
20200000    20200000    00002278   00000000    rw-
  20200000    20200000    00001fc6   00000000    rw- .data
  20201fc8    20201fc8    000002b0   00000000    rw- .bss
20207e00    20207e00    00000200   00000000    rw-
  20207e00    20207e00    00000200   00000000    rw- .stack


SECTION ALLOCATION MAP

 output                                  attributes/
section   page    origin      length       input sections
--------  ----  ----------  ----------   ----------------
.intvecs   0    00000000    000000c0     
                  00000000    000000c0     startup_mspm0g350x_ticlang.o (.intvecs)

.text      0    000000c0    00004e40     
                  000000c0    000009d0     libc.a : _printfi.c.obj (.text:__TI_printfi)
                  00000a90    00000368     interrupt.o (.text.UART0_IRQHandler)
                  00000df8    00000220     libc.a : _printfi.c.obj (.text._pconv_a)
                  00001018    00000214     move.o (.text.Tracking)
                  0000122c    00000200     ti_msp_dl_config.o (.text.SYSCFG_DL_GPIO_init)
                  0000142c    000001dc     libc.a : _printfi.c.obj (.text._pconv_g)
                  00001608    00000192     libclang_rt.builtins.a : adddf3.S.obj (.text.adddf3_subdf3)
                  0000179a    00000002     ultrasonic_gpio.o (.text.Ultrasonic_Init)
                  0000179c    00000144     assignment.o (.text.AssignmentChoose)
                  000018e0    0000013c     libc.a : _printfi.c.obj (.text.fcvt)
                  00001a1c    00000124     turn.o (.text.Left_Turn)
                  00001b40    00000124     turn.o (.text.Right_Turn)
                  00001c64    00000120     libc.a : _printfi.c.obj (.text._pconv_e)
                  00001d84    00000118     oled_software_i2c.o (.text.OLED_ShowChar)
                  00001e9c    00000114     move.o (.text.Straight)
                  00001fb0    0000010c     libclang_rt.builtins.a : divdf3.S.obj (.text.__divdf3)
                  000020bc    00000104     driverlib.a : dl_timer.o (.text.DL_Timer_initFourCCPWMMode)
                  000021c0    00000104     main.o (.text.main)
                  000022c4    000000fa     oled_software_i2c.o (.text.OLED_Init)
                  000023be    00000002     libclang_rt.builtins.a : aeabi_div0.c.obj (.text.__aeabi_idiv0)
                  000023c0    000000f0     move.o (.text.track_deal_sensor)
                  000024b0    000000e8     driverlib.a : dl_timer.o (.text.DL_Timer_initTimerMode)
                  00002598    000000e4     libclang_rt.builtins.a : muldf3.S.obj (.text.__muldf3)
                  0000267c    000000dc     driverlib.a : dl_sysctl_mspm0g1x0x_g3x0x.o (.text.DL_SYSCTL_configSYSPLL)
                  00002758    000000dc     move.o (.text.parking)
                  00002834    000000d8     libc.a : s_scalbn.c.obj (.text.scalbn)
                  0000290c    000000d8     libclang_rt.builtins.a : addsf3.S.obj (.text)
                  000029e4    000000c4     speed.o (.text.SpeedRead)
                  00002aa8    000000b0     ti_msp_dl_config.o (.text.SYSCFG_DL_initPower)
                  00002b58    000000ac     move.o (.text.Chassis)
                  00002c04    000000ac     assignment.o (.text.assignment2)
                  00002cb0    000000a4     assignment.o (.text.assignment1)
                  00002d54    000000a2     libclang_rt.builtins.a : udivmoddi4.S.obj (.text)
                  00002df6    00000002                            : aeabi_div0.c.obj (.text.__aeabi_ldiv0)
                  00002df8    000000a0     assignment.o (.text.assignment5)
                  00002e98    0000009c     interrupt.o (.text.GROUP1_IRQHandler)
                  00002f34    00000090     ti_msp_dl_config.o (.text.SYSCFG_DL_PWM_0_init)
                  00002fc4    00000090     ti_msp_dl_config.o (.text.SYSCFG_DL_PWM_SERVO_init)
                  00003054    0000008c     libclang_rt.builtins.a : mulsf3.S.obj (.text.__mulsf3)
                  000030e0    00000084     Motor.o (.text.Left_Control)
                  00003164    00000084     clock.o (.text.__NVIC_SetPriority)
                  000031e8    00000080     bluetooth.o (.text.Bluetooth_SendString)
                  00003268    00000080     Motor.o (.text.Right_Control)
                  000032e8    0000007c     oled_software_i2c.o (.text.Send_Byte)
                  00003364    0000007c     assignment.o (.text.assignment4)
                  000033e0    0000007c     libc.a : copy_decompress_lzss.c.obj (.text:decompress:lzss)
                  0000345c    00000074     libclang_rt.builtins.a : comparedf2.c.obj (.text.__gedf2)
                  000034d0    00000074                            : truncdfsf2.S.obj (.text.__truncdfsf2)
                  00003544    00000070     oled_software_i2c.o (.text.OLED_ShowString)
                  000035b4    0000006c     turn.o (.text.RangeLimite)
                  00003620    0000006a     oled_software_i2c.o (.text.OLED_Clear)
                  0000368a    00000002     --HOLE-- [fill = 0]
                  0000368c    00000068     ti_msp_dl_config.o (.text.SYSCFG_DL_PWM_ULTRASONIC_init)
                  000036f4    00000068     ti_msp_dl_config.o (.text.SYSCFG_DL_UART_WIT_init)
                  0000375c    00000068     libclang_rt.builtins.a : comparedf2.c.obj (.text.__ledf2)
                  000037c4    00000066     libc.a : _printfi.c.obj (.text._mcpy)
                  0000382a    00000002     --HOLE-- [fill = 0]
                  0000382c    00000064     assignment.o (.text.LightAndSound)
                  00003890    00000062     libclang_rt.builtins.a : aeabi_dcmp.S.obj (.text.__aeabi_dcmp)
                  000038f2    00000002     --HOLE-- [fill = 0]
                  000038f4    00000062                            : aeabi_fcmp.S.obj (.text.__aeabi_fcmp)
                  00003956    00000002     --HOLE-- [fill = 0]
                  00003958    00000060     interrupt.o (.text.NonBlockDelay)
                  000039b8    0000005c     libc.a : s_frexp.c.obj (.text.frexp)
                  00003a14    00000058            : _ltoa.c.obj (.text.__TI_ltoa)
                  00003a6c    00000058            : _printfi.c.obj (.text._pconv_f)
                  00003ac4    00000056     libclang_rt.builtins.a : aeabi_idivmod.S.obj (.text.__aeabi_idivmod)
                  00003b1a    00000002     --HOLE-- [fill = 0]
                  00003b1c    00000054     driverlib.a : dl_uart.o (.text.DL_UART_drainRXFIFO)
                  00003b70    00000054     move.o (.text.trackingLeftTurn)
                  00003bc4    00000054     move.o (.text.trackingRightTurn)
                  00003c18    00000052     libc.a : _printfi.c.obj (.text._ecpy)
                  00003c6a    00000002     --HOLE-- [fill = 0]
                  00003c6c    00000050     ti_msp_dl_config.o (.text.SYSCFG_DL_init)
                  00003cbc    00000050     clock.o (.text.SysTick_Config)
                  00003d0c    0000004e     oled_software_i2c.o (.text.OLED_WR_Byte)
                  00003d5a    00000002     --HOLE-- [fill = 0]
                  00003d5c    0000004c     driverlib.a : dl_dma.o (.text.DL_DMA_initChannel)
                  00003da8    0000004c     ti_msp_dl_config.o (.text.DL_UART_setBaudRateDivisor)
                  00003df4    0000004c     libc.a : snprintf.c.obj (.text.snprintf)
                  00003e40    0000004a     libclang_rt.builtins.a : fixdfsi.S.obj (.text.__fixdfsi)
                  00003e8a    00000002     --HOLE-- [fill = 0]
                  00003e8c    00000048     bluetooth.o (.text.Bluetooth_SendData)
                  00003ed4    00000048     driverlib.a : dl_uart.o (.text.DL_UART_init)
                  00003f1c    00000044                 : dl_sysctl_mspm0g1x0x_g3x0x.o (.text.DL_SYSCTL_switchMCLKfromSYSOSCtoHSCLK)
                  00003f60    00000044     wit.o (.text.WIT_Init)
                  00003fa4    00000040     ti_msp_dl_config.o (.text.SYSCFG_DL_UART_BT_init)
                  00003fe4    00000040     libclang_rt.builtins.a : aeabi_uidivmod.S.obj (.text.__aeabi_uidivmod)
                  00004024    00000040                            : extendsfdf2.S.obj (.text.__extendsfdf2)
                  00004064    00000040     libc.a : atoi.c.obj (.text.atoi)
                  000040a4    0000003c     ti_msp_dl_config.o (.text.DL_Timer_setCounterControl)
                  000040e0    0000003c     oled_software_i2c.o (.text.OLED_Set_Pos)
                  0000411c    0000003c     ti_msp_dl_config.o (.text.SYSCFG_DL_SYSCTL_init)
                  00004158    0000003c     libclang_rt.builtins.a : floatsisf.S.obj (.text.__floatsisf)
                  00004194    0000003c                            : comparesf2.S.obj (.text.__gtsf2)
                  000041d0    0000003c     libc.a : autoinit.c.obj (.text:__TI_auto_init_nobinit_nopinit)
                  0000420c    0000003a     libclang_rt.builtins.a : comparesf2.S.obj (.text.__eqsf2)
                  00004246    00000002     --HOLE-- [fill = 0]
                  00004248    0000003a                            : muldsi3.S.obj (.text.__muldsi3)
                  00004282    00000002     --HOLE-- [fill = 0]
                  00004284    00000038     oled_software_i2c.o (.text.I2C_Start)
                  000042bc    00000038     libclang_rt.builtins.a : fixsfsi.S.obj (.text.__fixsfsi)
                  000042f4    00000038     libc.a : sprintf.c.obj (.text.sprintf)
                  0000432c    00000034     ti_msp_dl_config.o (.text.DL_GPIO_initDigitalInputFeatures)
                  00004360    00000034     ti_msp_dl_config.o (.text.SYSCFG_DL_TIMER_0_init)
                  00004394    00000034     assignment.o (.text.zeroparameter)
                  000043c8    00000030     interrupt.o (.text.DL_DMA_setTransferSize)
                  000043f8    00000030     wit.o (.text.DL_DMA_setTransferSize)
                  00004428    00000030     ti_msp_dl_config.o (.text.DL_GPIO_initDigitalOutputFeatures)
                  00004458    00000030     oled_software_i2c.o (.text.I2C_Stop)
                  00004488    00000030     oled_software_i2c.o (.text.I2C_WaitAck)
                  000044b8    00000030     libc.a : _printfi.c.obj (.text._fcpy)
                  000044e8    00000030            : snprintf.c.obj (.text._outs)
                  00004518    00000030     clock.o (.text.mspm0_delay_ms)
                  00004548    0000002c     ti_msp_dl_config.o (.text.SYSCFG_DL_TIMER_ULTRASONIC_init)
                  00004574    0000002c     speed.o (.text.__NVIC_EnableIRQ)
                  000045a0    0000002c     wit.o (.text.__NVIC_EnableIRQ)
                  000045cc    0000002c     libclang_rt.builtins.a : floatsidf.S.obj (.text.__floatsidf)
                  000045f8    00000028     ti_msp_dl_config.o (.text.DL_Common_updateReg)
                  00004620    00000028     interrupt.o (.text.DL_DMA_setDestAddr)
                  00004648    00000028     wit.o (.text.DL_DMA_setDestAddr)
                  00004670    00000028     wit.o (.text.DL_DMA_setSrcAddr)
                  00004698    00000028     ti_msp_dl_config.o (.text.DL_UART_setRXFIFOThreshold)
                  000046c0    00000028     libc.a : boot_cortex_m.c.obj (.text:_c_int00_noargs)
                  000046e8    00000026     interrupt.o (.text.DL_DMA_disableChannel)
                  0000470e    00000026     interrupt.o (.text.DL_DMA_enableChannel)
                  00004734    00000026     wit.o (.text.DL_DMA_enableChannel)
                  0000475a    00000002     --HOLE-- [fill = 0]
                  0000475c    00000024     interrupt.o (.text.DL_DMA_getTransferSize)
                  00004780    00000024     ti_msp_dl_config.o (.text.DL_UART_setRXInterruptTimeout)
                  000047a4    00000024     libclang_rt.builtins.a : muldi3.S.obj (.text.__muldi3)
                  000047c8    00000022     libc.a : memccpy.c.obj (.text.memccpy)
                  000047ea    00000002     --HOLE-- [fill = 0]
                  000047ec    00000020     ti_msp_dl_config.o (.text.DL_GPIO_initPeripheralInputFunction)
                  0000480c    00000020     ti_msp_dl_config.o (.text.DL_SYSCTL_setFlashWaitState)
                  0000482c    00000020     driverlib.a : dl_uart.o (.text.DL_UART_transmitDataBlocking)
                  0000484c    0000001e     ti_msp_dl_config.o (.text.DL_UART_setOversampling)
                  0000486a    00000002     --HOLE-- [fill = 0]
                  0000486c    0000001e     libclang_rt.builtins.a : ashldi3.S.obj (.text.__ashldi3)
                  0000488a    0000001e     move.o (.text.backwords)
                  000048a8    0000001e     move.o (.text.stop)
                  000048c6    00000002     --HOLE-- [fill = 0]
                  000048c8    0000001c     interrupt.o (.text.DL_GPIO_clearInterruptStatus)
                  000048e4    0000001c     ti_msp_dl_config.o (.text.DL_GPIO_clearInterruptStatus)
                  00004900    0000001c     ti_msp_dl_config.o (.text.DL_GPIO_enableInterrupt)
                  0000491c    0000001c     ti_msp_dl_config.o (.text.DL_GPIO_initPeripheralOutputFunction)
                  00004938    0000001c     ti_msp_dl_config.o (.text.DL_GPIO_setLowerPinsPolarity)
                  00004954    0000001c     ti_msp_dl_config.o (.text.DL_SYSCTL_setSYSOSCFreq)
                  00004970    0000001c     ti_msp_dl_config.o (.text.DL_SYSCTL_setULPCLKDivider)
                  0000498c    0000001c     ti_msp_dl_config.o (.text.DL_Timer_enableInterrupt)
                  000049a8    0000001c     driverlib.a : dl_timer.o (.text.DL_Timer_setCaptCompUpdateMethod)
                  000049c4    0000001c                 : dl_timer.o (.text.DL_Timer_setClockConfig)
                  000049e0    0000001c     ti_msp_dl_config.o (.text.DL_UART_enableInterrupt)
                  000049fc    0000001c     speed.o (.text.Speed_Init)
                  00004a18    0000001c     interrupt.o (.text.TIMG0_IRQHandler)
                  00004a34    00000018     ti_msp_dl_config.o (.text.DL_GPIO_enableOutput)
                  00004a4c    00000018     ti_msp_dl_config.o (.text.DL_GPIO_enablePower)
                  00004a64    00000018     interrupt.o (.text.DL_GPIO_getEnabledInterruptStatus)
                  00004a7c    00000018     ti_msp_dl_config.o (.text.DL_GPIO_initDigitalOutput)
                  00004a94    00000018     ti_msp_dl_config.o (.text.DL_GPIO_reset)
                  00004aac    00000018     Motor.o (.text.DL_GPIO_setPins)
                  00004ac4    00000018     assignment.o (.text.DL_GPIO_setPins)
                  00004adc    00000018     oled_software_i2c.o (.text.DL_GPIO_setPins)
                  00004af4    00000018     assignment.o (.text.DL_GPIO_togglePins)
                  00004b0c    00000018     ti_msp_dl_config.o (.text.DL_SYSCTL_setBORThreshold)
                  00004b24    00000018     ti_msp_dl_config.o (.text.DL_Timer_enablePower)
                  00004b3c    00000018     ti_msp_dl_config.o (.text.DL_Timer_reset)
                  00004b54    00000018     driverlib.a : dl_timer.o (.text.DL_Timer_setCaptureCompareOutCtl)
                  00004b6c    00000018     speed.o (.text.DL_Timer_startCounter)
                  00004b84    00000018     ti_msp_dl_config.o (.text.DL_UART_enableDMAReceiveEvent)
                  00004b9c    00000018     ti_msp_dl_config.o (.text.DL_UART_enableFIFOs)
                  00004bb4    00000018     ti_msp_dl_config.o (.text.DL_UART_enablePower)
                  00004bcc    00000018     interrupt.o (.text.DL_UART_isRXFIFOEmpty)
                  00004be4    00000018     ti_msp_dl_config.o (.text.DL_UART_reset)
                  00004bfc    00000018     ti_msp_dl_config.o (.text.SYSCFG_DL_DMA_WIT_init)
                  00004c14    00000018     clock.o (.text.SysTick_Init)
                  00004c2c    00000018     libc.a : snprintf.c.obj (.text._outc)
                  00004c44    00000018            : sprintf.c.obj (.text._outs)
                  00004c5c    00000016     interrupt.o (.text.DL_GPIO_readPins)
                  00004c72    00000016     assignment.o (.text.DL_GPIO_readPins)
                  00004c88    00000016     move.o (.text.DL_GPIO_readPins)
                  00004c9e    00000016     ti_msp_dl_config.o (.text.DL_UART_enable)
                  00004cb4    00000016     libc.a : copy_zero_init.c.obj (.text:decompress:ZI:__TI_zero_init_nomemset)
                  00004cca    00000014     Motor.o (.text.DL_GPIO_clearPins)
                  00004cde    00000014     assignment.o (.text.DL_GPIO_clearPins)
                  00004cf2    00000014     oled_software_i2c.o (.text.DL_GPIO_clearPins)
                  00004d06    00000014     ti_msp_dl_config.o (.text.DL_GPIO_clearPins)
                  00004d1a    00000002     --HOLE-- [fill = 0]
                  00004d1c    00000014     ti_msp_dl_config.o (.text.DL_SYSCTL_disableSYSPLL)
                  00004d30    00000014     ti_msp_dl_config.o (.text.DL_Timer_enableClock)
                  00004d44    00000014     ti_msp_dl_config.o (.text.DL_Timer_setCCPDirection)
                  00004d58    00000014     interrupt.o (.text.DL_UART_receiveData)
                  00004d6c    00000014     libclang_rt.builtins.a : aeabi_uldivmod.S.obj (.text.__aeabi_uldivmod)
                  00004d80    00000014     assignment.o (.text.assignment0)
                  00004d94    00000014     assignment.o (.text.assignment3)
                  00004da8    00000014     libc.a : _printfi.c.obj (.text.strchr)
                  00004dbc    00000012     interrupt.o (.text.DL_Timer_getPendingInterrupt)
                  00004dce    00000012     driverlib.a : dl_uart.o (.text.DL_UART_setClockConfig)
                  00004de0    00000012     libc.a : memcpy16.S.obj (.text:TI_memcpy_small)
                  00004df2    00000012            : copy_decompress_none.c.obj (.text:decompress:none)
                  00004e04    00000010     ti_msp_dl_config.o (.text.DL_SYSCTL_disableHFXT)
                  00004e14    00000010     driverlib.a : dl_timer.o (.text.DL_Timer_setCaptureCompareValue)
                  00004e24    00000010     interrupt.o (.text.SysTick_Handler)
                  00004e34    00000010     oled_software_i2c.o (.text.delay_ms)
                  00004e44    00000010     libc.a : wcslen.c.obj (.text.wcslen)
                  00004e54    0000000e     libclang_rt.builtins.a : aeabi_memset.S.obj (.text.__aeabi_memset)
                  00004e62    0000000e     libc.a : _printfi.c.obj (.text.strlen)
                  00004e70    0000000e            : memset16.S.obj (.text:TI_memset_small)
                  00004e7e    0000000a     driverlib.a : dl_common.o (.text.DL_Common_delayCycles)
                  00004e88    0000000a     libc.a : _printfi.c.obj (.text.OUTLINED_FUNCTION_0)
                  00004e92    00000002     --HOLE-- [fill = 0]
                  00004e94    00000010     libclang_rt.builtins.a : adddf3.S.obj (.tramp.__aeabi_dsub.1)
                  00004ea4    0000000a     libc.a : _printfi.c.obj (.text.OUTLINED_FUNCTION_1)
                  00004eae    0000000a            : sprintf.c.obj (.text._outc)
                  00004eb8    00000008     ti_msp_dl_config.o (.text.SYSCFG_DL_DMA_init)
                  00004ec0    00000008     libc.a : aeabi_portable.c.obj (.text.__aeabi_errno_addr)
                  00004ec8    00000008     libclang_rt.builtins.a : aeabi_memcpy.S.obj (.text.__aeabi_memcpy)
                  00004ed0    00000006     libc.a : exit.c.obj (.text:abort)
                  00004ed6    00000004     startup_mspm0g350x_ticlang.o (.text.Default_Handler)
                  00004eda    00000004     libsysbm.a : hostexit.c.obj (.text.HOSTexit)
                  00004ede    00000004     startup_mspm0g350x_ticlang.o (.text.Reset_Handler)
                  00004ee2    00000002     --HOLE-- [fill = 0]
                  00004ee4    00000010     libc.a : boot_cortex_m.c.obj (.tramp._c_int00_noargs.1)
                  00004ef4    00000004            : pre_init.c.obj (.text._system_pre_init)
                  00004ef8    00000008     --HOLE-- [fill = 0]

.cinit     0    00005990    00000070     
                  00005990    00000049     (.cinit..data.load) [load image, compression = lzss]
                  000059d9    00000003     --HOLE-- [fill = 0]
                  000059dc    0000000c     (__TI_handler_table)
                  000059e8    00000008     (.cinit..bss.load) [load image, compression = zero_init]
                  000059f0    00000010     (__TI_cinit_table)

.rodata    0    00004f00    00000a90     
                  00004f00    000005f0     oled_software_i2c.o (.rodata.asc2_1608)
                  000054f0    00000228     oled_software_i2c.o (.rodata.asc2_0806)
                  00005718    00000008     ti_msp_dl_config.o (.rodata.gPWM_0Config)
                  00005720    00000101     libc.a : aeabi_ctype.S.obj (.rodata:__aeabi_ctype_table_)
                  00005821    00000003     ti_msp_dl_config.o (.rodata.gPWM_0ClockConfig)
                  00005824    00000028     ti_msp_dl_config.o (.rodata.gSYSPLLConfig)
                  0000584c    0000001b     assignment.o (.rodata.str1.14642066418101282876.1)
                  00005867    00000001     --HOLE-- [fill = 0]
                  00005868    00000018     ti_msp_dl_config.o (.rodata.gDMA_WITConfig)
                  00005880    00000014     ti_msp_dl_config.o (.rodata.gTIMER_0TimerConfig)
                  00005894    00000014     ti_msp_dl_config.o (.rodata.gTIMER_ULTRASONICTimerConfig)
                  000058a8    00000013     bluetooth.o (.rodata.str1.17966125886390595526.1)
                  000058bb    00000011     libc.a : _printfi.c.obj (.rodata.str1.10348868589481759720.1)
                  000058cc    00000011            : _printfi.c.obj (.rodata.str1.15363888844622738466.1)
                  000058dd    0000000c     assignment.o (.rodata.str1.881729555231519297.1)
                  000058e9    00000001     --HOLE-- [fill = 0]
                  000058ea    0000000a     ti_msp_dl_config.o (.rodata.gUART_BTConfig)
                  000058f4    0000000a     ti_msp_dl_config.o (.rodata.gUART_WITConfig)
                  000058fe    0000000a     main.o (.rodata.str1.15159059442110792349.1)
                  00005908    0000000a     assignment.o (.rodata.str1.499403785858297772.1)
                  00005912    0000000a     main.o (.rodata.str1.8154729771448623357.1)
                  0000591c    00000009     assignment.o (.rodata.str1.15410282566580952954.1)
                  00005925    00000009     assignment.o (.rodata.str1.1628366750994360904.1)
                  0000592e    00000009     assignment.o (.rodata.str1.6362292075570814757.1)
                  00005937    00000009     assignment.o (.rodata.str1.8372792836397371563.1)
                  00005940    00000008     ti_msp_dl_config.o (.rodata.gPWM_SERVOConfig)
                  00005948    00000008     ti_msp_dl_config.o (.rodata.gPWM_ULTRASONICConfig)
                  00005950    00000008     main.o (.rodata.str1.18227636981041470289.1)
                  00005958    00000007     main.o (.rodata.str1.12180500075719773345.1)
                  0000595f    00000007     assignment.o (.rodata.str1.12916219474257230738.1)
                  00005966    00000005     main.o (.rodata.str1.17100691992556644108.1)
                  0000596b    00000003     ti_msp_dl_config.o (.rodata.gPWM_SERVOClockConfig)
                  0000596e    00000003     ti_msp_dl_config.o (.rodata.gPWM_ULTRASONICClockConfig)
                  00005971    00000003     ti_msp_dl_config.o (.rodata.gTIMER_0ClockConfig)
                  00005974    00000003     ti_msp_dl_config.o (.rodata.gTIMER_ULTRASONICClockConfig)
                  00005977    00000003     main.o (.rodata.str1.2846389346932560359.1)
                  0000597a    00000003     assignment.o (.rodata.str1.5388786565809706530.1)
                  0000597d    00000002     ti_msp_dl_config.o (.rodata.gUART_BTClockConfig)
                  0000597f    00000002     ti_msp_dl_config.o (.rodata.gUART_WITClockConfig)
                  00005981    0000000f     --HOLE-- [fill = 0]

.init_array 
*          0    00000000    00000000     UNINITIALIZED

.binit     0    00000000    00000000     

.data      0    20200000    00001fc6     UNINITIALIZED
                  20200000    00000fa0     speed.o (.data.SpeLeft)
                  20200fa0    00000fa0     speed.o (.data.SpeRight)
                  20201f40    00000020     main.o (.data.assignment_function)
                  20201f60    00000010     assignment.o (.data.shapeStrings)
                  20201f70    00000008     turn.o (.data.Turntimer)
                  20201f78    00000008     move.o (.data.x)
                  20201f80    00000004     turn.o (.data.Current_Dir)
                  20201f84    00000004     turn.o (.data.Left_Turn.turn_step)
                  20201f88    00000004     speed.o (.data.Left_count)
                  20201f8c    00000004     turn.o (.data.Right_Turn.turn_step)
                  20201f90    00000004     speed.o (.data.Right_count)
                  20201f94    00000004     libc.a : aeabi_portable.c.obj (.data.__aeabi_errno)
                  20201f98    00000004     move.o (.data.indexx_move)
                  20201f9c    00000004     move.o (.data.irSpeed)
                  20201fa0    00000004     assignment.o (.data.l1)
                  20201fa4    00000004     assignment.o (.data.l2)
                  20201fa8    00000004     speed.o (.data.l)
                  20201fac    00000004     speed.o (.data.r)
                  20201fb0    00000004     move.o (.data.straight_initialized)
                  20201fb4    00000004     move.o (.data.straight_last_yaw_error)
                  20201fb8    00000004     move.o (.data.straight_target_yaw)
                  20201fbc    00000002     move.o (.data.IrSensorNumber)
                  20201fbe    00000001     turn.o (.data.CrossingFlag)
                  20201fbf    00000001     assignment.o (.data.LeftTurnFlag)
                  20201fc0    00000001     assignment.o (.data.RightTurnFlag)
                  20201fc1    00000001     assignment.o (.data.TurnOverFlag)
                  20201fc2    00000001     assignment.o (.data.assignmentFlag)
                  20201fc3    00000001     assignment.o (.data.shapeFlag)
                  20201fc4    00000001     turn.o (.data.turnCompleted)
                  20201fc5    00000001     turn.o (.data.turnFlag)

.bss       0    20201fc8    000002b0     UNINITIALIZED
                  20201fc8    000000bc     (.common:gPWM_0Backup)
                  20202084    000000bc     (.common:gTIMER_ULTRASONICBackup)
                  20202140    000000a0     (.common:gPWM_SERVOBackup)
                  202021e0    00000040     (.common:oled_buffer)
                  20202220    00000021     (.common:wit_dmaBuffer)
                  20202241    00000003     --HOLE--
                  20202244    00000020     (.common:wit_data)
                  20202264    00000004     speed.o (.bss.SpeedRead.Last_Left_count)
                  20202268    00000004     speed.o (.bss.SpeedRead.Last_Right_count)
                  2020226c    00000004     (.common:Target_Dir)
                  20202270    00000004     (.common:start_time)
                  20202274    00000004     (.common:tick_ms)

.stack     0    20207e00    00000200     UNINITIALIZED
                  20207e00    00000004     libc.a : boot_cortex_m.c.obj (.stack)
                  20207e04    000001fc     --HOLE--

__llvm_prf_cnts 
*          0    20200000    00000000     UNINITIALIZED

__llvm_prf_bits 
*          0    20200000    00000000     UNINITIALIZED

MODULE SUMMARY

       Module                         code    ro data   rw data
       ------                         ----    -------   -------
    .\
       ti_msp_dl_config.o             2568    167       536    
       main.o                         260     43        96     
       startup_mspm0g350x_ticlang.o   8       192       0      
    +--+------------------------------+-------+---------+---------+
       Total:                         2836    402       632    
                                                               
    .\AssignmentChoose\
       assignment.o                   1226    95        29     
    +--+------------------------------+-------+---------+---------+
       Total:                         1226    95        29     
                                                               
    .\Drivers\Bluetooth\
       bluetooth.o                    200     19        0      
    +--+------------------------------+-------+---------+---------+
       Total:                         200     19        0      
                                                               
    .\Drivers\MSPM0\
       interrupt.o                    1132    0         0      
       clock.o                        284     0         8      
    +--+------------------------------+-------+---------+---------+
       Total:                         1416    0         8      
                                                               
    .\Drivers\Motor\
       Motor.o                        304     0         0      
    +--+------------------------------+-------+---------+---------+
       Total:                         304     0         0      
                                                               
    .\Drivers\OLED_Software_I2C\
       oled_software_i2c.o            1222    2072      0      
    +--+------------------------------+-------+---------+---------+
       Total:                         1222    2072      0      
                                                               
    .\Drivers\Ultrasonic_GPIO\
       ultrasonic_gpio.o              2       0         0      
    +--+------------------------------+-------+---------+---------+
       Total:                         2       0         0      
                                                               
    .\Drivers\WIT\
       wit.o                          278     0         65     
    +--+------------------------------+-------+---------+---------+
       Total:                         278     0         65     
                                                               
    .\INTERRUPT\
       interrupt.o                    372     0         0      
    +--+------------------------------+-------+---------+---------+
       Total:                         372     0         0      
                                                               
    .\Move\
       move.o                         1690    0         30     
    +--+------------------------------+-------+---------+---------+
       Total:                         1690    0         30     
                                                               
    .\SPEED\
       speed.o                        292     0         8024   
    +--+------------------------------+-------+---------+---------+
       Total:                         292     0         8024   
                                                               
    .\TURN\
       turn.o                         692     0         27     
    +--+------------------------------+-------+---------+---------+
       Total:                         692     0         27     
                                                               
    C:/TI/mspm0_sdk_2_04_00_06/source/ti/driverlib/lib/ticlang/m0p/mspm0g1x0x_g3x0x/driverlib.a
       dl_timer.o                     588     0         0      
       dl_sysctl_mspm0g1x0x_g3x0x.o   288     0         0      
       dl_uart.o                      206     0         0      
       dl_dma.o                       76      0         0      
       dl_common.o                    10      0         0      
    +--+------------------------------+-------+---------+---------+
       Total:                         1168    0         0      
                                                               
    D:\TI\ccs\tools\compiler\ti-cgt-armllvm_4.0.3.LTS\lib\armv6m-ti-none-eabi/c/libc.a
       _printfi.c.obj                 4510    34        0      
       aeabi_ctype.S.obj              0       257       0      
       s_scalbn.c.obj                 216     0         0      
       snprintf.c.obj                 148     0         0      
       copy_decompress_lzss.c.obj     124     0         0      
       s_frexp.c.obj                  92      0         0      
       sprintf.c.obj                  90      0         0      
       _ltoa.c.obj                    88      0         0      
       atoi.c.obj                     64      0         0      
       autoinit.c.obj                 60      0         0      
       boot_cortex_m.c.obj            56      0         0      
       memccpy.c.obj                  34      0         0      
       copy_zero_init.c.obj           22      0         0      
       copy_decompress_none.c.obj     18      0         0      
       memcpy16.S.obj                 18      0         0      
       wcslen.c.obj                   16      0         0      
       memset16.S.obj                 14      0         0      
       aeabi_portable.c.obj           8       0         4      
       exit.c.obj                     6       0         0      
       pre_init.c.obj                 4       0         0      
    +--+------------------------------+-------+---------+---------+
       Total:                         5588    291       4      
                                                               
    D:\TI\ccs\tools\compiler\ti-cgt-armllvm_4.0.3.LTS\lib\armv6m-ti-none-eabi/c/libsysbm.a
       hostexit.c.obj                 4       0         0      
    +--+------------------------------+-------+---------+---------+
       Total:                         4       0         0      
                                                               
    D:\TI\ccs\tools\compiler\ti-cgt-armllvm_4.0.3.LTS\lib\armv6m-ti-none-eabi/libclang_rt.builtins.a
       adddf3.S.obj                   418     0         0      
       divdf3.S.obj                   268     0         0      
       muldf3.S.obj                   228     0         0      
       comparedf2.c.obj               220     0         0      
       addsf3.S.obj                   216     0         0      
       udivmoddi4.S.obj               162     0         0      
       mulsf3.S.obj                   140     0         0      
       comparesf2.S.obj               118     0         0      
       truncdfsf2.S.obj               116     0         0      
       aeabi_dcmp.S.obj               98      0         0      
       aeabi_fcmp.S.obj               98      0         0      
       aeabi_idivmod.S.obj            86      0         0      
       fixdfsi.S.obj                  74      0         0      
       aeabi_uidivmod.S.obj           64      0         0      
       extendsfdf2.S.obj              64      0         0      
       floatsisf.S.obj                60      0         0      
       muldsi3.S.obj                  58      0         0      
       fixsfsi.S.obj                  56      0         0      
       floatsidf.S.obj                44      0         0      
       muldi3.S.obj                   36      0         0      
       ashldi3.S.obj                  30      0         0      
       aeabi_uldivmod.S.obj           20      0         0      
       aeabi_memset.S.obj             14      0         0      
       aeabi_memcpy.S.obj             8       0         0      
       aeabi_div0.c.obj               4       0         0      
    +--+------------------------------+-------+---------+---------+
       Total:                         2700    0         0      
                                                               
       Stack:                         0       0         512    
       Linker Generated:              0       109       0      
    +--+------------------------------+-------+---------+---------+
       Grand Total:                   19990   2988      9331   


LINKER GENERATED COPY TABLES

__TI_cinit_table @ 000059f0 records: 2, size/record: 8, table size: 16
	.data: load addr=00005990, load size=00000049 bytes, run addr=20200000, run size=00001fc6 bytes, compression=lzss
	.bss: load addr=000059e8, load size=00000008 bytes, run addr=20201fc8, run size=000002b0 bytes, compression=zero_init


LINKER GENERATED HANDLER TABLE

__TI_handler_table @ 000059dc records: 3, size/record: 4, table size: 12
	index: 0, handler: __TI_decompress_lzss
	index: 1, handler: __TI_decompress_none
	index: 2, handler: __TI_zero_init


FAR CALL TRAMPOLINES

callee name               trampoline name
   callee addr  tramp addr   call addr  call info
--------------  -----------  ---------  ----------------
__aeabi_dsub              $Tramp$TT$L$PI$$__aeabi_dsub
   00001609     00004e94     00004e90   libc.a : _printfi.c.obj (.text.OUTLINED_FUNCTION_0)
_c_int00_noargs           $Tramp$TT$L$PI$$_c_int00_noargs
   000046c1     00004ee4     00004ede   startup_mspm0g350x_ticlang.o (.text.Reset_Handler)

[2 trampolines]
[2 trampoline calls]


GLOBAL SYMBOLS: SORTED ALPHABETICALLY BY Name 

address   name                                 
-------   ----                                 
00004ed7  ADC0_IRQHandler                      
00004ed7  ADC1_IRQHandler                      
00004ed7  AES_IRQHandler                       
0000179d  AssignmentChoose                     
00003e8d  Bluetooth_SendData                   
000031e9  Bluetooth_SendString                 
00004eda  C$$EXIT                              
00004ed7  CANFD0_IRQHandler                    
00002b59  Chassis                              
20201fbe  CrossingFlag                         
20201f80  Current_Dir                          
00004ed7  DAC0_IRQHandler                      
00004e7f  DL_Common_delayCycles                
00003d5d  DL_DMA_initChannel                   
0000267d  DL_SYSCTL_configSYSPLL               
00003f1d  DL_SYSCTL_switchMCLKfromSYSOSCtoHSCLK
000020bd  DL_Timer_initFourCCPWMMode           
000024b1  DL_Timer_initTimerMode               
000049a9  DL_Timer_setCaptCompUpdateMethod     
00004b55  DL_Timer_setCaptureCompareOutCtl     
00004e15  DL_Timer_setCaptureCompareValue      
000049c5  DL_Timer_setClockConfig              
00003b1d  DL_UART_drainRXFIFO                  
00003ed5  DL_UART_init                         
00004dcf  DL_UART_setClockConfig               
0000482d  DL_UART_transmitDataBlocking         
00004ed7  DMA_IRQHandler                       
00004ed7  Default_Handler                      
00004ed7  GROUP0_IRQHandler                    
00002e99  GROUP1_IRQHandler                    
00004edb  HOSTexit                             
00004ed7  HardFault_Handler                    
00004ed7  I2C0_IRQHandler                      
00004ed7  I2C1_IRQHandler                      
00004285  I2C_Start                            
00004459  I2C_Stop                             
00004489  I2C_WaitAck                          
20201fbc  IrSensorNumber                       
20201fbf  LeftTurnFlag                         
000030e1  Left_Control                         
00001a1d  Left_Turn                            
20201f88  Left_count                           
0000382d  LightAndSound                        
00004ed7  NMI_Handler                          
00003959  NonBlockDelay                        
00003621  OLED_Clear                           
000022c5  OLED_Init                            
000040e1  OLED_Set_Pos                         
00001d85  OLED_ShowChar                        
00003545  OLED_ShowString                      
00003d0d  OLED_WR_Byte                         
00004ed7  PendSV_Handler                       
00004ed7  RTC_IRQHandler                       
000035b5  RangeLimite                          
00004edf  Reset_Handler                        
20201fc0  RightTurnFlag                        
00003269  Right_Control                        
00001b41  Right_Turn                           
20201f90  Right_count                          
00004ed7  SPI0_IRQHandler                      
00004ed7  SPI1_IRQHandler                      
00004ed7  SVC_Handler                          
00004bfd  SYSCFG_DL_DMA_WIT_init               
00004eb9  SYSCFG_DL_DMA_init                   
0000122d  SYSCFG_DL_GPIO_init                  
00002f35  SYSCFG_DL_PWM_0_init                 
00002fc5  SYSCFG_DL_PWM_SERVO_init             
0000368d  SYSCFG_DL_PWM_ULTRASONIC_init        
0000411d  SYSCFG_DL_SYSCTL_init                
00004361  SYSCFG_DL_TIMER_0_init               
00004549  SYSCFG_DL_TIMER_ULTRASONIC_init      
00003fa5  SYSCFG_DL_UART_BT_init               
000036f5  SYSCFG_DL_UART_WIT_init              
00003c6d  SYSCFG_DL_init                       
00002aa9  SYSCFG_DL_initPower                  
000032e9  Send_Byte                            
20200000  SpeLeft                              
20200fa0  SpeRight                             
000029e5  SpeedRead                            
000049fd  Speed_Init                           
00001e9d  Straight                             
00004e25  SysTick_Handler                      
00004c15  SysTick_Init                         
00004ed7  TIMA0_IRQHandler                     
00004ed7  TIMA1_IRQHandler                     
00004a19  TIMG0_IRQHandler                     
00004ed7  TIMG12_IRQHandler                    
00004ed7  TIMG6_IRQHandler                     
00004ed7  TIMG7_IRQHandler                     
00004ed7  TIMG8_IRQHandler                     
00004de1  TI_memcpy_small                      
00004e71  TI_memset_small                      
2020226c  Target_Dir                           
00001019  Tracking                             
20201fc1  TurnOverFlag                         
00000a91  UART0_IRQHandler                     
00004ed7  UART1_IRQHandler                     
00004ed7  UART2_IRQHandler                     
00004ed7  UART3_IRQHandler                     
0000179b  Ultrasonic_Init                      
00003f61  WIT_Init                             
20208000  __STACK_END                          
00000200  __STACK_SIZE                         
00000000  __TI_ATRegion0_region_sz             
00000000  __TI_ATRegion0_src_addr              
00000000  __TI_ATRegion0_trg_addr              
00000000  __TI_ATRegion1_region_sz             
00000000  __TI_ATRegion1_src_addr              
00000000  __TI_ATRegion1_trg_addr              
00000000  __TI_ATRegion2_region_sz             
00000000  __TI_ATRegion2_src_addr              
00000000  __TI_ATRegion2_trg_addr              
000059f0  __TI_CINIT_Base                      
00005a00  __TI_CINIT_Limit                     
00005a00  __TI_CINIT_Warm                      
000059dc  __TI_Handler_Table_Base              
000059e8  __TI_Handler_Table_Limit             
000041d1  __TI_auto_init_nobinit_nopinit       
000033e1  __TI_decompress_lzss                 
00004df3  __TI_decompress_none                 
00003a15  __TI_ltoa                            
ffffffff  __TI_pprof_out_hndl                  
000000c1  __TI_printfi                         
ffffffff  __TI_prof_data_size                  
ffffffff  __TI_prof_data_start                 
00000000  __TI_static_base__                   
00004cb5  __TI_zero_init_nomemset              
00001613  __adddf3                             
00002917  __addsf3                             
00005720  __aeabi_ctype_table_                 
00005720  __aeabi_ctype_table_C                
000034d1  __aeabi_d2f                          
00003e41  __aeabi_d2iz                         
00001613  __aeabi_dadd                         
00003891  __aeabi_dcmpeq                       
000038cd  __aeabi_dcmpge                       
000038e1  __aeabi_dcmpgt                       
000038b9  __aeabi_dcmple                       
000038a5  __aeabi_dcmplt                       
00001fb1  __aeabi_ddiv                         
00002599  __aeabi_dmul                         
00001609  __aeabi_dsub                         
20201f94  __aeabi_errno                        
00004ec1  __aeabi_errno_addr                   
00004025  __aeabi_f2d                          
000042bd  __aeabi_f2iz                         
00002917  __aeabi_fadd                         
000038f5  __aeabi_fcmpeq                       
00003931  __aeabi_fcmpge                       
00003945  __aeabi_fcmpgt                       
0000391d  __aeabi_fcmple                       
00003909  __aeabi_fcmplt                       
00003055  __aeabi_fmul                         
0000290d  __aeabi_fsub                         
000045cd  __aeabi_i2d                          
00004159  __aeabi_i2f                          
00003ac5  __aeabi_idiv                         
000023bf  __aeabi_idiv0                        
00003ac5  __aeabi_idivmod                      
00002df7  __aeabi_ldiv0                        
0000486d  __aeabi_llsl                         
000047a5  __aeabi_lmul                         
00004ec9  __aeabi_memcpy                       
00004ec9  __aeabi_memcpy4                      
00004ec9  __aeabi_memcpy8                      
00004e55  __aeabi_memset                       
00004e55  __aeabi_memset4                      
00004e55  __aeabi_memset8                      
00003fe5  __aeabi_uidiv                        
00003fe5  __aeabi_uidivmod                     
00004d6d  __aeabi_uldivmod                     
0000486d  __ashldi3                            
ffffffff  __binit__                            
0000375d  __cmpdf2                             
0000420d  __cmpsf2                             
00001fb1  __divdf3                             
0000375d  __eqdf2                              
0000420d  __eqsf2                              
00004025  __extendsfdf2                        
00003e41  __fixdfsi                            
000042bd  __fixsfsi                            
000045cd  __floatsidf                          
00004159  __floatsisf                          
0000345d  __gedf2                              
00004195  __gesf2                              
0000345d  __gtdf2                              
00004195  __gtsf2                              
0000375d  __ledf2                              
0000420d  __lesf2                              
0000375d  __ltdf2                              
0000420d  __ltsf2                              
UNDEFED   __mpu_init                           
00002599  __muldf3                             
000047a5  __muldi3                             
00004249  __muldsi3                            
00003055  __mulsf3                             
0000375d  __nedf2                              
0000420d  __nesf2                              
20207e00  __stack                              
20200000  __start___llvm_prf_bits              
20200000  __start___llvm_prf_cnts              
20200000  __stop___llvm_prf_bits               
20200000  __stop___llvm_prf_cnts               
00001609  __subdf3                             
0000290d  __subsf3                             
000034d1  __truncdfsf2                         
00002d55  __udivmoddi4                         
000046c1  _c_int00_noargs                      
UNDEFED   _system_post_cinit                   
00004ef5  _system_pre_init                     
00004ed1  abort                                
000054f0  asc2_0806                            
00004f00  asc2_1608                            
00004d81  assignment0                          
00002cb1  assignment1                          
00002c05  assignment2                          
00004d95  assignment3                          
00003365  assignment4                          
00002df9  assignment5                          
20201fc2  assignmentFlag                       
20201f40  assignment_function                  
00004065  atoi                                 
0000488b  backwords                            
ffffffff  binit                                
00004e35  delay_ms                             
000039b9  frexp                                
000039b9  frexpl                               
20201fc8  gPWM_0Backup                         
20202140  gPWM_SERVOBackup                     
20202084  gTIMER_ULTRASONICBackup              
20201f98  indexx_move                          
00000000  interruptVectors                     
20201f9c  irSpeed                              
20201fa8  l                                    
20201fa0  l1                                   
20201fa4  l2                                   
00002835  ldexp                                
00002835  ldexpl                               
000021c1  main                                 
000047c9  memccpy                              
00004519  mspm0_delay_ms                       
202021e0  oled_buffer                          
00002759  parking                              
20201fac  r                                    
00002835  scalbn                               
00002835  scalbnl                              
20201fc3  shapeFlag                            
20201f60  shapeStrings                         
00003df5  snprintf                             
000042f5  sprintf                              
20202270  start_time                           
000048a9  stop                                 
20202274  tick_ms                              
000023c1  track_deal_sensor                    
00003b71  trackingLeftTurn                     
00003bc5  trackingRightTurn                    
20201fc4  turnCompleted                        
20201fc5  turnFlag                             
00004e45  wcslen                               
20202244  wit_data                             
20202220  wit_dmaBuffer                        
20201f78  x                                    
00004395  zeroparameter                        


GLOBAL SYMBOLS: SORTED BY Symbol Address 

address   name                                 
-------   ----                                 
00000000  __TI_ATRegion0_region_sz             
00000000  __TI_ATRegion0_src_addr              
00000000  __TI_ATRegion0_trg_addr              
00000000  __TI_ATRegion1_region_sz             
00000000  __TI_ATRegion1_src_addr              
00000000  __TI_ATRegion1_trg_addr              
00000000  __TI_ATRegion2_region_sz             
00000000  __TI_ATRegion2_src_addr              
00000000  __TI_ATRegion2_trg_addr              
00000000  __TI_static_base__                   
00000000  interruptVectors                     
000000c1  __TI_printfi                         
00000200  __STACK_SIZE                         
00000a91  UART0_IRQHandler                     
00001019  Tracking                             
0000122d  SYSCFG_DL_GPIO_init                  
00001609  __aeabi_dsub                         
00001609  __subdf3                             
00001613  __adddf3                             
00001613  __aeabi_dadd                         
0000179b  Ultrasonic_Init                      
0000179d  AssignmentChoose                     
00001a1d  Left_Turn                            
00001b41  Right_Turn                           
00001d85  OLED_ShowChar                        
00001e9d  Straight                             
00001fb1  __aeabi_ddiv                         
00001fb1  __divdf3                             
000020bd  DL_Timer_initFourCCPWMMode           
000021c1  main                                 
000022c5  OLED_Init                            
000023bf  __aeabi_idiv0                        
000023c1  track_deal_sensor                    
000024b1  DL_Timer_initTimerMode               
00002599  __aeabi_dmul                         
00002599  __muldf3                             
0000267d  DL_SYSCTL_configSYSPLL               
00002759  parking                              
00002835  ldexp                                
00002835  ldexpl                               
00002835  scalbn                               
00002835  scalbnl                              
0000290d  __aeabi_fsub                         
0000290d  __subsf3                             
00002917  __addsf3                             
00002917  __aeabi_fadd                         
000029e5  SpeedRead                            
00002aa9  SYSCFG_DL_initPower                  
00002b59  Chassis                              
00002c05  assignment2                          
00002cb1  assignment1                          
00002d55  __udivmoddi4                         
00002df7  __aeabi_ldiv0                        
00002df9  assignment5                          
00002e99  GROUP1_IRQHandler                    
00002f35  SYSCFG_DL_PWM_0_init                 
00002fc5  SYSCFG_DL_PWM_SERVO_init             
00003055  __aeabi_fmul                         
00003055  __mulsf3                             
000030e1  Left_Control                         
000031e9  Bluetooth_SendString                 
00003269  Right_Control                        
000032e9  Send_Byte                            
00003365  assignment4                          
000033e1  __TI_decompress_lzss                 
0000345d  __gedf2                              
0000345d  __gtdf2                              
000034d1  __aeabi_d2f                          
000034d1  __truncdfsf2                         
00003545  OLED_ShowString                      
000035b5  RangeLimite                          
00003621  OLED_Clear                           
0000368d  SYSCFG_DL_PWM_ULTRASONIC_init        
000036f5  SYSCFG_DL_UART_WIT_init              
0000375d  __cmpdf2                             
0000375d  __eqdf2                              
0000375d  __ledf2                              
0000375d  __ltdf2                              
0000375d  __nedf2                              
0000382d  LightAndSound                        
00003891  __aeabi_dcmpeq                       
000038a5  __aeabi_dcmplt                       
000038b9  __aeabi_dcmple                       
000038cd  __aeabi_dcmpge                       
000038e1  __aeabi_dcmpgt                       
000038f5  __aeabi_fcmpeq                       
00003909  __aeabi_fcmplt                       
0000391d  __aeabi_fcmple                       
00003931  __aeabi_fcmpge                       
00003945  __aeabi_fcmpgt                       
00003959  NonBlockDelay                        
000039b9  frexp                                
000039b9  frexpl                               
00003a15  __TI_ltoa                            
00003ac5  __aeabi_idiv                         
00003ac5  __aeabi_idivmod                      
00003b1d  DL_UART_drainRXFIFO                  
00003b71  trackingLeftTurn                     
00003bc5  trackingRightTurn                    
00003c6d  SYSCFG_DL_init                       
00003d0d  OLED_WR_Byte                         
00003d5d  DL_DMA_initChannel                   
00003df5  snprintf                             
00003e41  __aeabi_d2iz                         
00003e41  __fixdfsi                            
00003e8d  Bluetooth_SendData                   
00003ed5  DL_UART_init                         
00003f1d  DL_SYSCTL_switchMCLKfromSYSOSCtoHSCLK
00003f61  WIT_Init                             
00003fa5  SYSCFG_DL_UART_BT_init               
00003fe5  __aeabi_uidiv                        
00003fe5  __aeabi_uidivmod                     
00004025  __aeabi_f2d                          
00004025  __extendsfdf2                        
00004065  atoi                                 
000040e1  OLED_Set_Pos                         
0000411d  SYSCFG_DL_SYSCTL_init                
00004159  __aeabi_i2f                          
00004159  __floatsisf                          
00004195  __gesf2                              
00004195  __gtsf2                              
000041d1  __TI_auto_init_nobinit_nopinit       
0000420d  __cmpsf2                             
0000420d  __eqsf2                              
0000420d  __lesf2                              
0000420d  __ltsf2                              
0000420d  __nesf2                              
00004249  __muldsi3                            
00004285  I2C_Start                            
000042bd  __aeabi_f2iz                         
000042bd  __fixsfsi                            
000042f5  sprintf                              
00004361  SYSCFG_DL_TIMER_0_init               
00004395  zeroparameter                        
00004459  I2C_Stop                             
00004489  I2C_WaitAck                          
00004519  mspm0_delay_ms                       
00004549  SYSCFG_DL_TIMER_ULTRASONIC_init      
000045cd  __aeabi_i2d                          
000045cd  __floatsidf                          
000046c1  _c_int00_noargs                      
000047a5  __aeabi_lmul                         
000047a5  __muldi3                             
000047c9  memccpy                              
0000482d  DL_UART_transmitDataBlocking         
0000486d  __aeabi_llsl                         
0000486d  __ashldi3                            
0000488b  backwords                            
000048a9  stop                                 
000049a9  DL_Timer_setCaptCompUpdateMethod     
000049c5  DL_Timer_setClockConfig              
000049fd  Speed_Init                           
00004a19  TIMG0_IRQHandler                     
00004b55  DL_Timer_setCaptureCompareOutCtl     
00004bfd  SYSCFG_DL_DMA_WIT_init               
00004c15  SysTick_Init                         
00004cb5  __TI_zero_init_nomemset              
00004d6d  __aeabi_uldivmod                     
00004d81  assignment0                          
00004d95  assignment3                          
00004dcf  DL_UART_setClockConfig               
00004de1  TI_memcpy_small                      
00004df3  __TI_decompress_none                 
00004e15  DL_Timer_setCaptureCompareValue      
00004e25  SysTick_Handler                      
00004e35  delay_ms                             
00004e45  wcslen                               
00004e55  __aeabi_memset                       
00004e55  __aeabi_memset4                      
00004e55  __aeabi_memset8                      
00004e71  TI_memset_small                      
00004e7f  DL_Common_delayCycles                
00004eb9  SYSCFG_DL_DMA_init                   
00004ec1  __aeabi_errno_addr                   
00004ec9  __aeabi_memcpy                       
00004ec9  __aeabi_memcpy4                      
00004ec9  __aeabi_memcpy8                      
00004ed1  abort                                
00004ed7  ADC0_IRQHandler                      
00004ed7  ADC1_IRQHandler                      
00004ed7  AES_IRQHandler                       
00004ed7  CANFD0_IRQHandler                    
00004ed7  DAC0_IRQHandler                      
00004ed7  DMA_IRQHandler                       
00004ed7  Default_Handler                      
00004ed7  GROUP0_IRQHandler                    
00004ed7  HardFault_Handler                    
00004ed7  I2C0_IRQHandler                      
00004ed7  I2C1_IRQHandler                      
00004ed7  NMI_Handler                          
00004ed7  PendSV_Handler                       
00004ed7  RTC_IRQHandler                       
00004ed7  SPI0_IRQHandler                      
00004ed7  SPI1_IRQHandler                      
00004ed7  SVC_Handler                          
00004ed7  TIMA0_IRQHandler                     
00004ed7  TIMA1_IRQHandler                     
00004ed7  TIMG12_IRQHandler                    
00004ed7  TIMG6_IRQHandler                     
00004ed7  TIMG7_IRQHandler                     
00004ed7  TIMG8_IRQHandler                     
00004ed7  UART1_IRQHandler                     
00004ed7  UART2_IRQHandler                     
00004ed7  UART3_IRQHandler                     
00004eda  C$$EXIT                              
00004edb  HOSTexit                             
00004edf  Reset_Handler                        
00004ef5  _system_pre_init                     
00004f00  asc2_1608                            
000054f0  asc2_0806                            
00005720  __aeabi_ctype_table_                 
00005720  __aeabi_ctype_table_C                
000059dc  __TI_Handler_Table_Base              
000059e8  __TI_Handler_Table_Limit             
000059f0  __TI_CINIT_Base                      
00005a00  __TI_CINIT_Limit                     
00005a00  __TI_CINIT_Warm                      
20200000  SpeLeft                              
20200000  __start___llvm_prf_bits              
20200000  __start___llvm_prf_cnts              
20200000  __stop___llvm_prf_bits               
20200000  __stop___llvm_prf_cnts               
20200fa0  SpeRight                             
20201f40  assignment_function                  
20201f60  shapeStrings                         
20201f78  x                                    
20201f80  Current_Dir                          
20201f88  Left_count                           
20201f90  Right_count                          
20201f94  __aeabi_errno                        
20201f98  indexx_move                          
20201f9c  irSpeed                              
20201fa0  l1                                   
20201fa4  l2                                   
20201fa8  l                                    
20201fac  r                                    
20201fbc  IrSensorNumber                       
20201fbe  CrossingFlag                         
20201fbf  LeftTurnFlag                         
20201fc0  RightTurnFlag                        
20201fc1  TurnOverFlag                         
20201fc2  assignmentFlag                       
20201fc3  shapeFlag                            
20201fc4  turnCompleted                        
20201fc5  turnFlag                             
20201fc8  gPWM_0Backup                         
20202084  gTIMER_ULTRASONICBackup              
20202140  gPWM_SERVOBackup                     
202021e0  oled_buffer                          
20202220  wit_dmaBuffer                        
20202244  wit_data                             
2020226c  Target_Dir                           
20202270  start_time                           
20202274  tick_ms                              
20207e00  __stack                              
20208000  __STACK_END                          
ffffffff  __TI_pprof_out_hndl                  
ffffffff  __TI_prof_data_size                  
ffffffff  __TI_prof_data_start                 
ffffffff  __binit__                            
ffffffff  binit                                
UNDEFED   __mpu_init                           
UNDEFED   _system_post_cinit                   

[263 symbols]
